[2.963s] Invoking command in '/home/ethanreynolds/vscode/robot-rover-2025/code/system/ros2/src/vehicle_networking': PYTHONPATH=/home/ethanreynolds/vscode/robot-rover-2025/code/system/ros2/build/vehicle_networking/prefix_override:/usr/lib/python3/dist-packages/colcon_core/task/python/colcon_distutils_commands:/home/ethanreynolds/vscode/robot-rover-2025/code/system/ros2/install/vehicle_networking/lib/python3.8/site-packages:${PYTHONPATH} /usr/bin/python3 -W ignore:setup.py install is deprecated -W ignore:easy_install command is deprecated setup.py egg_info --egg-base ../../build/vehicle_networking build --build-base /home/ethanreynolds/vscode/robot-rover-2025/code/system/ros2/build/vehicle_networking/build install --record /home/ethanreynolds/vscode/robot-rover-2025/code/system/ros2/build/vehicle_networking/install.log --install-scripts $base/lib/vehicle_networking --single-version-externally-managed install_data
[3.533s] running egg_info
[3.534s] creating ../../build/vehicle_networking/vehicle_networking.egg-info
[3.534s] writing ../../build/vehicle_networking/vehicle_networking.egg-info/PKG-INFO
[3.535s] writing dependency_links to ../../build/vehicle_networking/vehicle_networking.egg-info/dependency_links.txt
[3.536s] writing entry points to ../../build/vehicle_networking/vehicle_networking.egg-info/entry_points.txt
[3.536s] writing requirements to ../../build/vehicle_networking/vehicle_networking.egg-info/requires.txt
[3.537s] writing top-level names to ../../build/vehicle_networking/vehicle_networking.egg-info/top_level.txt
[3.541s] writing manifest file '../../build/vehicle_networking/vehicle_networking.egg-info/SOURCES.txt'
[3.646s] reading manifest file '../../build/vehicle_networking/vehicle_networking.egg-info/SOURCES.txt'
[3.648s] writing manifest file '../../build/vehicle_networking/vehicle_networking.egg-info/SOURCES.txt'
[3.649s] running build
[3.649s] running build_py
[3.649s] creating /home/ethanreynolds/vscode/robot-rover-2025/code/system/ros2/build/vehicle_networking/build
[3.650s] creating /home/ethanreynolds/vscode/robot-rover-2025/code/system/ros2/build/vehicle_networking/build/lib
[3.650s] creating /home/ethanreynolds/vscode/robot-rover-2025/code/system/ros2/build/vehicle_networking/build/lib/vehicle_networking
[3.650s] copying vehicle_networking/control_serial_interface.py -> /home/ethanreynolds/vscode/robot-rover-2025/code/system/ros2/build/vehicle_networking/build/lib/vehicle_networking
[3.664s] copying vehicle_networking/get_device_info_tool.py -> /home/ethanreynolds/vscode/robot-rover-2025/code/system/ros2/build/vehicle_networking/build/lib/vehicle_networking
[3.684s] copying vehicle_networking/serial_manager.py -> /home/ethanreynolds/vscode/robot-rover-2025/code/system/ros2/build/vehicle_networking/build/lib/vehicle_networking
[3.705s] copying vehicle_networking/__init__.py -> /home/ethanreynolds/vscode/robot-rover-2025/code/system/ros2/build/vehicle_networking/build/lib/vehicle_networking
[3.706s] copying vehicle_networking/sensor_serial_interface.py -> /home/ethanreynolds/vscode/robot-rover-2025/code/system/ros2/build/vehicle_networking/build/lib/vehicle_networking
[3.706s] running install
[3.709s] running install_lib
[3.710s] creating /home/ethanreynolds/vscode/robot-rover-2025/code/system/ros2/install/vehicle_networking/lib/python3.8/site-packages/vehicle_networking
[3.711s] copying /home/ethanreynolds/vscode/robot-rover-2025/code/system/ros2/build/vehicle_networking/build/lib/vehicle_networking/control_serial_interface.py -> /home/ethanreynolds/vscode/robot-rover-2025/code/system/ros2/install/vehicle_networking/lib/python3.8/site-packages/vehicle_networking
[3.711s] copying /home/ethanreynolds/vscode/robot-rover-2025/code/system/ros2/build/vehicle_networking/build/lib/vehicle_networking/get_device_info_tool.py -> /home/ethanreynolds/vscode/robot-rover-2025/code/system/ros2/install/vehicle_networking/lib/python3.8/site-packages/vehicle_networking
[3.711s] copying /home/ethanreynolds/vscode/robot-rover-2025/code/system/ros2/build/vehicle_networking/build/lib/vehicle_networking/serial_manager.py -> /home/ethanreynolds/vscode/robot-rover-2025/code/system/ros2/install/vehicle_networking/lib/python3.8/site-packages/vehicle_networking
[3.712s] copying /home/ethanreynolds/vscode/robot-rover-2025/code/system/ros2/build/vehicle_networking/build/lib/vehicle_networking/__init__.py -> /home/ethanreynolds/vscode/robot-rover-2025/code/system/ros2/install/vehicle_networking/lib/python3.8/site-packages/vehicle_networking
[3.712s] copying /home/ethanreynolds/vscode/robot-rover-2025/code/system/ros2/build/vehicle_networking/build/lib/vehicle_networking/sensor_serial_interface.py -> /home/ethanreynolds/vscode/robot-rover-2025/code/system/ros2/install/vehicle_networking/lib/python3.8/site-packages/vehicle_networking
[3.713s] byte-compiling /home/ethanreynolds/vscode/robot-rover-2025/code/system/ros2/install/vehicle_networking/lib/python3.8/site-packages/vehicle_networking/control_serial_interface.py to control_serial_interface.cpython-38.pyc
[3.718s] byte-compiling /home/ethanreynolds/vscode/robot-rover-2025/code/system/ros2/install/vehicle_networking/lib/python3.8/site-packages/vehicle_networking/get_device_info_tool.py to get_device_info_tool.cpython-38.pyc
[3.718s] byte-compiling /home/ethanreynolds/vscode/robot-rover-2025/code/system/ros2/install/vehicle_networking/lib/python3.8/site-packages/vehicle_networking/serial_manager.py to serial_manager.cpython-38.pyc
[3.720s] byte-compiling /home/ethanreynolds/vscode/robot-rover-2025/code/system/ros2/install/vehicle_networking/lib/python3.8/site-packages/vehicle_networking/__init__.py to __init__.cpython-38.pyc
[3.720s] byte-compiling /home/ethanreynolds/vscode/robot-rover-2025/code/system/ros2/install/vehicle_networking/lib/python3.8/site-packages/vehicle_networking/sensor_serial_interface.py to sensor_serial_interface.cpython-38.pyc
[3.723s] running install_data
[3.723s] creating /home/ethanreynolds/vscode/robot-rover-2025/code/system/ros2/install/vehicle_networking/share/ament_index
[3.724s] creating /home/ethanreynolds/vscode/robot-rover-2025/code/system/ros2/install/vehicle_networking/share/ament_index/resource_index
[3.724s] creating /home/ethanreynolds/vscode/robot-rover-2025/code/system/ros2/install/vehicle_networking/share/ament_index/resource_index/packages
[3.724s] copying resource/vehicle_networking -> /home/ethanreynolds/vscode/robot-rover-2025/code/system/ros2/install/vehicle_networking/share/ament_index/resource_index/packages
[3.724s] copying package.xml -> /home/ethanreynolds/vscode/robot-rover-2025/code/system/ros2/install/vehicle_networking/share/vehicle_networking
[3.724s] creating /home/ethanreynolds/vscode/robot-rover-2025/code/system/ros2/install/vehicle_networking/share/vehicle_networking/config
[3.724s] copying config/device_identifiers.json -> /home/ethanreynolds/vscode/robot-rover-2025/code/system/ros2/install/vehicle_networking/share/vehicle_networking/config
[3.748s] running install_egg_info
[3.751s] Copying ../../build/vehicle_networking/vehicle_networking.egg-info to /home/ethanreynolds/vscode/robot-rover-2025/code/system/ros2/install/vehicle_networking/lib/python3.8/site-packages/vehicle_networking-0.0.0-py3.8.egg-info
[3.752s] running install_scripts
[3.776s] Installing control_serial_interface script to /home/ethanreynolds/vscode/robot-rover-2025/code/system/ros2/install/vehicle_networking/lib/vehicle_networking
[3.776s] Installing get_device_info_tool script to /home/ethanreynolds/vscode/robot-rover-2025/code/system/ros2/install/vehicle_networking/lib/vehicle_networking
[3.777s] Installing sensor_serial_interface script to /home/ethanreynolds/vscode/robot-rover-2025/code/system/ros2/install/vehicle_networking/lib/vehicle_networking
[3.777s] Installing serial_manager script to /home/ethanreynolds/vscode/robot-rover-2025/code/system/ros2/install/vehicle_networking/lib/vehicle_networking
[3.779s] writing list of installed files to '/home/ethanreynolds/vscode/robot-rover-2025/code/system/ros2/build/vehicle_networking/install.log'
[4.101s] Invoked command in '/home/ethanreynolds/vscode/robot-rover-2025/code/system/ros2/src/vehicle_networking' returned '0': PYTHONPATH=/home/ethanreynolds/vscode/robot-rover-2025/code/system/ros2/build/vehicle_networking/prefix_override:/usr/lib/python3/dist-packages/colcon_core/task/python/colcon_distutils_commands:/home/ethanreynolds/vscode/robot-rover-2025/code/system/ros2/install/vehicle_networking/lib/python3.8/site-packages:${PYTHONPATH} /usr/bin/python3 -W ignore:setup.py install is deprecated -W ignore:easy_install command is deprecated setup.py egg_info --egg-base ../../build/vehicle_networking build --build-base /home/ethanreynolds/vscode/robot-rover-2025/code/system/ros2/build/vehicle_networking/build install --record /home/ethanreynolds/vscode/robot-rover-2025/code/system/ros2/build/vehicle_networking/install.log --install-scripts $base/lib/vehicle_networking --single-version-externally-managed install_data
