[INFO] [1774825654.683738564] [serial_manager]: Starting Serial Manager Node
[INFO] [1774825666.705825703] [serial_manager]: Cached ports: {}
[INFO] [1774825666.706715336] [serial_manager]: Found serial port: /dev/ttyUSB0 (Description: USB Serial, VID: 6790, PID: 29987, Manufacturer: None, Product: USB Serial)
[INFO] [1774825666.708290811] [serial_manager]: New device detected: /dev/ttyUSB0 (USB Serial)
[INFO] [1774825666.709798837] [serial_manager]: Checking if device /dev/ttyUSB0 matches identifier for control board (VID: 6790, PID: 29987, Manufacturer: None, Product: USB Serial)
[INFO] [1774825666.710889659] [serial_manager]: Identified device control board at port /dev/ttyUSB0
[INFO] [1774825669.702315082] [serial_manager]: Cached ports: {'control board': '/dev/ttyUSB0'}
[INFO] [1774825669.703168195] [serial_manager]: Found serial port: /dev/ttyUSB0 (Description: USB Serial, VID: 6790, PID: 29987, Manufacturer: None, Product: USB Serial)
[INFO] [1774825672.707846120] [serial_manager]: Cached ports: {'control board': '/dev/ttyUSB0'}
[INFO] [1774825672.709282386] [serial_manager]: Found serial port: /dev/ttyUSB0 (Description: USB Serial, VID: 6790, PID: 29987, Manufacturer: None, Product: USB Serial)
[INFO] [1774825675.711887563] [serial_manager]: Cached ports: {'control board': '/dev/ttyUSB0'}
[INFO] [1774825675.714092436] [serial_manager]: Found serial port: /dev/ttyUSB0 (Description: USB Serial, VID: 6790, PID: 29987, Manufacturer: None, Product: USB Serial)
[INFO] [1774825678.718196000] [serial_manager]: Cached ports: {'control board': '/dev/ttyUSB0'}
[INFO] [1774825678.720803816] [serial_manager]: Found serial port: /dev/ttyUSB0 (Description: USB Serial, VID: 6790, PID: 29987, Manufacturer: None, Product: USB Serial)
[INFO] [1774825681.707552285] [serial_manager]: Cached ports: {'control board': '/dev/ttyUSB0'}
[INFO] [1774825681.708251493] [serial_manager]: Found serial port: /dev/ttyUSB0 (Description: USB Serial, VID: 6790, PID: 29987, Manufacturer: None, Product: USB Serial)
[INFO] [1774825684.714683622] [serial_manager]: Cached ports: {'control board': '/dev/ttyUSB0'}
[INFO] [1774825684.716749313] [serial_manager]: Found serial port: /dev/ttyUSB0 (Description: USB Serial, VID: 6790, PID: 29987, Manufacturer: None, Product: USB Serial)
[INFO] [1774825687.717914463] [serial_manager]: Cached ports: {'control board': '/dev/ttyUSB0'}
[INFO] [1774825687.718912708] [serial_manager]: Found serial port: /dev/ttyUSB0 (Description: USB Serial, VID: 6790, PID: 29987, Manufacturer: None, Product: USB Serial)
[INFO] [1774825690.716057636] [serial_manager]: Cached ports: {'control board': '/dev/ttyUSB0'}
[INFO] [1774825690.718304451] [serial_manager]: Found serial port: /dev/ttyUSB0 (Description: USB Serial, VID: 6790, PID: 29987, Manufacturer: None, Product: USB Serial)
[INFO] [1774825693.714851167] [serial_manager]: Cached ports: {'control board': '/dev/ttyUSB0'}
[INFO] [1774825693.716882700] [serial_manager]: Found serial port: /dev/ttyUSB0 (Description: USB Serial, VID: 6790, PID: 29987, Manufacturer: None, Product: USB Serial)
[INFO] [1774825696.725216554] [serial_manager]: Cached ports: {'control board': '/dev/ttyUSB0'}
[INFO] [1774825696.726665532] [serial_manager]: Found serial port: /dev/ttyUSB0 (Description: USB Serial, VID: 6790, PID: 29987, Manufacturer: None, Product: USB Serial)
[INFO] [1774825699.710475677] [serial_manager]: Cached ports: {'control board': '/dev/ttyUSB0'}
[INFO] [1774825699.712613363] [serial_manager]: Found serial port: /dev/ttyUSB0 (Description: USB Serial, VID: 6790, PID: 29987, Manufacturer: None, Product: USB Serial)
[INFO] [1774825702.715148205] [serial_manager]: Cached ports: {'control board': '/dev/ttyUSB0'}
[INFO] [1774825702.715998075] [serial_manager]: Found serial port: /dev/ttyUSB0 (Description: USB Serial, VID: 6790, PID: 29987, Manufacturer: None, Product: USB Serial)
[INFO] [1774825705.699036436] [serial_manager]: Cached ports: {'control board': '/dev/ttyUSB0'}
[INFO] [1774825705.699787770] [serial_manager]: Found serial port: /dev/ttyUSB0 (Description: USB Serial, VID: 6790, P