[INFO] [1775754843.324865226] [vehicle_control_string_builder]: Starting Vehicle Control String Builder Node
[INFO] [1775754843.338065925] [vehicle_control_string_builder]: Successfully loaded control codes
[INFO] [1775754843.436927002] [vehicle_control_string_builder]: Received control message: vehicle_interfaces.msg.ControlData(header=std_msgs.msg.Header(stamp=builtin_interfaces.msg.Time(sec=0, nanosec=0), frame_id=''), brake=True, reverse=True, steering_reverse=False, shift_up=False, power=0, steering_power=0)
[INFO] [1775754843.437801436] [vehicle_control_string_builder]: Converting to string
[INFO] [1775754843.438666343] [vehicle_control_string_builder]: Converting control message: vehicle_interfaces.msg.ControlData(header=std_msgs.msg.Header(stamp=builtin_interfaces.msg.Time(sec=0, nanosec=0), frame_id=''), brake=True, reverse=True, steering_reverse=False, shift_up=False, power=0, steering_power=0)
[INFO] [1775754843.439458670] [vehicle_control_string_builder]: Converted control string: 
[ERROR] [1775754843.440231584] [vehicle_control_string_builder]: Failed to convert control message to string format
[INFO] [1775754844.432265802] [vehicle_control_string_builder]: Received control message: vehicle_interfaces.msg.ControlData(header=std_msgs.msg.Header(stamp=builtin_interfaces.msg.Time(sec=0, nanosec=0), frame_id=''), brake=True, reverse=True, steering_reverse=False, shift_up=False, power=0, steering_power=0)
[INFO] [1775754844.433647414] [vehicle_control_string_builder]: Converting to string
[INFO] [1775754844.434879639] [vehicle_control_string_builder]: Converting control message: vehicle_interfaces.msg.ControlData(header=std_msgs.msg.Header(stamp=builtin_interfaces.msg.Time(sec=0, nanosec=0), frame_id=''), brake=True, reverse=True, steering_reverse=False, shift_up=False, power=0, steering_power=0)
[INFO] [1775754844.436071302] [vehicle_control_string_builder]: Converted control string: 
[ERROR] [1775754844.437313551] [vehicle_control_string_builder]: Failed to convert control message to string format
[INFO] [1775754845.433021585] [vehicle_control_string_builder]: Received control message: vehicle_interfaces.msg.ControlData(header=std_msgs.msg.Header(stamp=builtin_interfaces.msg.Time(sec=0, nanosec=0), frame_id=''), brake=True, reverse=True, steering_reverse=False, shift_up=False, power=0, steering_power=0)
[INFO] [1775754845.434375081] [vehicle_control_string_builder]: Converting to string
[INFO] [1775754845.435244621] [vehicle_control_string_builder]: Converting control message: vehicle_interfaces.msg.ControlData(header=std_msgs.msg.Header(stamp=builtin_interfaces.msg.Time(sec=0, nanosec=0), frame_id=''), brake=True, reverse=True, steering_reverse=False, shift_up=False, power=0, steering_power=0)
[INFO] [1775754845.436077272] [vehicle_control_string_builder]: Converted control string: 
[ERROR] [1775754845.436662232] [vehicle_control_string_builder]: Failed to convert control message to string format
[INFO] [1775754846.430361353] [vehicle_control_string_builder]: Received control message: vehicle_interfaces.msg.ControlData(header=std_msgs.msg.Header(stamp=builtin_interfaces.msg.Time(sec=0, nanosec=0), frame_id=''), brake=True, reverse=True, steering_reverse=False, shift_up=False, power=0, steering_power=0)
[INFO] [1775754846.431338156] [vehicle_control_string_builder]: Converting to string
[INFO] [1775754846.432472838] [vehicle_control_string_builder]: Converting control message: vehicle_interfaces.msg.ControlData(header=std_msgs.msg.Header(stamp=builtin_interfaces.msg.Time(sec=0, nanosec=0), frame_id=''), brake=True, reverse=True, steering_reverse=False, shift_up=False, power=0, steering_power=0)
[INFO] [1775754846.433550570] [vehicle_control_string_builder]: Converted control string: 
[ERROR] [1775754846.434438598] [vehicle_control_string_builder]: Failed to convert control message to string format
[INFO] [1775754847.431741018] [vehicle_control_string_builder]: Received control message: vehicle_interfaces.msg.ControlData(header=std_msgs.msg.Header(stamp=builtin_interfaces.msg.Time(sec=0, nanosec=0), frame_id='')