[INFO] [1774804950.640700091] [serial_manager]: Starting Serial Manager Node
[INFO] [1774804956.651660747] [serial_manager]: Found serial port: /dev/ttyUSB0 (Description: USB Serial, VID: 6790, PID: 29987, Manufacturer: None, Product: USB Serial)
[INFO] [1774804956.652528937] [serial_manager]: New device detected: /dev/ttyUSB0 (USB Serial)
[INFO] [1774804956.653122025] [serial_manager]: Checking if device /dev/ttyUSB0 matches identifier for control board (VID: 6790, PID: 29987, Manufacturer: None, Product: USB Serial)
[INFO] [1774804956.653680657] [serial_manager]: Identified device control board at port /dev/ttyUSB0
[INFO] [1774804959.652659829] [serial_manager]: Found serial port: /dev/ttyUSB0 (Description: USB Serial, VID: 6790, PID: 29987, Manufacturer: None, Product: USB Serial)
[INFO] [1774804962.655198732] [serial_manager]: Found serial port: /dev/ttyUSB0 (Description: USB Serial, VID: 6790, PID: 29987, Manufacturer: None, Product: USB Serial)
[INFO] [1774804965.659051675] [serial_manager]: Found serial port: /dev/ttyUSB0 (Description: USB Serial, VID: 6790, PID: 29987, Manufacturer: None, Product: USB Serial)
[INFO] [1774804968.659910271] [serial_manager]: Found serial port: /dev/ttyUSB0 (Description: USB Serial, VID: 6790, PID: 29987, Manufacturer: None, Product: USB Serial)
[INFO] [1774804971.657205166] [serial_manager]: Found serial port: /dev/ttyUSB0 (Description: USB Serial, VID: 6790, PID: 29987, Manufacturer: None, Product: USB Serial)
[INFO] [1774804974.658918507] [serial_manager]: Found serial port: /dev/ttyUSB0 (Description: USB Serial, VID: 6790, PID: 29987, Manufacturer: None, Product: USB Serial)
[INFO] [1774804977.683060779] [serial_manager]: Found serial port: /dev/ttyUSB0 (Description: USB Serial, VID: 6790, PID: 29987, Manufacturer: None, Product: USB Serial)
[INFO] [1774804980.668980572] [serial_manager]: Found serial port: /dev/ttyUSB0 (Description: USB Serial, VID: 6790, PID: 29987, Manufacturer: None, Product: USB Serial)
[INFO] [1774804983.669242698] [serial_manager]: Found serial port: /dev/ttyUSB0 (Description: USB Serial, VID: 6790, PID: 29987, Manufacturer: None, Product: USB Serial)
[INFO] [1774804986.671702502] [serial_manager]: Found serial port: /dev/ttyUSB0 (Description: USB Serial, VID: 6790, PID: 29987, Manufacturer: None, Product: USB Serial)
[INFO] [1774804989.660676363] [serial_manager]: Found serial port: /dev/ttyUSB0 (Description: USB Serial, VID: 6790, PID: 29987, Manufacturer: None, Product: USB Serial)
[INFO] [1774804992.660615366] [serial_manager]: Found serial port: /dev/ttyUSB0 (Description: USB Serial, VID: 6790, PID: 29987, Manufacturer: None, Product: USB Serial)
[INFO] [1774804995.669936418] [serial_manager]: Found serial port: /dev/ttyUSB0 (Description: USB Serial, VID: 6790, PID: 29987, Manufacturer: None, Product: USB Serial)
[INFO] [1774804998.675451655] [serial_manager]: Found serial port: /dev/ttyUSB0 (Description: USB Serial, VID: 6790, PID: 29987, Manufacturer: None, Product: USB Serial)
[INFO] [1774805001.674868852] [serial_manager]: Found serial port: /dev/ttyUSB0 (Description: USB Serial, VID: 6790, PID: 29987, Manufacturer: None, Product: USB Serial)
[INFO] [1774805004.657147912] [serial_manager]: Found serial port: /dev/ttyUSB0 (Description: USB Serial, VID: 6790, PID: 29987, Manufacturer: None, Product: USB Serial)
[INFO] [1774805007.669392024] [serial_manager]: Found serial port: /dev/ttyUSB0 (Description: USB Serial, VID: 6790, PID: 29987, Manufacturer: None, Product: USB Serial)
[INFO] [1774805010.667532674] [serial_manager]: Found serial port: /dev/ttyUSB0 (Description: USB Serial, VID: 6790, PID: 29987, Manufacturer: None, Product: USB Serial)
[INFO] [1774805013.669640479] [serial_manager]: Found serial port: /dev/ttyUSB0 (Description: USB Serial, VID: 6790, PID: 29987, Manufacturer: None, Product: USB Serial)
[INFO] [1774805016.672437192] [serial_manager]: Found serial port: /dev/ttyUSB0 (Description: USB Serial, VID: 6790, PID: 29987, Manufacturer: None, Product: USB Serial)
[INFO] [1774805019.655931744] [serial_manager]: Found serial port: /dev