[INFO] [1774805131.735029293] [serial_manager]: Starting Serial Manager Node
[INFO] [1774805134.737915223] [serial_manager]: Current cached serial ports: {}
[INFO] [1774805137.737914713] [serial_manager]: Current cached serial ports: {}
[INFO] [1774805137.747537772] [serial_manager]: Found serial port: /dev/ttyUSB0 (Description: USB Serial, VID: 6790, PID: 29987, Manufacturer: None, Product: USB Serial)
[INFO] [1774805137.748679022] [serial_manager]: New device detected: /dev/ttyUSB0 (USB Serial)
[INFO] [1774805137.749394528] [serial_manager]: Checking if device /dev/ttyUSB0 matches identifier for control board (VID: 6790, PID: 29987, Manufacturer: None, Product: USB Serial)
[INFO] [1774805137.750093794] [serial_manager]: Identified device control board at port /dev/ttyUSB0
[INFO] [1774805140.737922749] [serial_manager]: Current cached serial ports: {'control board': '/dev/ttyUSB0'}
[INFO] [1774805140.746956112] [serial_manager]: Found serial port: /dev/ttyUSB0 (Description: USB Serial, VID: 6790, PID: 29987, Manufacturer: None, Product: USB Serial)
[INFO] [1774805143.737942588] [serial_manager]: Current cached serial ports: {'control board': '/dev/ttyUSB0'}
[INFO] [1774805143.748199262] [serial_manager]: Found serial port: /dev/ttyUSB0 (Description: USB Serial, VID: 6790, PID: 29987, Manufacturer: None, Product: USB Serial)
[INFO] [1774805146.738531973] [serial_manager]: Current cached serial ports: {'control board': '/dev/ttyUSB0'}
[INFO] [1774805146.756640626] [serial_manager]: Found serial port: /dev/ttyUSB0 (Description: USB Serial, VID: 6790, PID: 29987, Manufacturer: None, Product: USB Serial)
[INFO] [1774805149.738165027] [serial_manager]: Current cached serial ports: {'control board': '/dev/ttyUSB0'}
[INFO] [1774805149.755702690] [serial_manager]: Found serial port: /dev/ttyUSB0 (Description: USB Serial, VID: 6790, PID: 29987, Manufacturer: None, Product: USB Serial)
[INFO] [1774805152.738304509] [serial_manager]: Current cached serial ports: {'control board': '/dev/ttyUSB0'}
[INFO] [1774805152.761668692] [serial_manager]: Found serial port: /dev/ttyUSB0 (Description: USB Serial, VID: 6790, PID: 29987, Manufacturer: None, Product: USB Serial)
[INFO] [1774805155.739613679] [serial_manager]: Current cached serial ports: {'control board': '/dev/ttyUSB0'}
[INFO] [1774805155.759928049] [serial_manager]: Found serial port: /dev/ttyUSB0 (Description: USB Serial, VID: 6790, PID: 29987, Manufacturer: None, Product: USB Serial)
[INFO] [1774805158.739162448] [serial_manager]: Current cached serial ports: {'control board': '/dev/ttyUSB0'}
[INFO] [1774805158.757954903] [serial_manager]: Found serial port: /dev/ttyUSB0 (Description: USB Serial, VID: 6790, PID: 29987, Manufacturer: None, Product: USB Serial)
[INFO] [1774805161.738853570] [serial_manager]: Current cached serial ports: {'control board': '/dev/ttyUSB0'}
[INFO] [1774805161.762353705] [serial_manager]: Found serial port: /dev/ttyUSB0 (Description: USB Serial, VID: 6790, PID: 29987, Manufacturer: None, Product: USB Serial)
[INFO] [1774805164.739318314] [serial_manager]: Current cached serial ports: {'control board': '/dev/ttyUSB0'}
[INFO] [1774805164.763668107] [serial_manager]: Found serial port: /dev/ttyUSB0 (Description: USB Serial, VID: 6790, PID: 29987, Manufacturer: None, Product: USB Serial)
[INFO] [1774805167.738199034] [serial_manager]: Current cached serial ports: {'control board': '/dev/ttyUSB0'}
[INFO] [1774805167.755941521] [serial_manager]: Found serial port: /dev/ttyUSB0 (Description: USB Serial, VID: 6790, PID: 29987, Manufacturer: None, Product: USB Serial)
[INFO] [1774805170.738802273] [serial_manager]: Current cached serial ports: {'control board': '/dev/ttyUSB0'}
[INFO] [1774805170.764574554] [serial_manager]: Found serial port: /dev/ttyUSB0 (Description: USB Serial, VID: 6790, PID: 29987, Manufacturer: None, Product: USB Serial)
[INFO] [1774805173.738895892] [serial_manager]: Current cached serial ports: {'control board': '/dev/ttyUSB0'}
[INFO] [1774805173.762310105] [serial_manager]: Found serial port: /dev/ttyUSB0 (Description: USB Serial, VID