[INFO] [1774985230.352174055] [control_serial_interface]: Starting Control Serial Interface Node
[WARN] [1774985233.367941161] [control_serial_interface]: Control board serial port is not open, attempting to open
[INFO] [1774985233.369801147] [control_serial_interface]: Attempting to open serial port for control board
[INFO] [1774985233.371861709] [control_serial_interface]: Requesting serial port from serial manager service
[ERROR] [1774985236.376876215] [control_serial_interface]: Timeout while waiting for serial port from serial manager service
[ERROR] [1774985236.377625883] [control_serial_interface]: Control board not found: device not identified by serial manager
[ERROR] [1774985236.378358191] [control_serial_interface]: Serial port not found
[WARN] [1774985236.379725836] [control_serial_interface]: Control board serial port is not open, attempting to open
[INFO] [1774985236.380316860] [control_serial_interface]: Attempting to open serial port for control board
[INFO] [1774985236.380875194] [control_serial_interface]: Requesting serial port from serial manager service
[ERROR] [1774985239.382034219] [control_serial_interface]: Timeout while waiting for serial port from serial manager service
[ERROR] [1774985239.383062143] [control_serial_interface]: Control board not found: device not identified by serial manager
[ERROR] [1774985239.384012096] [control_serial_interface]: Serial port not found
[WARN] [1774985239.385642444] [control_serial_interface]: Control board serial port is not open, attempting to open
[INFO] [1774985239.386445134] [control_serial_interface]: Attempting to open serial port for control board
[INFO] [1774985239.387445848] [control_serial_interface]: Requesting serial port from serial manager service
[ERROR] [1774985242.388508711] [control_serial_interface]: Timeout while waiting for serial port from serial manager service
[ERROR] [1774985242.389145665] [control_serial_interface]: Control board not found: device not identified by serial manager
[ERROR] [1774985242.389702449] [control_serial_interface]: Serial port not found
[WARN] [1774985242.391229709] [control_serial_interface]: Control board serial port is not open, attempting to open
[INFO] [1774985242.391998946] [control_serial_interface]: Attempting to open serial port for control board
[INFO] [1774985242.392790562] [control_serial_interface]: Requesting serial port from serial manager service
[ERROR] [1774985245.393543679] [control_serial_interface]: Timeout while waiting for serial port from serial manager service
[ERROR] [1774985245.394140874] [control_serial_interface]: Control board not found: device not identified by serial manager
[ERROR] [1774985245.394734093] [control_serial_interface]: Serial port not found
[WARN] [1774985245.396207855] [control_serial_interface]: Control board serial port is not open, attempting to open
[INFO] [1774985245.397303766] [control_serial_interface]: Attempting to open serial port for control board
[INFO] [1774985245.398481355] [control_serial_interface]: Requesting serial port from serial manager service
[ERROR] [1774985248.399215055] [control_serial_interface]: Timeout while waiting for serial port from serial manager service
[ERROR] [1774985248.399916364] [control_serial_interface]: Control board not found: device not identified by serial manager
[ERROR] [1774985248.400709234] [control_serial_interface]: Serial port not found
[WARN] [1774985248.402138595] [control_serial_interface]: Control board serial port is not open, attempting to open
[INFO] [1774985248.402992459] [control_serial_interface]: Attempting to open serial port for control board
[INFO] [1774985248.404036716] [control_serial_interface]: Requesting serial port from serial manager service
[ERROR] [1774985251.404911538] [control_serial_interface]: Timeout while waiting for serial port from serial manager service
[ERROR] [1774985251.405656315] [control_serial_interface]: Control board not found: device not identified by serial manager
[ERROR] [1774985251.406538399] [control_serial_interface]: Serial port not found
[WARN] [1774985251.40787975