[INFO] [1774749658.330340205] [serial_manager]: Starting Serial Manager Node
[INFO] [1774749661.340748802] [serial_manager]: Active devices: 
[INFO] [1774749664.340574646] [serial_manager]: Found serial port: /dev/ttyUSB0 (Description: USB Serial, VID: 6790, PID: 29987, Manufacturer: None, Product: USB Serial)
[INFO] [1774749664.341219169] [serial_manager]: Active devices: 
[INFO] [1774749664.341917573] [serial_manager]: New device detected: /dev/ttyUSB0 (USB Serial)
[INFO] [1774749664.342477712] [serial_manager]: Checking if device /dev/ttyUSB0 matches identifier for control board (VID: 6790, PID: 29987, Manufacturer: None, Product: USB Serial)
[INFO] [1774749664.342975479] [serial_manager]: Identified device control board at port /dev/ttyUSB0
[INFO] [1774749664.343501383] [serial_manager]: Checking if device /dev/ttyUSB0 matches identifier for sensor board (VID: None, PID: None, Manufacturer: None, Product: None)
[INFO] [1774749664.344007200] [serial_manager]: Could not identify device at port /dev/ttyUSB0 (VID: 6790, PID: 29987, Manufacturer: None, Product: USB Serial)
[INFO] [1774749667.341882203] [serial_manager]: Found serial port: /dev/ttyUSB0 (Description: USB Serial, VID: 6790, PID: 29987, Manufacturer: None, Product: USB Serial)
[INFO] [1774749667.342563332] [serial_manager]: Active devices: control board (/dev/ttyUSB0)
[INFO] [1774749670.344134875] [serial_manager]: Found serial port: /dev/ttyUSB0 (Description: USB Serial, VID: 6790, PID: 29987, Manufacturer: None, Product: USB Serial)
[INFO] [1774749670.345197864] [serial_manager]: Active devices: control board (/dev/ttyUSB0)
[INFO] [1774749673.346550434] [serial_manager]: Found serial port: /dev/ttyUSB0 (Description: USB Serial, VID: 6790, PID: 29987, Manufacturer: None, Product: USB Serial)
[INFO] [1774749673.347541846] [serial_manager]: Active devices: control board (/dev/ttyUSB0)
[INFO] [1774749676.349319647] [serial_manager]: Found serial port: /dev/ttyUSB0 (Description: USB Serial, VID: 6790, PID: 29987, Manufacturer: None, Product: USB Serial)
[INFO] [1774749676.350609587] [serial_manager]: Active devices: control board (/dev/ttyUSB0)
[INFO] [1774749679.351584178] [serial_manager]: Found serial port: /dev/ttyUSB0 (Description: USB Serial, VID: 6790, PID: 29987, Manufacturer: None, Product: USB Serial)
[INFO] [1774749679.353047930] [serial_manager]: Active devices: control board (/dev/ttyUSB0)
[INFO] [1774749682.354455989] [serial_manager]: Found serial port: /dev/ttyUSB0 (Description: USB Serial, VID: 6790, PID: 29987, Manufacturer: None, Product: USB Serial)
[INFO] [1774749682.356237636] [serial_manager]: Active devices: control board (/dev/ttyUSB0)
[INFO] [1774749685.356311580] [serial_manager]: Found serial port: /dev/ttyUSB0 (Description: USB Serial, VID: 6790, PID: 29987, Manufacturer: None, Product: USB Serial)
[INFO] [1774749685.358201598] [serial_manager]: Active devices: control board (/dev/ttyUSB0)
[INFO] [1774749688.363866619] [serial_manager]: Found serial port: /dev/ttyUSB0 (Description: USB Serial, VID: 6790, PID: 29987, Manufacturer: None, Product: USB Serial)
[INFO] [1774749688.366236612] [serial_manager]: Active devices: control board (/dev/ttyUSB0)
[INFO] [1774749691.341933776] [serial_manager]: Found serial port: /dev/ttyUSB0 (Description: USB Serial, VID: 6790, PID: 29987, Manufacturer: None, Product: USB Serial)
[INFO] [1774749691.343700699] [serial_manager]: Active devices: control board (/dev/ttyUSB0)
[INFO] [1774749694.359147490] [serial_manager]: Found serial port: /dev/ttyUSB0 (Description: USB Serial, VID: 6790, PID: 29987, Manufacturer: None, Product: USB Serial)
[INFO] [1774749694.361274058] [serial_manager]: Active devices: control board (/dev/ttyUSB0)
[INFO] [1774749697.358816730] [serial_manager]: Found serial port: /dev/ttyUSB0 (Description: USB Serial, VID: 6790, PID: 29987, Manufacturer: None, Product: USB Serial)
[INFO] [1774749697.360826133] [serial_manager]: Active devices: control board (/dev/ttyUSB0)
[INFO] [1774749700.360476542] [serial_manager]: Found serial port: /dev/ttyUSB0 (Description: USB Serial, VID: 6790, PID: 29987, Manufacturer: None, Product: USB Serial)
[INFO] [1774749700.362950655] [serial_manager]: Active devices: control board (/dev/ttyUSB0)
[INFO] [1774749703.360825114] [serial_manager]: Found serial port: /dev/ttyUSB0 (Description: USB Serial, VID: 6790, PID: 29987, Manufacturer: None, Product: USB Serial)
[INFO] [1774749703.363094817] [serial_manager]: Active devices: control board (/dev/ttyUSB0)
[INFO] [1774749706.362869523] [serial_manager]: Found serial port: /dev/ttyUSB0 (Description: USB Serial, VID: 6790, PID: 29987, Manufacturer: None, Product: USB Serial)
[INFO] [1774749706.365196098] [serial_manager]: Active devices: control board (/dev/ttyUSB0)
[INFO] [1774749709.358982112] [serial_manager]: Found serial port: /dev/ttyUSB0 (Description: USB Serial, VID: 6790, PID: 29987, Manufacturer: None, Product: USB Serial)
[INFO] [1774749709.361258625] [serial_manager]: Active devices: control board (/dev/ttyUSB0)
[INFO] [1774749712.359515196] [serial_manager]: Found serial port: /dev/ttyUSB0 (Description: USB Serial, VID: 6790, PID: 29987, Manufacturer: None, Product: USB Serial)
[INFO] [1774749712.361616023] [serial_manager]: Active devices: control board (/dev/ttyUSB0)
[INFO] [1774749715.354539245] [serial_manager]: Found serial port: /dev/ttyUSB0 (Description: USB Serial, VID: 6790, PID: 29987, Manufacturer: None, Product: USB Serial)
[INFO] [1774749715.356803403] [serial_manager]: Active devices: control board (/dev/ttyUSB0)
[INFO] [1774749718.359917880] [serial_manager]: Found serial port: /dev/ttyUSB0 (Description: USB Serial, VID: 6790, PID: 29987, Manufacturer: None, Product: USB Serial)
[INFO] [1774749718.362112480] [serial_manager]: Active devices: control board (/dev/ttyUSB0)
[INFO] [1774749721.347672351] [serial_manager]: Found serial port: /dev/ttyUSB0 (Description: USB Serial, VID: 6790, PID: 29987, Manufacturer: None, Product: USB Serial)
[INFO] [1774749721.348494850] [serial_manager]: Active devices: control board (/dev/ttyUSB0)
[INFO] [1774749724.358126587] [serial_manager]: Found serial port: /dev/ttyUSB0 (Description: USB Serial, VID: 6790, PID: 29987, Manufacturer: None, Product: USB Serial)
[INFO] [1774749724.360442751] [serial_manager]: Active devices: control board (/dev/ttyUSB0)
[INFO] [1774749727.363345038] [serial_manager]: Found serial port: /dev/ttyUSB0 (Description: USB Serial, VID: 6790, PID: 29987, Manufacturer: None, Product: USB Serial)
[INFO] [1774749727.364592224] [serial_manager]: Active devices: control board (/dev/ttyUSB0)
[INFO] [1774749730.351291728] [serial_manager]: Found serial port: /dev/ttyUSB0 (Description: USB Serial, VID: 6790, PID: 29987, Manufacturer: None, Product: USB Serial)
[INFO] [1774749730.352138413] [serial_manager]: Active devices: control board (/dev/ttyUSB0)
[INFO] [1774749733.356694500] [serial_manager]: Found serial port: /dev/ttyUSB0 (Description: USB Serial, VID: 6790, PID: 29987, Manufacturer: None, Product: USB Serial)
[INFO] [1774749733.358127212] [serial_manager]: Active devices: control board (/dev/ttyUSB0)
[INFO] [1774749736.355752153] [serial_manager]: Found serial port: /dev/ttyUSB0 (Description: USB Serial, VID: 6790, PID: 29987, Manufacturer: None, Product: USB Serial)
[INFO] [1774749736.357413093] [serial_manager]: Active devices: control board (/dev/ttyUSB0)
[INFO] [1774749739.356169412] [serial_manager]: Found serial port: /dev/ttyUSB0 (Description: USB Serial, VID: 6790, PID: 29987, Manufacturer: None, Product: USB Serial)
[INFO] [1774749739.357952937] [serial_manager]: Active devices: control board (/dev/ttyUSB0)
[INFO] [1774749742.363352187] [serial_manager]: Found serial port: /dev/ttyUSB0 (Description: USB Serial, VID: 6790, PID: 29987, Manufacturer: None, Product: USB Serial)
[INFO] [1774749742.364944748] [serial_manager]: Active devices: control board (/dev/ttyUSB0)
[INFO] [1774749745.345790644] [serial_manager]: Found serial port: /dev/ttyUSB0 (Description: USB Serial, VID: 6790, PID: 29987, Manufacturer: None, Product: USB Serial)
[INFO] [1774749745.346662235] [serial_manager]: Active devices: control board (/dev/ttyUSB0)
[INFO] [1774749748.360798147] [serial_manager]: Found serial port: /dev/ttyUSB0 (Description: USB Serial, VID: 6790, PID: 29987, Manufacturer: None, Product: USB Serial)
[INFO] [1774749748.362830503] [serial_manager]: Active devices: control board (/dev/ttyUSB0)
[INFO] [1774749751.351524370] [serial_manager]: Found serial port: /dev/ttyUSB0 (Description: USB Serial, VID: 6790, PID: 29987, Manufacturer: None, Product: USB Serial)
[INFO] [1774749751.352554647] [serial_manager]: Active devices: control board (/dev/ttyUSB0)
[INFO] [1774749754.343796687] [serial_manager]: Found serial port: /dev/ttyUSB0 (Description: USB Serial, VID: 6790, PID: 29987, Manufacturer: None, Product: USB Serial)
[INFO] [1774749754.344742567] [serial_manager]: Active devices: control board (/dev/ttyUSB0)
[INFO] [1774749757.349027683] [serial_manager]: Found serial port: /dev/ttyUSB0 (Description: USB Serial, VID: 6790, PID: 29987, Manufacturer: None, Product: USB Serial)
[INFO] [1774749757.350052894] [serial_manager]: Active devices: control board (/dev/ttyUSB0)
[INFO] [1774749760.370871722] [serial_manager]: Found serial port: /dev/ttyUSB0 (Description: USB Serial, VID: 6790, PID: 29987, Manufacturer: None, Product: USB Serial)
[INFO] [1774749760.371824783] [serial_manager]: Active devices: control board (/dev/ttyUSB0)
[INFO] [1774749763.368467763] [serial_manager]: Found serial port: /dev/ttyUSB0 (Description: USB Serial, VID: 6790, PID: 29987, Manufacturer: None, Product: USB Serial)
[INFO] [1774749763.370446935] [serial_manager]: Active devices: control board (/dev/ttyUSB0)
[INFO] [1774749766.342699349] [serial_manager]: Found serial port: /dev/ttyUSB0 (Description: USB Serial, VID: 6790, PID: 29987, Manufacturer: None, Product: USB Serial)
[INFO] [1774749766.343453379] [serial_manager]: Active devices: control board (/dev/ttyUSB0)
[INFO] [1774749769.353724667] [serial_manager]: Found serial port: /dev/ttyUSB0 (Description: USB Serial, VID: 6790, PID: 29987, Manufacturer: None, Product: USB Serial)
[INFO] [1774749769.354660866] [serial_manager]: Active devices: control board (/dev/ttyUSB0)
[INFO] [1774749772.358450799] [serial_manager]: Found serial port: /dev/ttyUSB0 (Description: USB Serial, VID: 6790, PID: 29987, Manufacturer: None, Product: USB Serial)
[INFO] [1774749772.360363778] [serial_manager]: Active devices: control board (/dev/ttyUSB0)
[INFO] [1774749775.360176811] [serial_manager]: Found serial port: /dev/ttyUSB0 (Description: USB Serial, VID: 6790, PID: 29987, Manufacturer: None, Product: USB Serial)
[INFO] [1774749775.362304375] [serial_manager]: Active devices: control board (/dev/ttyUSB0)
[INFO] [1774749778.363554184] [serial_manager]: Found serial port: /dev/ttyUSB0 (Description: USB Serial, VID: 6790, PID: 29987, Manufacturer: None, Product: USB Serial)
[INFO] [1774749778.365924321] [serial_manager]: Active devices: control board (/dev/ttyUSB0)
[INFO] [1774749781.362355981] [serial_manager]: Found serial port: /dev/ttyUSB0 (Description: USB Serial, VID: 6790, PID: 29987, Manufacturer: None, Product: USB Serial)
[INFO] [1774749781.364698277] [serial_manager]: Active devices: control board (/dev/ttyUSB0)
[INFO] [1774749784.359663918] [serial_manager]: Found serial port: /dev/ttyUSB0 (Description: USB Serial, VID: 6790, PID: 29987, Manufacturer: None, Product: USB Serial)
[INFO] [1774749784.361648741] [serial_manager]: Active devices: control board (/dev/ttyUSB0)
[INFO] [1774749787.359979780] [serial_manager]: Found serial port: /dev/ttyUSB0 (Description: USB Serial, VID: 6790, PID: 29987, Manufacturer: None, Product: USB Serial)
[INFO] [1774749787.362106078] [serial_manager]: Active devices: control board (/dev/ttyUSB0)
[INFO] [1774749790.361141793] [serial_manager]: Found serial port: /dev/ttyUSB0 (Description: USB Serial, VID: 6790, PID: 29987, Manufacturer: None, Product: USB Serial)
[INFO] [1774749790.363024096] [serial_manager]: Active devices: control board (/dev/ttyUSB0)
[INFO] [1774749793.359333179] [serial_manager]: Found serial port: /dev/ttyUSB0 (Description: USB Serial, VID: 6790, PID: 29987, Manufacturer: None, Product: USB Serial)
[INFO] [1774749793.361757832] [serial_manager]: Active devices: control board (/dev/ttyUSB0)
[INFO] [1774749796.360288356] [serial_manager]: Found serial port: /dev/ttyUSB0 (Description: USB Serial, VID: 6790, PID: 29987, Manufacturer: None, Product: USB Serial)
[INFO] [1774749796.362509362] [serial_manager]: Active devices: control board (/dev/ttyUSB0)
[INFO] [1774749799.360377600] [serial_manager]: Found serial port: /dev/ttyUSB0 (Description: USB Serial, VID: 6790, PID: 29987, Manufacturer: None, Product: USB Serial)
[INFO] [1774749799.362380578] [serial_manager]: Active devices: control board (/dev/ttyUSB0)
[INFO] [1774749802.360321489] [serial_manager]: Found serial port: /dev/ttyUSB0 (Description: USB Serial, VID: 6790, PID: 29987, Manufacturer: None, Product: USB Serial)
[INFO] [1774749802.362373879] [serial_manager]: Active devices: control board (/dev/ttyUSB0)
[INFO] [1774749805.359111751] [serial_manager]: Found serial port: /dev/ttyUSB0 (Description: USB Serial, VID: 6790, PID: 29987, Manufacturer: None, Product: USB Serial)
[INFO] [1774749805.361221913] [serial_manager]: Active devices: control board (/dev/ttyUSB0)
[INFO] [1774749808.360312966] [serial_manager]: Found serial port: /dev/ttyUSB0 (Description: USB Serial, VID: 6790, PID: 29987, Manufacturer: None, Product: USB Serial)
[INFO] [1774749808.362471264] [serial_manager]: Active devices: control board (/dev/ttyUSB0)
[INFO] [1774749811.359770027] [serial_manager]: Found serial port: /dev/ttyUSB0 (Description: USB Serial, VID: 6790, PID: 29987, Manufacturer: None, Product: USB Serial)
[INFO] [1774749811.362047280] [serial_manager]: Active devices: control board (/dev/ttyUSB0)
[INFO] [1774749814.363949774] [serial_manager]: Found serial port: /dev/ttyUSB0 (Description: USB Serial, VID: 6790, PID: 29987, Manufacturer: None, Product: USB Serial)
[INFO] [1774749814.366542688] [serial_manager]: Active devices: control board (/dev/ttyUSB0)
[INFO] [1774749817.366011378] [serial_manager]: Found serial port: /dev/ttyUSB0 (Description: USB Serial, VID: 6790, PID: 29987, Manufacturer: None, Product: USB Serial)
[INFO] [1774749817.367962581] [serial_manager]: Active devices: control board (/dev/ttyUSB0)
[INFO] [1774749820.353446369] [serial_manager]: Found serial port: /dev/ttyUSB0 (Description: USB Serial, VID: 6790, PID: 29987, Manufacturer: None, Product: USB Serial)
[INFO] [1774749820.354875310] [serial_manager]: Active devices: control board (/dev/ttyUSB0)
[INFO] [1774749823.347663274] [serial_manager]: Found serial port: /dev/ttyUSB0 (Description: USB Serial, VID: 6790, PID: 29987, Manufacturer: None, Product: USB Serial)
[INFO] [1774749823.348140632] [serial_manager]: Active devices: control board (/dev/ttyUSB0)
[INFO] [1774749826.359580155] [serial_manager]: Found serial port: /dev/ttyUSB0 (Description: USB Serial, VID: 6790, PID: 29987, Manufacturer: None, Product: USB Serial)
[INFO] [1774749826.361007969] [serial_manager]: Active devices: control board (/dev/ttyUSB0)
[INFO] [1774749829.345563531] [serial_manager]: Found serial port: /dev/ttyUSB0 (Description: USB Serial, VID: 6790, PID: 29987, Manufacturer: None, Product: USB Serial)
[INFO] [1774749829.346658725] [serial_manager]: Active devices: control board (/dev/ttyUSB0)
[INFO] [1774749832.357267830] [serial_manager]: Found serial port: /dev/ttyUSB0 (Description: USB Serial, VID: 6790, PID: 29987, Manufacturer: None, Product: USB Serial)
[INFO] [1774749832.360273748] [serial_manager]: Active devices: control board (/dev/ttyUSB0)
[INFO] [1774749835.348425435] [serial_manager]: Found serial port: /dev/ttyUSB0 (Description: USB Serial, VID: 6790, PID: 29987, Manufacturer: None, Product: USB Serial)
[INFO] [1774749835.349594300] [serial_manager]: Active devices: control board (/dev/ttyUSB0)
[INFO] [1774749838.351668574] [serial_manager]: Found serial port: /dev/ttyUSB0 (Description: USB Serial, VID: 6790, PID: 29987, Manufacturer: None, Product: USB Serial)
[INFO] [1774749838.352853907] [serial_manager]: Active devices: control board (/dev/ttyUSB0)
[INFO] [1774749841.347611755] [serial_man