[INFO] [1774749480.984874174] [serial_manager]: Starting Serial Manager Node
[INFO] [1774749483.995118117] [serial_manager]: Active devices: 
[INFO] [1774749486.994867592] [serial_manager]: Found serial port: /dev/ttyUSB0 (Description: USB Serial, VID: 6790, PID: 29987, Manufacturer: None, Product: USB Serial)
[INFO] [1774749486.995437444] [serial_manager]: Active devices: 
[INFO] [1774749486.996120745] [serial_manager]: New device detected: /dev/ttyUSB0 (USB Serial)
[INFO] [1774749486.996652632] [serial_manager]: Identified device control board at port /dev/ttyUSB0
[INFO] [1774749486.997142184] [serial_manager]: Could not identify device at port /dev/ttyUSB0 (VID: 6790, PID: 29987, Manufacturer: None, Product: USB Serial)
[INFO] [1774749489.996445820] [serial_manager]: Found serial port: /dev/ttyUSB0 (Description: USB Serial, VID: 6790, PID: 29987, Manufacturer: None, Product: USB Serial)
[INFO] [1774749489.997122526] [serial_manager]: Active devices: control board (/dev/ttyUSB0)
[INFO] [1774749492.998712802] [serial_manager]: Found serial port: /dev/ttyUSB0 (Description: USB Serial, VID: 6790, PID: 29987, Manufacturer: None, Product: USB Serial)
[INFO] [1774749492.999872845] [serial_manager]: Active devices: control board (/dev/ttyUSB0)
[INFO] [1774749496.000630947] [serial_manager]: Found serial port: /dev/ttyUSB0 (Description: USB Serial, VID: 6790, PID: 29987, Manufacturer: None, Product: USB Serial)
[INFO] [1774749496.001697798] [serial_manager]: Active devices: control board (/dev/ttyUSB0)
[INFO] [1774749498.998511403] [serial_manager]: Found serial port: /dev/ttyUSB0 (Description: USB Serial, VID: 6790, PID: 29987, Manufacturer: None, Product: USB Serial)
[INFO] [1774749498.999508008] [serial_manager]: Active devices: control board (/dev/ttyUSB0)
[INFO] [1774749502.014534063] [serial_manager]: Found serial port: /dev/ttyUSB0 (Description: USB Serial, VID: 6790, PID: 29987, Manufacturer: None, Product: USB Serial)
[INFO] [1774749502.016128664] [serial_manager]: Active devices: control board (/dev/ttyUSB0)
[INFO] [1774749505.011834770] [serial_manager]: Found serial port: /dev/ttyUSB0 (Description: USB Serial, VID: 6790, PID: 29987, Manufacturer: None, Product: USB Serial)
[INFO] [1774749505.013642792] [serial_manager]: Active devices: control board (/dev/ttyUSB0)
[INFO] [1774749508.003953485] [serial_manager]: Found serial port: /dev/ttyUSB0 (Description: USB Serial, VID: 6790, PID: 29987, Manufacturer: None, Product: USB Serial)
[INFO] [1774749508.005093307] [serial_manager]: Active devices: control board (/dev/ttyUSB0)
[INFO] [1774749510.999416600] [serial_manager]: Found serial port: /dev/ttyUSB0 (Description: USB Serial, VID: 6790, PID: 29987, Manufacturer: None, Product: USB Serial)
[INFO] [1774749511.000835791] [serial_manager]: Active devices: control board (/dev/ttyUSB0)
[INFO] [1774749514.007507024] [serial_manager]: Found serial port: /dev/ttyUSB0 (Description: USB Serial, VID: 6790, PID: 29987, Manufacturer: None, Product: USB Serial)
[INFO] [1774749514.008513666] [serial_manager]: Active devices: control board (/dev/ttyUSB0)
[INFO] [1774749517.009291511] [serial_manager]: Found serial port: /dev/ttyUSB0 (Description: USB Serial, VID: 6790, PID: 29987, Manufacturer: None, Product: USB Serial)
[INFO] [1774749517.010113392] [serial_manager]: Active devices: control board (/dev/ttyUSB0)
[INFO] [1774749520.013659699] [serial_manager]: Found serial port: /dev/ttyUSB0 (Description: USB Serial, VID: 6790, PID: 29987, Manufacturer: None, Product: USB Serial)
[INFO] [1774749520.015852198] [serial_manager]: Active devices: control board (/dev/ttyUSB0)
[INFO] [1774749523.018582353] [serial_manager]: Found serial port: /dev/ttyUSB0 (Description: USB Serial, VID: 6790, PID: 29987, Manufacturer: None, Product: USB Serial)
[INFO] [1774749523.021365625] [serial_manager]: Active devices: control board (/dev/ttyUSB0)
[INFO] [1774749526.005194524] [serial_manager]: Found serial port: /dev/ttyUSB0 (Description: USB Serial, VID: 6790, PID: 29987, Manufacturer: None, Product: USB Serial)
[INFO] [1774749526.006109534] [serial_manager]: Active devices: control board (/dev/ttyUSB0)
[INFO] [1774749529.012229676] [serial_manager]: Found serial port: /dev/ttyUSB0 (Description: USB Serial, VID: 6790, PID: 29987, Manufacturer: None, Product: USB Serial)
[INFO] [1774749529.014327020] [serial_manager]: Active devices: control board (/dev/ttyUSB0)
[INFO] [1774749532.003105868] [serial_manager]: Found serial port: /dev/ttyUSB0 (Description: USB Serial, VID: 6790, PID: 29987, Manufacturer: None, Product: USB Serial)
[INFO] [1774749532.003953914] [serial_manager]: Active devices: control board (/dev/ttyUSB0)
[INFO] [1774749535.020911851] [serial_manager]: Found serial port: /dev/ttyUSB0 (Description: USB Serial, VID: 6790, PID: 29987, Manufacturer: None, Product: USB Serial)
[INFO] [1774749535.023197932] [serial_manager]: Active devices: control board (/dev/ttyUSB0)
[INFO] [1774749538.013620402] [serial_manager]: Found serial port: /dev/ttyUSB0 (Description: USB Serial, VID: 6790, PID: 29987, Manufacturer: None, Product: USB Serial)
[INFO] [1774749538.015671021] [serial_manager]: Active devices: control board (/dev/ttyUSB0)
[INFO] [1774749541.013936527] [serial_manager]: Found serial port: /dev/ttyUSB0 (Description: USB Serial, VID: 6790, PID: 29987, Manufacturer: None, Product: USB Serial)
[INFO] [1774749541.015931625] [serial_manager]: Active devices: control board (/dev/ttyUSB0)
[INFO] [1774749544.013386473] [serial_manager]: Found serial port: /dev/ttyUSB0 (Description: USB Serial, VID: 6790, PID: 29987, Manufacturer: None, Product: USB Serial)
[INFO] [1774749544.015398046] [serial_manager]: Active devices: control board (/dev/ttyUSB0)
[INFO] [1774749547.013538673] [serial_manager]: Found serial port: /dev/ttyUSB0 (Description: USB Serial, VID: 6790, PID: 29987, Manufacturer: None, Product: USB Serial)
[INFO] [1774749547.015484813] [serial_manager]: Active devices: control board (/dev/ttyUSB0)
[INFO] [1774749550.014199897] [serial_manager]: Found serial port: /dev/ttyUSB0 (Description: USB Serial, VID: 6790, PID: 29987, Manufacturer: None, Product: USB Serial)
[INFO] [1774749550.016156973] [serial_manager]: Active devices: control board (/dev/ttyUSB0)
[INFO] [1774749553.014364259] [serial_manager]: Found serial port: /dev/ttyUSB0 (Description: USB Serial, VID: 6790, PID: 29987, Manufacturer: None, Product: USB Serial)
[INFO] [1774749553.016232717] [serial_manager]: Active devices: control board (/dev/ttyUSB0)
[INFO] [1774749556.019319915] [serial_manager]: Found serial port: /dev/ttyUSB0 (Description: USB Serial, VID: 6790, PID: 29987, Manufacturer: None, Product: USB Serial)
[INFO] [1774749556.022027833] [serial_manager]: Active devices: control board (/dev/ttyUSB0)
[INFO] [1774749559.015594525] [serial_manager]: Found serial port: /dev/ttyUSB0 (Description: USB Serial, VID: 6790, PID: 29987, Manufacturer: None, Product: USB Serial)
[INFO] [1774749559.018016803] [serial_manager]: Active devices: control board (/dev/ttyUSB0)
[INFO] [1774749562.026231263] [serial_manager]: Found serial port: /dev/ttyUSB0 (Description: USB Serial, VID: 6790, PID: 29987, Manufacturer: None, Product: USB Serial)
[INFO] [1774749562.028687674] [serial_manager]: Active devices: control board (/dev/ttyUSB0)
[INFO] [1774749565.008885599] [serial_manager]: Found serial port: /dev/ttyUSB0 (Description: USB Serial, VID: 6790, PID: 29987, Manufacturer: None, Product: USB Serial)
[INFO] [1774749565.010036230] [serial_manager]: Active devices: control board (/dev/ttyUSB0)
[INFO] [1774749568.014538520] [serial_manager]: Found serial port: /dev/ttyUSB0 (Description: USB Serial, VID: 6790, PID: 29987, Manufacturer: None, Product: USB Serial)
[INFO] [1774749568.017127214] [serial_manager]: Active devices: control board (/dev/ttyUSB0)
[INFO] [1774749570.998171657] [serial_manager]: Found serial port: /dev/ttyUSB0 (Description: USB Serial, VID: 6790, PID: 29987, Manufacturer: None, Product: USB Serial)
[INFO] [1774749570.998851284] [serial_manager]: Active devices: control board (/dev/ttyUSB0)
[INFO] [1774749574.021274681] [serial_manager]: Found serial port: /dev/ttyUSB0 (Description: USB Serial, VID: 6790, PID: 29987, Manufacturer: None, Product: USB Serial)
[INFO] [1774749574.023283867] [serial_manager]: Active devices: control board (/dev/ttyUSB0)
[INFO] [1774749577.000637201] [serial_manager]: Found serial port: /dev/ttyUSB0 (Description: USB Serial, VID: 6790, PID: 29987, Manufacturer: None, Product: USB Serial)
[INFO] [1774749577.001774811] [serial_manager]: Active devices: control board (/dev/ttyUSB0)
[INFO] [1774749580.007434168] [serial_manager]: Found serial port: /dev/ttyUSB0 (Description: USB Serial, VID: 6790, PID: 29987, Manufacturer: None, Product: USB Serial)
[INFO] [1774749580.008177644] [serial_manager]: Active devices: control board (/dev/ttyUSB0)
[INFO] [1774749583.017546482] [serial_manager]: Found serial port: /dev/ttyUSB0 (Description: USB Serial, VID: 6790, PID: 29987, Manufacturer: None, Product: USB Serial)
[INFO] [1774749583.019655683] [serial_manager]: Active devices: control board (/dev/ttyUSB0)
[INFO] [1774749586.013640958] [serial_manager]: Found serial port: /dev/ttyUSB0 (Description: USB Serial, VID: 6790, PID: 29987, Manufacturer: None, Product: USB Serial)
[INFO] [1774749586.015423564] [serial_manager]: Active devices: control board (/dev/ttyUSB0)
[INFO] [1774749589.015977899] [serial_manager]: Found serial port: /dev/ttyUSB0 (Description: USB Serial, VID: 6790, PID: 29987, Manufacturer: None, Product: USB Serial)
[INFO] [1774749589.018062129] [serial_manager]: Active devices: control board (/dev/ttyUSB0)
[INFO] [1774749592.014168345] [serial_manager]: Found serial port: /dev/ttyUSB0 (Description: USB Serial, VID: 6790, PID: 29987, Manufacturer: None, Product: USB Serial)
[INFO] [1774749592.015998197] [serial_manager]: Active devices: control board (/dev/ttyUSB0)
[INFO] [1774749595.013989986] [serial_manager]: Found serial port: /dev/ttyUSB0 (Description: USB Serial, VID: 6790, PID: 29987, Manufacturer: None, Product: USB Serial)
[INFO] [1774749595.016179396] [serial_manager]: Active devices: control board (/dev/ttyUSB0)
[INFO] [1774749597.996073176] [serial_manager]: Found serial port: /dev/ttyUSB0 (Description: USB Serial, VID: 6790, PID: 29987, Manufacturer: None, Product: USB Serial)
[INFO] [1774749597.996634599] [serial_manager]: Active devices: control board (/dev/ttyUSB0)
[INFO] [1774749601.009809826] [serial_manager]: Found serial port: /dev/ttyUSB0 (Description: USB Serial, VID: 6790, PID: 29987, Manufacturer: None, Product: USB Serial)
[INFO] [1774749601.011852525] [serial_manager]: Active devices: control board (/dev/ttyUSB0)
[INFO] [1774749604.001923216] [serial_manager]: Found serial port: /dev/ttyUSB0 (Description: USB Serial, VID: 6790, PID: 29987, Manufacturer: None, Product: USB Serial)
[INFO] [1774749604.003321795] [serial_manager]: Active devices: control board (/dev/ttyUSB0)
[INFO] [1774749607.003285795] [serial_manager]: Found serial port: /dev/ttyUSB0 (Description: USB Serial, VID: 6790, PID: 29987, Manufacturer: None, Product: USB Serial)
[INFO] [1774749607.004014953] [serial_manager]: Active devices: control board (/dev/ttyUSB0)
[INFO] [1774749610.011940544] [serial_manager]: Found serial port: /dev/ttyUSB0 (Description: USB Serial, VID: 6790, PID: 29987, Manufacturer: None, Product: USB Serial)
[INFO] [1774749610.013582927] [serial_manager]: Active devices: control board (/dev/ttyUSB0)
[INFO] [1774749613.022028275] [serial_manager]: Found serial port: /dev/ttyUSB0 (Description: USB Serial, VID: 6790, PID: 29987, Manufacturer: None, Product: USB Serial)
[INFO] [1774749613.023735457] [serial_manager]: Active devices: control board (/dev/ttyUSB0)
[INFO] [1774749616.011188526] [serial_manager]: Found serial port: /dev/ttyUSB0 (Description: USB Serial, VID: 6790, PID: 29987, Manufacturer: None, Product: USB Serial)
[INFO] [1774749616.013073763] [serial_manager]: Active devices: control board (/dev/ttyUSB0)
[INFO] [1774749619.008120344] [serial_manager]: Found serial port: /dev/ttyUSB0 (Description: USB Serial, VID: 6790, PID: 29987, Manufacturer: None, Product: USB Serial)
[INFO] [1774749619.010815862] [serial_manager]: Active devices: control boar