[INFO] [1774988797.369159400] [control_serial_interface]: Starting Control Serial Interface Node
[WARN] [1774988800.385271056] [control_serial_interface]: Control board serial port is not open, attempting to open
[INFO] [1774988800.388293463] [control_serial_interface]: Attempting to open serial port for control board
[ERROR] [1774988801.390323683] [control_serial_interface]: Serial manager service not available
[ERROR] [1774988801.391163619] [control_serial_interface]: Serial port not found
[WARN] [1774988803.385355542] [control_serial_interface]: Control board serial port is not open, attempting to open
[INFO] [1774988803.386431975] [control_serial_interface]: Attempting to open serial port for control board
[ERROR] [1774988804.390282587] [control_serial_interface]: Serial manager service not available
[ERROR] [1774988804.391072236] [control_serial_interface]: Serial port not found
[WARN] [1774988806.385117302] [control_serial_interface]: Control board serial port is not open, attempting to open
[INFO] [1774988806.385937684] [control_serial_interface]: Attempting to open serial port for control board
[ERROR] [1774988807.388483455] [control_serial_interface]: Serial manager service not available
[ERROR] [1774988807.390401010] [control_serial_interface]: Serial port not found
[WARN] [1774988809.387295430] [control_serial_interface]: Control board serial port is not open, attempting to open
[INFO] [1774988809.390329567] [control_serial_interface]: Attempting to open serial port for control board
[ERROR] [1774988810.393230764] [control_serial_interface]: Serial manager service not available
[ERROR] [1774988810.395277324] [control_serial_interface]: Serial port not found
[WARN] [1774988812.385392735] [control_serial_interface]: Control board serial port is not open, attempting to open
[INFO] [1774988812.386966990] [control_serial_interface]: Attempting to open serial port for control board
[ERROR] [1774988813.389639356] [control_serial_interface]: Serial manager service not available
[ERROR] [1774988813.391327594] [control_serial_interface]: Serial port not found
[WARN] [1774988815.386911251] [control_serial_interface]: Control board serial port is not open, attempting to open
[INFO] [1774988815.388919291] [control_serial_interface]: Attempting to open serial port for control board
[ERROR] [1774988816.391911741] [control_serial_interface]: Serial manager service not available
[ERROR] [1774988816.393404063] [control_serial_interface]: Serial port not found
[WARN] [1774988818.385684668] [control_serial_interface]: Control board serial port is not open, attempting to open
[INFO] [1774988818.388394822] [control_serial_interface]: Attempting to open serial port for control board
[ERROR] [1774988819.390948065] [control_serial_interface]: Serial manager service not available
[ERROR] [1774988819.391843394] [control_serial_interface]: Serial port not found
[WARN] [1774988821.385134336] [control_serial_interface]: Control board serial port is not open, attempting to open
[INFO] [1774988821.385882586] [control_serial_interface]: Attempting to open serial port for control board
[ERROR] [1774988822.388301844] [control_serial_interface]: Serial manager service not available
[ERROR] [1774988822.389667996] [control_serial_interface]: Serial port not found
[WARN] [1774988824.385915334] [control_serial_interface]: Control board serial port is not open, attempting to open
[INFO] [1774988824.387553781] [control_serial_interface]: Attempting to open serial port for control board
[ERROR] [1774988825.390081534] [control_serial_interface]: Serial manager service not available
[ERROR] [1774988825.391672793] [control_serial_interface]: Serial port not found
[WARN] [1774988827.386583159] [control_serial_interface]: Control board serial port is not open, attempting to open
[INFO] [1774988827.389570544] [control_serial_interface]: Attempting to open serial port for control board
[ERROR] [1774988828.393044994] [control_serial_interface]: Serial manager service not available
[ERROR] [1774988828.397343667] [control_serial_interface]: Serial port not found
[WARN] [1774988830.386151754] [control_serial_interface]: Control board serial port is not open, attempting to open
[INFO] [1774988830.387882673] [control_serial_interface]: Attempting to open serial port for control board
[ERROR] [1774988831.391025619] [control_serial_interface]: Serial manager service not available
[ERROR] [1774988831.392949513] [control_serial_interface]: Serial port not found
[WARN] [1774988833.385217636] [control_serial_interface]: Control board serial port is not open, attempting to open
[INFO] [1774988833.386935932] [control_serial_interface]: Attempting to open serial port for control board
[ERROR] [1774988834.389673488] [control_serial_interface]: Serial manager service not available
[ERROR] [1774988834.393992676] [control_serial_interface]: Serial port not found
[WARN] [1774988836.386386181] [control_serial_interface]: Control board serial port is not open, attempting to open
[INFO] [1774988836.387295401] [control_serial_interface]: Attempting to open serial port for control board
[ERROR] [1774988837.391076159] [control_serial_interface]: Serial manager service not available
[ERROR] [1774988837.393551899] [control_serial_interface]: Serial port not found
[WARN] [1774988839.385298220] [control_serial_interface]: Control board serial port is not open, attempting to open
[INFO] [1774988839.386100316] [control_serial_interface]: Attempting to open serial port for control board
[ERROR] [1774988840.388375890] [control_serial_interface]: Serial manager service not available
[ERROR] [1774988840.389488833] [control_serial_interface]: Serial port not found
[WARN] [1774988842.385125705] [control_serial_interface]: Control board serial port is not open, attempting to open
[INFO] [1774988842.386270748] [control_serial_interface]: Attempting to open serial port for control board
[ERROR] [1774988843.388566546] [control_serial_interface]: Serial manager service not available
[ERROR] [1774988843.390641034] [control_serial_interface]: Serial port not found
[WARN] [1774988845.385305690] [control_serial_interface]: Control board serial port is not open, attempting to open
[INFO] [1774988845.386181109] [control_serial_interface]: Attempting to open serial port for control board
[ERROR] [1774988846.388288566] [control_serial_interface]: Serial manager service not available
[ERROR] [1774988846.390509599] [control_serial_interface]: Serial port not found
[WARN] [1774988848.385193539] [control_serial_interface]: Control board serial port is not open, attempting to open
[INFO] [1774988848.388103344] [control_serial_interface]: Attempting to open serial port for control board
[ERROR] [1774988849.391123392] [control_serial_interface]: Serial manager service not available
[ERROR] [1774988849.392121837] [control_serial_interface]: Serial port not found
[WARN] [1774988851.385589318] [control_serial_interface]: Control board serial port is not open, attempting to open
[INFO] [1774988851.387327195] [control_serial_interface]: Attempting to open serial port for control board
[ERROR] [1774988852.389785925] [control_serial_interface]: Serial manager service not available
[ERROR] [1774988852.390686898] [control_serial_interface]: Serial port not found
[WARN] [1774988854.385833046] [control_serial_interface]: Control board serial port is not open, attempting to open
[INFO] [1774988854.387134702] [control_serial_interface]: Attempting to open serial port for control board
[ERROR] [1774988855.390469320] [control_serial_interface]: Serial manager service not available
[ERROR] [1774988855.392379906] [control_serial_interface]: Serial port not found
[WARN] [1774988857.385871625] [control_serial_interface]: Control board serial port is not open, attempting to open
[INFO] [1774988857.386587229] [control_serial_interface]: Attempting to open serial port for control board
[ERROR] [1774988858.388612934] [control_serial_interface]: Serial manager service not available
[ERROR] [1774988858.389465127] [control_serial_interface]: Serial port not found
[WARN] [1774988860.385842027] [control_serial_interface]: Control board serial port is not open, attempting to open
[INFO] [1774988860.387532750] [control_serial_interface]: Attempting to open serial port for control board
[ERROR] [1774988861.390210347] [control_serial_interface]: Serial manager service not available
[ERROR] [1774988861.391479121] [control_serial_interface]: Serial port not found
[WARN] [1774988863.385454153] [control_serial_interface]: Control board serial port is not open, attempting to open
[INFO] [1774988863.386895339] [control_serial_interface]: Attempting to open serial port for control board
[ERROR] [1774988864.389936178] [control_serial_interface]: Serial manager service not available
[ERROR] [1774988864.391508664] [control_serial_interface]: Serial port not found
[WARN] [1774988866.384946601] [control_serial_interface]: Control board serial port is not open, attempting to open
[INFO] [1774988866.385652945] [control_serial_interface]: Attempting to open serial port for control board
[ERROR] [1774988867.387676086] [control_serial_interface]: Serial manager service not available
[ERROR] [1774988867.388707246] [control_serial_interface]: Serial port not found
[WARN] [1774988869.385653833] [control_serial_interface]: Control board serial port is not open, attempting to open
[INFO] [1774988869.387386593] [control_serial_interface]: Attempting to open serial port for control board
[ERROR] [1774988870.390120877] [control_serial_interface]: Serial manager service not available
[ERROR] [1774988870.391842361] [control_serial_interface]: Serial port not found
[WARN] [1774988872.385583806] [control_serial_interface]: Control board serial port is not open, attempting to open
[INFO] [1774988872.389350995] [control_serial_interface]: Attempting to open serial port for control board
[ERROR] [1774988873.392190791] [control_serial_interface]: Serial manager service not available
[ERROR] [1774988873.393393694] [control_serial_interface]: Serial port not found
[WARN] [1774988875.385568995] [control_serial_interface]: Control board serial port is not open, attempting to open
[INFO] [1774988875.387389279] [control_serial_interface]: Attempting to open serial port for control board
[ERROR] [1774988876.390044176] [control_serial_interface]: Serial manager service not available
[ERROR] [1774988876.391255538] [control_serial_interface]: Serial port not found
[WARN] [1774988878.385811204] [control_serial_interface]: Control board serial port is not open, attempting to open
[INFO] [1774988878.387129657] [control_serial_interface]: Attempting to open serial port for control board
[ERROR] [1774988879.389369993] [control_serial_interface]: Serial manager service not available
[ERROR] [1774988879.390530985] [control_serial_interface]: Serial port not found
[WARN] [1774988881.385464874] [control_serial_interface]: Control board serial port is not open, attempting to open
[INFO] [1774988881.386438581] [control_serial_interface]: Attempting to open serial port for control board
[ERROR] [1774988882.389079421] [control_serial_interface]: Serial manager service not available
[ERROR] [1774988882.390605108] [control_serial_interface]: Serial port not found
[WARN] [1774988884.385369822] [control_serial_interface]: Control board serial port is not open, attempting to open
[INFO] [1774988884.386699201] [control_serial_interface]: Attempting to open serial port for control board
[ERROR] [1774988885.389293830] [control_serial_interface]: Serial manager service not available
[ERROR] [1774988885.390124957] [control_serial_interface]: Serial port not found
[WARN] [1774988887.386364564] [control_serial_interface]: Control board serial port is not open, attempting to open
[INFO] [1774988887.388376196] [control_serial_interface]: Attempting to open serial port for control board
[ERROR] [1774988888.392957955] [control_serial_interface]: Serial manager service not available
[ERROR] [1774988888.395944881] [control_serial_interface]: Serial port not found
[WARN] [1774988890.384806276] [control_serial_interface]: Control board serial port is not open, attempting to open
[INFO] [1774988890.385431276] [control_serial_interface]: Attempting to open serial port for control board
[ERROR] [1774988891.388702235] [control_serial_interface]: Serial manager service not available
[ERROR] [1774988891.391350438] [control_serial_interface]: Serial port not found
[WARN] [1774988893.385163574] [control_serial_interface]: Control board serial port is not open, attempting to open
[INFO] [1774988893.386118245] [control_serial_interface]: Attempting to open serial port for control board
[ERROR] [1774988894.388478045] [control_serial_interface]: Serial manager service not available
[ERROR] [1774988894.389650157] [control_serial_interface]: Serial port not found
[WARN] [1774988896.385023507] [control_serial_interface]: Control board serial port is not open, attempting to open
[INFO] [1774988896.386059340] [control_serial_interface]: Attempting to open serial port for control board
[ERROR] [1774988897.388306935] [control_serial_interface]: Serial manager service not available
[ERROR] [1774988897.389778809] [control_serial_interface]: Serial port not found
[WARN] [1774988899.385319575] [control_serial_interface]: Control board serial port is not open, attempting to open
[INFO] [1774988899.386312508] [control_serial_interface]: Attempting to open serial port for control board
[ERROR] [1774988900.388260847] [control_serial_interface]: Serial manager service not available
[ERROR] [1774988900.388962530] [control_serial_interface]: Serial port not found
[WARN] [1774988902.384926969] [control_serial_interface]: Control board serial port is not open, attempting to open
[INFO] [1774988902.385780558] [control_serial_interface]: Attempting to open serial port for control board
[ERROR] [1774988903.388200018] [control_serial_interface]: Serial manager service not available
[ERROR] [1774988903.389451694] [control_serial_interface]: Serial port not found
[WARN] [1774988905.385245694] [control_serial_interface]: Control board serial port is not open, attempting to open
[INFO] [1774988905.386176667] [control_serial_interface]: Attempting to open serial port for control board
[ERROR] [1774988906.388288465] [control_serial_interface]: Serial manager service not available
[ERROR] [1774988906.389037685] [control_serial_interface]: Serial port not found
[WARN] [1774988908.385025302] [control_serial_interface]: Control board serial port is not open, attempting to open
[INFO] [1774988908.386016012] [control_serial_interface]: Attempting to open serial port for control board
[ERROR] [1774988909.388020956] [control_serial_interface]: Serial manager service not available
[ERROR] [1774988909.388761911] [control_serial_interface]: Serial port not found
[WARN] [1774988911.385333975] [control_serial_interface]: Control board serial port is not open, attempting to open
[INFO] [1774988911.386278570] [control_serial_interface]: Attempting to open serial port for control board
[ERROR] [1774988912.388453842] [control_serial_interface]: Serial manager service not available
[ERROR] [1774988912.389241856] [control_serial_interface]: Serial port not found
[WARN] [1774988914.384846674] [control_serial_interface]: Control board serial port is not open, attempting to open
[INFO] [1774988914.385657071] [control_serial_interface]: Attempting to open serial port for control board
[ERROR] [1774988915.388180200] [control_serial_interface]: Serial manager service not available
[ERROR] [1774988915.389801327] [control_serial_interface]: Serial port not found
[WARN] [1774988917.385115244] [control_serial_interface]: Control board serial port is not open, attempting to open
[INFO] [1774988917.386497260] [control_serial_interface]: Attempting to open serial port for control board
[ERROR] [1774988918.388973883] [control_serial_interface]: Serial manager service not available
[ERROR] [1774988918.389839304] [control_serial_interface]: Serial port not found
[WARN] [1774988920.384979773] [control_serial_interface]: Control board serial port is not open, attempting to open
[INFO] [1774988920.385894191] [control_serial_interface]: Attempting to open serial port for control board
[ERROR] [1774988921.388551538] [control_serial_interface]: Serial manager service not available
[ERROR] [1774988921.390718510] [control_serial_interface]: Serial port not found
[WARN] [1774988923.386724470] [control_serial_interface]: Control board serial port is not open, attempting to open
[INFO] [1774988923.388251852] [control_serial_interface]: Attempting to open serial port for control board
[ERROR] [1774988924.390664999] [control_serial_interface]: Serial manager service not available
[ERROR] [1774988924.392278774] [control_serial_interface]: Serial port not found
[WARN] [1774988926.385985450] [control_serial_interface]: Control board serial port is not open, attempting to open
[INFO] [1774988926.387821034] [control_serial_interface]: Attempting to open serial port for control board
[ERROR] [1774988927.390340185] [control_serial_interface]: Serial manager service not available
[ERROR] [1774988927.392057727] [control_serial_interface]: Serial port not found
[WARN] [1774988929.384876190] [control_serial_interface]: Control board serial port is not open, attempting to open
[INFO] [1774988929.385455475] [control_serial_interface]: Attempting to open serial port for control board
[ERROR] [1774988930.388910269] [control_serial_interface]: Serial manager service not available
[ERROR] [1774988930.390355420] [control_serial_interface]: Serial port not found
[WARN] [1774988932.385434636] [control_serial_interface]: Control board serial port is not open, attempting to open
[INFO] [1774988932.386454475] [control_serial_interface]: Attempting to open serial port for control board
[ERROR] [1774988933.388601758] [control_serial_interface]: Serial manager service not available
[ERROR] [1774988933.389321840] [control_serial_interface]: Serial port not found
[WARN] [1774988935.384885256] [control_serial_interface]: Control board serial port is not open, attempting to open
[INFO] [1774988935.385353500] [control_serial_interface]: Attempting to open serial port for control board
[ERROR] [1774988936.387915126] [control_serial_interface]: Serial manager service not available
[ERROR] [1774988936.389356124] [control_serial_interface]: Serial port not found
[WARN] [1774988938.385659037] [control_serial_interface]: Control board serial port is not open, attempting to open
[INFO] [1774988938.386417403] [control_serial_interface]: Attempting to open serial port for control board
[ERROR] [1774988939.388964003] [control_serial_interface]: Serial manager service not available
[ERROR] [1774988939.389865295] [control_serial_interface]: Serial port not found
[WARN] [1774988941.384773492] [control_serial_interface]: Control board serial port is not open, attempting to open
[INFO] [1774988941.385655768] [control_serial_interface]: Attempting to open serial port for control board
[ERROR] [1774988942.387849408] [control_serial_interface]: Serial manager service not available
[ERROR] [1774988942.389086018] [control_serial_interface]: Serial port not found
[WARN] [1774988944.385099022] [control_serial_interface]: Control board serial port is not open, attempting to open
[INFO] [1774988944.385922121] [control_serial_interface]: Attempting to open serial port for control board
[ERROR] [1774988945.388276558] [control_serial_interface]: Serial manager service not available
[ERROR] [1774988945.389031324] [control_serial_interface]: Serial port not found
[WARN] [1774988947.386731059] [control_serial_interface]: Control board serial port is not open, attempting to open
[INFO] [1774988947.387512507] [control_serial_interface]: Attempting to open serial port for control board
[ERROR] [1774988948.390914579] [control_serial_interface]: Serial manager service not available
[ERROR] [1774988948.391676161] [control_serial_interface]: Serial port not found
[WARN] [1774988950.385752622] [control_serial_interface]: Control board serial port is not open, attempting to open
[INFO] [1774988950.386572539] [control_serial_interface]: Attempting to open serial port for control board
[ERROR] [1774988951.389003916] [control_serial_interface]: Serial manager service not available
[ERROR] [1774988951.390283490] [control_serial_interface]: Serial port not found
[WARN] [1774988953.385421791] [control_serial_interface]: Control board serial port is not open, attempting to open
[INFO] [1774988953.386468620] [control_serial_interface]: Attempting to open serial port for control board
[ERROR] [1774988954.388673452] [control_serial_interface]: Serial manager service not available
[ERROR] [1774988954.389440350] [control_serial_interface]: Serial port not found
[WARN] [1774988956.385286397] [control_serial_interface]: Control board serial port is not open, attempting to open
[INFO] [1774988956.386220413] [control_serial_interface]: Attempting to open serial port for control board
[ERROR] [1774988957.388685818] [control_serial_interface]: Serial manager service not available
[ERROR] [1774988957.390152987] [control_serial_interface]: Serial port not found
[WARN] [1774988959.385703021] [control_serial_interface]: Control board serial port is not open, attempting to open
[INFO] [1774988959.387257780] [control_serial_interface]: Attempting to open serial port for control board
[ERROR] [1774988960.390359595] [control_serial_interface]: Serial manager service not available
[ERROR] [1774988960.391171866] [control_serial_interface]: Serial port not found
[WARN] [1774988962.385388436] [control_serial_interface]: Control board serial port is not open, attempting to open
[INFO] [1774988962.386326357] [control_serial_interface]: Attempting to open serial port for control board
[ERROR] [1774988963.389281778] [control_serial_interface]: Serial manager service not available
[ERROR] [1774988963.392658818] [control_serial_interface]: Serial port not found
[WARN] [1774988965.385984273] [control_serial_interface]: Control board serial port is not open, attempting to open
[INFO] [1774988965.387491202] [control_serial_interface]: Attempting to open serial port for control board
[ERROR] [1774988966.389781876] [control_serial_interface]: Serial manager service not available
[ERROR] [1774988966.390443290] [control_serial_interface]: Serial port not found
[WARN] [1774988968.385774887] [control_serial_interface]: Control board serial port is not open, attempting to open
[INFO] [1774988968.387339470] [control_serial_interface]: Attempting to open serial port for control board
[ERROR] [1774988969.389637546] [control_serial_interface]: Serial manager service not available
[ERROR] [1774988969.390685916] [control_serial_interface]: Serial port not found
[WARN] [1774988971.385023902] [control_serial_interface]: Control board serial port is not open, attempting to open
[INFO] [1774988971.386086260] [control_serial_interface]: Attempting to open serial port for control board
[ERROR] [1774988972.388212975] [control_serial_interface]: Serial manager service not available
[ERROR] [1774988972.389077000] [control_serial_interface]: Serial port not found
[WARN] [1774988974.385128315] [control_serial_interface]: Control board serial port is not open, attempting to open
[INFO] [1774988974.385956145] [control_serial_interface]: Attempting to open serial port for control board
[ERROR] [1774988975.387995100] [control_serial_interface]: Serial manager service not available
[ERROR] [1774988975.388708977] [control_serial_interface]: Serial port not found
[WARN] [1774988977.385716265] [control_serial_interface]: Control board serial port is not open, attempting to open
[INFO] [1774988977.386542492] [control_serial_interface]: Attempting to open serial port for control board
[ERROR] [1774988978.389125009] [control_serial_interface]: Serial manager service not available
[ERROR] [1774988978.390521542] [control_serial_interface]: Serial port not found
[WARN] [1774988980.384806809] [control_serial_interface]: Control board serial port is not open, attempting to open
[INFO] [1774988980.385646080] [control_serial_interface]: Attempting to open serial port for control board
[ERROR] [1774988981.388013918] [control_serial_interface]: Serial manager service not available
[ERROR] [1774988981.389115703] [control_serial_interface]: Serial port not found
[WARN] [1774988983.385530676] [control_serial_interface]: Control board serial port is not open, attempting to open
[INFO] [1774988983.387291328] [control_serial_interface]: Attempting to open serial port for control board
[ERROR] [1774988984.389935800] [control_serial_interface]: Serial manager service not available
[ERROR] [1774988984.391502379] [control_serial_interface]: Serial port not found
[WARN] [1774988986.385785013] [control_serial_interface]: Control board serial port is not open, attempting to open
[INFO] [1774988986.387036539] [control_serial_interface]: Attempting to open serial port for control board
[ERROR] [1774988987.389214200] [control_serial_interface]: Serial manager service not available
[ERROR] [1774988987.390178320] [control_serial_interface]: Serial port not found
[WARN] [1774988989.385650801] [control_serial_interface]: Control board serial port is not open, attempting to open
[INFO] [1774988989.387753107] [control_serial_interface]: Attempting to open serial port for control board
[ERROR] [1774988990.390740819] [control_serial_interface]: Serial manager service not available
[ERROR] [1774988990.391914228] [control_serial_interface]: Serial port not found
[WARN] [1774988992.385315658] [control_serial_interface]: Control board serial port is not open, attempting to open
[INFO] [1774988992.386164387] [control_serial_interface]: Attempting to open serial port for control board
[ERROR] [1774988993.388347578] [control_serial_interface]: Serial manager service not available
[ERROR] [1774988993.389558113] [control_serial_interface]: Serial port not found
[WARN] [1774988995.385157351] [control_serial_interface]: Control board serial port is not open, attempting to open
[INFO] [1774988995.385739199] [control_serial_interface]: Attempting to open serial port for control board
[ERROR] [1774988996.388158057] [control_serial_interface]: Serial manager service not available
[ERROR] [1774988996.389304442] [control_serial_interface]: Serial port not found
[WARN] [1774988998.385027099] [control_serial_interface]: Control board serial port is not open, attempting to open
[INFO] [1774988998.385865803] [control_serial_interface]: Attempting to open serial port for control board
[ERROR] [1774988999.388770817] [control_serial_interface]: Serial manager service not available
[ERROR] [1774988999.390172484] [control_serial_interface]: Serial port not found
[WARN] [1774989001.385137497] [control_serial_interface]: Control board serial port is not open, attempting to open
[INFO] [1774989001.385987090] [control_serial_interface]: Attempting to open serial port for control board
[ERROR] [1774989002.389189597] [control_serial_interface]: Serial manager service not available
[ERROR] [1774989002.391189030] [control_serial_interface]: Serial port not found
[WARN] [1774989004.384947731] [control_serial_interface]: Control board serial port is not open, attempting to open
[INFO] [1774989004.385716250] [control_serial_interface]: Attempting to open serial port for control board
[ERROR] [1774989005.388795466] [control_serial_interface]: Serial manager service not available
[ERROR] [1774989005.390107137] [control_serial_interface]: Serial port not found
[WARN] [1774989007.384833292] [control_serial_interface]: Control board serial port is not open, attempting to open
[INFO] [1774989007.385856893] [control_serial_interface]: Attempting to open serial port for control board
[ERROR] [1774989008.388251233] [control_serial_interface]: Serial manager service not available
[ERROR] [1774989008.388981875] [control_serial_interface]: Serial port not found
[WARN] [1774989010.385217980] [control_serial_interface]: Control board serial port is not open, attempting to open
[INFO] [1774989010.386393978] [control_serial_interface]: Attempting to open serial port for control board
[ERROR] [1774989011.389427940] [control_serial_interface]: Serial manager service not available
[ERROR] [1774989011.390916966] [control_serial_interface]: Serial port not found
[WARN] [1774989013.384999471] [control_serial_interface]: Control board serial port is not open, attempting to open
[INFO] [1774989013.385800287] [control_serial_interface]: A