[2.404s] Invoking command in '/home/ethanreynolds/vscode/robot-rover-2025/code/system/ros2/src/vehicle_navigation': PYTHONPATH=/home/ethanreynolds/vscode/robot-rover-2025/code/system/ros2/build/vehicle_navigation/prefix_override:/usr/lib/python3/dist-packages/colcon_core/task/python/colcon_distutils_commands:/home/ethanreynolds/vscode/robot-rover-2025/code/system/ros2/install/vehicle_navigation/lib/python3.8/site-packages:${PYTHONPATH} /usr/bin/python3 -W ignore:setup.py install is deprecated -W ignore:easy_install command is deprecated setup.py egg_info --egg-base ../../build/vehicle_navigation build --build-base /home/ethanreynolds/vscode/robot-rover-2025/code/system/ros2/build/vehicle_navigation/build install --record /home/ethanreynolds/vscode/robot-rover-2025/code/system/ros2/build/vehicle_navigation/install.log --install-scripts $base/lib/vehicle_navigation --single-version-externally-managed install_data
[2.955s] running egg_info
[2.957s] writing ../../build/vehicle_navigation/vehicle_navigation.egg-info/PKG-INFO
[2.957s] writing dependency_links to ../../build/vehicle_navigation/vehicle_navigation.egg-info/dependency_links.txt
[2.957s] writing entry points to ../../build/vehicle_navigation/vehicle_navigation.egg-info/entry_points.txt
[2.958s] writing requirements to ../../build/vehicle_navigation/vehicle_navigation.egg-info/requires.txt
[2.958s] writing top-level names to ../../build/vehicle_navigation/vehicle_navigation.egg-info/top_level.txt
[3.053s] reading manifest file '../../build/vehicle_navigation/vehicle_navigation.egg-info/SOURCES.txt'
[3.055s] writing manifest file '../../build/vehicle_navigation/vehicle_navigation.egg-info/SOURCES.txt'
[3.055s] running build
[3.056s] running build_py
[3.056s] running install
[3.058s] running install_lib
[3.061s] running install_data
[3.061s] running install_egg_info
[3.065s] removing '/home/ethanreynolds/vscode/robot-rover-2025/code/system/ros2/install/vehicle_navigation/lib/python3.8/site-packages/vehicle_navigation-0.0.0-py3.8.egg-info' (and everything under it)
[3.066s] Copying ../../build/vehicle_navigation/vehicle_navigation.egg-info to /home/ethanreynolds/vscode/robot-rover-2025/code/system/ros2/install/vehicle_navigation/lib/python3.8/site-packages/vehicle_navigation-0.0.0-py3.8.egg-info
[3.068s] running install_scripts
[3.105s] writing list of installed files to '/home/ethanreynolds/vscode/robot-rover-2025/code/system/ros2/build/vehicle_navigation/install.log'
[3.157s] Invoked command in '/home/ethanreynolds/vscode/robot-rover-2025/code/system/ros2/src/vehicle_navigation' returned '0': PYTHONPATH=/home/ethanreynolds/vscode/robot-rover-2025/code/system/ros2/build/vehicle_navigation/prefix_override:/usr/lib/python3/dist-packages/colcon_core/task/python/colcon_distutils_commands:/home/ethanreynolds/vscode/robot-rover-2025/code/system/ros2/install/vehicle_navigation/lib/python3.8/site-packages:${PYTHONPATH} /usr/bin/python3 -W ignore:setup.py install is deprecated -W ignore:easy_install command is deprecated setup.py egg_info --egg-base ../../build/vehicle_navigation build --build-base /home/ethanreynolds/vscode/robot-rover-2025/code/system/ros2/build/vehicle_navigation/build install --record /home/ethanreynolds/vscode/robot-rover-2025/code/system/ros2/build/vehicle_navigation/install.log --install-scripts $base/lib/vehicle_navigation --single-version-externally-managed install_data
