[0.895s] Invoking command in '/root/build/vehicle_networking': AMENT_PREFIX_PATH=/root/install/vehicle_networking_interfaces:${AMENT_PREFIX_PATH} CMAKE_PREFIX_PATH=/root/install/vehicle_networking_interfaces LD_LIBRARY_PATH=/root/install/vehicle_networking_interfaces/lib:${LD_LIBRARY_PATH} PYTHONPATH=/root/build/vehicle_networking/prefix_override:/root/install/vehicle_networking/lib/python3.8/site-packages:/root/install/vehicle_networking_interfaces/lib/python3.8/site-packages:${PYTHONPATH} /usr/bin/python3 setup.py develop --uninstall --editable --build-directory /root/build/vehicle_networking/build
[1.173s] running develop
[1.310s] Removing /root/install/vehicle_networking/lib/python3.8/site-packages/vehicle-networking.egg-link (link to .)
[1.346s] Invoked command in '/root/build/vehicle_networking' returned '0': AMENT_PREFIX_PATH=/root/install/vehicle_networking_interfaces:${AMENT_PREFIX_PATH} CMAKE_PREFIX_PATH=/root/install/vehicle_networking_interfaces LD_LIBRARY_PATH=/root/install/vehicle_networking_interfaces/lib:${LD_LIBRARY_PATH} PYTHONPATH=/root/build/vehicle_networking/prefix_override:/root/install/vehicle_networking/lib/python3.8/site-packages:/root/install/vehicle_networking_interfaces/lib/python3.8/site-packages:${PYTHONPATH} /usr/bin/python3 setup.py develop --uninstall --editable --build-directory /root/build/vehicle_networking/build
[1.350s] Invoking command in '/root/src/vehicle_networking': AMENT_PREFIX_PATH=/root/install/vehicle_networking_interfaces:${AMENT_PREFIX_PATH} CMAKE_PREFIX_PATH=/root/install/vehicle_networking_interfaces LD_LIBRARY_PATH=/root/install/vehicle_networking_interfaces/lib:${LD_LIBRARY_PATH} PYTHONPATH=/root/build/vehicle_networking/prefix_override:/root/install/vehicle_networking/lib/python3.8/site-packages:/root/install/vehicle_networking_interfaces/lib/python3.8/site-packages:${PYTHONPATH} /usr/bin/python3 setup.py egg_info --egg-base ../../build/vehicle_networking build --build-base /root/build/vehicle_networking/build install --record /root/build/vehicle_networking/install.log --install-scripts $base/lib/vehicle_networking --single-version-externally-managed
[1.592s] running egg_info
[1.593s] writing ../../build/vehicle_networking/vehicle_networking.egg-info/PKG-INFO
[1.593s] writing dependency_links to ../../build/vehicle_networking/vehicle_networking.egg-info/dependency_links.txt
[1.594s] writing entry points to ../../build/vehicle_networking/vehicle_networking.egg-info/entry_points.txt
[1.594s] writing requirements to ../../build/vehicle_networking/vehicle_networking.egg-info/requires.txt
[1.594s] writing top-level names to ../../build/vehicle_networking/vehicle_networking.egg-info/top_level.txt
[1.645s] reading manifest file '../../build/vehicle_networking/vehicle_networking.egg-info/SOURCES.txt'
[1.646s] writing manifest file '../../build/vehicle_networking/vehicle_networking.egg-info/SOURCES.txt'
[1.647s] running build
[1.647s] running build_py
[1.647s] creating /root/build/vehicle_networking/build
[1.647s] creating /root/build/vehicle_networking/build/lib
[1.647s] creating /root/build/vehicle_networking/build/lib/vehicle_networking
[1.647s] copying vehicle_networking/serial_manager.py -> /root/build/vehicle_networking/build/lib/vehicle_networking
[1.648s] copying vehicle_networking/control_serial_interface.py -> /root/build/vehicle_networking/build/lib/vehicle_networking
[1.648s] copying vehicle_networking/__init__.py -> /root/build/vehicle_networking/build/lib/vehicle_networking
[1.648s] copying vehicle_networking/get_device_info.py -> /root/build/vehicle_networking/build/lib/vehicle_networking
[1.649s] running install
[1.650s] running install_lib
[1.652s] creating /root/install/vehicle_networking/lib/python3.8/site-packages/vehicle_networking
[1.652s] copying /root/build/vehicle_networking/build/lib/vehicle_networking/serial_manager.py -> /root/install/vehicle_networking/lib/python3.8/site-packages/vehicle_networking
[1.652s] copying /root/build/vehicle_networking/build/lib/vehicle_networking/control_serial_interface.py -> /root/install/vehicle_networking/lib/python3.8/site-packages/vehicle_networking
[1.652s] copying /root/build/vehicle_networking/build/lib/vehicle_networking/__init__.py -> /root/install/vehicle_networking/lib/python3.8/site-packages/vehicle_networking
[1.652s] copying /root/build/vehicle_networking/build/lib/vehicle_networking/get_device_info.py -> /root/install/vehicle_networking/lib/python3.8/site-packages/vehicle_networking
[1.653s] byte-compiling /root/install/vehicle_networking/lib/python3.8/site-packages/vehicle_networking/serial_manager.py to serial_manager.cpython-38.pyc
[1.657s] byte-compiling /root/install/vehicle_networking/lib/python3.8/site-packages/vehicle_networking/control_serial_interface.py to control_serial_interface.cpython-38.pyc
[1.659s] byte-compiling /root/install/vehicle_networking/lib/python3.8/site-packages/vehicle_networking/__init__.py to __init__.cpython-38.pyc
[1.659s] byte-compiling /root/install/vehicle_networking/lib/python3.8/site-packages/vehicle_networking/get_device_info.py to get_device_info.cpython-38.pyc
[1.659s] running install_data
[1.661s] running install_egg_info
[1.663s] Copying ../../build/vehicle_networking/vehicle_networking.egg-info to /root/install/vehicle_networking/lib/python3.8/site-packages/vehicle_networking-0.0.0-py3.8.egg-info
[1.665s] running install_scripts
[1.686s] Installing control_serial_interface script to /root/install/vehicle_networking/lib/vehicle_networking
[1.686s] Installing serial_manager script to /root/install/vehicle_networking/lib/vehicle_networking
[1.687s] writing list of installed files to '/root/build/vehicle_networking/install.log'
[1.722s] Invoked command in '/root/src/vehicle_networking' returned '0': AMENT_PREFIX_PATH=/root/install/vehicle_networking_interfaces:${AMENT_PREFIX_PATH} CMAKE_PREFIX_PATH=/root/install/vehicle_networking_interfaces LD_LIBRARY_PATH=/root/install/vehicle_networking_interfaces/lib:${LD_LIBRARY_PATH} PYTHONPATH=/root/build/vehicle_networking/prefix_override:/root/install/vehicle_networking/lib/python3.8/site-packages:/root/install/vehicle_networking_interfaces/lib/python3.8/site-packages:${PYTHONPATH} /usr/bin/python3 setup.py egg_info --egg-base ../../build/vehicle_networking build --build-base /root/build/vehicle_networking/build install --record /root/build/vehicle_networking/install.log --install-scripts $base/lib/vehicle_networking --single-version-externally-managed
