/usr/lib/python3/dist-packages/setuptools/dist.py:599: SetuptoolsDeprecationWarning: Invalid dash-separated key 'script-dir' in 'develop' (setup.cfg), please use the underscore name 'script_dir' instead.
!!

        ********************************************************************************
        Usage of dash-separated 'script-dir' will not be supported in future
        versions. Please use the underscore name 'script_dir' instead.

        This deprecation is overdue, please update your project and remove deprecated
        calls to avoid build errors in the future.

        See https://setuptools.pypa.io/en/latest/userguide/declarative_config.html for details.
        ********************************************************************************

!!
  opt = self._enforce_underscore(opt, section)
/usr/lib/python3/dist-packages/setuptools/_distutils/dist.py:289: UserWarning: Unknown distribution option: 'tests_require'
  warnings.warn(msg)
/usr/lib/python3/dist-packages/setuptools/dist.py:599: SetuptoolsDeprecationWarning: Invalid dash-separated key 'script-dir' in 'develop' (setup.cfg), please use the underscore name 'script_dir' instead.
!!

        ********************************************************************************
        Usage of dash-separated 'script-dir' will not be supported in future
        versions. Please use the underscore name 'script_dir' instead.
        (Affected: vehicle_networking).

        This deprecation is overdue, please update your project and remove deprecated
        calls to avoid build errors in the future.

        See https://setuptools.pypa.io/en/latest/userguide/declarative_config.html for details.
        ********************************************************************************

!!
  opt = self._enforce_underscore(opt, section)
running egg_info
writing ../../build/vehicle_networking/vehicle_networking.egg-info/PKG-INFO
writing dependency_links to ../../build/vehicle_networking/vehicle_networking.egg-info/dependency_links.txt
writing entry points to ../../build/vehicle_networking/vehicle_networking.egg-info/entry_points.txt
writing requirements to ../../build/vehicle_networking/vehicle_networking.egg-info/requires.txt
writing top-level names to ../../build/vehicle_networking/vehicle_networking.egg-info/top_level.txt
reading manifest file '../../build/vehicle_networking/vehicle_networking.egg-info/SOURCES.txt'
writing manifest file '../../build/vehicle_networking/vehicle_networking.egg-info/SOURCES.txt'
running build
running build_py
copying vehicle_networking/serial_manager.py -> /home/ethan-reynolds/github/robot-rover-2025/code/system/ros2/build/vehicle_networking/build/lib/vehicle_networking
copying vehicle_networking/control_serial_interface.py -> /home/ethan-reynolds/github/robot-rover-2025/code/system/ros2/build/vehicle_networking/build/lib/vehicle_networking
copying vehicle_networking/__init__.py -> /home/ethan-reynolds/github/robot-rover-2025/code/system/ros2/build/vehicle_networking/build/lib/vehicle_networking
running install
running install_lib
creating /home/ethan-reynolds/github/robot-rover-2025/code/system/ros2/install/vehicle_networking/lib/python3.13/site-packages/vehicle_networking
copying /home/ethan-reynolds/github/robot-rover-2025/code/system/ros2/build/vehicle_networking/build/lib/vehicle_networking/serial_manager.py -> /home/ethan-reynolds/github/robot-rover-2025/code/system/ros2/install/vehicle_networking/lib/python3.13/site-packages/vehicle_networking
copying /home/ethan-reynolds/github/robot-rover-2025/code/system/ros2/build/vehicle_networking/build/lib/vehicle_networking/control_serial_interface.py -> /home/ethan-reynolds/github/robot-rover-2025/code/system/ros2/install/vehicle_networking/lib/python3.13/site-packages/vehicle_networking
copying /home/ethan-reynolds/github/robot-rover-2025/code/system/ros2/build/vehicle_networking/build/lib/vehicle_networking/__init__.py -> /home/ethan-reynolds/github/robot-rover-2025/code/system/ros2/install/vehicle_networking/lib/python3.13/site-packages/vehicle_networking
byte-compiling /home/ethan-reynolds/github/robot-rover-2025/code/system/ros2/install/vehicle_networking/lib/python3.13/site-packages/vehicle_networking/serial_manager.py to serial_manager.cpython-313.pyc
byte-compiling /home/ethan-reynolds/github/robot-rover-2025/code/system/ros2/install/vehicle_networking/lib/python3.13/site-packages/vehicle_networking/control_serial_interface.py to control_serial_interface.cpython-313.pyc
byte-compiling /home/ethan-reynolds/github/robot-rover-2025/code/system/ros2/install/vehicle_networking/lib/python3.13/site-packages/vehicle_networking/__init__.py to __init__.cpython-313.pyc
running install_data
copying resource/vehicle_networking -> /home/ethan-reynolds/github/robot-rover-2025/code/system/ros2/install/vehicle_networking/share/ament_index/resource_index/packages
copying package.xml -> /home/ethan-reynolds/github/robot-rover-2025/code/system/ros2/install/vehicle_networking/share/vehicle_networking
running install_egg_info
Copying ../../build/vehicle_networking/vehicle_networking.egg-info to /home/ethan-reynolds/github/robot-rover-2025/code/system/ros2/install/vehicle_networking/lib/python3.13/site-packages/vehicle_networking-0.0.0-py3.13.egg-info
running install_scripts
Installing control_serial_interface script to /home/ethan-reynolds/github/robot-rover-2025/code/system/ros2/install/vehicle_networking/lib/vehicle_networking
Installing serial_manager script to /home/ethan-reynolds/github/robot-rover-2025/code/system/ros2/install/vehicle_networking/lib/vehicle_networking
writing list of installed files to '/home/ethan-reynolds/github/robot-rover-2025/code/system/ros2/build/vehicle_networking/install.log'
