[1.976s] Invoking command in '/home/ethan-reynolds/github/robot-rover-2025/code/system/ros2/src/vehicle_networking': DEBUGINFOD_URLS=https://debuginfod.ubuntu.com PYTHONPATH=/home/ethan-reynolds/github/robot-rover-2025/code/system/ros2/build/vehicle_networking/prefix_override:/usr/lib/python3/dist-packages/colcon_core/task/python/colcon_distutils_commands:/home/ethan-reynolds/github/robot-rover-2025/code/system/ros2/install/vehicle_networking/lib/python3.13/site-packages: /usr/bin/python3 -W ignore:setup.py install is deprecated -W ignore:easy_install command is deprecated setup.py egg_info --egg-base ../../build/vehicle_networking build --build-base /home/ethan-reynolds/github/robot-rover-2025/code/system/ros2/build/vehicle_networking/build install --record /home/ethan-reynolds/github/robot-rover-2025/code/system/ros2/build/vehicle_networking/install.log --install-scripts $base/lib/vehicle_networking --single-version-externally-managed install_data
[2.421s] /usr/lib/python3/dist-packages/setuptools/dist.py:599: SetuptoolsDeprecationWarning: Invalid dash-separated key 'script-dir' in 'develop' (setup.cfg), please use the underscore name 'script_dir' instead.
[2.422s] !!
[2.422s] 
[2.422s]         ********************************************************************************
[2.422s]         Usage of dash-separated 'script-dir' will not be supported in future
[2.423s]         versions. Please use the underscore name 'script_dir' instead.
[2.423s] 
[2.425s]         This deprecation is overdue, please update your project and remove deprecated
[2.426s]         calls to avoid build errors in the future.
[2.427s] 
[2.427s]         See https://setuptools.pypa.io/en/latest/userguide/declarative_config.html for details.
[2.428s]         ********************************************************************************
[2.428s] 
[2.429s] !!
[2.430s]   opt = self._enforce_underscore(opt, section)
[2.453s] /usr/lib/python3/dist-packages/setuptools/_distutils/dist.py:289: UserWarning: Unknown distribution option: 'tests_require'
[2.453s]   warnings.warn(msg)
[2.510s] /usr/lib/python3/dist-packages/setuptools/dist.py:599: SetuptoolsDeprecationWarning: Invalid dash-separated key 'script-dir' in 'develop' (setup.cfg), please use the underscore name 'script_dir' instead.
[2.511s] !!
[2.511s] 
[2.511s]         ********************************************************************************
[2.513s]         Usage of dash-separated 'script-dir' will not be supported in future
[2.513s]         versions. Please use the underscore name 'script_dir' instead.
[2.514s]         (Affected: vehicle_networking).
[2.514s] 
[2.514s]         This deprecation is overdue, please update your project and remove deprecated
[2.516s]         calls to avoid build errors in the future.
[2.516s] 
[2.517s]         See https://setuptools.pypa.io/en/latest/userguide/declarative_config.html for details.
[2.517s]         ********************************************************************************
[2.519s] 
[2.519s] !!
[2.519s]   opt = self._enforce_underscore(opt, section)
[2.655s] running egg_info
[2.675s] writing ../../build/vehicle_networking/vehicle_networking.egg-info/PKG-INFO
[2.675s] writing dependency_links to ../../build/vehicle_networking/vehicle_networking.egg-info/dependency_links.txt
[2.676s] writing entry points to ../../build/vehicle_networking/vehicle_networking.egg-info/entry_points.txt
[2.677s] writing requirements to ../../build/vehicle_networking/vehicle_networking.egg-info/requires.txt
[2.677s] writing top-level names to ../../build/vehicle_networking/vehicle_networking.egg-info/top_level.txt
[2.737s] reading manifest file '../../build/vehicle_networking/vehicle_networking.egg-info/SOURCES.txt'
[2.740s] writing manifest file '../../build/vehicle_networking/vehicle_networking.egg-info/SOURCES.txt'
[2.741s] running build
[2.743s] running build_py
[2.744s] copying vehicle_networking/serial_manager.py -> /home/ethan-reynolds/github/robot-rover-2025/code/system/ros2/build/vehicle_networking/build/lib/vehicle_networking
[2.744s] copying vehicle_networking/control_serial_interface.py -> /home/ethan-reynolds/github/robot-rover-2025/code/system/ros2/build/vehicle_networking/build/lib/vehicle_networking
[2.744s] copying vehicle_networking/__init__.py -> /home/ethan-reynolds/github/robot-rover-2025/code/system/ros2/build/vehicle_networking/build/lib/vehicle_networking
[2.744s] running install
[2.761s] running install_lib
[2.798s] creating /home/ethan-reynolds/github/robot-rover-2025/code/system/ros2/install/vehicle_networking/lib/python3.13/site-packages/vehicle_networking
[2.798s] copying /home/ethan-reynolds/github/robot-rover-2025/code/system/ros2/build/vehicle_networking/build/lib/vehicle_networking/serial_manager.py -> /home/ethan-reynolds/github/robot-rover-2025/code/system/ros2/install/vehicle_networking/lib/python3.13/site-packages/vehicle_networking
[2.800s] copying /home/ethan-reynolds/github/robot-rover-2025/code/system/ros2/build/vehicle_networking/build/lib/vehicle_networking/control_serial_interface.py -> /home/ethan-reynolds/github/robot-rover-2025/code/system/ros2/install/vehicle_networking/lib/python3.13/site-packages/vehicle_networking
[2.800s] copying /home/ethan-reynolds/github/robot-rover-2025/code/system/ros2/build/vehicle_networking/build/lib/vehicle_networking/__init__.py -> /home/ethan-reynolds/github/robot-rover-2025/code/system/ros2/install/vehicle_networking/lib/python3.13/site-packages/vehicle_networking
[2.800s] byte-compiling /home/ethan-reynolds/github/robot-rover-2025/code/system/ros2/install/vehicle_networking/lib/python3.13/site-packages/vehicle_networking/serial_manager.py to serial_manager.cpython-313.pyc
[2.800s] byte-compiling /home/ethan-reynolds/github/robot-rover-2025/code/system/ros2/install/vehicle_networking/lib/python3.13/site-packages/vehicle_networking/control_serial_interface.py to control_serial_interface.cpython-313.pyc
[2.804s] byte-compiling /home/ethan-reynolds/github/robot-rover-2025/code/system/ros2/install/vehicle_networking/lib/python3.13/site-packages/vehicle_networking/__init__.py to __init__.cpython-313.pyc
[2.804s] running install_data
[2.804s] copying resource/vehicle_networking -> /home/ethan-reynolds/github/robot-rover-2025/code/system/ros2/install/vehicle_networking/share/ament_index/resource_index/packages
[2.804s] copying package.xml -> /home/ethan-reynolds/github/robot-rover-2025/code/system/ros2/install/vehicle_networking/share/vehicle_networking
[2.807s] running install_egg_info
[2.830s] Copying ../../build/vehicle_networking/vehicle_networking.egg-info to /home/ethan-reynolds/github/robot-rover-2025/code/system/ros2/install/vehicle_networking/lib/python3.13/site-packages/vehicle_networking-0.0.0-py3.13.egg-info
[2.836s] running install_scripts
[3.000s] Installing control_serial_interface script to /home/ethan-reynolds/github/robot-rover-2025/code/system/ros2/install/vehicle_networking/lib/vehicle_networking
[3.002s] Installing serial_manager script to /home/ethan-reynolds/github/robot-rover-2025/code/system/ros2/install/vehicle_networking/lib/vehicle_networking
[3.003s] writing list of installed files to '/home/ethan-reynolds/github/robot-rover-2025/code/system/ros2/build/vehicle_networking/install.log'
[3.092s] Invoked command in '/home/ethan-reynolds/github/robot-rover-2025/code/system/ros2/src/vehicle_networking' returned '0': DEBUGINFOD_URLS=https://debuginfod.ubuntu.com PYTHONPATH=/home/ethan-reynolds/github/robot-rover-2025/code/system/ros2/build/vehicle_networking/prefix_override:/usr/lib/python3/dist-packages/colcon_core/task/python/colcon_distutils_commands:/home/ethan-reynolds/github/robot-rover-2025/code/system/ros2/install/vehicle_networking/lib/python3.13/site-packages: /usr/bin/python3 -W ignore:setup.py install is deprecated -W ignore:easy_install command is deprecated setup.py egg_info --egg-base ../../build/vehicle_networking build --build-base /home/ethan-reynolds/github/robot-rover-2025/code/system/ros2/build/vehicle_networking/build install --record /home/ethan-reynolds/github/robot-rover-2025/code/system/ros2/build/vehicle_networking/install.log --install-scripts $base/lib/vehicle_networking --single-version-externally-managed install_data
