[9.613s] DEBUG:colcon:Command line arguments: ['/usr/bin/colcon', 'build', '--packages-select', 'vehicle_networking']
[9.613s] DEBUG:colcon:Parsed command line arguments: Namespace(allow_overriding=[], ament_cmake_args=None, base_paths=['.'], build_base='build', catkin_cmake_args=None, catkin_skip_building_tests=False, cmake_args=None, cmake_clean_cache=False, cmake_clean_first=False, cmake_force_configure=False, cmake_target=None, cmake_target_skip_unavailable=False, continue_on_error=False, event_handlers=None, executor='parallel', ignore_user_meta=False, install_base='install', log_base=None, log_level=None, main=<bound method BuildVerb.main of <colcon_core.verb.build.BuildVerb object at 0x7ff30b4e5190>>, merge_install=False, metas=['./colcon.meta'], mixin=None, mixin_files=None, mixin_verb=('build',), packages_above=None, packages_above_and_dependencies=None, packages_above_depth=None, packages_end=None, packages_ignore=None, packages_ignore_regex=None, packages_select=['vehicle_networking'], packages_select_build_failed=False, packages_select_by_dep=None, packages_select_regex=None, packages_select_test_failures=False, packages_skip=None, packages_skip_build_finished=False, packages_skip_by_dep=None, packages_skip_regex=None, packages_skip_test_passed=False, packages_skip_up_to=None, packages_start=None, packages_up_to=None, packages_up_to_regex=None, parallel_workers=4, paths=None, symlink_install=False, test_result_base=None, verb_extension=<colcon_core.verb.build.BuildVerb object at 0x7ff30b4e5190>, verb_name='build', verb_parser=<colcon_mixin.mixin.mixin_argument.MixinArgumentDecorator object at 0x7ff30b4e57f0>)
[10.478s] Level 1:colcon.colcon_core.package_discovery:discover_packages(colcon_meta) check parameters
[10.478s] Level 1:colcon.colcon_core.package_discovery:discover_packages(recursive) check parameters
[10.478s] Level 1:colcon.colcon_core.package_discovery:discover_packages(ignore) check parameters
[10.478s] Level 1:colcon.colcon_core.package_discovery:discover_packages(path) check parameters
[10.479s] Level 1:colcon.colcon_core.package_discovery:discover_packages(colcon_meta) discover
[10.479s] Level 1:colcon.colcon_core.package_discovery:discover_packages(recursive) discover
[10.479s] INFO:colcon.colcon_core.package_discovery:Crawling recursively for packages in '/home/ethanreynolds/vscode/robot-rover-2025/code/system/ros2'
[10.479s] Level 1:colcon.colcon_core.package_identification:_identify(.) by extensions ['ignore', 'ignore_ament_install']
[10.480s] Level 1:colcon.colcon_core.package_identification:_identify(.) by extension 'ignore'
[10.480s] Level 1:colcon.colcon_core.package_identification:_identify(.) by extension 'ignore_ament_install'
[10.480s] Level 1:colcon.colcon_core.package_identification:_identify(.) by extensions ['colcon_pkg']
[10.480s] Level 1:colcon.colcon_core.package_identification:_identify(.) by extension 'colcon_pkg'
[10.480s] Level 1:colcon.colcon_core.package_identification:_identify(.) by extensions ['colcon_meta']
[10.480s] Level 1:colcon.colcon_core.package_identification:_identify(.) by extension 'colcon_meta'
[10.481s] Level 1:colcon.colcon_core.package_identification:_identify(.) by extensions ['ros']
[10.481s] Level 1:colcon.colcon_core.package_identification:_identify(.) by extension 'ros'
[10.510s] Level 1:colcon.colcon_core.package_identification:_identify(.) by extensions ['cmake', 'python']
[10.510s] Level 1:colcon.colcon_core.package_identification:_identify(.) by extension 'cmake'
[10.511s] Level 1:colcon.colcon_core.package_identification:_identify(.) by extension 'python'
[10.511s] Level 1:colcon.colcon_core.package_identification:_identify(.) by extensions ['python_setup_py']
[10.511s] Level 1:colcon.colcon_core.package_identification:_identify(.) by extension 'python_setup_py'
[10.511s] Level 1:colcon.colcon_core.package_identification:_identify(build) by extensions ['ignore', 'ignore_ament_install']
[10.511s] Level 1:colcon.colcon_core.package_identification:_identify(build) by extension 'ignore'
[10.512s] Level 1:colcon.colcon_core.package_identification:_identify(build) ignored
[10.512s] Level 1:colcon.colcon_core.package_identification:_identify(install) by extensions ['ignore', 'ignore_ament_install']
[10.512s] Level 1:colcon.colcon_core.package_identification:_identify(install) by extension 'ignore'
[10.512s] Level 1:colcon.colcon_core.package_identification:_identify(install) ignored
[10.513s] Level 1:colcon.colcon_core.package_identification:_identify(log) by extensions ['ignore', 'ignore_ament_install']
[10.513s] Level 1:colcon.colcon_core.package_identification:_identify(log) by extension 'ignore'
[10.513s] Level 1:colcon.colcon_core.package_identification:_identify(log) ignored
[10.513s] Level 1:colcon.colcon_core.package_identification:_identify(src) by extensions ['ignore', 'ignore_ament_install']
[10.513s] Level 1:colcon.colcon_core.package_identification:_identify(src) by extension 'ignore'
[10.513s] Level 1:colcon.colcon_core.package_identification:_identify(src) by extension 'ignore_ament_install'
[10.514s] Level 1:colcon.colcon_core.package_identification:_identify(src) by extensions ['colcon_pkg']
[10.514s] Level 1:colcon.colcon_core.package_identification:_identify(src) by extension 'colcon_pkg'
[10.514s] Level 1:colcon.colcon_core.package_identification:_identify(src) by extensions ['colcon_meta']
[10.514s] Level 1:colcon.colcon_core.package_identification:_identify(src) by extension 'colcon_meta'
[10.514s] Level 1:colcon.colcon_core.package_identification:_identify(src) by extensions ['ros']
[10.514s] Level 1:colcon.colcon_core.package_identification:_identify(src) by extension 'ros'
[10.514s] Level 1:colcon.colcon_core.package_identification:_identify(src) by extensions ['cmake', 'python']
[10.514s] Level 1:colcon.colcon_core.package_identification:_identify(src) by extension 'cmake'
[10.514s] Level 1:colcon.colcon_core.package_identification:_identify(src) by extension 'python'
[10.515s] Level 1:colcon.colcon_core.package_identification:_identify(src) by extensions ['python_setup_py']
[10.515s] Level 1:colcon.colcon_core.package_identification:_identify(src) by extension 'python_setup_py'
[10.515s] Level 1:colcon.colcon_core.package_identification:_identify(src/vehicle_control) by extensions ['ignore', 'ignore_ament_install']
[10.515s] Level 1:colcon.colcon_core.package_identification:_identify(src/vehicle_control) by extension 'ignore'
[10.515s] Level 1:colcon.colcon_core.package_identification:_identify(src/vehicle_control) by extension 'ignore_ament_install'
[10.515s] Level 1:colcon.colcon_core.package_identification:_identify(src/vehicle_control) by extensions ['colcon_pkg']
[10.515s] Level 1:colcon.colcon_core.package_identification:_identify(src/vehicle_control) by extension 'colcon_pkg'
[10.516s] Level 1:colcon.colcon_core.package_identification:_identify(src/vehicle_control) by extensions ['colcon_meta']
[10.516s] Level 1:colcon.colcon_core.package_identification:_identify(src/vehicle_control) by extension 'colcon_meta'
[10.516s] Level 1:colcon.colcon_core.package_identification:_identify(src/vehicle_control) by extensions ['ros']
[10.516s] Level 1:colcon.colcon_core.package_identification:_identify(src/vehicle_control) by extension 'ros'
[10.520s] DEBUG:colcon.colcon_core.package_identification:Package 'src/vehicle_control' with type 'ros.ament_python' and name 'vehicle_control'
[10.520s] Level 1:colcon.colcon_core.package_identification:_identify(src/vehicle_navigation) by extensions ['ignore', 'ignore_ament_install']
[10.521s] Level 1:colcon.colcon_core.package_identification:_identify(src/vehicle_navigation) by extension 'ignore'
[10.521s] Level 1:colcon.colcon_core.package_identification:_identify(src/vehicle_navigation) by extension 'ignore_ament_install'
[10.521s] Level 1:colcon.colcon_core.package_identification:_identify(src/vehicle_navigation) by extensions ['colcon_pkg']
[10.521s] Level 1:colcon.colcon_core.package_identification:_identify(src/vehicle_navigation) by extension 'colcon_pkg'
[10.521s] Level 1:colcon.colcon_core.package_identification:_identify(src/vehicle_navigation) by extensions ['colcon_meta']
[10.521s] Level 1:colcon.colcon_core.package_identification:_identify(src/vehicle_navigation) by extension 'colcon_meta'
[10.521s] Level 1:colcon.colcon_core.package_identification:_identify(src/vehicle_navigation) by extensions ['ros']
[10.521s] Level 1:colcon.colcon_core.package_identification:_identify(src/vehicle_navigation) by extension 'ros'
[10.523s] DEBUG:colcon.colcon_core.package_identification:Package 'src/vehicle_navigation' with type 'ros.ament_python' and name 'vehicle_navigation'
[10.523s] Level 1:colcon.colcon_core.package_identification:_identify(src/vehicle_networking) by extensions ['ignore', 'ignore_ament_install']
[10.523s] Level 1:colcon.colcon_core.package_identification:_identify(src/vehicle_networking) by extension 'ignore'
[10.523s] Level 1:colcon.colcon_core.package_identification:_identify(src/vehicle_networking) by extension 'ignore_ament_install'
[10.524s] Level 1:colcon.colcon_core.package_identification:_identify(src/vehicle_networking) by extensions ['colcon_pkg']
[10.524s] Level 1:colcon.colcon_core.package_identification:_identify(src/vehicle_networking) by extension 'colcon_pkg'
[10.524s] Level 1:colcon.colcon_core.package_identification:_identify(src/vehicle_networking) by extensions ['colcon_meta']
[10.524s] Level 1:colcon.colcon_core.package_identification:_identify(src/vehicle_networking) by extension 'colcon_meta'
[10.524s] Level 1:colcon.colcon_core.package_identification:_identify(src/vehicle_networking) by extensions ['ros']
[10.524s] Level 1:colcon.colcon_core.package_identification:_identify(src/vehicle_networking) by extension 'ros'
[10.525s] DEBUG:colcon.colcon_core.package_identification:Package 'src/vehicle_networking' with type 'ros.ament_python' and name 'vehicle_networking'
[10.526s] Level 1:colcon.colcon_core.package_identification:_identify(src/vehicle_sensor) by extensions ['ignore', 'ignore_ament_install']
[10.526s] Level 1:colcon.colcon_core.package_identification:_identify(src/vehicle_sensor) by extension 'ignore'
[10.526s] Level 1:colcon.colcon_core.package_identification:_identify(src/vehicle_sensor) by extension 'ignore_ament_install'
[10.526s] Level 1:colcon.colcon_core.package_identification:_identify(src/vehicle_sensor) by extensions ['colcon_pkg']
[10.526s] Level 1:colcon.colcon_core.package_identification:_identify(src/vehicle_sensor) by extension 'colcon_pkg'
[10.526s] Level 1:colcon.colcon_core.package_identification:_identify(src/vehicle_sensor) by extensions ['colcon_meta']
[10.526s] Level 1:colcon.colcon_core.package_identification:_identify(src/vehicle_sensor) by extension 'colcon_meta'
[10.526s] Level 1:colcon.colcon_core.package_identification:_identify(src/vehicle_sensor) by extensions ['ros']
[10.527s] Level 1:colcon.colcon_core.package_identification:_identify(src/vehicle_sensor) by extension 'ros'
[10.528s] DEBUG:colcon.colcon_core.package_identification:Package 'src/vehicle_sensor' with type 'ros.ament_python' and name 'vehicle_sensor'
[10.528s] Level 1:colcon.colcon_core.package_discovery:discover_packages(recursive) using defaults
[10.528s] Level 1:colcon.colcon_core.package_discovery:discover_packages(ignore) discover
[10.528s] Level 1:colcon.colcon_core.package_discovery:discover_packages(ignore) using defaults
[10.528s] Level 1:colcon.colcon_core.package_discovery:discover_packages(path) discover
[10.528s] Level 1:colcon.colcon_core.package_discovery:discover_packages(path) using defaults
[11.042s] INFO:colcon.colcon_core.package_selection:Skipping not selected package 'vehicle_control' in 'src/vehicle_control'
[11.042s] INFO:colcon.colcon_core.package_selection:Skipping not selected package 'vehicle_navigation' in 'src/vehicle_navigation'
[11.043s] INFO:colcon.colcon_core.package_selection:Skipping not selected package 'vehicle_sensor' in 'src/vehicle_sensor'
[11.074s] Level 1:colcon.colcon_core.package_discovery:discover_packages(prefix_path) check parameters
[11.074s] Level 1:colcon.colcon_core.package_discovery:discover_packages(prefix_path) discover
[11.406s] DEBUG:colcon.colcon_installed_package_information.package_discovery:Found 204 installed packages in /opt/ros/foxy
[11.409s] Level 1:colcon.colcon_core.package_discovery:discover_packages(prefix_path) using defaults
[16.138s] Level 5:colcon.colcon_core.verb:set package 'vehicle_networking' build argument 'cmake_args' from command line to 'None'
[16.138s] Level 5:colcon.colcon_core.verb:set package 'vehicle_networking' build argument 'cmake_target' from command line to 'None'
[16.138s] Level 5:colcon.colcon_core.verb:set package 'vehicle_networking' build argument 'cmake_target_skip_unavailable' from command line to 'False'
[16.138s] Level 5:colcon.colcon_core.verb:set package 'vehicle_networking' build argument 'cmake_clean_cache' from command line to 'False'
[16.138s] Level 5:colcon.colcon_core.verb:set package 'vehicle_networking' build argument 'cmake_clean_first' from command line to 'False'
[16.138s] Level 5:colcon.colcon_core.verb:set package 'vehicle_networking' build argument 'cmake_force_configure' from command line to 'False'
[16.138s] Level 5:colcon.colcon_core.verb:set package 'vehicle_networking' build argument 'ament_cmake_args' from command line to 'None'
[16.138s] Level 5:colcon.colcon_core.verb:set package 'vehicle_networking' build argument 'catkin_cmake_args' from command line to 'None'
[16.138s] Level 5:colcon.colcon_core.verb:set package 'vehicle_networking' build argument 'catkin_skip_building_tests' from command line to 'False'
[16.139s] DEBUG:colcon.colcon_core.verb:Building package 'vehicle_networking' with the following arguments: {'ament_cmake_args': None, 'build_base': '/home/ethanreynolds/vscode/robot-rover-2025/code/system/ros2/build/vehicle_networking', 'catkin_cmake_args': None, 'catkin_skip_building_tests': False, 'cmake_args': None, 'cmake_clean_cache': False, 'cmake_clean_first': False, 'cmake_force_configure': False, 'cmake_target': None, 'cmake_target_skip_unavailable': False, 'install_base': '/home/ethanreynolds/vscode/robot-rover-2025/code/system/ros2/install/vehicle_networking', 'merge_install': False, 'path': '/home/ethanreynolds/vscode/robot-rover-2025/code/system/ros2/src/vehicle_networking', 'symlink_install': False, 'test_result_base': None}
[16.139s] INFO:colcon.colcon_core.executor:Executing jobs using 'parallel' executor
[16.140s] DEBUG:colcon.colcon_parallel_executor.executor.parallel:run_until_complete
[16.141s] INFO:colcon.colcon_ros.task.ament_python.build:Building ROS package in '/home/ethanreynolds/vscode/robot-rover-2025/code/system/ros2/src/vehicle_networking' with build type 'ament_python'
[16.141s] Level 1:colcon.colcon_core.shell:create_environment_hook('vehicle_networking', 'ament_prefix_path')
[16.206s] INFO:colcon.colcon_core.plugin_system:Skipping extension 'colcon_core.shell.bat': Not used on non-Windows systems
[16.206s] INFO:colcon.colcon_core.shell:Creating environment hook '/home/ethanreynolds/vscode/robot-rover-2025/code/system/ros2/install/vehicle_networking/share/vehicle_networking/hook/ament_prefix_path.ps1'
[16.227s] INFO:colcon.colcon_core.shell:Creating environment descriptor '/home/ethanreynolds/vscode/robot-rover-2025/code/system/ros2/install/vehicle_networking/share/vehicle_networking/hook/ament_prefix_path.dsv'
[16.290s] INFO:colcon.colcon_core.shell:Creating environment hook '/home/ethanreynolds/vscode/robot-rover-2025/code/system/ros2/install/vehicle_networking/share/vehicle_networking/hook/ament_prefix_path.sh'
[16.324s] INFO:colcon.colcon_core.shell:Skip shell extension 'powershell' for command environment: Not usable outside of PowerShell
[16.324s] DEBUG:colcon.colcon_core.shell:Skip shell extension 'dsv' for command environment
[16.896s] INFO:colcon.colcon_core.task.python.build:Building Python package in '/home/ethanreynolds/vscode/robot-rover-2025/code/system/ros2/src/vehicle_networking'
[16.898s] INFO:colcon.colcon_core.shell:Skip shell extension 'powershell' for command environment: Not usable outside of PowerShell
[16.898s] DEBUG:colcon.colcon_core.shell:Skip shell extension 'dsv' for command environment
[18.985s] DEBUG:colcon.colcon_core.event_handler.log_command:Invoking command in '/home/ethanreynolds/vscode/robot-rover-2025/code/system/ros2/src/vehicle_networking': PYTHONPATH=/home/ethanreynolds/vscode/robot-rover-2025/code/system/ros2/build/vehicle_networking/prefix_override:/usr/lib/python3/dist-packages/colcon_core/task/python/colcon_distutils_commands:/home/ethanreynolds/vscode/robot-rover-2025/code/system/ros2/install/vehicle_networking/lib/python3.8/site-packages:${PYTHONPATH} /usr/bin/python3 -W ignore:setup.py install is deprecated -W ignore:easy_install command is deprecated setup.py egg_info --egg-base ../../build/vehicle_networking build --build-base /home/ethanreynolds/vscode/robot-rover-2025/code/system/ros2/build/vehicle_networking/build install --record /home/ethanreynolds/vscode/robot-rover-2025/code/system/ros2/build/vehicle_networking/install.log --install-scripts $base/lib/vehicle_networking --single-version-externally-managed install_data
[19.679s] DEBUG:colcon.colcon_core.event_handler.log_command:Invoked command in '/home/ethanreynolds/vscode/robot-rover-2025/code/system/ros2/src/vehicle_networking' returned '0': PYTHONPATH=/home/ethanreynolds/vscode/robot-rover-2025/code/system/ros2/build/vehicle_networking/prefix_override:/usr/lib/python3/dist-packages/colcon_core/task/python/colcon_distutils_commands:/home/ethanreynolds/vscode/robot-rover-2025/code/system/ros2/install/vehicle_networking/lib/python3.8/site-packages:${PYTHONPATH} /usr/bin/python3 -W ignore:setup.py install is deprecated -W ignore:easy_install command is deprecated setup.py egg_info --egg-base ../../build/vehicle_networking build --build-base /home/ethanreynolds/vscode/robot-rover-2025/code/system/ros2/build/vehicle_networking/build install --record /home/ethanreynolds/vscode/robot-rover-2025/code/system/ros2/build/vehicle_networking/install.log --install-scripts $base/lib/vehicle_networking --single-version-externally-managed install_data
[19.768s] Level 1:colcon.colcon_core.environment:checking '/home/ethanreynolds/vscode/robot-rover-2025/code/system/ros2/install/vehicle_networking' for CMake module files
[19.770s] Level 1:colcon.colcon_core.environment:checking '/home/ethanreynolds/vscode/robot-rover-2025/code/system/ros2/install/vehicle_networking' for CMake config files
[19.771s] Level 1:colcon.colcon_core.environment:checking '/home/ethanreynolds/vscode/robot-rover-2025/code/system/ros2/install/vehicle_networking/lib'
[19.771s] Level 1:colcon.colcon_core.environment:checking '/home/ethanreynolds/vscode/robot-rover-2025/code/system/ros2/install/vehicle_networking/bin'
[19.772s] Level 1:colcon.colcon_core.environment:checking '/home/ethanreynolds/vscode/robot-rover-2025/code/system/ros2/install/vehicle_networking/lib/pkgconfig/vehicle_networking.pc'
[19.772s] Level 1:colcon.colcon_core.environment:checking '/home/ethanreynolds/vscode/robot-rover-2025/code/system/ros2/install/vehicle_networking/lib/python3.8/site-packages'
[19.772s] Level 1:colcon.colcon_core.shell:create_environment_hook('vehicle_networking', 'pythonpath')
[19.773s] INFO:colcon.colcon_core.shell:Creating environment hook '/home/ethanreynolds/vscode/robot-rover-2025/code/system/ros2/install/vehicle_networking/share/vehicle_networking/hook/pythonpath.ps1'
[19.774s] INFO:colcon.colcon_core.shell:Creating environment descriptor '/home/ethanreynolds/vscode/robot-rover-2025/code/system/ros2/install/vehicle_networking/share/vehicle_networking/hook/pythonpath.dsv'
[19.775s] INFO:colcon.colcon_core.shell:Creating environment hook '/home/ethanreynolds/vscode/robot-rover-2025/code/system/ros2/install/vehicle_networking/share/vehicle_networking/hook/pythonpath.sh'
[19.776s] Level 1:colcon.colcon_core.environment:checking '/home/ethanreynolds/vscode/robot-rover-2025/code/system/ros2/install/vehicle_networking/bin'
[19.776s] Level 1:colcon.colcon_core.environment:create_environment_scripts_only(vehicle_networking)
[19.777s] INFO:colcon.colcon_core.shell:Creating package script '/home/ethanreynolds/vscode/robot-rover-2025/code/system/ros2/install/vehicle_networking/share/vehicle_networking/package.ps1'
[19.794s] INFO:colcon.colcon_core.shell:Creating package descriptor '/home/ethanreynolds/vscode/robot-rover-2025/code/system/ros2/install/vehicle_networking/share/vehicle_networking/package.dsv'
[19.823s] INFO:colcon.colcon_core.shell:Creating package script '/home/ethanreynolds/vscode/robot-rover-2025/code/system/ros2/install/vehicle_networking/share/vehicle_networking/package.sh'
[19.826s] INFO:colcon.colcon_core.shell:Creating package script '/home/ethanreynolds/vscode/robot-rover-2025/code/system/ros2/install/vehicle_networking/share/vehicle_networking/package.bash'
[19.865s] INFO:colcon.colcon_core.shell:Creating package script '/home/ethanreynolds/vscode/robot-rover-2025/code/system/ros2/install/vehicle_networking/share/vehicle_networking/package.zsh'
[19.925s] Level 1:colcon.colcon_core.environment:create_file_with_runtime_dependencies(/home/ethanreynolds/vscode/robot-rover-2025/code/system/ros2/install/vehicle_networking/share/colcon-core/packages/vehicle_networking)
[19.926s] DEBUG:colcon.colcon_parallel_executor.executor.parallel:closing loop
[19.927s] DEBUG:colcon.colcon_parallel_executor.executor.parallel:loop closed
[19.927s] DEBUG:colcon.colcon_parallel_executor.executor.parallel:run_until_complete finished with '0'
[19.927s] DEBUG:colcon.colcon_core.event_reactor:joining thread
[20.183s] INFO:colcon.colcon_core.plugin_system:Skipping extension 'colcon_notification.desktop_notification.terminal_notifier': Not used on non-Darwin systems
[20.183s] INFO:colcon.colcon_core.plugin_system:Skipping extension 'colcon_notification.desktop_notification.win32': Not used on non-Windows systems
[20.183s] INFO:colcon.colcon_notification.desktop_notification:Sending desktop notification using 'notify2'
[22.554s] DEBUG:colcon.colcon_core.event_reactor:joined thread
[22.554s] INFO:colcon.colcon_core.shell:Creating prefix script '/home/ethanreynolds/vscode/robot-rover-2025/code/system/ros2/install/local_setup.ps1'
[22.571s] INFO:colcon.colcon_core.shell:Creating prefix util module '/home/ethanreynolds/vscode/robot-rover-2025/code/system/ros2/install/_local_setup_util_ps1.py'
[22.591s] INFO:colcon.colcon_core.shell:Creating prefix chain script '/home/ethanreynolds/vscode/robot-rover-2025/code/system/ros2/install/setup.ps1'
[22.593s] INFO:colcon.colcon_core.shell:Creating prefix script '/home/ethanreynolds/vscode/robot-rover-2025/code/system/ros2/install/local_setup.sh'
[22.645s] INFO:colcon.colcon_core.shell:Creating prefix util module '/home/ethanreynolds/vscode/robot-rover-2025/code/system/ros2/install/_local_setup_util_sh.py'
[22.646s] INFO:colcon.colcon_core.shell:Creating prefix chain script '/home/ethanreynolds/vscode/robot-rover-2025/code/system/ros2/install/setup.sh'
[22.701s] INFO:colcon.colcon_core.shell:Creating prefix script '/home/ethanreynolds/vscode/robot-rover-2025/code/system/ros2/install/local_setup.bash'
[22.720s] INFO:colcon.colcon_core.shell:Creating prefix chain script '/home/ethanreynolds/vscode/robot-rover-2025/code/system/ros2/install/setup.bash'
[22.721s] INFO:colcon.colcon_core.shell:Creating prefix script '/home/ethanreynolds/vscode/robot-rover-2025/code/system/ros2/install/local_setup.zsh'
[22.792s] INFO:colcon.colcon_core.shell:Creating prefix chain script '/home/ethanreynolds/vscode/robot-rover-2025/code/system/ros2/install/setup.zsh'
