[0.000000] (-) TimerEvent: {}
[0.000302] (-) JobUnselected: {'identifier': 'vehicle_control'}
[0.001923] (-) JobUnselected: {'identifier': 'vehicle_navigation'}
[0.002916] (-) JobUnselected: {'identifier': 'vehicle_networking'}
[0.003008] (-) JobUnselected: {'identifier': 'vehicle_sensor'}
[0.003048] (vehicle_networking_interfaces) JobQueued: {'identifier': 'vehicle_networking_interfaces', 'dependencies': OrderedDict()}
[0.003084] (vehicle_networking_interfaces) JobStarted: {'identifier': 'vehicle_networking_interfaces'}
[0.035680] (vehicle_networking_interfaces) JobProgress: {'identifier': 'vehicle_networking_interfaces', 'progress': 'cmake'}
[0.037886] (vehicle_networking_interfaces) JobProgress: {'identifier': 'vehicle_networking_interfaces', 'progress': 'build'}
[0.039125] (vehicle_networking_interfaces) Command: {'cmd': ['/usr/bin/cmake', '--build', '/root/build/vehicle_networking_interfaces', '--', '-j4', '-l4'], 'cwd': '/root/build/vehicle_networking_interfaces', 'env': OrderedDict([('HOSTNAME', '769d3d6d02f0'), ('SHLVL', '1'), ('LD_LIBRARY_PATH', '/root/install/vehicle_networking_interfaces/lib:/opt/ros/foxy/opt/yaml_cpp_vendor/lib:/opt/ros/foxy/opt/rviz_ogre_vendor/lib:/opt/ros/foxy/lib/x86_64-linux-gnu:/opt/ros/foxy/lib'), ('HOME', '/root'), ('OLDPWD', '/'), ('ROS_PYTHON_VERSION', '3'), ('COLCON_PREFIX_PATH', '/root/install'), ('ROS_DISTRO', 'foxy'), ('_', '/usr/bin/colcon'), ('ROS_VERSION', '2'), ('TERM', 'xterm'), ('ROS_LOCALHOST_ONLY', '0'), ('QT_X11_NO_MITSHM', '1'), ('PATH', '/opt/ros/foxy/bin:/usr/local/sbin:/usr/local/bin:/usr/sbin:/usr/bin:/sbin:/bin'), ('DISPLAY', ':0.0'), ('LANG', 'C.UTF-8'), ('AMENT_PREFIX_PATH', '/root/install/vehicle_networking:/root/install/vehicle_networking_interfaces:/opt/ros/foxy'), ('DEBIAN_FRONTEND', 'noninteractive'), ('PWD', '/root/build/vehicle_networking_interfaces'), ('LC_ALL', 'C.UTF-8'), ('PYTHONPATH', '/root/install/vehicle_networking/lib/python3.8/site-packages:/root/install/vehicle_networking_interfaces/lib/python3.8/site-packages:/opt/ros/foxy/lib/python3.8/site-packages'), ('COLCON', '1'), ('CMAKE_PREFIX_PATH', '/root/install/vehicle_networking_interfaces:/root/install/vehicle_networking:/opt/ros/foxy')]), 'shell': False}
[0.099253] (-) TimerEvent: {}
[0.163082] (vehicle_networking_interfaces) StdoutLine: {'line': b'-- Found ament_cmake: 0.9.12 (/opt/ros/foxy/share/ament_cmake/cmake)\n'}
[0.199318] (-) TimerEvent: {}
[0.204566] (vehicle_networking_interfaces) StdoutLine: {'line': b'-- Found PythonInterp: /usr/bin/python3 (found suitable version "3.8.10", minimum required is "3") \n'}
[0.204923] (vehicle_networking_interfaces) StdoutLine: {'line': b'-- Using PYTHON_EXECUTABLE: /usr/bin/python3\n'}
[0.299540] (-) TimerEvent: {}
[0.399913] (-) TimerEvent: {}
[0.484321] (vehicle_networking_interfaces) StdoutLine: {'line': b'-- Found rosidl_default_generators: 1.0.1 (/opt/ros/foxy/share/rosidl_default_generators/cmake)\n'}
[0.491096] (vehicle_networking_interfaces) StdoutLine: {'line': b'-- Using all available rosidl_typesupport_c: rosidl_typesupport_fastrtps_c;rosidl_typesupport_introspection_c\n'}
[0.498012] (vehicle_networking_interfaces) StdoutLine: {'line': b'-- Found rosidl_adapter: 1.3.1 (/opt/ros/foxy/share/rosidl_adapter/cmake)\n'}
[0.500033] (-) TimerEvent: {}
[0.601305] (-) TimerEvent: {}
[0.702078] (-) TimerEvent: {}
[0.803608] (-) TimerEvent: {}
[0.833726] (vehicle_networking_interfaces) StdoutLine: {'line': b'-- Using all available rosidl_typesupport_cpp: rosidl_typesupport_fastrtps_cpp;rosidl_typesupport_introspection_cpp\n'}
[0.903715] (-) TimerEvent: {}
[0.934273] (vehicle_networking_interfaces) StdoutLine: {'line': b'-- Found PythonInterp: /usr/bin/python3 (found version "3.8.10") \n'}
[1.003829] (-) TimerEvent: {}
[1.104208] (-) TimerEvent: {}
[1.156062] (vehicle_networking_interfaces) StdoutLine: {'line': b'-- Found ament_cmake_ros: 0.9.2 (/opt/ros/foxy/share/ament_cmake_ros/cmake)\n'}
[1.204317] (-) TimerEvent: {}
[1.303824] (vehicle_networking_interfaces) StdoutLine: {'line': b'-- Using all available rosidl_typesupport_c: rosidl_typesupport_fastrtps_c;rosidl_typesupport_introspection_c\n'}
[1.304395] (-) TimerEvent: {}
[1.317896] (vehicle_networking_interfaces) StdoutLine: {'line': b'-- Using all available rosidl_typesupport_cpp: rosidl_typesupport_fastrtps_cpp;rosidl_typesupport_introspection_cpp\n'}
[1.370026] (vehicle_networking_interfaces) StdoutLine: {'line': b'-- Found PythonInterp: /usr/bin/python3 (found suitable version "3.8.10", minimum required is "3.5") \n'}
[1.370832] (vehicle_networking_interfaces) StdoutLine: {'line': b'-- Found python_cmake_module: 0.8.1 (/opt/ros/foxy/share/python_cmake_module/cmake)\n'}
[1.404517] (-) TimerEvent: {}
[1.407879] (vehicle_networking_interfaces) StdoutLine: {'line': b'-- Using PYTHON_EXECUTABLE: /usr/bin/python3\n'}
[1.408125] (vehicle_networking_interfaces) StdoutLine: {'line': b'-- Using PYTHON_INCLUDE_DIRS: /usr/include/python3.8\n'}
[1.408284] (vehicle_networking_interfaces) StdoutLine: {'line': b'-- Using PYTHON_LIBRARIES: /usr/lib/x86_64-linux-gnu/libpython3.8.so\n'}
[1.436427] (vehicle_networking_interfaces) StdoutLine: {'line': b'-- Found ament_lint_auto: 0.9.8 (/opt/ros/foxy/share/ament_lint_auto/cmake)\n'}
[1.458638] (vehicle_networking_interfaces) StdoutLine: {'line': b"-- Added test 'copyright' to check source files copyright and LICENSE\n"}
[1.461851] (vehicle_networking_interfaces) StdoutLine: {'line': b"-- Added test 'lint_cmake' to check CMake code style\n"}
[1.463536] (vehicle_networking_interfaces) StdoutLine: {'line': b"-- Added test 'xmllint' to check XML markup files\n"}
[1.469598] (vehicle_networking_interfaces) StdoutLine: {'line': b'-- Configuring done\n'}
[1.504627] (-) TimerEvent: {}
[1.536350] (vehicle_networking_interfaces) StdoutLine: {'line': b'-- Generating done\n'}
[1.545808] (vehicle_networking_interfaces) StdoutLine: {'line': b'-- Build files have been written to: /root/build/vehicle_networking_interfaces\n'}
[1.587146] (vehicle_networking_interfaces) StdoutLine: {'line': b'\x1b[35m\x1b[1mScanning dependencies of target vehicle_networking_interfaces__cpp\x1b[0m\n'}
[1.592974] (vehicle_networking_interfaces) StdoutLine: {'line': b'[  2%] \x1b[34m\x1b[1mGenerating C code for ROS interfaces\x1b[0m\n'}
[1.605247] (-) TimerEvent: {}
[1.606141] (vehicle_networking_interfaces) StdoutLine: {'line': b'[  4%] \x1b[34m\x1b[1mGenerating C++ code for ROS interfaces\x1b[0m\n'}
[1.705351] (-) TimerEvent: {}
[1.805912] (-) TimerEvent: {}
[1.906251] (-) TimerEvent: {}
[2.006691] (-) TimerEvent: {}
[2.107032] (-) TimerEvent: {}
[2.207388] (-) TimerEvent: {}
[2.308277] (-) TimerEvent: {}
[2.411280] (-) TimerEvent: {}
[2.450786] (vehicle_networking_interfaces) StdoutLine: {'line': b'[  4%] Built target vehicle_networking_interfaces__cpp\n'}
[2.479534] (vehicle_networking_interfaces) StdoutLine: {'line': b'[  6%] \x1b[34m\x1b[1mGenerating C++ type support for eProsima Fast-RTPS\x1b[0m\n'}
[2.482800] (vehicle_networking_interfaces) StdoutLine: {'line': b'[  8%] \x1b[34m\x1b[1mGenerating C++ introspection for ROS interfaces\x1b[0m\n'}
[2.495278] (vehicle_networking_interfaces) StdoutLine: {'line': b'[ 10%] \x1b[34m\x1b[1mGenerating C++ type support dispatch for ROS interfaces\x1b[0m\n'}
[2.511381] (-) TimerEvent: {}
[2.616218] (vehicle_networking_interfaces) StdoutLine: {'line': b'\x1b[35m\x1b[1mScanning dependencies of target vehicle_networking_interfaces__rosidl_generator_c\x1b[0m\n'}
[2.616528] (-) TimerEvent: {}
[2.674698] (vehicle_networking_interfaces) StdoutLine: {'line': b'[ 12%] \x1b[32mBuilding C object CMakeFiles/vehicle_networking_interfaces__rosidl_generator_c.dir/rosidl_generator_c/vehicle_networking_interfaces/srv/detail/get_serial_port__functions.c.o\x1b[0m\n'}
[2.717253] (-) TimerEvent: {}
[2.817673] (-) TimerEvent: {}
[2.915708] (vehicle_networking_interfaces) StdoutLine: {'line': b'[ 14%] \x1b[32mBuilding C object CMakeFiles/vehicle_networking_interfaces__rosidl_generator_c.dir/rosidl_generator_c/vehicle_networking_interfaces/srv/detail/reset_serial_port__functions.c.o\x1b[0m\n'}
[2.919279] (-) TimerEvent: {}
[3.019708] (-) TimerEvent: {}
[3.091365] (vehicle_networking_interfaces) StdoutLine: {'line': b'[ 17%] \x1b[32mBuilding C object CMakeFiles/vehicle_networking_interfaces__rosidl_generator_c.dir/rosidl_generator_c/vehicle_networking_interfaces/srv/detail/get_device_status__functions.c.o\x1b[0m\n'}
[3.119813] (-) TimerEvent: {}
[3.221324] (-) TimerEvent: {}
[3.232254] (vehicle_networking_interfaces) StdoutLine: {'line': b'[ 19%] \x1b[32m\x1b[1mLinking C shared library libvehicle_networking_interfaces__rosidl_generator_c.so\x1b[0m\n'}
[3.336409] (-) TimerEvent: {}
[3.356588] (vehicle_networking_interfaces) StdoutLine: {'line': b'[ 19%] Built target vehicle_networking_interfaces__rosidl_generator_c\n'}
[3.383553] (vehicle_networking_interfaces) StdoutLine: {'line': b'[ 21%] \x1b[34m\x1b[1mGenerating C introspection for ROS interfaces\x1b[0m\n'}
[3.436393] (vehicle_networking_interfaces) StdoutLine: {'line': b'\x1b[35m\x1b[1mScanning dependencies of target vehicle_networking_interfaces__rosidl_typesupport_cpp\x1b[0m\n'}
[3.436649] (-) TimerEvent: {}
[3.508662] (vehicle_networking_interfaces) StdoutLine: {'line': b'[ 23%] \x1b[32mBuilding CXX object CMakeFiles/vehicle_networking_interfaces__rosidl_typesupport_cpp.dir/rosidl_typesupport_cpp/vehicle_networking_interfaces/srv/get_serial_port__type_support.cpp.o\x1b[0m\n'}
[3.536765] (-) TimerEvent: {}
[3.641259] (-) TimerEvent: {}
[3.699295] (vehicle_networking_interfaces) StdoutLine: {'line': b'\x1b[35m\x1b[1mScanning dependencies of target vehicle_networking_interfaces__rosidl_typesupport_introspection_cpp\x1b[0m\n'}
[3.741364] (-) TimerEvent: {}
[3.783440] (vehicle_networking_interfaces) StdoutLine: {'line': b'\x1b[35m\x1b[1mScanning dependencies of target vehicle_networking_interfaces__rosidl_typesupport_fastrtps_cpp\x1b[0m\n'}
[3.787126] (vehicle_networking_interfaces) StdoutLine: {'line': b'[ 25%] \x1b[32mBuilding CXX object CMakeFiles/vehicle_networking_interfaces__rosidl_typesupport_introspection_cpp.dir/rosidl_typesupport_introspection_cpp/vehicle_networking_interfaces/srv/detail/get_serial_port__type_support.cpp.o\x1b[0m\n'}
[3.841482] (-) TimerEvent: {}
[3.923488] (vehicle_networking_interfaces) StdoutLine: {'line': b'[ 27%] \x1b[32mBuilding CXX object CMakeFiles/vehicle_networking_interfaces__rosidl_typesupport_fastrtps_cpp.dir/rosidl_typesupport_fastrtps_cpp/vehicle_networking_interfaces/srv/detail/dds_fastrtps/get_serial_port__type_support.cpp.o\x1b[0m\n'}
[3.941605] (-) TimerEvent: {}
[4.055262] (-) TimerEvent: {}
[4.155662] (-) TimerEvent: {}
[4.256045] (-) TimerEvent: {}
[4.394275] (-) TimerEvent: {}
[4.514368] (-) TimerEvent: {}
[4.642286] (-) TimerEvent: {}
[4.656282] (vehicle_networking_interfaces) StdoutLine: {'line': b'[ 29%] \x1b[32mBuilding CXX object CMakeFiles/vehicle_networking_interfaces__rosidl_typesupport_cpp.dir/rosidl_typesupport_cpp/vehicle_networking_interfaces/srv/reset_serial_port__type_support.cpp.o\x1b[0m\n'}
[4.742406] (-) TimerEvent: {}
[4.752355] (vehicle_networking_interfaces) StdoutLine: {'line': b'\x1b[35m\x1b[1mScanning dependencies of target vehicle_networking_interfaces__rosidl_typesupport_introspection_c\x1b[0m\n'}
[4.783528] (vehicle_networking_interfaces) StdoutLine: {'line': b'[ 31%] \x1b[32mBuilding C object CMakeFiles/vehicle_networking_interfaces__rosidl_typesupport_introspection_c.dir/rosidl_typesupport_introspection_c/vehicle_networking_interfaces/srv/detail/get_serial_port__type_support.c.o\x1b[0m\n'}
[4.842677] (-) TimerEvent: {}
[4.908631] (vehicle_networking_interfaces) StdoutLine: {'line': b'[ 34%] \x1b[32mBuilding CXX object CMakeFiles/vehicle_networking_interfaces__rosidl_typesupport_introspection_cpp.dir/rosidl_typesupport_introspection_cpp/vehicle_networking_interfaces/srv/detail/reset_serial_port__type_support.cpp.o\x1b[0m\n'}
[4.928267] (vehicle_networking_interfaces) StdoutLine: {'line': b'[ 36%] \x1b[32mBuilding C object CMakeFiles/vehicle_networking_interfaces__rosidl_typesupport_introspection_c.dir/rosidl_typesupport_introspection_c/vehicle_networking_interfaces/srv/detail/reset_serial_port__type_support.c.o\x1b[0m\n'}
[4.942801] (-) TimerEvent: {}
[5.021355] (vehicle_networking_interfaces) StdoutLine: {'line': b'[ 38%] \x1b[32mBuilding C object CMakeFiles/vehicle_networking_interfaces__rosidl_typesupport_introspection_c.dir/rosidl_typesupport_introspection_c/vehicle_networking_interfaces/srv/detail/get_device_status__type_support.c.o\x1b[0m\n'}
[5.042928] (-) TimerEvent: {}
[5.117869] (vehicle_networking_interfaces) StdoutLine: {'line': b'[ 40%] \x1b[32m\x1b[1mLinking C shared library libvehicle_networking_interfaces__rosidl_typesupport_introspection_c.so\x1b[0m\n'}
[5.143050] (-) TimerEvent: {}
[5.194699] (vehicle_networking_interfaces) StdoutLine: {'line': b'[ 40%] Built target vehicle_networking_interfaces__rosidl_typesupport_introspection_c\n'}
[5.219263] (vehicle_networking_interfaces) StdoutLine: {'line': b'[ 42%] \x1b[32mBuilding CXX object CMakeFiles/vehicle_networking_interfaces__rosidl_typesupport_introspection_cpp.dir/rosidl_typesupport_introspection_cpp/vehicle_networking_interfaces/srv/detail/get_device_status__type_support.cpp.o\x1b[0m\n'}
[5.219548] (vehicle_networking_interfaces) StdoutLine: {'line': b'[ 44%] \x1b[32mBuilding CXX object CMakeFiles/vehicle_networking_interfaces__rosidl_typesupport_fastrtps_cpp.dir/rosidl_typesupport_fastrtps_cpp/vehicle_networking_interfaces/srv/detail/dds_fastrtps/reset_serial_port__type_support.cpp.o\x1b[0m\n'}
[5.243268] (-) TimerEvent: {}
[5.344558] (-) TimerEvent: {}
[5.445251] (-) TimerEvent: {}
[5.529782] (vehicle_networking_interfaces) StdoutLine: {'line': b'[ 46%] \x1b[32mBuilding CXX object CMakeFiles/vehicle_networking_interfaces__rosidl_typesupport_cpp.dir/rosidl_typesupport_cpp/vehicle_networking_interfaces/srv/get_device_status__type_support.cpp.o\x1b[0m\n'}
[5.545374] (-) TimerEvent: {}
[5.646120] (-) TimerEvent: {}
[5.719590] (vehicle_networking_interfaces) StdoutLine: {'line': b'[ 48%] \x1b[34m\x1b[1mGenerating C type support dispatch for ROS interfaces\x1b[0m\n'}
[5.748278] (-) TimerEvent: {}
[5.849015] (-) TimerEvent: {}
[5.949817] (-) TimerEvent: {}
[6.050881] (-) TimerEvent: {}
[6.112345] (vehicle_networking_interfaces) StdoutLine: {'line': b'[ 51%] \x1b[32m\x1b[1mLinking CXX shared library libvehicle_networking_interfaces__rosidl_typesupport_introspection_cpp.so\x1b[0m\n'}
[6.150999] (-) TimerEvent: {}
[6.252265] (-) TimerEvent: {}
[6.263898] (vehicle_networking_interfaces) StdoutLine: {'line': b'[ 53%] \x1b[32m\x1b[1mLinking CXX shared library libvehicle_networking_interfaces__rosidl_typesupport_cpp.so\x1b[0m\n'}
[6.283331] (vehicle_networking_interfaces) StdoutLine: {'line': b'[ 53%] Built target vehicle_networking_interfaces__rosidl_typesupport_introspection_cpp\n'}
[6.297300] (vehicle_networking_interfaces) StdoutLine: {'line': b'[ 55%] \x1b[32mBuilding CXX object CMakeFiles/vehicle_networking_interfaces__rosidl_typesupport_fastrtps_cpp.dir/rosidl_typesupport_fastrtps_cpp/vehicle_networking_interfaces/srv/detail/dds_fastrtps/get_device_status__type_support.cpp.o\x1b[0m\n'}
[6.352386] (-) TimerEvent: {}
[6.363545] (vehicle_networking_interfaces) StdoutLine: {'line': b'[ 55%] Built target vehicle_networking_interfaces__rosidl_typesupport_cpp\n'}
[6.452510] (-) TimerEvent: {}
[6.512645] (vehicle_networking_interfaces) StdoutLine: {'line': b'\x1b[35m\x1b[1mScanning dependencies of target vehicle_networking_interfaces__rosidl_typesupport_c\x1b[0m\n'}
[6.541264] (vehicle_networking_interfaces) StdoutLine: {'line': b'[ 57%] \x1b[32mBuilding CXX object CMakeFiles/vehicle_networking_interfaces__rosidl_typesupport_c.dir/rosidl_typesupport_c/vehicle_networking_interfaces/srv/reset_serial_port__type_support.cpp.o\x1b[0m\n'}
[6.541582] (vehicle_networking_interfaces) StdoutLine: {'line': b'[ 59%] \x1b[32mBuilding CXX object CMakeFiles/vehicle_networking_interfaces__rosidl_typesupport_c.dir/rosidl_typesupport_c/vehicle_networking_interfaces/srv/get_device_status__type_support.cpp.o\x1b[0m\n'}
[6.552628] (-) TimerEvent: {}
[6.556471] (vehicle_networking_interfaces) StdoutLine: {'line': b'[ 61%] \x1b[32mBuilding CXX object CMakeFiles/vehicle_networking_interfaces__rosidl_typesupport_c.dir/rosidl_typesupport_c/vehicle_networking_interfaces/srv/get_serial_port__type_support.cpp.o\x1b[0m\n'}
[6.648272] (vehicle_networking_interfaces) StdoutLine: {'line': b'[ 63%] \x1b[32m\x1b[1mLinking CXX shared library libvehicle_networking_interfaces__rosidl_typesupport_c.so\x1b[0m\n'}
[6.652750] (-) TimerEvent: {}
[6.717100] (vehicle_networking_interfaces) StdoutLine: {'line': b'[ 63%] Built target vehicle_networking_interfaces__rosidl_typesupport_c\n'}
[6.752867] (-) TimerEvent: {}
[6.853268] (-) TimerEvent: {}
[6.953654] (-) TimerEvent: {}
[7.020676] (vehicle_networking_interfaces) StdoutLine: {'line': b'[ 65%] \x1b[32m\x1b[1mLinking CXX shared library libvehicle_networking_interfaces__rosidl_typesupport_fastrtps_cpp.so\x1b[0m\n'}
[7.053767] (-) TimerEvent: {}
[7.148715] (vehicle_networking_interfaces) StdoutLine: {'line': b'[ 65%] Built target vehicle_networking_interfaces__rosidl_typesupport_fastrtps_cpp\n'}
[7.153863] (-) TimerEvent: {}
[7.166320] (vehicle_networking_interfaces) StdoutLine: {'line': b'[ 68%] \x1b[34m\x1b[1mGenerating C type support for eProsima Fast-RTPS\x1b[0m\n'}
[7.253982] (-) TimerEvent: {}
[7.354355] (-) TimerEvent: {}
[7.454703] (-) TimerEvent: {}
[7.555041] (-) TimerEvent: {}
[7.655399] (-) TimerEvent: {}
[7.712976] (vehicle_networking_interfaces) StdoutLine: {'line': b'\x1b[35m\x1b[1mScanning dependencies of target vehicle_networking_interfaces__rosidl_typesupport_fastrtps_c\x1b[0m\n'}
[7.741373] (vehicle_networking_interfaces) StdoutLine: {'line': b'[ 70%] \x1b[32mBuilding CXX object CMakeFiles/vehicle_networking_interfaces__rosidl_typesupport_fastrtps_c.dir/rosidl_typesupport_fastrtps_c/vehicle_networking_interfaces/srv/detail/reset_serial_port__type_support_c.cpp.o\x1b[0m\n'}
[7.741705] (vehicle_networking_interfaces) StdoutLine: {'line': b'[ 72%] \x1b[32mBuilding CXX object CMakeFiles/vehicle_networking_interfaces__rosidl_typesupport_fastrtps_c.dir/rosidl_typesupport_fastrtps_c/vehicle_networking_interfaces/srv/detail/get_serial_port__type_support_c.cpp.o\x1b[0m\n'}
[7.751628] (vehicle_networking_interfaces) StdoutLine: {'line': b'[ 74%] \x1b[32mBuilding CXX object CMakeFiles/vehicle_networking_interfaces__rosidl_typesupport_fastrtps_c.dir/rosidl_typesupport_fastrtps_c/vehicle_networking_interfaces/srv/detail/get_device_status__type_support_c.cpp.o\x1b[0m\n'}
[7.755508] (-) TimerEvent: {}
[7.855927] (-) TimerEvent: {}
[7.956456] (-) TimerEvent: {}
[8.057633] (-) TimerEvent: {}
[8.158049] (-) TimerEvent: {}
[8.258461] (-) TimerEvent: {}
[8.359424] (-) TimerEvent: {}
[8.459799] (-) TimerEvent: {}
[8.559603] (vehicle_networking_interfaces) StdoutLine: {'line': b'[ 76%] \x1b[32m\x1b[1mLinking CXX shared library libvehicle_networking_interfaces__rosidl_typesupport_fastrtps_c.so\x1b[0m\n'}
[8.559889] (-) TimerEvent: {}
[8.660218] (-) TimerEvent: {}
[8.694273] (vehicle_networking_interfaces) StdoutLine: {'line': b'[ 76%] Built target vehicle_networking_interfaces__rosidl_typesupport_fastrtps_c\n'}
[8.723735] (vehicle_networking_interfaces) StdoutLine: {'line': b'[ 76%] Built target vehicle_networking_interfaces\n'}
[8.739022] (vehicle_networking_interfaces) StdoutLine: {'line': b'\x1b[35m\x1b[1mScanning dependencies of target vehicle_networking_interfaces__py\x1b[0m\n'}
[8.753553] (vehicle_networking_interfaces) StdoutLine: {'line': b'[ 78%] \x1b[34m\x1b[1mGenerating Python code for ROS interfaces\x1b[0m\n'}
[8.760258] (-) TimerEvent: {}
[8.860658] (-) TimerEvent: {}
[8.961012] (-) TimerEvent: {}
[9.061379] (-) TimerEvent: {}
[9.161778] (-) TimerEvent: {}
[9.262109] (-) TimerEvent: {}
[9.362456] (-) TimerEvent: {}
[9.462776] (-) TimerEvent: {}
[9.563127] (-) TimerEvent: {}
[9.663495] (-) TimerEvent: {}
[9.763885] (-) TimerEvent: {}
[9.864264] (-) TimerEvent: {}
[9.944955] (vehicle_networking_interfaces) StdoutLine: {'line': b'[ 78%] Built target vehicle_networking_interfaces__py\n'}
[9.962120] (vehicle_networking_interfaces) StdoutLine: {'line': b'\x1b[35m\x1b[1mScanning dependencies of target vehicle_networking_interfaces__python\x1b[0m\n'}
[9.964334] (-) TimerEvent: {}
[10.008295] (vehicle_networking_interfaces) StdoutLine: {'line': b'[ 80%] \x1b[32mBuilding C object CMakeFiles/vehicle_networking_interfaces__python.dir/rosidl_generator_py/vehicle_networking_interfaces/srv/_get_serial_port_s.c.o\x1b[0m\n'}
[10.013291] (vehicle_networking_interfaces) StdoutLine: {'line': b'[ 82%] \x1b[32mBuilding C object CMakeFiles/vehicle_networking_interfaces__python.dir/rosidl_generator_py/vehicle_networking_interfaces/srv/_reset_serial_port_s.c.o\x1b[0m\n'}
[10.019604] (vehicle_networking_interfaces) StdoutLine: {'line': b'[ 85%] \x1b[32mBuilding C object CMakeFiles/vehicle_networking_interfaces__python.dir/rosidl_generator_py/vehicle_networking_interfaces/srv/_get_device_status_s.c.o\x1b[0m\n'}
[10.064470] (-) TimerEvent: {}
[10.184300] (-) TimerEvent: {}
[10.284707] (-) TimerEvent: {}
[10.356835] (vehicle_networking_interfaces) StdoutLine: {'line': b'[ 87%] \x1b[32m\x1b[1mLinking C shared library rosidl_generator_py/vehicle_networking_interfaces/libvehicle_networking_interfaces__python.so\x1b[0m\n'}
[10.387279] (-) TimerEvent: {}
[10.431740] (vehicle_networking_interfaces) StdoutLine: {'line': b'[ 87%] Built target vehicle_networking_interfaces__python\n'}
[10.464780] (vehicle_networking_interfaces) StdoutLine: {'line': b'\x1b[35m\x1b[1mScanning dependencies of target vehicle_networking_interfaces__rosidl_typesupport_c__pyext\x1b[0m\n'}
[10.466346] (vehicle_networking_interfaces) StdoutLine: {'line': b'\x1b[35m\x1b[1mScanning dependencies of target vehicle_networking_interfaces__rosidl_typesupport_introspection_c__pyext\x1b[0m\n'}
[10.467448] (vehicle_networking_interfaces) StdoutLine: {'line': b'\x1b[35m\x1b[1mScanning dependencies of target vehicle_networking_interfaces__rosidl_typesupport_fastrtps_c__pyext\x1b[0m\n'}
[10.488316] (-) TimerEvent: {}
[10.503135] (vehicle_networking_interfaces) StdoutLine: {'line': b'[ 89%] \x1b[32mBuilding C object CMakeFiles/vehicle_networking_interfaces__rosidl_typesupport_c__pyext.dir/rosidl_generator_py/vehicle_networking_interfaces/_vehicle_networking_interfaces_s.ep.rosidl_typesupport_c.c.o\x1b[0m\n'}
[10.519565] (vehicle_networking_interfaces) StdoutLine: {'line': b'[ 91%] \x1b[32mBuilding C object CMakeFiles/vehicle_networking_interfaces__rosidl_typesupport_fastrtps_c__pyext.dir/rosidl_generator_py/vehicle_networking_interfaces/_vehicle_networking_interfaces_s.ep.rosidl_typesupport_fastrtps_c.c.o\x1b[0m\n'}
[10.580531] (vehicle_networking_interfaces) StdoutLine: {'line': b'[ 93%] \x1b[32mBuilding C object CMakeFiles/vehicle_networking_interfaces__rosidl_typesupport_introspection_c__pyext.dir/rosidl_generator_py/vehicle_networking_interfaces/_vehicle_networking_interfaces_s.ep.rosidl_typesupport_introspection_c.c.o\x1b[0m\n'}
[10.588959] (-) TimerEvent: {}
[10.691674] (-) TimerEvent: {}
[10.792687] (-) TimerEvent: {}
[10.895273] (-) TimerEvent: {}
[10.900743] (vehicle_networking_interfaces) StdoutLine: {'line': b'[ 95%] \x1b[32m\x1b[1mLinking C shared library rosidl_generator_py/vehicle_networking_interfaces/vehicle_networking_interfaces_s__rosidl_typesupport_introspection_c.cpython-38-x86_64-linux-gnu.so\x1b[0m\n'}
[10.910601] (vehicle_networking_interfaces) StdoutLine: {'line': b'[ 97%] \x1b[32m\x1b[1mLinking CXX shared library rosidl_generator_py/vehicle_networking_interfaces/vehicle_networking_interfaces_s__rosidl_typesupport_fastrtps_c.cpython-38-x86_64-linux-gnu.so\x1b[0m\n'}
[10.995394] (-) TimerEvent: {}
[11.112284] (-) TimerEvent: {}
[11.124765] (vehicle_networking_interfaces) StdoutLine: {'line': b'[100%] \x1b[32m\x1b[1mLinking C shared library rosidl_generator_py/vehicle_networking_interfaces/vehicle_networking_interfaces_s__rosidl_typesupport_c.cpython-38-x86_64-linux-gnu.so\x1b[0m\n'}
[11.189354] (vehicle_networking_interfaces) StdoutLine: {'line': b'[100%] Built target vehicle_networking_interfaces__rosidl_typesupport_introspection_c__pyext\n'}
[11.203134] (vehicle_networking_interfaces) StdoutLine: {'line': b'[100%] Built target vehicle_networking_interfaces__rosidl_typesupport_c__pyext\n'}
[11.212402] (-) TimerEvent: {}
[11.243461] (vehicle_networking_interfaces) StdoutLine: {'line': b'[100%] Built target vehicle_networking_interfaces__rosidl_typesupport_fastrtps_c__pyext\n'}
[11.271948] (vehicle_networking_interfaces) CommandEnded: {'returncode': 0}
[11.315611] (-) TimerEvent: {}
[11.416047] (-) TimerEvent: {}
[11.493898] (vehicle_networking_interfaces) JobProgress: {'identifier': 'vehicle_networking_interfaces', 'progress': 'install'}
[11.514885] (vehicle_networking_interfaces) Command: {'cmd': ['/usr/bin/cmake', '--install', '/root/build/vehicle_networking_interfaces'], 'cwd': '/root/build/vehicle_networking_interfaces', 'env': OrderedDict([('HOSTNAME', '769d3d6d02f0'), ('SHLVL', '1'), ('LD_LIBRARY_PATH', '/root/install/vehicle_networking_interfaces/lib:/opt/ros/foxy/opt/yaml_cpp_vendor/lib:/opt/ros/foxy/opt/rviz_ogre_vendor/lib:/opt/ros/foxy/lib/x86_64-linux-gnu:/opt/ros/foxy/lib'), ('HOME', '/root'), ('OLDPWD', '/'), ('ROS_PYTHON_VERSION', '3'), ('COLCON_PREFIX_PATH', '/root/install'), ('ROS_DISTRO', 'foxy'), ('_', '/usr/bin/colcon'), ('ROS_VERSION', '2'), ('TERM', 'xterm'), ('ROS_LOCALHOST_ONLY', '0'), ('QT_X11_NO_MITSHM', '1'), ('PATH', '/opt/ros/foxy/bin:/usr/local/sbin:/usr/local/bin:/usr/sbin:/usr/bin:/sbin:/bin'), ('DISPLAY', ':0.0'), ('LANG', 'C.UTF-8'), ('AMENT_PREFIX_PATH', '/root/install/vehicle_networking:/root/install/vehicle_networking_interfaces:/opt/ros/foxy'), ('DEBIAN_FRONTEND', 'noninteractive'), ('PWD', '/root/build/vehicle_networking_interfaces'), ('LC_ALL', 'C.UTF-8'), ('PYTHONPATH', '/root/install/vehicle_networking/lib/python3.8/site-packages:/root/install/vehicle_networking_interfaces/lib/python3.8/site-packages:/opt/ros/foxy/lib/python3.8/site-packages'), ('COLCON', '1'), ('CMAKE_PREFIX_PATH', '/root/install/vehicle_networking_interfaces:/root/install/vehicle_networking:/opt/ros/foxy')]), 'shell': False}
[11.516329] (-) TimerEvent: {}
[11.537700] (vehicle_networking_interfaces) StdoutLine: {'line': b'-- Install configuration: ""\n'}
[11.538428] (vehicle_networking_interfaces) StdoutLine: {'line': b'-- Installing: /root/install/vehicle_networking_interfaces/share/ament_index/resource_index/rosidl_interfaces/vehicle_networking_interfaces\n'}
[11.538673] (vehicle_networking_interfaces) StdoutLine: {'line': b'-- Up-to-date: /root/install/vehicle_networking_interfaces/include/vehicle_networking_interfaces\n'}
[11.538889] (vehicle_networking_interfaces) StdoutLine: {'line': b'-- Up-to-date: /root/install/vehicle_networking_interfaces/include/vehicle_networking_interfaces/msg\n'}
[11.539072] (vehicle_networking_interfaces) StdoutLine: {'line': b'-- Up-to-date: /root/install/vehicle_networking_interfaces/include/vehicle_networking_interfaces/msg/rosidl_generator_c__visibility_control.h\n'}
[11.539281] (vehicle_networking_interfaces) StdoutLine: {'line': b'-- Up-to-date: /root/install/vehicle_networking_interfaces/include/vehicle_networking_interfaces/srv\n'}
[11.539456] (vehicle_networking_interfaces) StdoutLine: {'line': b'-- Installing: /root/install/vehicle_networking_interfaces/include/vehicle_networking_interfaces/srv/get_device_status.h\n'}
[11.539778] (vehicle_networking_interfaces) StdoutLine: {'line': b'-- Installing: /root/install/vehicle_networking_interfaces/include/vehicle_networking_interfaces/srv/reset_serial_port.h\n'}
[11.540017] (vehicle_networking_interfaces) StdoutLine: {'line': b'-- Installing: /root/install/vehicle_networking_interfaces/include/vehicle_networking_interfaces/srv/get_serial_port.h\n'}
[11.540252] (vehicle_networking_interfaces) StdoutLine: {'line': b'-- Up-to-date: /root/install/vehicle_networking_interfaces/include/vehicle_networking_interfaces/srv/detail\n'}
[11.540477] (vehicle_networking_interfaces) StdoutLine: {'line': b'-- Installing: /root/install/vehicle_networking_interfaces/include/vehicle_networking_interfaces/srv/detail/reset_serial_port__functions.c\n'}
[11.540690] (vehicle_networking_interfaces) StdoutLine: {'line': b'-- Installing: /root/install/vehicle_networking_interfaces/include/vehicle_networking_interfaces/srv/detail/get_serial_port__functions.c\n'}
[11.540912] (vehicle_networking_interfaces) StdoutLine: {'line': b'-- Installing: /root/install/vehicle_networking_interfaces/include/vehicle_networking_interfaces/srv/detail/reset_serial_port__type_support.h\n'}
[11.541141] (vehicle_networking_interfaces) StdoutLine: {'line': b'-- Installing: /root/install/vehicle_networking_interfaces/include/vehicle_networking_interfaces/srv/detail/get_serial_port__functions.h\n'}
[11.541342] (vehicle_networking_interfaces) StdoutLine: {'line': b'-- Installing: /root/install/vehicle_networking_interfaces/include/vehicle_networking_interfaces/srv/detail/get_device_status__struct.h\n'}
[11.541538] (vehicle_networking_interfaces) StdoutLine: {'line': b'-- Installing: /root/install/vehicle_networking_interfaces/include/vehicle_networking_interfaces/srv/detail/reset_serial_port__functions.h\n'}
[11.541867] (vehicle_networking_interfaces) StdoutLine: {'line': b'-- Installing: /root/install/vehicle_networking_interfaces/include/vehicle_networking_interfaces/srv/detail/get_serial_port__type_support.h\n'}
[11.542031] (vehicle_networking_interfaces) StdoutLine: {'line': b'-- Installing: /root/install/vehicle_networking_interfaces/include/vehicle_networking_interfaces/srv/detail/get_device_status__functions.h\n'}
[11.542203] (vehicle_networking_interfaces) StdoutLine: {'line': b'-- Installing: /root/install/vehicle_networking_interfaces/include/vehicle_networking_interfaces/srv/detail/get_serial_port__struct.h\n'}
[11.542365] (vehicle_networking_interfaces) StdoutLine: {'line': b'-- Installing: /root/install/vehicle_networking_interfaces/include/vehicle_networking_interfaces/srv/detail/get_device_status__functions.c\n'}
[11.542526] (vehicle_networking_interfaces) StdoutLine: {'line': b'-- Installing: /root/install/vehicle_networking_interfaces/include/vehicle_networking_interfaces/srv/detail/get_device_status__type_support.h\n'}
[11.542679] (vehicle_networking_interfaces) StdoutLine: {'line': b'-- Installing: /root/install/vehicle_networking_interfaces/include/vehicle_networking_interfaces/srv/detail/reset_serial_port__struct.h\n'}
[11.542935] (vehicle_networking_interfaces) StdoutLine: {'line': b'-- Up-to-date: /root/install/vehicle_networking_interfaces/share/vehicle_networking_interfaces/environment/library_path.sh\n'}
[11.543115] (vehicle_networking_interfaces) StdoutLine: {'line': b'-- Installing: /root/install/vehicle_networking_interfaces/share/vehicle_networking_interfaces/environment/library_path.dsv\n'}
[11.543364] (vehicle_networking_interfaces) StdoutLine: {'line': b'-- Installing: /root/install/vehicle_networking_interfaces/lib/libvehicle_networking_interfaces__rosidl_generator_c.so\n'}
[11.544249] (vehicle_networking_interfaces) StdoutLine: {'line': b'-- Set runtime path of "/root/install/vehicle_networking_interfaces/lib/libvehicle_networking_interfaces__rosidl_generator_c.so" to ""\n'}
[11.544581] (vehicle_networking_interfaces) StdoutLine: {'line': b'-- Up-to-date: /root/install/vehicle_networking_interfaces/include/vehicle_networking_interfaces\n'}
[11.544765] (vehicle_networking_interfaces) StdoutLine: {'line': b'-- Up-to-date: /root/install/vehicle_networking_interfaces/include/vehicle_networking_interfaces/msg\n'}
[11.544943] (vehicle_networking_interfaces) StdoutLine: {'line': b'-- Up-to-date: /root/install/vehicle_networking_interfaces/include/vehicle_networking_interfaces/msg/rosidl_typesupport_fastrtps_c__visibility_control.h\n'}
[11.545250] (vehicle_networking_interfaces) StdoutLine: {'line': b'-- Up-to-date: /root/install/vehicle_networking_interfaces/include/vehicle_networking_interfaces/srv\n'}
[11.545429] (vehicle_networking_interfaces) StdoutLine: {'line': b'-- Up-to-date: /root/install/vehicle_networking_interfaces/include/vehicle_networking_interfaces/srv/detail\n'}
[11.545581] (vehicle_networking_interfaces) StdoutLine: {'line': b'-- Installing: /root/install/vehicle_networking_interfaces/include/vehicle_networking_interfaces/srv/detail/reset_serial_port__rosidl_typesupport_fastrtps_c.h\n'}
[11.545731] (vehicle_networking_interfaces) StdoutLine: {'line': b'-- Installing: /root/install/vehicle_networking_interfaces/include/vehicle_networking_interfaces/srv/detail/get_device_status__rosidl_typesupport_fastrtps_c.h\n'}
[11.545895] (vehicle_networking_interfaces) StdoutLine: {'line': b'-- Installing: /root/install/vehicle_networking_interfaces/include/vehicle_networking_interfaces/srv/detail/get_serial_port__rosidl_typesupport_fastrtps_c.h\n'}
[11.546144] (vehicle_networking_interfaces) StdoutLine: {'line': b'-- Installing: /root/install/vehicle_networking_interfaces/lib/libvehicle_networking_interfaces__rosidl_typesupport_fastrtps_c.so\n'}
[11.547119] (vehicle_networking_interfaces) StdoutLine: {'line': b'-- Set runtime path of "/root/install/vehicle_networking_interfaces/lib/libvehicle_networking_interfaces__rosidl_typesupport_fastrtps_c.so" to ""\n'}
[11.547524] (vehicle_networking_interfaces) StdoutLine: {'line': b'-- Up-to-date: /root/install/vehicle_networking_interfaces/include/vehicle_networking_interfaces\n'}
[11.547727] (vehicle_networking_interfaces) StdoutLine: {'line': b'-- Up-to-date: /root/install/vehicle_networking_interfaces/include/vehicle_networking_interfaces/msg\n'}
[11.547915] (vehicle_networking_interfaces) StdoutLine: {'line': b'-- Up-to-date: /root/install/vehicle_networking_interfaces/include/vehicle_networking_interfaces/msg/rosidl_typesupport_fastrtps_cpp__visibility_control.h\n'}
[11.548092] (vehicle_networking_interfaces) StdoutLine: {'line': b'-- Up-to-date: /root/install/vehicle_networking_interfaces/include/vehicle_networking_interfaces/srv\n'}
[11.548391] (vehicle_networking_interfaces) StdoutLine: {'line': b'-- Up-to-date: /root/install/vehicle_networking_interfaces/include/vehicle_networking_interfaces/srv/detail\n'}
[11.548570] (vehicle_networking_interfaces) StdoutLine: {'line': b'-- Installing: /root/install/vehicle_networking_interfaces/include/vehicle_networking_interfaces/srv/detail/get_device_status__rosidl_typesupport_fastrtps_cpp.hpp\n'}
[11.548736] (vehicle_networking_interfaces) StdoutLine: {'line': b'-- Installing: /root/install/vehicle_networking_interfaces/include/vehicle_networking_interfaces/srv/detail/get_serial_port__rosidl_typesupport_fastrtps_cpp.hpp\n'}
[11.548894] (vehicle_networking_interfaces) StdoutLine: {'line': b'-- Installing: /root/install/vehicle_networking_interfaces/include/vehicle_networking_interfaces/srv/detail/reset_serial_port__rosidl_typesupport_fastrtps_cpp.hpp\n'}
[11.549056] (vehicle_networking_interfaces) StdoutLine: {'line': b'-- Up-to-date: /root/install/vehicle_networking_interfaces/include/vehicle_networking_interfaces/srv/detail/dds_fastrtps\n'}
[11.549311] (vehicle_networking_interfaces) StdoutLine: {'line': b'-- Installing: /root/install/vehicle_networking_interfaces/lib/libvehicle_networking_interfaces__rosidl_typesupport_fastrtps_cpp.so\n'}
[11.550113] (vehicle_networking_interfaces) StdoutLine: {'line': b'-- Set runtime path of "/root/install/vehicle_networking_interfaces/lib/libvehicle_networking_interfaces__rosidl_typesupport_fastrtps_cpp.so" to ""\n'}
[11.550444] (vehicle_networking_interfaces) StdoutLine: {'line': b'-- Up-to-date: /root/install/vehicle_networking_interfaces/include/vehicle_networking_interfaces\n'}
[11.550625] (vehicle_networking_interfaces) StdoutLine: {'line': b'-- Up-to-date: /root/install/vehicle_networking_interfaces/include/vehicle_networking_interfaces/msg\n'}
[11.550804] (vehicle_networking_interfaces) StdoutLine: {'line': b'-- Up-to-date: /root/install/vehicle_networking_interfaces/include/vehicle_networking_interfaces/msg/rosidl_typesupport_introspection_c__visibility_control.h\n'}
[11.551079] (vehicle_networking_interfaces) StdoutLine: {'line': b'-- Up-to-date: /root/install/vehicle_networking_interfaces/include/vehicle_networking_interfaces/srv\n'}
[11.551275] (vehicle_networking_interfaces) StdoutLine: {'line': b'-- Up-to-date: /root/install/vehicle_networking_interfaces/include/vehicle_networking_interfaces/srv/detail\n'}
[11.551458] (vehicle_networking_interfaces) StdoutLine: {'line': b'-- Installing: /root/install/vehicle_networking_interfaces/include/vehicle_networking_interfaces/srv/detail/get_serial_port__type_support.c\n'}
[11.551627] (vehicle_networking_interfaces) StdoutLine: {'line': b'-- Installing: /root/install/vehicle_networking_interfaces/include/vehicle_networking_interfaces/srv/detail/reset_serial_port__rosidl_typesupport_introspection_c.h\n'}
[11.551901] (vehicle_networking_interfaces) StdoutLine: {'line': b'-- Installing: /root/install/vehicle_networking_interfaces/include/vehicle_networking_interfaces/srv/detail/reset_serial_port__type_support.c\n'}
[11.552070] (vehicle_networking_interfaces) StdoutLine: {'line': b'-- Installing: /root/install/vehicle_networking_interfaces/include/vehicle_networking_interfaces/srv/detail/get_serial_port__rosidl_typesupport_introspection_c.h\n'}
[11.552231] (vehicle_networking_interfaces) StdoutLine: {'line': b'-- Installing: /root/install/vehicle_networking_interfaces/include/vehicle_networking_interfaces/srv/detail/get_device_status__rosidl_typesupport_introspection_c.h\n'}
[11.552375] (vehicle_networking_interfaces) StdoutLine: {'line': b'-- Installing: /root/install/vehicle_networking_interfaces/include/vehicle_networking_interfaces/srv/detail/get_device_status__type_support.c\n'}
[11.552757] (vehicle_networking_interfaces) StdoutLine: {'line': b'-- Installing: /root/install/vehicle_networking_interfaces/lib/libvehicle_networking_interfaces__rosidl_typesupport_introspection_c.so\n'}
[11.553626] (vehicle_networking_interfaces) StdoutLine: {'line': b'-- Set runtime path of "/root/install/vehicle_networking_interfaces/lib/libvehicle_networking_interfaces__rosidl_typesupport_introspection_c.so" to ""\n'}
[11.554221] (vehicle_networking_interfaces) StdoutLine: {'line': b'-- Installing: /root/install/vehicle_networking_interfaces/lib/libvehicle_networking_interfaces__rosidl_typesupport_c.so\n'}
[11.554987] (vehicle_networking_interfaces) StdoutLine: {'line': b'-- Set runtime path of "/root/install/vehicle_networking_interfaces/lib/libvehicle_networking_interfaces__rosidl_typesupport_c.so" to ""\n'}
[11.555314] (vehicle_networking_interfaces) StdoutLine: {'line': b'-- Up-to-date: /root/install/vehicle_networking_interfaces/include/vehicle_networking_interfaces\n'}
[11.555511] (vehicle_networking_interfaces) StdoutLine: {'line': b'-- Up-to-date: /root/install/vehicle_networking_interfaces/include/vehicle_networking_interfaces/msg\n'}
[11.555697] (vehicle_networking_interfaces) StdoutLine: {'line': b'-- Up-to-date: /root/install/vehicle_networking_interfaces/include/vehicle_networking_interfaces/msg/rosidl_generator_cpp__visibility_control.hpp\n'}
[11.555989] (vehicle_networking_interfaces) StdoutLine: {'line': b'-- Up-to-date: /root/install/vehicle_networking_interfaces/include/vehicle_networking_interfaces/srv\n'}
[11.556175] (vehicle_networking_interfaces) StdoutLine: {'line': b'-- Installing: /root/install/vehicle_networking_interfaces/include/vehicle_networking_interfaces/srv/get_serial_port.hpp\n'}
[11.556364] (vehicle_networking_interfaces) StdoutLine: {'line': b'-- Installing: /root/install/vehicle_networking_interfaces/include/vehicle_networking_interfaces/srv/get_device_status.hpp\n'}
[11.556558] (vehicle_networking_interfaces) StdoutLine: {'line': b'-- Installing: /root/install/vehicle_networking_interfaces/include/vehicle_networking_interfaces/srv/reset_serial_port.hpp\n'}
[11.556833] (vehicle_networking_interfaces) StdoutLine: {'line': b'-- Up-to-date: /root/install/vehicle_networking_interfaces/include/vehicle_networking_interfaces/srv/detail\n'}
[11.557017] (vehicle_networking_interfaces) StdoutLine: {'line': b'-- Installing: /root/install/vehicle_networking_interfaces/include/vehicle_networking_interfaces/srv/detail/get_serial_port__type_support.hpp\n'}
[11.557186] (vehicle_networking_interfaces) StdoutLine: {'line': b'-- Installing: /root/install/vehicle_networking_interfaces/include/vehicle_networking_interfaces/srv/detail/get_device_status__traits.hpp\n'}
[11.557369] (vehicle_networking_interfaces) StdoutLine: {'line': b'-- Installing: /root/install/vehicle_networking_interfaces/include/vehicle_networking_interfaces/srv/detail/get_serial_port__traits.hpp\n'}
[11.557633] (vehicle_networking_interfaces) StdoutLine: {'line': b'-- Installing: /root/install/vehicle_networking_interfaces/include/vehicle_networking_interfaces/srv/detail/get_serial_port__struct.hpp\n'}
[11.557828] (vehicle_networking_interfaces) StdoutLine: {'line': b'-- Installing: /root/install/vehicle_networking_interfaces/include/vehicle_networking_interfaces/srv/detail/reset_serial_port__traits.hpp\n'}
[11.557995] (vehicle_networking_interfaces) StdoutLine: {'line': b'-- Installing: /root/install/vehicle_networking_interfaces/include/vehicle_networking_interfaces/srv/detail/get_serial_port__builder.hpp\n'}
[11.558157] (vehicle_networking_interfaces) StdoutLine: {'line': b'-- Installing: /root/install/vehicle_networking_interfaces/include/vehicle_networking_interfaces/srv/detail/reset_serial_port__struct.hpp\n'}
[11.558434] (vehicle_networking_interfaces) StdoutLine: {'line': b'-- Installing: /root/install/vehicle_networking_interfaces/include/vehicle_networking_interfaces/srv/detail/get_device_status__builder.hpp\n'}
[11.558609] (vehicle_networking_interfaces) StdoutLine: {'line': b'-- Installing: /root/install/vehicle_networking_interfaces/include/vehicle_networking_interfaces/srv/detail/reset_serial_port__builder.hpp\n'}
[11.558772] (vehicle_networking_interfaces) StdoutLine: {'line': b'-- Installing: /root/install/vehicle_networking_interfaces/include/vehicle_networking_interfaces/srv/detail/get_device_status__type_support.hpp\n'}
[11.559007] (vehicle_networking_interfaces) StdoutLine: {'line': b'-- Installing: /root/install/vehicle_networking_interfaces/include/vehicle_networking_interfaces/srv/detail/reset_serial_port__type_support.hpp\n'}
[11.559182] (vehicle_networking_interfaces) StdoutLine: {'line': b'-- Installing: /root/install/vehicle_networking_interfaces/include/vehicle_networking_interfaces/srv/detail/get_device_status__struct.hpp\n'}
[11.559448] (vehicle_networking_interfaces) StdoutLine: {'line': b'-- Up-to-date: /root/install/vehicle_networking_interfaces/include/vehicle_networking_interfaces\n'}
[11.559622] (vehicle_networking_interfaces) StdoutLine: {'line': b'-- Up-to-date: /root/install/vehicle_networking_interfaces/include/vehicle_networking_interfaces/srv\n'}
[11.559780] (vehicle_networking_interfaces) StdoutLine: {'line': b'-- Up-to-date: /root/install/vehicle_networking_interfaces/include/vehicle_networking_interfaces/srv/detail\n'}
[11.559940] (vehicle_networking_interfaces) StdoutLine: {'line': b'-- Installing: /root/install/vehicle_networking_interfaces/include/vehicle_networking_interfaces/srv/detail/get_serial_port__rosidl_typesupport_introspection_cpp.hpp\n'}
[11.560182] (vehicle_networking_interfaces) StdoutLine: {'line': b'-- Installing: /root/install/vehicle_networking_interfaces/include/vehicle_networking_interfaces/srv/detail/get_device_status__type_support.cpp\n'}
[11.560364] (vehicle_networking_interfaces) StdoutLine: {'line': b'-- Installing: /root/install/vehicle_networking_interfaces/include/vehicle_networking_interfaces/srv/detail/reset_serial_port__rosidl_typesupport_introspection_cpp.hpp\n'}
[11.560523] (vehicle_networking_interfaces) StdoutLine: {'line': b'-- Installing: /root/install/vehicle_networking_interfaces/include/vehicle_networking_interfaces/srv/detail/get_device_status__rosidl_typesupport_introspection_cpp.hpp\n'}
[11.560750] (vehicle_networking_interfaces) StdoutLine: {'line': b'-- Installing: /root/install/vehicle_networking_interfaces/include/vehicle_networking_interfaces/srv/detail/reset_serial_port__type_support.cpp\n'}
[11.560900] (vehicle_networking_interfaces) StdoutLine: {'line': b'-- Installing: /root/install/vehicle_networking_interfaces/include/vehicle_networking_interfaces/srv/detail/get_serial_port__type_support.cpp\n'}
[11.561477] (vehicle_networking_interfaces) StdoutLine: {'line': b'-- Installing: /root/install/vehicle_networking_interfaces/lib/libvehicle_networking_interfaces__rosidl_typesupport_introspection_cpp.so\n'}
[11.562409] (vehicle_networking_interfaces) StdoutLine: {'line': b'-- Set runtime path of "/root/install/vehicle_networking_interfaces/lib/libvehicle_networking_interfaces__rosidl_typesupport_introspection_cpp.so" to ""\n'}
[11.563123] (vehicle_networking_interfaces) StdoutLine: {'line': b'-- Installing: /root/install/vehicle_networking_interfaces/lib/libvehicle_networking_interfaces__rosidl_typesupport_cpp.so\n'}
[11.564011] (vehicle_networking_interfaces) StdoutLine: {'line': b'-- Set runtime path of "/root/install/vehicle_networking_interfaces/lib/libvehicle_networking_interfaces__rosidl_typesupport_cpp.so" to ""\n'}
[11.564445] (vehicle_networking_interfaces) StdoutLine: {'line': b'-- Up-to-date: /root/install/vehicle_networking_interfaces/share/vehicle_networking_interfaces/environment/pythonpath.sh\n'}
[11.564689] (vehicle_networking_interfaces) StdoutLine: {'line': b'-- Installing: /root/install/vehicle_networking_interfaces/share/vehicle_networking_interfaces/environment/pythonpath.dsv\n'}
[11.565003] (vehicle_networking_interfaces) StdoutLine: {'line': b'-- Installing: /root/install/vehicle_networking_interfaces/lib/python3.8/site-packages/vehicle_networking_interfaces/__init__.py\n'}
[11.616433] (-) TimerEvent: {}
[11.628346] (vehicle_networking_interfaces) StdoutLine: {'line': b"Compiling '/root/install/vehicle_networking_interfaces/lib/python3.8/site-packages/vehicle_networking_interfaces/__init__.py'...\n"}
[11.637445] (vehicle_networking_interfaces) StdoutLine: {'line': b'-- Up-to-date: /root/install/vehicle_networking_interfaces/lib/python3.8/site-packages/vehicle_networking_interfaces/srv\n'}
[11.637725] (vehicle_networking_interfaces) StdoutLine: {'line': b'-- Installing: /root/install/vehicle_networking_interfaces/lib/python3.8/site-packages/vehicle_networking_interfaces/srv/_reset_serial_port_s.c\n'}
[11.637868] (vehicle_networking_interfaces) StdoutLine: {'line': b'-- Installing: /root/install/vehicle_networking_interfaces/lib/python3.8/site-packages/vehicle_networking_interfaces/srv/_reset_serial_port.py\n'}
[11.637992] (vehicle_networking_interfaces) StdoutLine: {'line': b'-- Installing: /root/install/vehicle_networking_interfaces/lib/python3.8/site-packages/vehicle_networking_interfaces/srv/_get_serial_port_s.c\n'}
[11.638117] (vehicle_networking_interfaces) StdoutLine: {'line': b'-- Installing: /root/install/vehicle_networking_interfaces/lib/python3.8/site-packages/vehicle_networking_interfaces/srv/_get_device_status.py\n'}
[11.638278] (vehicle_networking_interfaces) StdoutLine: {'line': b'-- Installing: /root/install/vehicle_networking_interfaces/lib/python3.8/site-packages/vehicle_networking_interfaces/srv/__init__.py\n'}
[11.638406] (vehicle_networking_interfaces) StdoutLine: {'line': b'-- Installing: /root/install/vehicle_networking_interfaces/lib/python3.8/site-packages/vehicle_networking_interfaces/srv/_get_device_status_s.c\n'}
[11.638526] (vehicle_networking_interfaces) StdoutLine: {'line': b'-- Installing: /root/install/vehicle_networking_interfaces/lib/python3.8/site-packages/vehicle_networking_interfaces/srv/_get_serial_port.py\n'}
[11.641448] (vehicle_networking_interfaces) StdoutLine: {'line': b'-- Installing: /root/install/vehicle_networking_interfaces/lib/python3.8/site-packages/vehicle_networking_interfaces/vehicle_networking_interfaces_s__rosidl_typesupport_fastrtps_c.cpython-38-x86_64-linux-gnu.so\n'}
[11.641738] (vehicle_networking_interfaces) StdoutLine: {'line': b'-- Set runtime path of "/root/install/vehicle_networking_interfaces/lib/python3.8/site-packages/vehicle_networking_interfaces/vehicle_networking_interfaces_s__rosidl_typesupport_fastrtps_c.cpython-38-x86_64-linux-gnu.so" to ""\n'}
[11.644419] (vehicle_networking_interfaces) StdoutLine: {'line': b'-- Installing: /root/install/vehicle_networking_interfaces/lib/python3.8/site-packages/vehicle_networking_interfaces/vehicle_networking_interfaces_s__rosidl_typesupport_introspection_c.cpython-38-x86_64-linux-gnu.so\n'}
[11.644708] (vehicle_networking_interfaces) StdoutLine: {'line': b'-- Set runtime path of "/root/install/vehicle_networking_interfaces/lib/python3.8/site-packages/vehicle_networking_interfaces/vehicle_networking_interfaces_s__rosidl_typesupport_introspection_c.cpython-38-x86_64-linux-gnu.so" to ""\n'}
[11.646456] (vehicle_networking_interfaces) StdoutLine: {'line': b'-- Installing: /root/install/vehicle_networking_interfaces/lib/python3.8/site-packages/vehicle_networking_interfaces/vehicle_networking_interfaces_s__rosidl_typesupport_c.cpython-38-x86_64-linux-gnu.so\n'}
[11.646995] (vehicle_networking_interfaces) StdoutLine: {'line': b'-- Set runtime path of "/root/install/vehicle_networking_interfaces/lib/python3.8/site-packages/vehicle_networking_interfaces/vehicle_networking_interfaces_s__rosidl_typesupport_c.cpython-38-x86_64-linux-gnu.so" to ""\n'}
[11.649514] (vehicle_networking_interfaces) StdoutLine: {'line': b'-- Installing: /root/install/vehicle_networking_interfaces/lib/libvehicle_networking_interfaces__python.so\n'}
[11.649760] (vehicle_networking_interfaces) StdoutLine: {'line': b'-- Set runtime path of "/root/install/vehicle_networking_interfaces/lib/libvehicle_networking_interfaces__python.so" to ""\n'}
[11.649893] (vehicle_networking_interfaces) StdoutLine: {'line': b'-- Up-to-date: /root/install/vehicle_networking_interfaces/share/vehicle_networking_interfaces/srv/GetSerialPort.idl\n'}
[11.650019] (vehicle_networking_interfaces) StdoutLine: {'line': b'-- Up-to-date: /root/install/vehicle_networking_interfaces/share/vehicle_networking_interfaces/srv/ResetSerialPort.idl\n'}
[11.650142] (vehicle_networking_interfaces) StdoutLine: {'line': b'-- Installing: /root/install/vehicle_networking_interfaces/share/vehicle_networking_interfaces/srv/GetDeviceStatus.idl\n'}
[11.652237] (vehicle_networking_interfaces) StdoutLine: {'line': b'-- Up-to-date: /root/install/vehicle_networking_interfaces/share/vehicle_networking_interfaces/srv/GetSerialPort.srv\n'}
[11.652502] (vehicle_networking_interfaces) StdoutLine: {'line': b'-- Up-to-date: /root/install/vehicle_networking_interfaces/share/vehicle_networking_interfaces/srv/GetSerialPort_Request.msg\n'}
[11.652639] (vehicle_networking_interfaces) StdoutLine: {'line': b'-- Up-to-date: /root/install/vehicle_networking_interfaces/share/vehicle_networking_interfaces/srv/GetSerialPort_Response.msg\n'}
[11.652765] (vehicle_networking_interfaces) StdoutLine: {'line': b'-- Up-to-date: /root/install/vehicle_networking_interfaces/share/vehicle_networking_interfaces/srv/ResetSerialPort.srv\n'}
[11.652886] (vehicle_networking_interfaces) StdoutLine: {'line': b'-- Up-to-date: /root/install/vehicle_networking_interfaces/share/vehicle_networking_interfaces/srv/ResetSerialPort_Request.msg\n'}
[11.653010] (vehicle_networking_interfaces) StdoutLine: {'line': b'-- Up-to-date: /root/install/vehicle_networking_interfaces/share/vehicle_networking_interfaces/srv/ResetSerialPort_Response.msg\n'}
[11.653520] (vehicle_networking_interfaces) StdoutLine: {'line': b'-- Installing: /root/install/vehicle_networking_interfaces/share/vehicle_networking_interfaces/srv/GetDeviceStatus.srv\n'}
[11.653688] (vehicle_networking_interfaces) StdoutLine: {'line': b'-- Installing: /root/install/vehicle_networking_interfaces/share/vehicle_networking_interfaces/srv/GetDeviceStatus_Request.msg\n'}
[11.653838] (vehicle_networking_interfaces) StdoutLine: {'line': b'-- Installing: /root/install/vehicle_networking_interfaces/share/vehicle_networking_interfaces/srv/GetDeviceStatus_Response.msg\n'}
[11.653970] (vehicle_networking_interfaces) StdoutLine: {'line': b'-- Up-to-date: /root/install/vehicle_networking_interfaces/share/ament_index/resource_index/package_run_dependencies/vehicle_networking_interfaces\n'}
[11.654102] (vehicle_networking_interfaces) StdoutLine: {'line': b'-- Installing: /root/install/vehicle_networking_interfaces/share/ament_index/resource_index/parent_prefix_path/vehicle_networking_interfaces\n'}
[11.655436] (vehicle_networking_interfaces) StdoutLine: {'line': b'-- Up-to-date: /root/install/vehicle_networking_interfaces/share/vehicle_networking_interfaces/environment/ament_prefix_path.sh\n'}
[11.655674] (vehicle_networking_interfaces) StdoutLine: {'line': b'-- Installing: /root/install/vehicle_networking_interfaces/share/vehicle_networking_interfaces/environment/ament_prefix_path.dsv\n'}
[11.655847] (vehicle_networking_interfaces) StdoutLine: {'line': b'-- Up-to-date: /root/install/vehicle_networking_interfaces/share/vehicle_networking_interfaces/environment/path.sh\n'}
[11.655991] (vehicle_networking_interfaces) StdoutLine: {'line': b'-- Installing: /root/install/vehicle_networking_interfaces/share/vehicle_networking_interfaces/environment/path.dsv\n'}
[11.656129] (vehicle_networking_interfaces) StdoutLine: {'line': b'-- Up-to-date: /root/install/vehicle_networking_interfaces/share/vehicle_networking_interfaces/local_setup.bash\n'}
[11.657308] (vehicle_networking_interfaces) StdoutLine: {'line': b'-- Up-to-date: /root/install/vehicle_networking_interfaces/share/vehicle_networking_interfaces/local_setup.sh\n'}
[11.657496] (vehicle_networking_interfaces) StdoutLine: {'line': b'-- Up-to-date: /root/install/vehicle_networking_interfaces/share/vehicle_networking_interfaces/local_setup.zsh\n'}
[11.657655] (vehicle_networking_interfaces) StdoutLine: {'line': b'-- Installing: /root/install/vehicle_networking_interfaces/share/vehicle_networking_interfaces/local_setup.dsv\n'}
[11.657803] (vehicle_networking_interfaces) StdoutLine: {'line': b'-- Installing: /root/install/vehicle_networking_interfaces/share/vehicle_networking_interfaces/package.dsv\n'}
[11.657946] (vehicle_networking_interfaces) StdoutLine: {'line': b'-- Up-to-date: /root/install/vehicle_networking_interfaces/share/ament_index/resource_index/packages/vehicle_networking_interfaces\n'}
[11.659159] (vehicle_networking_interfaces) StdoutLine: {'line': b'-- Up-to-date: /root/install/vehicle_networking_interfaces/share/vehicle_networking_interfaces/cmake/vehicle_networking_interfaces__rosidl_generator_cExport.cmake\n'}
[11.659401] (vehicle_networking_interfaces) StdoutLine: {'line': b'-- Installing: /root/install/vehicle_networking_interfaces/share/vehicle_networking_interfaces/cmake/vehicle_networking_interfaces__rosidl_generator_cExport-noconfig.cmake\n'}
[11.659794] (vehicle_networking_interfaces) StdoutLine: {'line': b'-- Up-to-date: /root/install/vehicle_networking_interfaces/share/vehicle_networking_interfaces/cmake/vehicle_networking_interfaces__rosidl_typesupport_introspection_cExport.cmake\n'}
[11.660211] (vehicle_networking_interfaces) StdoutLine: {'line': b'-- Installing: /root/install/vehicle_networking_interfaces/share/vehicle_networking_interfaces/cmake/vehicle_networking_interfaces__rosidl_typesupport_introspection_cExport-noconfig.cmake\n'}
[11.661118] (vehicle_networking_interfaces) StdoutLine: {'line': b'-- Up-to-date: /root/install/vehicle_networking_interfaces/share/vehicle_networking_interfaces/cmake/vehicle_networking_interfaces__rosidl_typesupport_cExport.cmake\n'}
[11.661544] (vehicle_networking_interfaces) StdoutLine: {'line': b'-- Installing: /root/install/vehicle_networking_interfaces/share/vehicle_networking_interfaces/cmake/vehicle_networking_interfaces__rosidl_typesupport_cExport-noconfig.cmake\n'}
[11.662501] (vehicle_networking_interfaces) StdoutLine: {'line': b'-- Up-to-date: /root/install/vehicle_networking_interfaces/share/vehicle_networking_interfaces/cmake/vehicle_networking_interfaces__rosidl_generator_cppExport.cmake\n'}
[11.663341] (vehicle_networking_interfaces) StdoutLine: {'line': b'-- Up-to-date: /root/install/vehicle_networking_interfaces/share/vehicle_networking_interfaces/cmake/vehicle_networking_interfaces__rosidl_typesupport_introspection_cppExport.cmake\n'}
[11.663768] (vehicle_networking_interfaces) StdoutLine: {'line': b'-- Installing: /root/install/vehicle_networking_interfaces/share/vehicle_networking_interfaces/cmake/vehicle_networking_interfaces__rosidl_typesupport_introspection_cppExport-noconfig.cmake\n'}
[11.664813] (vehicle_networking_interfaces) StdoutLine: {'line': b'-- Up-to-date: /root/install/vehicle_networking_interfaces/share/vehicle_networking_interfaces/cmake/vehicle_networking_interfaces__rosidl_typesupport_cppExport.cmake\n'}
[11.665302] (vehicle_networking_interfaces) StdoutLine: {'line': b'-- Installing: /root/install/vehicle_networking_interfaces/share/vehicle_networking_interfaces/cmake/vehicle_networking_interfaces__rosidl_typesupport_cppExport-noconfig.cmake\n'}
[11.665949] (vehicle_networking_interfaces) StdoutLine: {'line': b'-- Installing: /root/install/vehicle_networking_interfaces/share/vehicle_networking_interfaces/cmake/rosidl_cmake-extras.cmake\n'}
[11.666586] (vehicle_networking_interfaces) StdoutLine: {'line': b'-- Up-to-date: /root/install/vehicle_networking_interfaces/share/vehicle_networking_interfaces/cmake/ament_cmake_export_dependencies-extras.cmake\n'}
[11.667156] (vehicle_networking_interfaces) StdoutLine: {'line': b'-- Up-to-date: /root/install/vehicle_networking_interfaces/share/vehicle_networking_interfaces/cmake/ament_cmake_export_libraries-extras.cmake\n'}
[11.668487] (vehicle_networking_interfaces) StdoutLine: {'line': b'-- Up-to-date: /root/install/vehicle_networking_interfaces/share/vehicle_networking_interfaces/cmake/ament_cmake_export_targets-extras.cmake\n'}
[11.668697] (vehicle_networking_interfaces) StdoutLine: {'line': b'-- Up-to-date: /root/install/vehicle_networking_interfaces/share/vehicle_networking_interfaces/cmake/ament_cmake_export_include_directories-extras.cmake\n'}
[11.668850] (vehicle_networking_interfaces) StdoutLine: {'line': b'-- Up-to-date: /root/install/vehicle_networking_interfaces/share/vehicle_networking_interfaces/cmake/rosidl_cmake_export_typesupport_libraries-extras.cmake\n'}
[11.668995] (vehicle_networking_interfaces) StdoutLine: {'line': b'-- Up-to-date: /root/install/vehicle_networking_interfaces/share/vehicle_networking_interfaces/cmake/rosidl_cmake_export_typesupport_targets-extras.cmake\n'}
[11.669134] (vehicle_networking_interfaces) StdoutLine: {'line': b'-- Up-to-date: /root/install/vehicle_networking_interfaces/share/vehicle_networking_interfaces/cmake/vehicle_networking_interfacesConfig.cmake\n'}
[11.670391] (vehicle_networking_interfaces) StdoutLine: {'line': b'-- Up-to-date: /root/install/vehicle_networking_interfaces/share/vehicle_networking_interfaces/cmake/vehicle_networking_interfacesConfig-version.cmake\n'}
[11.670574] (vehicle_networking_interfaces) StdoutLine: {'line': b'-- Installing: /root/install/vehicle_networking_interfaces/share/vehicle_networking_interfaces/package.xml\n'}
[11.675339] (vehicle_networking_interfaces) CommandEnded: {'returncode': 0}
[11.717232] (-) TimerEvent: {}
[11.817640] (-) TimerEvent: {}
[11.918516] (-) TimerEvent: {}
[11.979257] (vehicle_networking_interfaces) JobEnded: {'identifier': 'vehicle_networking_interfaces', 'rc': 0}
[11.980605] (-) EventReactorShutdown: {}
