[0.351s] DEBUG:colcon:Command line arguments: ['/usr/bin/colcon', 'build', '--packages-select', 'vehicle_networking_interfaces']
[0.351s] DEBUG:colcon:Parsed command line arguments: Namespace(ament_cmake_args=None, base_paths=['.'], build_base='build', catkin_cmake_args=None, catkin_skip_building_tests=False, cmake_args=None, cmake_clean_cache=False, cmake_clean_first=False, cmake_force_configure=False, cmake_target=None, cmake_target_skip_unavailable=False, continue_on_error=False, event_handlers=None, executor='parallel', ignore_user_meta=False, install_base='install', log_base=None, log_level=None, main=<bound method BuildVerb.main of <colcon_core.verb.build.BuildVerb object at 0x7a07b36c5c40>>, merge_install=False, metas=['./colcon.meta'], mixin=None, mixin_files=None, mixin_verb=('build',), packages_above=None, packages_above_and_dependencies=None, packages_above_depth=None, packages_end=None, packages_ignore=None, packages_ignore_regex=None, packages_select=['vehicle_networking_interfaces'], packages_select_build_failed=False, packages_select_by_dep=None, packages_select_regex=None, packages_select_test_failures=False, packages_skip=None, packages_skip_build_finished=False, packages_skip_by_dep=None, packages_skip_regex=None, packages_skip_test_passed=False, packages_skip_up_to=None, packages_start=None, packages_up_to=None, packages_up_to_regex=None, parallel_workers=4, paths=None, symlink_install=False, test_result_base=None, verb_extension=<colcon_core.verb.build.BuildVerb object at 0x7a07b36c5c40>, verb_name='build', verb_parser=<colcon_mixin.mixin.mixin_argument.MixinArgumentDecorator object at 0x7a07b36d2250>)
[0.388s] Level 1:colcon.colcon_core.package_discovery:discover_packages(colcon_meta) check parameters
[0.388s] Level 1:colcon.colcon_core.package_discovery:discover_packages(recursive) check parameters
[0.388s] Level 1:colcon.colcon_core.package_discovery:discover_packages(ignore) check parameters
[0.388s] Level 1:colcon.colcon_core.package_discovery:discover_packages(path) check parameters
[0.388s] Level 1:colcon.colcon_core.package_discovery:discover_packages(colcon_meta) discover
[0.389s] Level 1:colcon.colcon_core.package_discovery:discover_packages(recursive) discover
[0.389s] INFO:colcon.colcon_core.package_discovery:Crawling recursively for packages in '/root'
[0.389s] Level 1:colcon.colcon_core.package_identification:_identify(.) by extensions ['ignore', 'ignore_ament_install']
[0.389s] Level 1:colcon.colcon_core.package_identification:_identify(.) by extension 'ignore'
[0.389s] Level 1:colcon.colcon_core.package_identification:_identify(.) by extension 'ignore_ament_install'
[0.389s] Level 1:colcon.colcon_core.package_identification:_identify(.) by extensions ['colcon_pkg']
[0.389s] Level 1:colcon.colcon_core.package_identification:_identify(.) by extension 'colcon_pkg'
[0.389s] Level 1:colcon.colcon_core.package_identification:_identify(.) by extensions ['colcon_meta']
[0.389s] Level 1:colcon.colcon_core.package_identification:_identify(.) by extension 'colcon_meta'
[0.389s] Level 1:colcon.colcon_core.package_identification:_identify(.) by extensions ['ros']
[0.389s] Level 1:colcon.colcon_core.package_identification:_identify(.) by extension 'ros'
[0.420s] Level 1:colcon.colcon_core.package_identification:_identify(.) by extensions ['cmake', 'python']
[0.420s] Level 1:colcon.colcon_core.package_identification:_identify(.) by extension 'cmake'
[0.420s] Level 1:colcon.colcon_core.package_identification:_identify(.) by extension 'python'
[0.421s] Level 1:colcon.colcon_core.package_identification:_identify(.) by extensions ['python_setup_py']
[0.421s] Level 1:colcon.colcon_core.package_identification:_identify(.) by extension 'python_setup_py'
[0.421s] Level 1:colcon.colcon_core.package_identification:_identify(build) by extensions ['ignore', 'ignore_ament_install']
[0.421s] Level 1:colcon.colcon_core.package_identification:_identify(build) by extension 'ignore'
[0.421s] Level 1:colcon.colcon_core.package_identification:_identify(build) ignored
[0.421s] Level 1:colcon.colcon_core.package_identification:_identify(install) by extensions ['ignore', 'ignore_ament_install']
[0.422s] Level 1:colcon.colcon_core.package_identification:_identify(install) by extension 'ignore'
[0.422s] Level 1:colcon.colcon_core.package_identification:_identify(install) ignored
[0.422s] Level 1:colcon.colcon_core.package_identification:_identify(log) by extensions ['ignore', 'ignore_ament_install']
[0.422s] Level 1:colcon.colcon_core.package_identification:_identify(log) by extension 'ignore'
[0.422s] Level 1:colcon.colcon_core.package_identification:_identify(log) ignored
[0.422s] Level 1:colcon.colcon_core.package_identification:_identify(src) by extensions ['ignore', 'ignore_ament_install']
[0.422s] Level 1:colcon.colcon_core.package_identification:_identify(src) by extension 'ignore'
[0.423s] Level 1:colcon.colcon_core.package_identification:_identify(src) by extension 'ignore_ament_install'
[0.423s] Level 1:colcon.colcon_core.package_identification:_identify(src) by extensions ['colcon_pkg']
[0.423s] Level 1:colcon.colcon_core.package_identification:_identify(src) by extension 'colcon_pkg'
[0.423s] Level 1:colcon.colcon_core.package_identification:_identify(src) by extensions ['colcon_meta']
[0.423s] Level 1:colcon.colcon_core.package_identification:_identify(src) by extension 'colcon_meta'
[0.423s] Level 1:colcon.colcon_core.package_identification:_identify(src) by extensions ['ros']
[0.423s] Level 1:colcon.colcon_core.package_identification:_identify(src) by extension 'ros'
[0.423s] Level 1:colcon.colcon_core.package_identification:_identify(src) by extensions ['cmake', 'python']
[0.423s] Level 1:colcon.colcon_core.package_identification:_identify(src) by extension 'cmake'
[0.423s] Level 1:colcon.colcon_core.package_identification:_identify(src) by extension 'python'
[0.423s] Level 1:colcon.colcon_core.package_identification:_identify(src) by extensions ['python_setup_py']
[0.424s] Level 1:colcon.colcon_core.package_identification:_identify(src) by extension 'python_setup_py'
[0.424s] Level 1:colcon.colcon_core.package_identification:_identify(src/vehicle_control) by extensions ['ignore', 'ignore_ament_install']
[0.424s] Level 1:colcon.colcon_core.package_identification:_identify(src/vehicle_control) by extension 'ignore'
[0.424s] Level 1:colcon.colcon_core.package_identification:_identify(src/vehicle_control) by extension 'ignore_ament_install'
[0.424s] Level 1:colcon.colcon_core.package_identification:_identify(src/vehicle_control) by extensions ['colcon_pkg']
[0.424s] Level 1:colcon.colcon_core.package_identification:_identify(src/vehicle_control) by extension 'colcon_pkg'
[0.424s] Level 1:colcon.colcon_core.package_identification:_identify(src/vehicle_control) by extensions ['colcon_meta']
[0.424s] Level 1:colcon.colcon_core.package_identification:_identify(src/vehicle_control) by extension 'colcon_meta'
[0.425s] Level 1:colcon.colcon_core.package_identification:_identify(src/vehicle_control) by extensions ['ros']
[0.425s] Level 1:colcon.colcon_core.package_identification:_identify(src/vehicle_control) by extension 'ros'
[0.430s] DEBUG:colcon.colcon_core.package_identification:Package 'src/vehicle_control' with type 'ros.ament_python' and name 'vehicle_control'
[0.430s] Level 1:colcon.colcon_core.package_identification:_identify(src/vehicle_navigation) by extensions ['ignore', 'ignore_ament_install']
[0.430s] Level 1:colcon.colcon_core.package_identification:_identify(src/vehicle_navigation) by extension 'ignore'
[0.430s] Level 1:colcon.colcon_core.package_identification:_identify(src/vehicle_navigation) by extension 'ignore_ament_install'
[0.430s] Level 1:colcon.colcon_core.package_identification:_identify(src/vehicle_navigation) by extensions ['colcon_pkg']
[0.431s] Level 1:colcon.colcon_core.package_identification:_identify(src/vehicle_navigation) by extension 'colcon_pkg'
[0.431s] Level 1:colcon.colcon_core.package_identification:_identify(src/vehicle_navigation) by extensions ['colcon_meta']
[0.431s] Level 1:colcon.colcon_core.package_identification:_identify(src/vehicle_navigation) by extension 'colcon_meta'
[0.431s] Level 1:colcon.colcon_core.package_identification:_identify(src/vehicle_navigation) by extensions ['ros']
[0.431s] Level 1:colcon.colcon_core.package_identification:_identify(src/vehicle_navigation) by extension 'ros'
[0.432s] DEBUG:colcon.colcon_core.package_identification:Package 'src/vehicle_navigation' with type 'ros.ament_python' and name 'vehicle_navigation'
[0.432s] Level 1:colcon.colcon_core.package_identification:_identify(src/vehicle_networking) by extensions ['ignore', 'ignore_ament_install']
[0.432s] Level 1:colcon.colcon_core.package_identification:_identify(src/vehicle_networking) by extension 'ignore'
[0.432s] Level 1:colcon.colcon_core.package_identification:_identify(src/vehicle_networking) by extension 'ignore_ament_install'
[0.432s] Level 1:colcon.colcon_core.package_identification:_identify(src/vehicle_networking) by extensions ['colcon_pkg']
[0.432s] Level 1:colcon.colcon_core.package_identification:_identify(src/vehicle_networking) by extension 'colcon_pkg'
[0.432s] Level 1:colcon.colcon_core.package_identification:_identify(src/vehicle_networking) by extensions ['colcon_meta']
[0.433s] Level 1:colcon.colcon_core.package_identification:_identify(src/vehicle_networking) by extension 'colcon_meta'
[0.433s] Level 1:colcon.colcon_core.package_identification:_identify(src/vehicle_networking) by extensions ['ros']
[0.433s] Level 1:colcon.colcon_core.package_identification:_identify(src/vehicle_networking) by extension 'ros'
[0.434s] DEBUG:colcon.colcon_core.package_identification:Package 'src/vehicle_networking' with type 'ros.ament_python' and name 'vehicle_networking'
[0.434s] Level 1:colcon.colcon_core.package_identification:_identify(src/vehicle_networking_interfaces) by extensions ['ignore', 'ignore_ament_install']
[0.434s] Level 1:colcon.colcon_core.package_identification:_identify(src/vehicle_networking_interfaces) by extension 'ignore'
[0.434s] Level 1:colcon.colcon_core.package_identification:_identify(src/vehicle_networking_interfaces) by extension 'ignore_ament_install'
[0.434s] Level 1:colcon.colcon_core.package_identification:_identify(src/vehicle_networking_interfaces) by extensions ['colcon_pkg']
[0.434s] Level 1:colcon.colcon_core.package_identification:_identify(src/vehicle_networking_interfaces) by extension 'colcon_pkg'
[0.434s] Level 1:colcon.colcon_core.package_identification:_identify(src/vehicle_networking_interfaces) by extensions ['colcon_meta']
[0.434s] Level 1:colcon.colcon_core.package_identification:_identify(src/vehicle_networking_interfaces) by extension 'colcon_meta'
[0.434s] Level 1:colcon.colcon_core.package_identification:_identify(src/vehicle_networking_interfaces) by extensions ['ros']
[0.435s] Level 1:colcon.colcon_core.package_identification:_identify(src/vehicle_networking_interfaces) by extension 'ros'
[0.435s] DEBUG:colcon.colcon_core.package_identification:Package 'src/vehicle_networking_interfaces' with type 'ros.ament_cmake' and name 'vehicle_networking_interfaces'
[0.435s] Level 1:colcon.colcon_core.package_identification:_identify(src/vehicle_sensor) by extensions ['ignore', 'ignore_ament_install']
[0.436s] Level 1:colcon.colcon_core.package_identification:_identify(src/vehicle_sensor) by extension 'ignore'
[0.436s] Level 1:colcon.colcon_core.package_identification:_identify(src/vehicle_sensor) by extension 'ignore_ament_install'
[0.436s] Level 1:colcon.colcon_core.package_identification:_identify(src/vehicle_sensor) by extensions ['colcon_pkg']
[0.436s] Level 1:colcon.colcon_core.package_identification:_identify(src/vehicle_sensor) by extension 'colcon_pkg'
[0.436s] Level 1:colcon.colcon_core.package_identification:_identify(src/vehicle_sensor) by extensions ['colcon_meta']
[0.436s] Level 1:colcon.colcon_core.package_identification:_identify(src/vehicle_sensor) by extension 'colcon_meta'
[0.436s] Level 1:colcon.colcon_core.package_identification:_identify(src/vehicle_sensor) by extensions ['ros']
[0.436s] Level 1:colcon.colcon_core.package_identification:_identify(src/vehicle_sensor) by extension 'ros'
[0.437s] DEBUG:colcon.colcon_core.package_identification:Package 'src/vehicle_sensor' with type 'ros.ament_python' and name 'vehicle_sensor'
[0.437s] Level 1:colcon.colcon_core.package_discovery:discover_packages(recursive) using defaults
[0.437s] Level 1:colcon.colcon_core.package_discovery:discover_packages(ignore) discover
[0.437s] Level 1:colcon.colcon_core.package_discovery:discover_packages(ignore) using defaults
[0.437s] Level 1:colcon.colcon_core.package_discovery:discover_packages(path) discover
[0.437s] Level 1:colcon.colcon_core.package_discovery:discover_packages(path) using defaults
[0.465s] INFO:colcon.colcon_core.package_selection:Skipping not selected package 'vehicle_control' in 'src/vehicle_control'
[0.465s] INFO:colcon.colcon_core.package_selection:Skipping not selected package 'vehicle_navigation' in 'src/vehicle_navigation'
[0.465s] INFO:colcon.colcon_core.package_selection:Skipping not selected package 'vehicle_sensor' in 'src/vehicle_sensor'
[0.465s] INFO:colcon.colcon_core.package_selection:Skipping not selected package 'vehicle_networking' in 'src/vehicle_networking'
[0.467s] Level 5:colcon.colcon_core.verb:set package 'vehicle_networking_interfaces' build argument 'cmake_args' from command line to 'None'
[0.467s] Level 5:colcon.colcon_core.verb:set package 'vehicle_networking_interfaces' build argument 'cmake_target' from command line to 'None'
[0.467s] Level 5:colcon.colcon_core.verb:set package 'vehicle_networking_interfaces' build argument 'cmake_target_skip_unavailable' from command line to 'False'
[0.467s] Level 5:colcon.colcon_core.verb:set package 'vehicle_networking_interfaces' build argument 'cmake_clean_cache' from command line to 'False'
[0.467s] Level 5:colcon.colcon_core.verb:set package 'vehicle_networking_interfaces' build argument 'cmake_clean_first' from command line to 'False'
[0.467s] Level 5:colcon.colcon_core.verb:set package 'vehicle_networking_interfaces' build argument 'cmake_force_configure' from command line to 'False'
[0.467s] Level 5:colcon.colcon_core.verb:set package 'vehicle_networking_interfaces' build argument 'ament_cmake_args' from command line to 'None'
[0.467s] Level 5:colcon.colcon_core.verb:set package 'vehicle_networking_interfaces' build argument 'catkin_cmake_args' from command line to 'None'
[0.467s] Level 5:colcon.colcon_core.verb:set package 'vehicle_networking_interfaces' build argument 'catkin_skip_building_tests' from command line to 'False'
[0.467s] DEBUG:colcon.colcon_core.verb:Building package 'vehicle_networking_interfaces' with the following arguments: {'ament_cmake_args': None, 'build_base': '/root/build/vehicle_networking_interfaces', 'catkin_cmake_args': None, 'catkin_skip_building_tests': False, 'cmake_args': None, 'cmake_clean_cache': False, 'cmake_clean_first': False, 'cmake_force_configure': False, 'cmake_target': None, 'cmake_target_skip_unavailable': False, 'install_base': '/root/install/vehicle_networking_interfaces', 'merge_install': False, 'path': '/root/src/vehicle_networking_interfaces', 'symlink_install': False, 'test_result_base': None}
[0.468s] INFO:colcon.colcon_core.executor:Executing jobs using 'parallel' executor
[0.472s] DEBUG:colcon.colcon_parallel_executor.executor.parallel:run_until_complete
[0.473s] INFO:colcon.colcon_ros.task.ament_cmake.build:Building ROS package in '/root/src/vehicle_networking_interfaces' with build type 'ament_cmake'
[0.473s] INFO:colcon.colcon_cmake.task.cmake.build:Building CMake package in '/root/src/vehicle_networking_interfaces'
[0.481s] INFO:colcon.colcon_core.plugin_system:Skipping extension 'colcon_core.shell.bat': Not used on non-Windows systems
[0.481s] INFO:colcon.colcon_core.shell:Skip shell extension 'powershell' for command environment: Not usable outside of PowerShell
[0.481s] DEBUG:colcon.colcon_core.shell:Skip shell extension 'dsv' for command environment
[0.513s] DEBUG:colcon.colcon_core.event_handler.log_command:Invoking command in '/root/build/vehicle_networking_interfaces': CMAKE_PREFIX_PATH=${CMAKE_PREFIX_PATH}:/root/install/vehicle_networking:/opt/ros/foxy /usr/bin/cmake --build /root/build/vehicle_networking_interfaces -- -j4 -l4
[11.745s] DEBUG:colcon.colcon_core.event_handler.log_command:Invoked command in '/root/build/vehicle_networking_interfaces' returned '0': CMAKE_PREFIX_PATH=${CMAKE_PREFIX_PATH}:/root/install/vehicle_networking:/opt/ros/foxy /usr/bin/cmake --build /root/build/vehicle_networking_interfaces -- -j4 -l4
[11.988s] DEBUG:colcon.colcon_core.event_handler.log_command:Invoking command in '/root/build/vehicle_networking_interfaces': CMAKE_PREFIX_PATH=${CMAKE_PREFIX_PATH}:/root/install/vehicle_networking:/opt/ros/foxy /usr/bin/cmake --install /root/build/vehicle_networking_interfaces
[12.146s] Level 1:colcon.colcon_core.environment:create_environment_scripts_only(vehicle_networking_interfaces)
[12.148s] DEBUG:colcon.colcon_core.event_handler.log_command:Invoked command in '/root/build/vehicle_networking_interfaces' returned '0': CMAKE_PREFIX_PATH=${CMAKE_PREFIX_PATH}:/root/install/vehicle_networking:/opt/ros/foxy /usr/bin/cmake --install /root/build/vehicle_networking_interfaces
[12.162s] Level 1:colcon.colcon_core.environment:checking '/root/install/vehicle_networking_interfaces' for CMake module files
[12.163s] Level 1:colcon.colcon_core.environment:checking '/root/install/vehicle_networking_interfaces' for CMake config files
[12.164s] Level 1:colcon.colcon_core.shell:create_environment_hook('vehicle_networking_interfaces', 'cmake_prefix_path')
[12.167s] INFO:colcon.colcon_core.shell:Creating environment hook '/root/install/vehicle_networking_interfaces/share/vehicle_networking_interfaces/hook/cmake_prefix_path.ps1'
[12.169s] INFO:colcon.colcon_core.shell:Creating environment descriptor '/root/install/vehicle_networking_interfaces/share/vehicle_networking_interfaces/hook/cmake_prefix_path.dsv'
[12.170s] INFO:colcon.colcon_core.shell:Creating environment hook '/root/install/vehicle_networking_interfaces/share/vehicle_networking_interfaces/hook/cmake_prefix_path.sh'
[12.173s] Level 1:colcon.colcon_core.environment:checking '/root/install/vehicle_networking_interfaces/lib'
[12.173s] Level 1:colcon.colcon_core.shell:create_environment_hook('vehicle_networking_interfaces', 'ld_library_path_lib')
[12.176s] INFO:colcon.colcon_core.shell:Creating environment hook '/root/install/vehicle_networking_interfaces/share/vehicle_networking_interfaces/hook/ld_library_path_lib.ps1'
[12.177s] INFO:colcon.colcon_core.shell:Creating environment descriptor '/root/install/vehicle_networking_interfaces/share/vehicle_networking_interfaces/hook/ld_library_path_lib.dsv'
[12.178s] INFO:colcon.colcon_core.shell:Creating environment hook '/root/install/vehicle_networking_interfaces/share/vehicle_networking_interfaces/hook/ld_library_path_lib.sh'
[12.179s] Level 1:colcon.colcon_core.environment:checking '/root/install/vehicle_networking_interfaces/bin'
[12.179s] Level 1:colcon.colcon_core.environment:checking '/root/install/vehicle_networking_interfaces/lib/pkgconfig/vehicle_networking_interfaces.pc'
[12.181s] Level 1:colcon.colcon_core.environment:checking '/root/install/vehicle_networking_interfaces/lib/python3.8/site-packages'
[12.181s] Level 1:colcon.colcon_core.shell:create_environment_hook('vehicle_networking_interfaces', 'pythonpath')
[12.184s] INFO:colcon.colcon_core.shell:Creating environment hook '/root/install/vehicle_networking_interfaces/share/vehicle_networking_interfaces/hook/pythonpath.ps1'
[12.185s] INFO:colcon.colcon_core.shell:Creating environment descriptor '/root/install/vehicle_networking_interfaces/share/vehicle_networking_interfaces/hook/pythonpath.dsv'
[12.186s] INFO:colcon.colcon_core.shell:Creating environment hook '/root/install/vehicle_networking_interfaces/share/vehicle_networking_interfaces/hook/pythonpath.sh'
[12.187s] Level 1:colcon.colcon_core.environment:checking '/root/install/vehicle_networking_interfaces/bin'
[12.190s] INFO:colcon.colcon_core.shell:Creating package script '/root/install/vehicle_networking_interfaces/share/vehicle_networking_interfaces/package.ps1'
[12.193s] INFO:colcon.colcon_core.shell:Creating package descriptor '/root/install/vehicle_networking_interfaces/share/vehicle_networking_interfaces/package.dsv'
[12.195s] INFO:colcon.colcon_core.shell:Creating package script '/root/install/vehicle_networking_interfaces/share/vehicle_networking_interfaces/package.sh'
[12.198s] INFO:colcon.colcon_core.shell:Creating package script '/root/install/vehicle_networking_interfaces/share/vehicle_networking_interfaces/package.bash'
[12.200s] INFO:colcon.colcon_core.shell:Creating package script '/root/install/vehicle_networking_interfaces/share/vehicle_networking_interfaces/package.zsh'
[12.202s] Level 1:colcon.colcon_core.environment:create_file_with_runtime_dependencies(/root/install/vehicle_networking_interfaces/share/colcon-core/packages/vehicle_networking_interfaces)
[12.418s] Level 1:colcon.colcon_core.environment:create_environment_scripts_only(vehicle_networking_interfaces)
[12.423s] Level 1:colcon.colcon_core.environment:checking '/root/install/vehicle_networking_interfaces' for CMake module files
[12.424s] Level 1:colcon.colcon_core.environment:checking '/root/install/vehicle_networking_interfaces' for CMake config files
[12.425s] Level 1:colcon.colcon_core.shell:create_environment_hook('vehicle_networking_interfaces', 'cmake_prefix_path')
[12.428s] INFO:colcon.colcon_core.shell:Creating environment hook '/root/install/vehicle_networking_interfaces/share/vehicle_networking_interfaces/hook/cmake_prefix_path.ps1'
[12.429s] INFO:colcon.colcon_core.shell:Creating environment descriptor '/root/install/vehicle_networking_interfaces/share/vehicle_networking_interfaces/hook/cmake_prefix_path.dsv'
[12.430s] INFO:colcon.colcon_core.shell:Creating environment hook '/root/install/vehicle_networking_interfaces/share/vehicle_networking_interfaces/hook/cmake_prefix_path.sh'
[12.431s] Level 1:colcon.colcon_core.environment:checking '/root/install/vehicle_networking_interfaces/lib'
[12.431s] Level 1:colcon.colcon_core.shell:create_environment_hook('vehicle_networking_interfaces', 'ld_library_path_lib')
[12.434s] INFO:colcon.colcon_core.shell:Creating environment hook '/root/install/vehicle_networking_interfaces/share/vehicle_networking_interfaces/hook/ld_library_path_lib.ps1'
[12.435s] INFO:colcon.colcon_core.shell:Creating environment descriptor '/root/install/vehicle_networking_interfaces/share/vehicle_networking_interfaces/hook/ld_library_path_lib.dsv'
[12.436s] INFO:colcon.colcon_core.shell:Creating environment hook '/root/install/vehicle_networking_interfaces/share/vehicle_networking_interfaces/hook/ld_library_path_lib.sh'
[12.436s] Level 1:colcon.colcon_core.environment:checking '/root/install/vehicle_networking_interfaces/bin'
[12.436s] Level 1:colcon.colcon_core.environment:checking '/root/install/vehicle_networking_interfaces/lib/pkgconfig/vehicle_networking_interfaces.pc'
[12.437s] Level 1:colcon.colcon_core.environment:checking '/root/install/vehicle_networking_interfaces/lib/python3.8/site-packages'
[12.437s] Level 1:colcon.colcon_core.shell:create_environment_hook('vehicle_networking_interfaces', 'pythonpath')
[12.440s] INFO:colcon.colcon_core.shell:Creating environment hook '/root/install/vehicle_networking_interfaces/share/vehicle_networking_interfaces/hook/pythonpath.ps1'
[12.441s] INFO:colcon.colcon_core.shell:Creating environment descriptor '/root/install/vehicle_networking_interfaces/share/vehicle_networking_interfaces/hook/pythonpath.dsv'
[12.442s] INFO:colcon.colcon_core.shell:Creating environment hook '/root/install/vehicle_networking_interfaces/share/vehicle_networking_interfaces/hook/pythonpath.sh'
[12.443s] Level 1:colcon.colcon_core.environment:checking '/root/install/vehicle_networking_interfaces/bin'
[12.446s] INFO:colcon.colcon_core.shell:Creating package script '/root/install/vehicle_networking_interfaces/share/vehicle_networking_interfaces/package.ps1'
[12.447s] INFO:colcon.colcon_core.shell:Creating package descriptor '/root/install/vehicle_networking_interfaces/share/vehicle_networking_interfaces/package.dsv'
[12.448s] INFO:colcon.colcon_core.shell:Creating package script '/root/install/vehicle_networking_interfaces/share/vehicle_networking_interfaces/package.sh'
[12.449s] INFO:colcon.colcon_core.shell:Creating package script '/root/install/vehicle_networking_interfaces/share/vehicle_networking_interfaces/package.bash'
[12.450s] INFO:colcon.colcon_core.shell:Creating package script '/root/install/vehicle_networking_interfaces/share/vehicle_networking_interfaces/package.zsh'
[12.451s] Level 1:colcon.colcon_core.environment:create_file_with_runtime_dependencies(/root/install/vehicle_networking_interfaces/share/colcon-core/packages/vehicle_networking_interfaces)
[12.452s] DEBUG:colcon.colcon_parallel_executor.executor.parallel:closing loop
[12.453s] DEBUG:colcon.colcon_parallel_executor.executor.parallel:loop closed
[12.453s] DEBUG:colcon.colcon_parallel_executor.executor.parallel:run_until_complete finished with '0'
[12.453s] DEBUG:colcon.colcon_core.event_reactor:joining thread
[12.465s] INFO:colcon.colcon_core.plugin_system:Skipping extension 'colcon_notification.desktop_notification.notify_send': Could not find 'notify-send'
[12.465s] INFO:colcon.colcon_core.plugin_system:Skipping extension 'colcon_notification.desktop_notification.terminal_notifier': Not used on non-Darwin systems
[12.465s] INFO:colcon.colcon_core.plugin_system:Skipping extension 'colcon_notification.desktop_notification.win32': Not used on non-Windows systems
[12.465s] INFO:colcon.colcon_notification.desktop_notification:Sending desktop notification using 'notify2'
[12.469s] DEBUG:colcon.colcon_notification.desktop_notification.notify2:Failed to initialize notify2: org.freedesktop.DBus.Error.Spawn.ExecFailed: /usr/bin/dbus-launch terminated abnormally without any error message
[12.469s] DEBUG:colcon.colcon_core.event_reactor:joined thread
[12.473s] INFO:colcon.colcon_core.shell:Creating prefix script '/root/install/local_setup.ps1'
[12.475s] INFO:colcon.colcon_core.shell:Creating prefix util module '/root/install/_local_setup_util_ps1.py'
[12.478s] INFO:colcon.colcon_core.shell:Creating prefix chain script '/root/install/setup.ps1'
[12.482s] INFO:colcon.colcon_core.shell:Creating prefix script '/root/install/local_setup.sh'
[12.483s] INFO:colcon.colcon_core.shell:Creating prefix util module '/root/install/_local_setup_util_sh.py'
[12.484s] INFO:colcon.colcon_core.shell:Creating prefix chain script '/root/install/setup.sh'
[12.487s] INFO:colcon.colcon_core.shell:Creating prefix script '/root/install/local_setup.bash'
[12.488s] INFO:colcon.colcon_core.shell:Creating prefix chain script '/root/install/setup.bash'
[12.491s] INFO:colcon.colcon_core.shell:Creating prefix script '/root/install/local_setup.zsh'
[12.492s] INFO:colcon.colcon_core.shell:Creating prefix chain script '/root/install/setup.zsh'
