[0.000000] (-) TimerEvent: {}
[0.000738] (-) JobUnselected: {'identifier': 'vehicle_control'}
[0.001055] (-) JobUnselected: {'identifier': 'vehicle_interfaces'}
[0.001150] (-) JobUnselected: {'identifier': 'vehicle_navigation'}
[0.001192] (-) JobUnselected: {'identifier': 'vehicle_networking'}
[0.001231] (-) JobUnselected: {'identifier': 'vehicle_sensor'}
[0.001293] (vehicle_simulation) JobQueued: {'identifier': 'vehicle_simulation', 'dependencies': OrderedDict()}
[0.001338] (vehicle_simulation) JobStarted: {'identifier': 'vehicle_simulation'}
[0.099603] (-) TimerEvent: {}
[0.200088] (-) TimerEvent: {}
[0.300440] (-) TimerEvent: {}
[0.400866] (-) TimerEvent: {}
[0.501415] (-) TimerEvent: {}
[0.601835] (-) TimerEvent: {}
[0.702264] (-) TimerEvent: {}
[0.802590] (-) TimerEvent: {}
[0.902203] (vehicle_simulation) Command: {'cmd': ['/usr/bin/python3', 'setup.py', 'egg_info', '--egg-base', '../../build/vehicle_simulation', 'build', '--build-base', '/root/build/vehicle_simulation/build', 'install', '--record', '/root/build/vehicle_simulation/install.log', '--install-scripts', '$base/lib/vehicle_simulation', '--single-version-externally-managed'], 'cwd': '/root/src/vehicle_simulation', 'env': {'HOSTNAME': '7350f18f7729', 'SHLVL': '1', 'LD_LIBRARY_PATH': '/root/install/vehicle_networking_interfaces/lib:/opt/ros/foxy/opt/yaml_cpp_vendor/lib:/opt/ros/foxy/opt/rviz_ogre_vendor/lib:/opt/ros/foxy/lib/x86_64-linux-gnu:/opt/ros/foxy/lib', 'HOME': '/root', 'OLDPWD': '/root', 'ROS_PYTHON_VERSION': '3', 'COLCON_PREFIX_PATH': '/root/install', 'ROS_DISTRO': 'foxy', '_': '/usr/bin/colcon', 'ROS_VERSION': '2', 'TERM': 'xterm', 'ROS_LOCALHOST_ONLY': '0', 'QT_X11_NO_MITSHM': '1', 'PATH': '/opt/ros/foxy/bin:/usr/local/sbin:/usr/local/bin:/usr/sbin:/usr/bin:/sbin:/bin', 'DISPLAY': ':0.0', 'LANG': 'C.UTF-8', 'AMENT_PREFIX_PATH': '/root/install/vehicle_simulation:/root/install/vehicle_networking:/root/install/vehicle_networking_interfaces:/opt/ros/foxy', 'DEBIAN_FRONTEND': 'noninteractive', 'PWD': '/root/build/vehicle_simulation', 'LC_ALL': 'C.UTF-8', 'PYTHONPATH': '/root/build/vehicle_simulation/prefix_override:/root/install/vehicle_simulation/lib/python3.8/site-packages:/root/install/vehicle_simulation/lib/python3.8/site-packages:/root/install/vehicle_networking/lib/python3.8/site-packages:/root/install/vehicle_networking_interfaces/lib/python3.8/site-packages:/opt/ros/foxy/lib/python3.8/site-packages', 'COLCON': '1', 'CMAKE_PREFIX_PATH': '/root/install/vehicle_networking_interfaces'}, 'shell': False}
[0.903898] (-) TimerEvent: {}
[1.004315] (-) TimerEvent: {}
[1.104780] (-) TimerEvent: {}
[1.168838] (vehicle_simulation) StdoutLine: {'line': b'running egg_info\n'}
[1.169557] (vehicle_simulation) StdoutLine: {'line': b'writing ../../build/vehicle_simulation/vehicle_simulation.egg-info/PKG-INFO\n'}
[1.169893] (vehicle_simulation) StdoutLine: {'line': b'writing dependency_links to ../../build/vehicle_simulation/vehicle_simulation.egg-info/dependency_links.txt\n'}
[1.170187] (vehicle_simulation) StdoutLine: {'line': b'writing entry points to ../../build/vehicle_simulation/vehicle_simulation.egg-info/entry_points.txt\n'}
[1.170430] (vehicle_simulation) StdoutLine: {'line': b'writing requirements to ../../build/vehicle_simulation/vehicle_simulation.egg-info/requires.txt\n'}
[1.170627] (vehicle_simulation) StdoutLine: {'line': b'writing top-level names to ../../build/vehicle_simulation/vehicle_simulation.egg-info/top_level.txt\n'}
[1.204896] (-) TimerEvent: {}
[1.216965] (vehicle_simulation) StdoutLine: {'line': b"reading manifest file '../../build/vehicle_simulation/vehicle_simulation.egg-info/SOURCES.txt'\n"}
[1.218717] (vehicle_simulation) StdoutLine: {'line': b"writing manifest file '../../build/vehicle_simulation/vehicle_simulation.egg-info/SOURCES.txt'\n"}
[1.219475] (vehicle_simulation) StdoutLine: {'line': b'running build\n'}
[1.219653] (vehicle_simulation) StdoutLine: {'line': b'running build_py\n'}
[1.219794] (vehicle_simulation) StdoutLine: {'line': b'copying vehicle_simulation/vehicle_sensor_sim.py -> /root/build/vehicle_simulation/build/lib/vehicle_simulation\n'}
[1.220045] (vehicle_simulation) StdoutLine: {'line': b'running install\n'}
[1.221417] (vehicle_simulation) StdoutLine: {'line': b'running install_lib\n'}
[1.223132] (vehicle_simulation) StdoutLine: {'line': b'copying /root/build/vehicle_simulation/build/lib/vehicle_simulation/vehicle_sensor_sim.py -> /root/install/vehicle_simulation/lib/python3.8/site-packages/vehicle_simulation\n'}
[1.224274] (vehicle_simulation) StdoutLine: {'line': b'byte-compiling /root/install/vehicle_simulation/lib/python3.8/site-packages/vehicle_simulation/vehicle_sensor_sim.py to vehicle_sensor_sim.cpython-38.pyc\n'}
[1.227836] (vehicle_simulation) StdoutLine: {'line': b'running install_data\n'}
[1.228725] (vehicle_simulation) StdoutLine: {'line': b'running install_egg_info\n'}
[1.231947] (vehicle_simulation) StdoutLine: {'line': b"removing '/root/install/vehicle_simulation/lib/python3.8/site-packages/vehicle_simulation-0.0.0-py3.8.egg-info' (and everything under it)\n"}
[1.232467] (vehicle_simulation) StdoutLine: {'line': b'Copying ../../build/vehicle_simulation/vehicle_simulation.egg-info to /root/install/vehicle_simulation/lib/python3.8/site-packages/vehicle_simulation-0.0.0-py3.8.egg-info\n'}
[1.234225] (vehicle_simulation) StdoutLine: {'line': b'running install_scripts\n'}
[1.261008] (vehicle_simulation) StdoutLine: {'line': b'Installing vehicle_control_sim script to /root/install/vehicle_simulation/lib/vehicle_simulation\n'}
[1.261323] (vehicle_simulation) StdoutLine: {'line': b'Installing vehicle_sensor_sim script to /root/install/vehicle_simulation/lib/vehicle_simulation\n'}
[1.261894] (vehicle_simulation) StdoutLine: {'line': b"writing list of installed files to '/root/build/vehicle_simulation/install.log'\n"}
[1.293878] (vehicle_simulation) CommandEnded: {'returncode': 0}
[1.306165] (-) TimerEvent: {}
[1.321569] (vehicle_simulation) JobEnded: {'identifier': 'vehicle_simulation', 'rc': 0}
[1.324414] (-) EventReactorShutdown: {}
