[0.000000] (-) TimerEvent: {}
[0.000941] (-) JobUnselected: {'identifier': 'vehicle_navigation'}
[0.001352] (-) JobUnselected: {'identifier': 'vehicle_networking'}
[0.001435] (-) JobUnselected: {'identifier': 'vehicle_simulation'}
[0.001465] (-) JobUnselected: {'identifier': 'vehicle_string_converter'}
[0.001497] (vehicle_interfaces) JobQueued: {'identifier': 'vehicle_interfaces', 'dependencies': OrderedDict()}
[0.001552] (vehicle_interfaces) JobStarted: {'identifier': 'vehicle_interfaces'}
[0.030933] (vehicle_interfaces) JobProgress: {'identifier': 'vehicle_interfaces', 'progress': 'cmake'}
[0.032659] (vehicle_interfaces) JobProgress: {'identifier': 'vehicle_interfaces', 'progress': 'build'}
[0.033830] (vehicle_interfaces) Command: {'cmd': ['/usr/bin/cmake', '--build', '/root/build/vehicle_interfaces', '--', '-j4', '-l4'], 'cwd': '/root/build/vehicle_interfaces', 'env': OrderedDict([('HOSTNAME', '2a33c685da1f'), ('SHLVL', '1'), ('LD_LIBRARY_PATH', '/root/install/vehicle_interfaces/lib:/opt/ros/foxy/opt/yaml_cpp_vendor/lib:/opt/ros/foxy/opt/rviz_ogre_vendor/lib:/opt/ros/foxy/lib/x86_64-linux-gnu:/opt/ros/foxy/lib'), ('HOME', '/root'), ('OLDPWD', '/'), ('ROS_PYTHON_VERSION', '3'), ('COLCON_PREFIX_PATH', '/root/install'), ('ROS_DISTRO', 'foxy'), ('_', '/usr/bin/colcon'), ('ROS_VERSION', '2'), ('TERM', 'xterm'), ('ROS_LOCALHOST_ONLY', '0'), ('QT_X11_NO_MITSHM', '1'), ('PATH', '/opt/ros/foxy/bin:/usr/local/sbin:/usr/local/bin:/usr/sbin:/usr/bin:/sbin:/bin'), ('DISPLAY', ':0.0'), ('LANG', 'C.UTF-8'), ('AMENT_PREFIX_PATH', '/root/install/vehicle_interfaces:/root/install/vehicle_string_converter:/root/install/vehicle_simulation:/opt/ros/foxy'), ('DEBIAN_FRONTEND', 'noninteractive'), ('PWD', '/root/build/vehicle_interfaces'), ('LC_ALL', 'C.UTF-8'), ('PYTHONPATH', '/root/install/vehicle_interfaces/lib/python3.8/site-packages:/root/install/vehicle_string_converter/lib/python3.8/site-packages:/root/install/vehicle_simulation/lib/python3.8/site-packages:/opt/ros/foxy/lib/python3.8/site-packages'), ('COLCON', '1'), ('CMAKE_PREFIX_PATH', '/root/install/vehicle_interfaces:/root/install/vehicle_string_converter:/root/install/vehicle_simulation:/opt/ros/foxy')]), 'shell': False}
[0.099685] (-) TimerEvent: {}
[0.156899] (vehicle_interfaces) StdoutLine: {'line': b'-- Found ament_cmake: 0.9.12 (/opt/ros/foxy/share/ament_cmake/cmake)\n'}
[0.191106] (vehicle_interfaces) StdoutLine: {'line': b'-- Found PythonInterp: /usr/bin/python3 (found suitable version "3.8.10", minimum required is "3") \n'}
[0.191427] (vehicle_interfaces) StdoutLine: {'line': b'-- Using PYTHON_EXECUTABLE: /usr/bin/python3\n'}
[0.199765] (-) TimerEvent: {}
[0.300055] (-) TimerEvent: {}
[0.400353] (-) TimerEvent: {}
[0.446027] (vehicle_interfaces) StdoutLine: {'line': b'-- Found rosidl_default_generators: 1.0.1 (/opt/ros/foxy/share/rosidl_default_generators/cmake)\n'}
[0.452032] (vehicle_interfaces) StdoutLine: {'line': b'-- Using all available rosidl_typesupport_c: rosidl_typesupport_fastrtps_c;rosidl_typesupport_introspection_c\n'}
[0.461394] (vehicle_interfaces) StdoutLine: {'line': b'-- Found rosidl_adapter: 1.3.1 (/opt/ros/foxy/share/rosidl_adapter/cmake)\n'}
[0.500474] (-) TimerEvent: {}
[0.600891] (-) TimerEvent: {}
[0.701287] (-) TimerEvent: {}
[0.751768] (vehicle_interfaces) StdoutLine: {'line': b'-- Using all available rosidl_typesupport_cpp: rosidl_typesupport_fastrtps_cpp;rosidl_typesupport_introspection_cpp\n'}
[0.801410] (-) TimerEvent: {}
[0.852717] (vehicle_interfaces) StdoutLine: {'line': b'-- Found PythonInterp: /usr/bin/python3 (found version "3.8.10") \n'}
[0.901597] (-) TimerEvent: {}
[1.003651] (-) TimerEvent: {}
[1.104026] (-) TimerEvent: {}
[1.134023] (vehicle_interfaces) StderrLine: {'line': b'CMake Error at /opt/ros/foxy/share/rosidl_cmake/cmake/rosidl_generate_interfaces.cmake:162 (message):\n'}
[1.134373] (vehicle_interfaces) StderrLine: {'line': b"  rosidl_generate_interfaces() the passed dependency 'std_msgs' has not been\n"}
[1.134547] (vehicle_interfaces) StderrLine: {'line': b'  found before using find_package()\n'}
[1.135078] (vehicle_interfaces) StderrLine: {'line': b'Call Stack (most recent call first):\n'}
[1.135253] (vehicle_interfaces) StderrLine: {'line': b'  CMakeLists.txt:25 (rosidl_generate_interfaces)\n'}
[1.135392] (vehicle_interfaces) StderrLine: {'line': b'\n'}
[1.135529] (vehicle_interfaces) StderrLine: {'line': b'\n'}
[1.145460] (vehicle_interfaces) StdoutLine: {'line': b'-- Configuring incomplete, errors occurred!\n'}
[1.145888] (vehicle_interfaces) StdoutLine: {'line': b'See also "/root/build/vehicle_interfaces/CMakeFiles/CMakeOutput.log".\n'}
[1.155736] (vehicle_interfaces) StderrLine: {'line': b'make: *** [Makefile:3628: cmake_check_build_system] Error 1\n'}
[1.163036] (vehicle_interfaces) CommandEnded: {'returncode': 2}
[1.204683] (-) TimerEvent: {}
[1.306374] (-) TimerEvent: {}
[1.406678] (-) TimerEvent: {}
[1.507260] (-) TimerEvent: {}
[1.607616] (-) TimerEvent: {}
[1.620547] (vehicle_interfaces) JobEnded: {'identifier': 'vehicle_interfaces', 'rc': 2}
[1.631781] (-) EventReactorShutdown: {}
