[1.317s] Invoking command in '/root/src/vehicle_networking': PYTHONPATH=/root/build/vehicle_networking/prefix_override:/root/install/vehicle_networking/lib/python3.8/site-packages:${PYTHONPATH} /usr/bin/python3 setup.py egg_info --egg-base ../../build/vehicle_networking build --build-base /root/build/vehicle_networking/build install --record /root/build/vehicle_networking/install.log --install-scripts $base/lib/vehicle_networking --single-version-externally-managed
[1.785s] running egg_info
[1.786s] creating ../../build/vehicle_networking/vehicle_networking.egg-info
[1.786s] writing ../../build/vehicle_networking/vehicle_networking.egg-info/PKG-INFO
[1.787s] writing dependency_links to ../../build/vehicle_networking/vehicle_networking.egg-info/dependency_links.txt
[1.787s] writing entry points to ../../build/vehicle_networking/vehicle_networking.egg-info/entry_points.txt
[1.787s] writing requirements to ../../build/vehicle_networking/vehicle_networking.egg-info/requires.txt
[1.788s] writing top-level names to ../../build/vehicle_networking/vehicle_networking.egg-info/top_level.txt
[1.797s] writing manifest file '../../build/vehicle_networking/vehicle_networking.egg-info/SOURCES.txt'
[1.876s] reading manifest file '../../build/vehicle_networking/vehicle_networking.egg-info/SOURCES.txt'
[1.878s] writing manifest file '../../build/vehicle_networking/vehicle_networking.egg-info/SOURCES.txt'
[1.878s] running build
[1.878s] running build_py
[1.879s] creating /root/build/vehicle_networking/build
[1.879s] creating /root/build/vehicle_networking/build/lib
[1.879s] creating /root/build/vehicle_networking/build/lib/vehicle_networking
[1.879s] copying vehicle_networking/serial_manager.py -> /root/build/vehicle_networking/build/lib/vehicle_networking
[1.879s] copying vehicle_networking/control_serial_interface.py -> /root/build/vehicle_networking/build/lib/vehicle_networking
[1.880s] copying vehicle_networking/__init__.py -> /root/build/vehicle_networking/build/lib/vehicle_networking
[1.880s] copying vehicle_networking/get_device_info.py -> /root/build/vehicle_networking/build/lib/vehicle_networking
[1.880s] running install
[1.882s] running install_lib
[1.884s] creating /root/install/vehicle_networking/lib/python3.8/site-packages/vehicle_networking
[1.885s] copying /root/build/vehicle_networking/build/lib/vehicle_networking/serial_manager.py -> /root/install/vehicle_networking/lib/python3.8/site-packages/vehicle_networking
[1.886s] copying /root/build/vehicle_networking/build/lib/vehicle_networking/control_serial_interface.py -> /root/install/vehicle_networking/lib/python3.8/site-packages/vehicle_networking
[1.886s] copying /root/build/vehicle_networking/build/lib/vehicle_networking/__init__.py -> /root/install/vehicle_networking/lib/python3.8/site-packages/vehicle_networking
[1.887s] copying /root/build/vehicle_networking/build/lib/vehicle_networking/get_device_info.py -> /root/install/vehicle_networking/lib/python3.8/site-packages/vehicle_networking
[1.888s] byte-compiling /root/install/vehicle_networking/lib/python3.8/site-packages/vehicle_networking/serial_manager.py to serial_manager.cpython-38.pyc
[1.893s] byte-compiling /root/install/vehicle_networking/lib/python3.8/site-packages/vehicle_networking/control_serial_interface.py to control_serial_interface.cpython-38.pyc
[1.896s] byte-compiling /root/install/vehicle_networking/lib/python3.8/site-packages/vehicle_networking/__init__.py to __init__.cpython-38.pyc
[1.898s] byte-compiling /root/install/vehicle_networking/lib/python3.8/site-packages/vehicle_networking/get_device_info.py to get_device_info.cpython-38.pyc
[1.898s] running install_data
[1.900s] creating /root/install/vehicle_networking/share/ament_index
[1.901s] creating /root/install/vehicle_networking/share/ament_index/resource_index
[1.901s] creating /root/install/vehicle_networking/share/ament_index/resource_index/packages
[1.902s] copying resource/vehicle_networking -> /root/install/vehicle_networking/share/ament_index/resource_index/packages
[1.902s] copying package.xml -> /root/install/vehicle_networking/share/vehicle_networking
[1.903s] creating /root/install/vehicle_networking/share/vehicle_networking/config
[1.903s] copying config/device_identifiers.json -> /root/install/vehicle_networking/share/vehicle_networking/config
[1.905s] running install_egg_info
[1.913s] Copying ../../build/vehicle_networking/vehicle_networking.egg-info to /root/install/vehicle_networking/lib/python3.8/site-packages/vehicle_networking-0.0.0-py3.8.egg-info
[1.914s] running install_scripts
[1.956s] Installing control_serial_interface script to /root/install/vehicle_networking/lib/vehicle_networking
[1.969s] Installing serial_manager script to /root/install/vehicle_networking/lib/vehicle_networking
[2.001s] writing list of installed files to '/root/build/vehicle_networking/install.log'
[2.010s] Invoked command in '/root/src/vehicle_networking' returned '0': PYTHONPATH=/root/build/vehicle_networking/prefix_override:/root/install/vehicle_networking/lib/python3.8/site-packages:${PYTHONPATH} /usr/bin/python3 setup.py egg_info --egg-base ../../build/vehicle_networking build --build-base /root/build/vehicle_networking/build install --record /root/build/vehicle_networking/install.log --install-scripts $base/lib/vehicle_networking --single-version-externally-managed
