[0.291s] DEBUG:colcon:Command line arguments: ['/usr/bin/colcon', 'build', '--packages-select', 'vehicle_string_converter']
[0.291s] DEBUG:colcon:Parsed command line arguments: Namespace(allow_overriding=[], ament_cmake_args=None, base_paths=['.'], build_base='build', catkin_cmake_args=None, catkin_skip_building_tests=False, cmake_args=None, cmake_clean_cache=False, cmake_clean_first=False, cmake_force_configure=False, cmake_target=None, cmake_target_skip_unavailable=False, continue_on_error=False, event_handlers=None, executor='parallel', ignore_user_meta=False, install_base='install', log_base=None, log_level=None, main=<bound method BuildVerb.main of <colcon_core.verb.build.BuildVerb object at 0x7ff49445a340>>, merge_install=False, metas=['./colcon.meta'], mixin=None, mixin_files=None, mixin_verb=('build',), packages_above=None, packages_above_and_dependencies=None, packages_above_depth=None, packages_end=None, packages_ignore=None, packages_ignore_regex=None, packages_select=['vehicle_string_converter'], packages_select_build_failed=False, packages_select_by_dep=None, packages_select_regex=None, packages_select_test_failures=False, packages_skip=None, packages_skip_build_finished=False, packages_skip_by_dep=None, packages_skip_regex=None, packages_skip_test_passed=False, packages_skip_up_to=None, packages_start=None, packages_up_to=None, packages_up_to_regex=None, parallel_workers=4, paths=None, symlink_install=False, test_result_base=None, verb_extension=<colcon_core.verb.build.BuildVerb object at 0x7ff49445a340>, verb_name='build', verb_parser=<colcon_mixin.mixin.mixin_argument.MixinArgumentDecorator object at 0x7ff49446c310>)
[0.524s] Level 1:colcon.colcon_core.package_discovery:discover_packages(colcon_meta) check parameters
[0.525s] Level 1:colcon.colcon_core.package_discovery:discover_packages(recursive) check parameters
[0.525s] Level 1:colcon.colcon_core.package_discovery:discover_packages(ignore) check parameters
[0.525s] Level 1:colcon.colcon_core.package_discovery:discover_packages(path) check parameters
[0.525s] Level 1:colcon.colcon_core.package_discovery:discover_packages(colcon_meta) discover
[0.525s] Level 1:colcon.colcon_core.package_discovery:discover_packages(recursive) discover
[0.525s] INFO:colcon.colcon_core.package_discovery:Crawling recursively for packages in '/home/ethanreynolds/vscode/robot-rover-2025/code/system/ros2'
[0.525s] Level 1:colcon.colcon_core.package_identification:_identify(.) by extensions ['ignore', 'ignore_ament_install']
[0.525s] Level 1:colcon.colcon_core.package_identification:_identify(.) by extension 'ignore'
[0.525s] Level 1:colcon.colcon_core.package_identification:_identify(.) by extension 'ignore_ament_install'
[0.525s] Level 1:colcon.colcon_core.package_identification:_identify(.) by extensions ['colcon_pkg']
[0.525s] Level 1:colcon.colcon_core.package_identification:_identify(.) by extension 'colcon_pkg'
[0.526s] Level 1:colcon.colcon_core.package_identification:_identify(.) by extensions ['colcon_meta']
[0.526s] Level 1:colcon.colcon_core.package_identification:_identify(.) by extension 'colcon_meta'
[0.526s] Level 1:colcon.colcon_core.package_identification:_identify(.) by extensions ['ros']
[0.526s] Level 1:colcon.colcon_core.package_identification:_identify(.) by extension 'ros'
[0.542s] Level 1:colcon.colcon_core.package_identification:_identify(.) by extensions ['cmake', 'python']
[0.542s] Level 1:colcon.colcon_core.package_identification:_identify(.) by extension 'cmake'
[0.542s] Level 1:colcon.colcon_core.package_identification:_identify(.) by extension 'python'
[0.542s] Level 1:colcon.colcon_core.package_identification:_identify(.) by extensions ['python_setup_py']
[0.542s] Level 1:colcon.colcon_core.package_identification:_identify(.) by extension 'python_setup_py'
[0.542s] Level 1:colcon.colcon_core.package_identification:_identify(build) by extensions ['ignore', 'ignore_ament_install']
[0.542s] Level 1:colcon.colcon_core.package_identification:_identify(build) by extension 'ignore'
[0.542s] Level 1:colcon.colcon_core.package_identification:_identify(build) ignored
[0.543s] Level 1:colcon.colcon_core.package_identification:_identify(install) by extensions ['ignore', 'ignore_ament_install']
[0.543s] Level 1:colcon.colcon_core.package_identification:_identify(install) by extension 'ignore'
[0.543s] Level 1:colcon.colcon_core.package_identification:_identify(install) ignored
[0.543s] Level 1:colcon.colcon_core.package_identification:_identify(log) by extensions ['ignore', 'ignore_ament_install']
[0.543s] Level 1:colcon.colcon_core.package_identification:_identify(log) by extension 'ignore'
[0.543s] Level 1:colcon.colcon_core.package_identification:_identify(log) ignored
[0.543s] Level 1:colcon.colcon_core.package_identification:_identify(src) by extensions ['ignore', 'ignore_ament_install']
[0.543s] Level 1:colcon.colcon_core.package_identification:_identify(src) by extension 'ignore'
[0.544s] Level 1:colcon.colcon_core.package_identification:_identify(src) by extension 'ignore_ament_install'
[0.544s] Level 1:colcon.colcon_core.package_identification:_identify(src) by extensions ['colcon_pkg']
[0.544s] Level 1:colcon.colcon_core.package_identification:_identify(src) by extension 'colcon_pkg'
[0.544s] Level 1:colcon.colcon_core.package_identification:_identify(src) by extensions ['colcon_meta']
[0.544s] Level 1:colcon.colcon_core.package_identification:_identify(src) by extension 'colcon_meta'
[0.544s] Level 1:colcon.colcon_core.package_identification:_identify(src) by extensions ['ros']
[0.544s] Level 1:colcon.colcon_core.package_identification:_identify(src) by extension 'ros'
[0.544s] Level 1:colcon.colcon_core.package_identification:_identify(src) by extensions ['cmake', 'python']
[0.544s] Level 1:colcon.colcon_core.package_identification:_identify(src) by extension 'cmake'
[0.544s] Level 1:colcon.colcon_core.package_identification:_identify(src) by extension 'python'
[0.544s] Level 1:colcon.colcon_core.package_identification:_identify(src) by extensions ['python_setup_py']
[0.544s] Level 1:colcon.colcon_core.package_identification:_identify(src) by extension 'python_setup_py'
[0.544s] Level 1:colcon.colcon_core.package_identification:_identify(src/vehicle_interfaces) by extensions ['ignore', 'ignore_ament_install']
[0.545s] Level 1:colcon.colcon_core.package_identification:_identify(src/vehicle_interfaces) by extension 'ignore'
[0.545s] Level 1:colcon.colcon_core.package_identification:_identify(src/vehicle_interfaces) by extension 'ignore_ament_install'
[0.545s] Level 1:colcon.colcon_core.package_identification:_identify(src/vehicle_interfaces) by extensions ['colcon_pkg']
[0.545s] Level 1:colcon.colcon_core.package_identification:_identify(src/vehicle_interfaces) by extension 'colcon_pkg'
[0.545s] Level 1:colcon.colcon_core.package_identification:_identify(src/vehicle_interfaces) by extensions ['colcon_meta']
[0.545s] Level 1:colcon.colcon_core.package_identification:_identify(src/vehicle_interfaces) by extension 'colcon_meta'
[0.545s] Level 1:colcon.colcon_core.package_identification:_identify(src/vehicle_interfaces) by extensions ['ros']
[0.545s] Level 1:colcon.colcon_core.package_identification:_identify(src/vehicle_interfaces) by extension 'ros'
[0.548s] DEBUG:colcon.colcon_core.package_identification:Package 'src/vehicle_interfaces' with type 'ros.ament_cmake' and name 'vehicle_interfaces'
[0.549s] Level 1:colcon.colcon_core.package_identification:_identify(src/vehicle_navigation) by extensions ['ignore', 'ignore_ament_install']
[0.549s] Level 1:colcon.colcon_core.package_identification:_identify(src/vehicle_navigation) by extension 'ignore'
[0.549s] Level 1:colcon.colcon_core.package_identification:_identify(src/vehicle_navigation) by extension 'ignore_ament_install'
[0.549s] Level 1:colcon.colcon_core.package_identification:_identify(src/vehicle_navigation) by extensions ['colcon_pkg']
[0.549s] Level 1:colcon.colcon_core.package_identification:_identify(src/vehicle_navigation) by extension 'colcon_pkg'
[0.549s] Level 1:colcon.colcon_core.package_identification:_identify(src/vehicle_navigation) by extensions ['colcon_meta']
[0.549s] Level 1:colcon.colcon_core.package_identification:_identify(src/vehicle_navigation) by extension 'colcon_meta'
[0.549s] Level 1:colcon.colcon_core.package_identification:_identify(src/vehicle_navigation) by extensions ['ros']
[0.549s] Level 1:colcon.colcon_core.package_identification:_identify(src/vehicle_navigation) by extension 'ros'
[0.550s] DEBUG:colcon.colcon_core.package_identification:Package 'src/vehicle_navigation' with type 'ros.ament_python' and name 'vehicle_navigation'
[0.550s] Level 1:colcon.colcon_core.package_identification:_identify(src/vehicle_networking) by extensions ['ignore', 'ignore_ament_install']
[0.551s] Level 1:colcon.colcon_core.package_identification:_identify(src/vehicle_networking) by extension 'ignore'
[0.551s] Level 1:colcon.colcon_core.package_identification:_identify(src/vehicle_networking) by extension 'ignore_ament_install'
[0.551s] Level 1:colcon.colcon_core.package_identification:_identify(src/vehicle_networking) by extensions ['colcon_pkg']
[0.551s] Level 1:colcon.colcon_core.package_identification:_identify(src/vehicle_networking) by extension 'colcon_pkg'
[0.551s] Level 1:colcon.colcon_core.package_identification:_identify(src/vehicle_networking) by extensions ['colcon_meta']
[0.551s] Level 1:colcon.colcon_core.package_identification:_identify(src/vehicle_networking) by extension 'colcon_meta'
[0.551s] Level 1:colcon.colcon_core.package_identification:_identify(src/vehicle_networking) by extensions ['ros']
[0.551s] Level 1:colcon.colcon_core.package_identification:_identify(src/vehicle_networking) by extension 'ros'
[0.552s] DEBUG:colcon.colcon_core.package_identification:Package 'src/vehicle_networking' with type 'ros.ament_python' and name 'vehicle_networking'
[0.552s] Level 1:colcon.colcon_core.package_identification:_identify(src/vehicle_packet_manager) by extensions ['ignore', 'ignore_ament_install']
[0.552s] Level 1:colcon.colcon_core.package_identification:_identify(src/vehicle_packet_manager) by extension 'ignore'
[0.553s] Level 1:colcon.colcon_core.package_identification:_identify(src/vehicle_packet_manager) by extension 'ignore_ament_install'
[0.553s] Level 1:colcon.colcon_core.package_identification:_identify(src/vehicle_packet_manager) by extensions ['colcon_pkg']
[0.553s] Level 1:colcon.colcon_core.package_identification:_identify(src/vehicle_packet_manager) by extension 'colcon_pkg'
[0.553s] Level 1:colcon.colcon_core.package_identification:_identify(src/vehicle_packet_manager) by extensions ['colcon_meta']
[0.553s] Level 1:colcon.colcon_core.package_identification:_identify(src/vehicle_packet_manager) by extension 'colcon_meta'
[0.553s] Level 1:colcon.colcon_core.package_identification:_identify(src/vehicle_packet_manager) by extensions ['ros']
[0.553s] Level 1:colcon.colcon_core.package_identification:_identify(src/vehicle_packet_manager) by extension 'ros'
[0.554s] DEBUG:colcon.colcon_core.package_identification:Package 'src/vehicle_packet_manager' with type 'ros.ament_python' and name 'vehicle_packet_manager'
[0.554s] Level 1:colcon.colcon_core.package_identification:_identify(src/vehicle_simulation) by extensions ['ignore', 'ignore_ament_install']
[0.554s] Level 1:colcon.colcon_core.package_identification:_identify(src/vehicle_simulation) by extension 'ignore'
[0.554s] Level 1:colcon.colcon_core.package_identification:_identify(src/vehicle_simulation) by extension 'ignore_ament_install'
[0.554s] Level 1:colcon.colcon_core.package_identification:_identify(src/vehicle_simulation) by extensions ['colcon_pkg']
[0.554s] Level 1:colcon.colcon_core.package_identification:_identify(src/vehicle_simulation) by extension 'colcon_pkg'
[0.554s] Level 1:colcon.colcon_core.package_identification:_identify(src/vehicle_simulation) by extensions ['colcon_meta']
[0.554s] Level 1:colcon.colcon_core.package_identification:_identify(src/vehicle_simulation) by extension 'colcon_meta'
[0.554s] Level 1:colcon.colcon_core.package_identification:_identify(src/vehicle_simulation) by extensions ['ros']
[0.554s] Level 1:colcon.colcon_core.package_identification:_identify(src/vehicle_simulation) by extension 'ros'
[0.555s] DEBUG:colcon.colcon_core.package_identification:Package 'src/vehicle_simulation' with type 'ros.ament_python' and name 'vehicle_simulation'
[0.555s] Level 1:colcon.colcon_core.package_identification:_identify(src/vehicle_string_converter) by extensions ['ignore', 'ignore_ament_install']
[0.555s] Level 1:colcon.colcon_core.package_identification:_identify(src/vehicle_string_converter) by extension 'ignore'
[0.555s] Level 1:colcon.colcon_core.package_identification:_identify(src/vehicle_string_converter) by extension 'ignore_ament_install'
[0.556s] Level 1:colcon.colcon_core.package_identification:_identify(src/vehicle_string_converter) by extensions ['colcon_pkg']
[0.556s] Level 1:colcon.colcon_core.package_identification:_identify(src/vehicle_string_converter) by extension 'colcon_pkg'
[0.556s] Level 1:colcon.colcon_core.package_identification:_identify(src/vehicle_string_converter) by extensions ['colcon_meta']
[0.556s] Level 1:colcon.colcon_core.package_identification:_identify(src/vehicle_string_converter) by extension 'colcon_meta'
[0.556s] Level 1:colcon.colcon_core.package_identification:_identify(src/vehicle_string_converter) by extensions ['ros']
[0.556s] Level 1:colcon.colcon_core.package_identification:_identify(src/vehicle_string_converter) by extension 'ros'
[0.556s] DEBUG:colcon.colcon_core.package_identification:Package 'src/vehicle_string_converter' with type 'ros.ament_python' and name 'vehicle_string_converter'
[0.557s] Level 1:colcon.colcon_core.package_discovery:discover_packages(recursive) using defaults
[0.557s] Level 1:colcon.colcon_core.package_discovery:discover_packages(ignore) discover
[0.557s] Level 1:colcon.colcon_core.package_discovery:discover_packages(ignore) using defaults
[0.557s] Level 1:colcon.colcon_core.package_discovery:discover_packages(path) discover
[0.557s] Level 1:colcon.colcon_core.package_discovery:discover_packages(path) using defaults
[0.586s] INFO:colcon.colcon_core.package_selection:Skipping not selected package 'vehicle_interfaces' in 'src/vehicle_interfaces'
[0.586s] INFO:colcon.colcon_core.package_selection:Skipping not selected package 'vehicle_navigation' in 'src/vehicle_navigation'
[0.586s] INFO:colcon.colcon_core.package_selection:Skipping not selected package 'vehicle_networking' in 'src/vehicle_networking'
[0.586s] INFO:colcon.colcon_core.package_selection:Skipping not selected package 'vehicle_packet_manager' in 'src/vehicle_packet_manager'
[0.586s] INFO:colcon.colcon_core.package_selection:Skipping not selected package 'vehicle_simulation' in 'src/vehicle_simulation'
[0.586s] Level 1:colcon.colcon_core.package_discovery:discover_packages(prefix_path) check parameters
[0.587s] Level 1:colcon.colcon_core.package_discovery:discover_packages(prefix_path) discover
[0.589s] DEBUG:colcon.colcon_installed_package_information.package_discovery:Found 5 installed packages in /home/ethanreynolds/vscode/robot-rover-2025/code/system/ros2/install
[0.591s] DEBUG:colcon.colcon_installed_package_information.package_discovery:Found 204 installed packages in /opt/ros/foxy
[0.607s] Level 1:colcon.colcon_core.package_discovery:discover_packages(prefix_path) using defaults
[0.686s] Level 5:colcon.colcon_core.verb:set package 'vehicle_string_converter' build argument 'cmake_args' from command line to 'None'
[0.686s] Level 5:colcon.colcon_core.verb:set package 'vehicle_string_converter' build argument 'cmake_target' from command line to 'None'
[0.686s] Level 5:colcon.colcon_core.verb:set package 'vehicle_string_converter' build argument 'cmake_target_skip_unavailable' from command line to 'False'
[0.686s] Level 5:colcon.colcon_core.verb:set package 'vehicle_string_converter' build argument 'cmake_clean_cache' from command line to 'False'
[0.686s] Level 5:colcon.colcon_core.verb:set package 'vehicle_string_converter' build argument 'cmake_clean_first' from command line to 'False'
[0.686s] Level 5:colcon.colcon_core.verb:set package 'vehicle_string_converter' build argument 'cmake_force_configure' from command line to 'False'
[0.686s] Level 5:colcon.colcon_core.verb:set package 'vehicle_string_converter' build argument 'ament_cmake_args' from command line to 'None'
[0.686s] Level 5:colcon.colcon_core.verb:set package 'vehicle_string_converter' build argument 'catkin_cmake_args' from command line to 'None'
[0.686s] Level 5:colcon.colcon_core.verb:set package 'vehicle_string_converter' build argument 'catkin_skip_building_tests' from command line to 'False'
[0.687s] DEBUG:colcon.colcon_core.verb:Building package 'vehicle_string_converter' with the following arguments: {'ament_cmake_args': None, 'build_base': '/home/ethanreynolds/vscode/robot-rover-2025/code/system/ros2/build/vehicle_string_converter', 'catkin_cmake_args': None, 'catkin_skip_building_tests': False, 'cmake_args': None, 'cmake_clean_cache': False, 'cmake_clean_first': False, 'cmake_force_configure': False, 'cmake_target': None, 'cmake_target_skip_unavailable': False, 'install_base': '/home/ethanreynolds/vscode/robot-rover-2025/code/system/ros2/install/vehicle_string_converter', 'merge_install': False, 'path': '/home/ethanreynolds/vscode/robot-rover-2025/code/system/ros2/src/vehicle_string_converter', 'symlink_install': False, 'test_result_base': None}
[0.687s] INFO:colcon.colcon_core.executor:Executing jobs using 'parallel' executor
[0.689s] DEBUG:colcon.colcon_parallel_executor.executor.parallel:run_until_complete
[0.689s] INFO:colcon.colcon_ros.task.ament_python.build:Building ROS package in '/home/ethanreynolds/vscode/robot-rover-2025/code/system/ros2/src/vehicle_string_converter' with build type 'ament_python'
[0.690s] Level 1:colcon.colcon_core.shell:create_environment_hook('vehicle_string_converter', 'ament_prefix_path')
[0.694s] INFO:colcon.colcon_core.plugin_system:Skipping extension 'colcon_core.shell.bat': Not used on non-Windows systems
[0.694s] INFO:colcon.colcon_core.shell:Creating environment hook '/home/ethanreynolds/vscode/robot-rover-2025/code/system/ros2/install/vehicle_string_converter/share/vehicle_string_converter/hook/ament_prefix_path.ps1'
[0.726s] INFO:colcon.colcon_core.shell:Creating environment descriptor '/home/ethanreynolds/vscode/robot-rover-2025/code/system/ros2/install/vehicle_string_converter/share/vehicle_string_converter/hook/ament_prefix_path.dsv'
[0.742s] INFO:colcon.colcon_core.shell:Creating environment hook '/home/ethanreynolds/vscode/robot-rover-2025/code/system/ros2/install/vehicle_string_converter/share/vehicle_string_converter/hook/ament_prefix_path.sh'
[0.744s] INFO:colcon.colcon_core.shell:Skip shell extension 'powershell' for command environment: Not usable outside of PowerShell
[0.744s] DEBUG:colcon.colcon_core.shell:Skip shell extension 'dsv' for command environment
[1.206s] INFO:colcon.colcon_core.task.python.build:Building Python package in '/home/ethanreynolds/vscode/robot-rover-2025/code/system/ros2/src/vehicle_string_converter'
[1.208s] INFO:colcon.colcon_core.shell:Skip shell extension 'powershell' for command environment: Not usable outside of PowerShell
[1.208s] DEBUG:colcon.colcon_core.shell:Skip shell extension 'dsv' for command environment
[3.078s] DEBUG:colcon.colcon_core.event_handler.log_command:Invoking command in '/home/ethanreynolds/vscode/robot-rover-2025/code/system/ros2/src/vehicle_string_converter': PYTHONPATH=/home/ethanreynolds/vscode/robot-rover-2025/code/system/ros2/build/vehicle_string_converter/prefix_override:/usr/lib/python3/dist-packages/colcon_core/task/python/colcon_distutils_commands:/home/ethanreynolds/vscode/robot-rover-2025/code/system/ros2/install/vehicle_string_converter/lib/python3.8/site-packages:${PYTHONPATH} /usr/bin/python3 -W ignore:setup.py install is deprecated -W ignore:easy_install command is deprecated setup.py egg_info --egg-base ../../build/vehicle_string_converter build --build-base /home/ethanreynolds/vscode/robot-rover-2025/code/system/ros2/build/vehicle_string_converter/build install --record /home/ethanreynolds/vscode/robot-rover-2025/code/system/ros2/build/vehicle_string_converter/install.log --install-scripts $base/lib/vehicle_string_converter --single-version-externally-managed install_data
[3.623s] DEBUG:colcon.colcon_core.event_handler.log_command:Invoked command in '/home/ethanreynolds/vscode/robot-rover-2025/code/system/ros2/src/vehicle_string_converter' returned '0': PYTHONPATH=/home/ethanreynolds/vscode/robot-rover-2025/code/system/ros2/build/vehicle_string_converter/prefix_override:/usr/lib/python3/dist-packages/colcon_core/task/python/colcon_distutils_commands:/home/ethanreynolds/vscode/robot-rover-2025/code/system/ros2/install/vehicle_string_converter/lib/python3.8/site-packages:${PYTHONPATH} /usr/bin/python3 -W ignore:setup.py install is deprecated -W ignore:easy_install command is deprecated setup.py egg_info --egg-base ../../build/vehicle_string_converter build --build-base /home/ethanreynolds/vscode/robot-rover-2025/code/system/ros2/build/vehicle_string_converter/build install --record /home/ethanreynolds/vscode/robot-rover-2025/code/system/ros2/build/vehicle_string_converter/install.log --install-scripts $base/lib/vehicle_string_converter --single-version-externally-managed install_data
[3.711s] Level 1:colcon.colcon_core.environment:checking '/home/ethanreynolds/vscode/robot-rover-2025/code/system/ros2/install/vehicle_string_converter' for CMake module files
[3.712s] Level 1:colcon.colcon_core.environment:checking '/home/ethanreynolds/vscode/robot-rover-2025/code/system/ros2/install/vehicle_string_converter' for CMake config files
[3.713s] Level 1:colcon.colcon_core.environment:checking '/home/ethanreynolds/vscode/robot-rover-2025/code/system/ros2/install/vehicle_string_converter/lib'
[3.713s] Level 1:colcon.colcon_core.environment:checking '/home/ethanreynolds/vscode/robot-rover-2025/code/system/ros2/install/vehicle_string_converter/bin'
[3.713s] Level 1:colcon.colcon_core.environment:checking '/home/ethanreynolds/vscode/robot-rover-2025/code/system/ros2/install/vehicle_string_converter/lib/pkgconfig/vehicle_string_converter.pc'
[3.714s] Level 1:colcon.colcon_core.environment:checking '/home/ethanreynolds/vscode/robot-rover-2025/code/system/ros2/install/vehicle_string_converter/lib/python3.8/site-packages'
[3.714s] Level 1:colcon.colcon_core.shell:create_environment_hook('vehicle_string_converter', 'pythonpath')
[3.715s] INFO:colcon.colcon_core.shell:Creating environment hook '/home/ethanreynolds/vscode/robot-rover-2025/code/system/ros2/install/vehicle_string_converter/share/vehicle_string_converter/hook/pythonpath.ps1'
[3.715s] INFO:colcon.colcon_core.shell:Creating environment descriptor '/home/ethanreynolds/vscode/robot-rover-2025/code/system/ros2/install/vehicle_string_converter/share/vehicle_string_converter/hook/pythonpath.dsv'
[3.716s] INFO:colcon.colcon_core.shell:Creating environment hook '/home/ethanreynolds/vscode/robot-rover-2025/code/system/ros2/install/vehicle_string_converter/share/vehicle_string_converter/hook/pythonpath.sh'
[3.718s] Level 1:colcon.colcon_core.environment:checking '/home/ethanreynolds/vscode/robot-rover-2025/code/system/ros2/install/vehicle_string_converter/bin'
[3.718s] Level 1:colcon.colcon_core.environment:create_environment_scripts_only(vehicle_string_converter)
[3.718s] INFO:colcon.colcon_core.shell:Creating package script '/home/ethanreynolds/vscode/robot-rover-2025/code/system/ros2/install/vehicle_string_converter/share/vehicle_string_converter/package.ps1'
[3.739s] INFO:colcon.colcon_core.shell:Creating package descriptor '/home/ethanreynolds/vscode/robot-rover-2025/code/system/ros2/install/vehicle_string_converter/share/vehicle_string_converter/package.dsv'
[3.754s] INFO:colcon.colcon_core.shell:Creating package script '/home/ethanreynolds/vscode/robot-rover-2025/code/system/ros2/install/vehicle_string_converter/share/vehicle_string_converter/package.sh'
[3.776s] INFO:colcon.colcon_core.shell:Creating package script '/home/ethanreynolds/vscode/robot-rover-2025/code/system/ros2/install/vehicle_string_converter/share/vehicle_string_converter/package.bash'
[3.806s] INFO:colcon.colcon_core.shell:Creating package script '/home/ethanreynolds/vscode/robot-rover-2025/code/system/ros2/install/vehicle_string_converter/share/vehicle_string_converter/package.zsh'
[3.845s] Level 1:colcon.colcon_core.environment:create_file_with_runtime_dependencies(/home/ethanreynolds/vscode/robot-rover-2025/code/system/ros2/install/vehicle_string_converter/share/colcon-core/packages/vehicle_string_converter)
[3.846s] DEBUG:colcon.colcon_parallel_executor.executor.parallel:closing loop
[3.847s] DEBUG:colcon.colcon_parallel_executor.executor.parallel:loop closed
[3.848s] DEBUG:colcon.colcon_parallel_executor.executor.parallel:run_until_complete finished with '0'
[3.848s] DEBUG:colcon.colcon_core.event_reactor:joining thread
[3.849s] DEBUG:colcon.colcon_core.event_reactor:joined thread
[3.850s] INFO:colcon.colcon_core.shell:Creating prefix script '/home/ethanreynolds/vscode/robot-rover-2025/code/system/ros2/install/local_setup.ps1'
[3.851s] INFO:colcon.colcon_core.shell:Creating prefix util module '/home/ethanreynolds/vscode/robot-rover-2025/code/system/ros2/install/_local_setup_util_ps1.py'
[3.853s] INFO:colcon.colcon_core.shell:Creating prefix chain script '/home/ethanreynolds/vscode/robot-rover-2025/code/system/ros2/install/setup.ps1'
[3.855s] INFO:colcon.colcon_core.shell:Creating prefix script '/home/ethanreynolds/vscode/robot-rover-2025/code/system/ros2/install/local_setup.sh'
[3.856s] INFO:colcon.colcon_core.shell:Creating prefix util module '/home/ethanreynolds/vscode/robot-rover-2025/code/system/ros2/install/_local_setup_util_sh.py'
[3.857s] INFO:colcon.colcon_core.shell:Creating prefix chain script '/home/ethanreynolds/vscode/robot-rover-2025/code/system/ros2/install/setup.sh'
[3.859s] INFO:colcon.colcon_core.shell:Creating prefix script '/home/ethanreynolds/vscode/robot-rover-2025/code/system/ros2/install/local_setup.bash'
[3.859s] INFO:colcon.colcon_core.shell:Creating prefix chain script '/home/ethanreynolds/vscode/robot-rover-2025/code/system/ros2/install/setup.bash'
[3.861s] INFO:colcon.colcon_core.shell:Creating prefix script '/home/ethanreynolds/vscode/robot-rover-2025/code/system/ros2/install/local_setup.zsh'
[3.862s] INFO:colcon.colcon_core.shell:Creating prefix chain script '/home/ethanreynolds/vscode/robot-rover-2025/code/system/ros2/install/setup.zsh'
