[0.000000] (-) TimerEvent: {}
[0.000791] (-) JobUnselected: {'identifier': 'vehicle_interfaces'}
[0.001136] (-) JobUnselected: {'identifier': 'vehicle_navigation'}
[0.001621] (-) JobUnselected: {'identifier': 'vehicle_networking'}
[0.001711] (-) JobUnselected: {'identifier': 'vehicle_simulation'}
[0.001751] (vehicle_string_converter) JobQueued: {'identifier': 'vehicle_string_converter', 'dependencies': OrderedDict()}
[0.001783] (vehicle_string_converter) JobStarted: {'identifier': 'vehicle_string_converter'}
[0.099786] (-) TimerEvent: {}
[0.200276] (-) TimerEvent: {}
[0.300638] (-) TimerEvent: {}
[0.401032] (-) TimerEvent: {}
[0.501473] (-) TimerEvent: {}
[0.602236] (-) TimerEvent: {}
[0.702533] (-) TimerEvent: {}
[0.802811] (-) TimerEvent: {}
[0.903266] (-) TimerEvent: {}
[0.994467] (vehicle_string_converter) Command: {'cmd': ['/usr/bin/python3', 'setup.py', 'egg_info', '--egg-base', '../../build/vehicle_string_converter', 'build', '--build-base', '/root/build/vehicle_string_converter/build', 'install', '--record', '/root/build/vehicle_string_converter/install.log', '--install-scripts', '$base/lib/vehicle_string_converter', '--single-version-externally-managed'], 'cwd': '/root/src/vehicle_string_converter', 'env': {'HOSTNAME': '2a33c685da1f', 'SHLVL': '1', 'LD_LIBRARY_PATH': '/root/install/vehicle_interfaces/lib:/opt/ros/foxy/opt/yaml_cpp_vendor/lib:/opt/ros/foxy/opt/rviz_ogre_vendor/lib:/opt/ros/foxy/lib/x86_64-linux-gnu:/opt/ros/foxy/lib', 'HOME': '/root', 'OLDPWD': '/', 'ROS_PYTHON_VERSION': '3', 'COLCON_PREFIX_PATH': '/root/install', 'ROS_DISTRO': 'foxy', '_': '/usr/bin/colcon', 'ROS_VERSION': '2', 'TERM': 'xterm', 'ROS_LOCALHOST_ONLY': '0', 'QT_X11_NO_MITSHM': '1', 'PATH': '/opt/ros/foxy/bin:/usr/local/sbin:/usr/local/bin:/usr/sbin:/usr/bin:/sbin:/bin', 'DISPLAY': ':0.0', 'LANG': 'C.UTF-8', 'AMENT_PREFIX_PATH': '/root/install/vehicle_interfaces:/root/install/vehicle_string_converter:/root/install/vehicle_simulation:/opt/ros/foxy', 'DEBIAN_FRONTEND': 'noninteractive', 'PWD': '/root/build/vehicle_string_converter', 'LC_ALL': 'C.UTF-8', 'PYTHONPATH': '/root/build/vehicle_string_converter/prefix_override:/root/install/vehicle_string_converter/lib/python3.8/site-packages:/root/install/vehicle_interfaces/lib/python3.8/site-packages:/root/install/vehicle_string_converter/lib/python3.8/site-packages:/root/install/vehicle_simulation/lib/python3.8/site-packages:/opt/ros/foxy/lib/python3.8/site-packages', 'COLCON': '1', 'CMAKE_PREFIX_PATH': '/root/install/vehicle_interfaces'}, 'shell': False}
[1.004082] (-) TimerEvent: {}
[1.105130] (-) TimerEvent: {}
[1.205500] (-) TimerEvent: {}
[1.305848] (-) TimerEvent: {}
[1.338909] (vehicle_string_converter) StdoutLine: {'line': b'running egg_info\n'}
[1.341488] (vehicle_string_converter) StdoutLine: {'line': b'writing ../../build/vehicle_string_converter/vehicle_string_converter.egg-info/PKG-INFO\n'}
[1.341738] (vehicle_string_converter) StdoutLine: {'line': b'writing dependency_links to ../../build/vehicle_string_converter/vehicle_string_converter.egg-info/dependency_links.txt\n'}
[1.341916] (vehicle_string_converter) StdoutLine: {'line': b'writing entry points to ../../build/vehicle_string_converter/vehicle_string_converter.egg-info/entry_points.txt\n'}
[1.348647] (vehicle_string_converter) StdoutLine: {'line': b'writing requirements to ../../build/vehicle_string_converter/vehicle_string_converter.egg-info/requires.txt\n'}
[1.348873] (vehicle_string_converter) StdoutLine: {'line': b'writing top-level names to ../../build/vehicle_string_converter/vehicle_string_converter.egg-info/top_level.txt\n'}
[1.405943] (-) TimerEvent: {}
[1.415030] (vehicle_string_converter) StdoutLine: {'line': b"reading manifest file '../../build/vehicle_string_converter/vehicle_string_converter.egg-info/SOURCES.txt'\n"}
[1.418267] (vehicle_string_converter) StdoutLine: {'line': b"writing manifest file '../../build/vehicle_string_converter/vehicle_string_converter.egg-info/SOURCES.txt'\n"}
[1.418589] (vehicle_string_converter) StdoutLine: {'line': b'running build\n'}
[1.418804] (vehicle_string_converter) StdoutLine: {'line': b'running build_py\n'}
[1.419286] (vehicle_string_converter) StdoutLine: {'line': b'copying vehicle_string_converter/vehicle_control_string_builder.py -> /root/build/vehicle_string_converter/build/lib/vehicle_string_converter\n'}
[1.420562] (vehicle_string_converter) StdoutLine: {'line': b'running install\n'}
[1.422306] (vehicle_string_converter) StdoutLine: {'line': b'running install_lib\n'}
[1.426723] (vehicle_string_converter) StdoutLine: {'line': b'copying /root/build/vehicle_string_converter/build/lib/vehicle_string_converter/vehicle_control_string_builder.py -> /root/install/vehicle_string_converter/lib/python3.8/site-packages/vehicle_string_converter\n'}
[1.428281] (vehicle_string_converter) StdoutLine: {'line': b'byte-compiling /root/install/vehicle_string_converter/lib/python3.8/site-packages/vehicle_string_converter/vehicle_control_string_builder.py to vehicle_control_string_builder.cpython-38.pyc\n'}
[1.431271] (vehicle_string_converter) StdoutLine: {'line': b'running install_data\n'}
[1.432440] (vehicle_string_converter) StdoutLine: {'line': b'running install_egg_info\n'}
[1.435845] (vehicle_string_converter) StdoutLine: {'line': b"removing '/root/install/vehicle_string_converter/lib/python3.8/site-packages/vehicle_string_converter-0.0.0-py3.8.egg-info' (and everything under it)\n"}
[1.436506] (vehicle_string_converter) StdoutLine: {'line': b'Copying ../../build/vehicle_string_converter/vehicle_string_converter.egg-info to /root/install/vehicle_string_converter/lib/python3.8/site-packages/vehicle_string_converter-0.0.0-py3.8.egg-info\n'}
[1.438237] (vehicle_string_converter) StdoutLine: {'line': b'running install_scripts\n'}
[1.475715] (vehicle_string_converter) StdoutLine: {'line': b'Installing vehicle_control_string_builder script to /root/install/vehicle_string_converter/lib/vehicle_string_converter\n'}
[1.476528] (vehicle_string_converter) StdoutLine: {'line': b"writing list of installed files to '/root/build/vehicle_string_converter/install.log'\n"}
[1.506061] (-) TimerEvent: {}
[1.515023] (vehicle_string_converter) CommandEnded: {'returncode': 0}
[1.553522] (vehicle_string_converter) JobEnded: {'identifier': 'vehicle_string_converter', 'rc': 0}
[1.554989] (-) EventReactorShutdown: {}
