[0.899s] Invoking command in '/root/src/vehicle_simulation': PYTHONPATH=/root/build/vehicle_simulation/prefix_override:/root/install/vehicle_simulation/lib/python3.8/site-packages:${PYTHONPATH} /usr/bin/python3 setup.py egg_info --egg-base ../../build/vehicle_simulation build --build-base /root/build/vehicle_simulation/build install --record /root/build/vehicle_simulation/install.log --install-scripts $base/lib/vehicle_simulation --single-version-externally-managed
[1.161s] running egg_info
[1.161s] writing ../../build/vehicle_simulation/vehicle_simulation.egg-info/PKG-INFO
[1.162s] writing dependency_links to ../../build/vehicle_simulation/vehicle_simulation.egg-info/dependency_links.txt
[1.162s] writing entry points to ../../build/vehicle_simulation/vehicle_simulation.egg-info/entry_points.txt
[1.162s] writing requirements to ../../build/vehicle_simulation/vehicle_simulation.egg-info/requires.txt
[1.162s] writing top-level names to ../../build/vehicle_simulation/vehicle_simulation.egg-info/top_level.txt
[1.204s] reading manifest file '../../build/vehicle_simulation/vehicle_simulation.egg-info/SOURCES.txt'
[1.205s] writing manifest file '../../build/vehicle_simulation/vehicle_simulation.egg-info/SOURCES.txt'
[1.205s] running build
[1.205s] running build_py
[1.206s] copying vehicle_simulation/vehicle_sensor_sim.py -> /root/build/vehicle_simulation/build/lib/vehicle_simulation
[1.206s] running install
[1.207s] running install_lib
[1.208s] copying /root/build/vehicle_simulation/build/lib/vehicle_simulation/vehicle_sensor_sim.py -> /root/install/vehicle_simulation/lib/python3.8/site-packages/vehicle_simulation
[1.209s] byte-compiling /root/install/vehicle_simulation/lib/python3.8/site-packages/vehicle_simulation/vehicle_sensor_sim.py to vehicle_sensor_sim.cpython-38.pyc
[1.211s] running install_data
[1.212s] running install_egg_info
[1.215s] removing '/root/install/vehicle_simulation/lib/python3.8/site-packages/vehicle_simulation-0.0.0-py3.8.egg-info' (and everything under it)
[1.216s] Copying ../../build/vehicle_simulation/vehicle_simulation.egg-info to /root/install/vehicle_simulation/lib/python3.8/site-packages/vehicle_simulation-0.0.0-py3.8.egg-info
[1.217s] running install_scripts
[1.246s] Installing vehicle_control_sim script to /root/install/vehicle_simulation/lib/vehicle_simulation
[1.246s] Installing vehicle_sensor_sim script to /root/install/vehicle_simulation/lib/vehicle_simulation
[1.247s] writing list of installed files to '/root/build/vehicle_simulation/install.log'
[1.282s] Invoked command in '/root/src/vehicle_simulation' returned '0': PYTHONPATH=/root/build/vehicle_simulation/prefix_override:/root/install/vehicle_simulation/lib/python3.8/site-packages:${PYTHONPATH} /usr/bin/python3 setup.py egg_info --egg-base ../../build/vehicle_simulation build --build-base /root/build/vehicle_simulation/build install --record /root/build/vehicle_simulation/install.log --install-scripts $base/lib/vehicle_simulation --single-version-externally-managed
