[2.216s] Invoking command in '/home/ethanreynolds/vscode/robot-rover-2025/code/system/ros2/build/vehicle_string_converter': PYTHONPATH=/home/ethanreynolds/vscode/robot-rover-2025/code/system/ros2/build/vehicle_string_converter/prefix_override:/usr/lib/python3/dist-packages/colcon_core/task/python/colcon_distutils_commands:/home/ethanreynolds/vscode/robot-rover-2025/code/system/ros2/install/vehicle_string_converter/lib/python3.8/site-packages:${PYTHONPATH} /usr/bin/python3 -W ignore:setup.py install is deprecated -W ignore:easy_install command is deprecated setup.py develop --editable --build-directory /home/ethanreynolds/vscode/robot-rover-2025/code/system/ros2/build/vehicle_string_converter/build --no-deps symlink_data --force
[2.875s] running develop
[3.265s] running egg_info
[3.266s] writing vehicle_string_converter.egg-info/PKG-INFO
[3.266s] writing dependency_links to vehicle_string_converter.egg-info/dependency_links.txt
[3.267s] writing entry points to vehicle_string_converter.egg-info/entry_points.txt
[3.268s] writing requirements to vehicle_string_converter.egg-info/requires.txt
[3.268s] writing top-level names to vehicle_string_converter.egg-info/top_level.txt
[3.368s] reading manifest file 'vehicle_string_converter.egg-info/SOURCES.txt'
[3.372s] writing manifest file 'vehicle_string_converter.egg-info/SOURCES.txt'
[3.449s] running build_ext
[3.450s] Creating /home/ethanreynolds/vscode/robot-rover-2025/code/system/ros2/install/vehicle_string_converter/lib/python3.8/site-packages/site.py
[3.454s] Creating /home/ethanreynolds/vscode/robot-rover-2025/code/system/ros2/install/vehicle_string_converter/lib/python3.8/site-packages/vehicle-string-converter.egg-link (link to .)
[3.455s] Installing control_string_builder script to /home/ethanreynolds/vscode/robot-rover-2025/code/system/ros2/install/vehicle_string_converter/lib/vehicle_string_converter
[3.456s] Installing control_string_parser script to /home/ethanreynolds/vscode/robot-rover-2025/code/system/ros2/install/vehicle_string_converter/lib/vehicle_string_converter
[3.456s] Installing sensor_string_parser script to /home/ethanreynolds/vscode/robot-rover-2025/code/system/ros2/install/vehicle_string_converter/lib/vehicle_string_converter
[3.456s] 
[3.457s] Installed /home/ethanreynolds/vscode/robot-rover-2025/code/system/ros2/build/vehicle_string_converter
[3.457s] running symlink_data
[3.457s] symbolically linking /home/ethanreynolds/vscode/robot-rover-2025/code/system/ros2/build/vehicle_string_converter/resource/vehicle_string_converter -> /home/ethanreynolds/vscode/robot-rover-2025/code/system/ros2/install/vehicle_string_converter/share/ament_index/resource_index/packages
[3.458s] symbolically linking /home/ethanreynolds/vscode/robot-rover-2025/code/system/ros2/build/vehicle_string_converter/package.xml -> /home/ethanreynolds/vscode/robot-rover-2025/code/system/ros2/install/vehicle_string_converter/share/vehicle_string_converter
[3.458s] symbolically linking /home/ethanreynolds/vscode/robot-rover-2025/code/system/ros2/build/vehicle_string_converter/config/control_codes.yaml -> /home/ethanreynolds/vscode/robot-rover-2025/code/system/ros2/install/vehicle_string_converter/share/vehicle_string_converter/config
[3.458s] symbolically linking /home/ethanreynolds/vscode/robot-rover-2025/code/system/ros2/build/vehicle_string_converter/config/sensor_fields.yaml -> /home/ethanreynolds/vscode/robot-rover-2025/code/system/ros2/install/vehicle_string_converter/share/vehicle_string_converter/config
[3.459s] symbolically linking /home/ethanreynolds/vscode/robot-rover-2025/code/system/ros2/build/vehicle_string_converter/config/sensor_codes.yaml -> /home/ethanreynolds/vscode/robot-rover-2025/code/system/ros2/install/vehicle_string_converter/share/vehicle_string_converter/config
[3.459s] symbolically linking /home/ethanreynolds/vscode/robot-rover-2025/code/system/ros2/build/vehicle_string_converter/config/sensor_names.yaml -> /home/ethanreynolds/vscode/robot-rover-2025/code/system/ros2/install/vehicle_string_converter/share/vehicle_string_converter/config
[3.459s] symbolically linking /home/ethanreynolds/vscode/robot-rover-2025/code/system/ros2/build/vehicle_string_converter/config/delimiters.yaml -> /home/ethanreynolds/vscode/robot-rover-2025/code/system/ros2/install/vehicle_string_converter/share/vehicle_string_converter/config
[3.459s] symbolically linking /home/ethanreynolds/vscode/robot-rover-2025/code/system/ros2/build/vehicle_string_converter/config/sensor_encoding.yaml -> /home/ethanreynolds/vscode/robot-rover-2025/code/system/ros2/install/vehicle_string_converter/share/vehicle_string_converter/config
[3.517s] Invoked command in '/home/ethanreynolds/vscode/robot-rover-2025/code/system/ros2/build/vehicle_string_converter' returned '0': PYTHONPATH=/home/ethanreynolds/vscode/robot-rover-2025/code/system/ros2/build/vehicle_string_converter/prefix_override:/usr/lib/python3/dist-packages/colcon_core/task/python/colcon_distutils_commands:/home/ethanreynolds/vscode/robot-rover-2025/code/system/ros2/install/vehicle_string_converter/lib/python3.8/site-packages:${PYTHONPATH} /usr/bin/python3 -W ignore:setup.py install is deprecated -W ignore:easy_install command is deprecated setup.py develop --editable --build-directory /home/ethanreynolds/vscode/robot-rover-2025/code/system/ros2/build/vehicle_string_converter/build --no-deps symlink_data --force
