[INFO] [1775755813.634440237] [vehicle_control_string_builder]: Starting Vehicle Control String Builder Node
[INFO] [1775755813.641114919] [vehicle_control_string_builder]: Successfully loaded control codes
[INFO] [1775755814.432410983] [vehicle_control_string_builder]: Published control string: {br[True]rv[True]srv[False]su[False]sp[0]ssp[0]fan[0]}
[INFO] [1775755815.431414284] [vehicle_control_string_builder]: Published control string: {br[True]rv[True]srv[False]su[False]sp[0]ssp[0]fan[0]}
[INFO] [1775755816.432489742] [vehicle_control_string_builder]: Published control string: {br[True]rv[True]srv[False]su[False]sp[0]ssp[0]fan[0]}
[INFO] [1775755817.430991683] [vehicle_control_string_builder]: Published control string: {br[True]rv[True]srv[False]su[False]sp[0]ssp[0]fan[0]}
[INFO] [1775755818.435185249] [vehicle_control_string_builder]: Published control string: {br[True]rv[True]srv[False]su[False]sp[0]ssp[0]fan[0]}
[INFO] [1775755819.429789649] [vehicle_control_string_builder]: Published control string: {br[True]rv[True]srv[False]su[False]sp[0]ssp[0]fan[0]}
[INFO] [1775755820.432973054] [vehicle_control_string_builder]: Published control string: {br[True]rv[True]srv[False]su[False]sp[0]ssp[0]fan[0]}
[INFO] [1775755821.430433180] [vehicle_control_string_builder]: Published control string: {br[True]rv[True]srv[False]su[True]sp[0]ssp[0]fan[0]}
[INFO] [1775755822.433436350] [vehicle_control_string_builder]: Published control string: {br[True]rv[True]srv[False]su[True]sp[0]ssp[0]fan[0]}
[INFO] [1775755823.439975065] [vehicle_control_string_builder]: Published control string: {br[True]rv[True]srv[False]su[True]sp[0]ssp[0]fan[0]}
[INFO] [1775755824.442090376] [vehicle_control_string_builder]: Published control string: {br[True]rv[True]srv[False]su[True]sp[0]ssp[0]fan[0]}
[INFO] [1775755825.434450695] [vehicle_control_string_builder]: Published control string: {br[True]rv[True]srv[False]su[True]sp[0]ssp[0]fan[0]}
[INFO] [1775755826.432075853] [vehicle_control_string_builder]: Published control string: {br[True]rv[True]srv[False]su[True]sp[0]ssp[0]fan[0]}
[INFO] [1775755827.436991833] [vehicle_control_string_builder]: Published control string: {br[True]rv[True]srv[False]su[True]sp[0]ssp[0]fan[0]}
[INFO] [1775755828.436414976] [vehicle_control_string_builder]: Published control string: {br[True]rv[True]srv[False]su[True]sp[0]ssp[0]fan[0]}
[INFO] [1775755829.429405894] [vehicle_control_string_builder]: Published control string: {br[True]rv[True]srv[False]su[True]sp[0]ssp[0]fan[0]}
[INFO] [1775755830.434528839] [vehicle_control_string_builder]: Published control string: {br[True]rv[True]srv[False]su[True]sp[0]ssp[0]fan[0]}
[INFO] [1775755831.435173597] [vehicle_control_string_builder]: Published control string: {br[True]rv[True]srv[False]su[True]sp[0]ssp[0]fan[0]}
[INFO] [1775755832.433984716] [vehicle_control_string_builder]: Published control string: {br[True]rv[True]srv[False]su[True]sp[0]ssp[0]fan[0]}
[INFO] [1775755833.435069077] [vehicle_control_string_builder]: Published control string: {br[False]rv[True]srv[False]su[True]sp[0]ssp[0]fan[0]}
[INFO] [1775755834.437378106] [vehicle_control_string_builder]: Published control string: {br[False]rv[True]srv[False]su[True]sp[0]ssp[0]fan[0]}
[INFO] [1775755835.434060204] [vehicle_control_string_builder]: Published control string: {br[False]rv[True]srv[False]su[True]sp[0]ssp[0]fan[0]}
[INFO] [1775755836.435855782] [vehicle_control_string_builder]: Published control string: {br[False]rv[True]srv[False]su[True]sp[0]ssp[0]fan[0]}
[INFO] [1775755837.434826421] [vehicle_control_string_builder]: Published control string: {br[False]rv[True]srv[False]su[True]sp[0]ssp[0]fan[0]}
[INFO] [1775755838.443987930] [vehicle_control_string_builder]: Published control string: {br[False]rv[True]srv[False]su[True]sp[0]ssp[0]fan[0]}
[INFO] [1775755839.433515264] [vehicle_control_string_builder]: Published control string: {br[False]rv[True]srv[False]su[True]sp[0]ssp[0]fan[0]}
[INFO] [1775755840.433713966] [vehicle_control_string_builder]: Published control string: {br[False]rv[True]srv[False]su[True]sp[0]ssp[0]fan[0]}
[INFO] [1775755841.433773402] [vehicle_control_string_builder]: Published control string: {br[False]rv[True]srv[False]su[True]sp[0]ssp[0]fan[0]}
[INFO] [1775755842.430596896] [vehicle_control_string_builder]: Published control string: {br[False]rv[True]srv[False]su[True]sp[0]ssp[0]fan[0]}
[INFO] [1775755843.432948625] [vehicle_control_string_builder]: Published control string: {br[False]rv[True]srv[False]su[True]sp[0]ssp[0]fan[0]}
[INFO] [1775755844.434888499] [vehicle_control_string_builder]: Published control string: {br[False]rv[True]srv[False]su[True]sp[0]ssp[0]fan[0]}
[INFO] [1775755845.433838364] [vehicle_control_string_builder]: Published control string: {br[False]rv[True]srv[False]su[True]sp[0]ssp[0]fan[0]}
[INFO] [1775755846.432932625] [vehicle_control_string_builder]: Published control string: {br[False]rv[True]srv[False]su[True]sp[0]ssp[0]fan[0]}
[INFO] [1775755847.434695277] [vehicle_control_string_builder]: Published control string: {br[False]rv[True]srv[False]su[True]sp[0]ssp[0]fan[0]}
[INFO] [1775755848.438982206] [vehicle_control_string_builder]: Published control string: {br[False]rv[True]srv[False]su[True]sp[0]ssp[0]fan[0]}
[INFO] [1775755849.433757941] [vehicle_control_string_builder]: Published control string: {br[False]rv[True]srv[False]su[True]sp[0]ssp[0]fan[0]}
[INFO] [1775755850.430231543] [vehicle_control_string_builder]: Published control string: {br[False]rv[True]srv[False]su[True]sp[0]ssp[0]fan[0]}
[INFO] [1775755851.434008061] [vehicle_control_string_builder]: Published control string: {br[False]rv[True]srv[False]su[True]sp[0]ssp[0]fan[0]}
[INFO] [1775755852.431762341] [vehicle_control_string_builder]: Published control string: {br[False]rv[True]srv[False]su[True]sp[0]ssp[0]fan[0]}
[INFO] [1775755853.433651432] [vehicle_control_string_builder]: Published control string: {br[False]rv[True]srv[False]su[True]sp[0]ssp[0]fan[0]}
[INFO] [1775755854.430034092] [vehicle_control_string_builder]: Published control string: {br[False]rv[True]srv[False]su[True]sp[0]ssp[0]fan[0]}
[INFO] [1775755855.430343704] [vehicle_control_string_builder]: Published control string: {br[False]rv[True]srv[False]su[True]sp[0]ssp[0]fan[0]}
[INFO] [1775755856.435516883] [vehicle_control_string_builder]: Published control string: {br[False]rv[True]srv[False]su[True]sp[0]ssp[0]fan[0]}
[INFO] [1775755857.431980713] [vehicle_control_string_builder]: Published control string: {br[False]rv[True]srv[False]su[True]sp[0]ssp[0]fan[0]}
[INFO] [1775755858.433019867] [vehicle_control_string_builder]: Published control string: {br[False]rv[True]srv[False]su[True]sp[0]ssp[0]fan[0]}
[INFO] [1775755859.433956462] [vehicle_control_string_builder]: Published control string: {br[False]rv[True]srv[False]su[True]sp[0]ssp[0]fan[0]}
[INFO] [1775755860.433717858] [vehicle_control_string_builder]: Published control string: {br[False]rv[True]srv[False]su[True]sp[0]ssp[0]fan[0]}
[INFO] [1775755861.435228995] [vehicle_control_string_builder]: Published control string: {br[False]rv[True]srv[False]su[True]sp[0]ssp[0]fan[0]}
[INFO] [1775755862.433752878] [vehicle_control_string_builder]: Published control string: {br[False]rv[True]srv[False]su[True]sp[0]ssp[0]fan[0]}
[INFO] [1775755863.431672340] [vehicle_control_string_builder]: Published control string: {br[False]rv[True]srv[False]su[True]sp[0]ssp[0]fan[0]}
[INFO] [1775755864.432286550] [vehicle_control_string_builder]: Published control string: {br[False]rv[True]srv[False]su[True]sp[0]ssp[0]fan[0]}
[INFO] [1775755865.436643877] [vehicle_control_string_builder]: Published control string: {br[False]rv[True]srv[False]su[True]sp[0]ssp[0]fan[0]}
[INFO] [1775755866.434018655] [vehicle_control_string_builder]: Published control string: {br[False]rv[True]srv[False]su[True]sp[0]ssp[0]fan[0]}
[INFO] [1775755867.433484058] [vehicle_control_string_builder]: Published control string: {br[False]rv[True]srv[False]su[True]sp[50]ssp[0]fan[0]}
[INFO] [1775755868.436603722] [vehicle_control_string_builder]: Published control string: {br[False]rv[True]srv[False]su[True]sp[50]ssp[0]fan[0]}
[INFO] [1775755869.433413674] [vehicle_control_string_builder]: Published control string: {br[False]rv[True]srv[False]su[True]sp[50]ssp[0]fan[0]}
[INFO] [1775755870.433005877] [vehicle_control_string_builder]: Published control string: {br[False]rv[True]srv[False]su[True]sp[50]ssp[0]fan[0]}
[INFO] [1775755871.434325087] [vehicle_control_string_builder]: Published control string: {br[False]rv[True]srv[False]su[True]sp[50]ssp[0]fan[0]}
[INFO] [1775755872.433414865] [vehicle_control_string_builder]: Published control string: {br[False]rv[True]srv[False]su[True]sp[50]ssp[0]fan[0]}
[INFO] [1775755873.434053073] [vehicle_control_string_builder]: Published control string: {br[False]rv[True]srv[False]su[True]sp[50]ssp[0]fan[0]}
[INFO] [1775755874.433300408] [vehicle_control_string_builder]: Published control string: {br[False]rv[True]srv[False]su[True]sp[50]ssp[0]fan[0]}
[INFO] [1775755875.433834018] [vehicle_control_string_builder]: Published control string: {br[False]rv[True]srv[False]su[True]sp[50]ssp[0]fan[0]}
[INFO] [1775755876.430747375] [vehicle_control_string_builder]: Published control string: {br[False]rv[True]srv[False]su[True]sp[50]ssp[0]fan[0]}
[INFO] [1775755877.433245658] [vehicle_control_string_builder]: Published control string: {br[False]rv[True]srv[False]su[True]sp[50]ssp[0]fan[0]}
[INFO] [1775755878.435188151] [vehicle_control_string_builder]: Published control string: {br[False]rv[True]srv[False]su[True]sp[50]ssp[0]fan[0]}
[INFO] [1775755879.433579003] [vehicle_control_string_builder]: Published control string: {br[False]rv[True]srv[False]su[True]sp[50]ssp[0]fan[0]}
[INFO] [1775755880.432989724] [vehicle_control_string_builder]: Published control string: {br[False]rv[True]srv[False]su[True]sp[50]ssp[0]fan[0]}
[INFO] [1775755881.433085832] [vehicle_control_string_builder]: Published control string: {br[False]rv[True]srv[False]su[True]sp[50]ssp[0]fan[0]}
[INFO] [1775755882.435816009] [vehicle_control_string_builder]: Published control string: {br[False]rv[True]srv[False]su[True]sp[50]ssp[0]fan[0]}
[INFO] [1775755883.430036283] [vehicle_control_string_builder]: Published control string: {br[False]rv[True]srv[False]su[True]sp[50]ssp[0]fan[0]}
[INFO] [1775755884.429814377] [vehicle_control_string_builder]: Published control string: {br[False]rv[True]srv[False]su[True]sp[50]ssp[0]fan[0]}
[INFO] [1775755885.430153648] [vehicle_control_string_builder]: Published control string: {br[False]rv[True]srv[False]su[True]sp[50]ssp[0]fan[0]}
[INFO] [1775755886.430306495] [vehicle_control_string_builder]: Published control string: {br[False]rv[True]srv[False]su[True]sp[50]ssp[0]fan[0]}
[INFO] [1775755887.429898042] [vehicle_control_string_builder]: Published control string: {br[False]rv[True]srv[False]su[True]sp[50]ssp[0]fan[0]}
[INFO] [1775755888.430175081] [vehicle_control_string_builder]: Published control string: {br[False]rv[True]srv[False]su[True]sp[50]ssp[0]fan[0]}
[INFO] [1775755889.435615077] [vehicle_control_string_builder]: Published control string: {br[False]rv[True]srv[False]su[True]sp[50]ssp[0]fan[0]}
[INFO] [1775755890.429636580] [vehicle_control_string_builder]: Published control string: {br[False]rv[True]srv[False]su[True]sp[50]ssp[0]fan[0]}
[INFO] [1775755891.432749930] [vehicle_control_string_builder]: Published control string: {br[False]rv[True]srv[False]su[True]sp[50]ssp[0]fan[0]}
[INFO] [1775755892.435171857] [vehicle_control_string_builder]: Published control string: {br[False]rv[True]srv[False]su[True]sp[50]ssp[0]fan[0]}
[INFO] [1775755893.434426427] [vehicle_control_string_builder]: Published control string: {br[False]rv[True]srv[False]su[True]sp[50]ssp[0]fan[0]}
[INFO] [1775755894.430474594] [vehicle_control_string_builder]: Published control string: {br[False]rv[True]srv[False]su[True]sp[50]ssp[0]fan[0]}
[INFO] [1775755895.429986043] [vehicle_control_string_builder]: Published control string: {br[False]rv[True]srv[False]su[True]sp[50]ssp[0]fan[0]}
[INFO] [1775755896.433946641] [vehicle_control_string_builder]: Published control string: {br[False]rv[True]srv[False]su[True]sp[50]ssp[0]fan[0]}
[INFO] [1775755897.432991613] [vehicle_control_string_builder]: Published control string: {br[False]rv[True]srv[False]su[True]sp[50]ssp[0]fan[0]}
[INFO] [1775755898.434410125] [vehicle_control_string_builder]: Published control string: {br[False]rv[True]srv[False]su[True]sp[50]ssp[0]fan[0]}
[INFO] [1775755899.433624814] [vehicle_control_string_builder]: Published control string: {br[False]rv[True]srv[False]su[True]sp[50]ssp[0]fan[0]}
[INFO] [1775755900.434507607] [vehicle_control_string_builder]: Published control string: {br[False]rv[True]srv[False]su[True]sp[50]ssp[0]fan[0]}
[INFO] [1775755901.435441187] [vehicle_control_string_builder]: Published control string: {br[False]rv[True]srv[False]su[True]sp[50]ssp[0]fan[0]}
[INFO] [1775755902.434690851] [vehicle_control_string_builder]: Published control string: {br[False]rv[True]srv[False]su[True]sp[50]ssp[0]fan[0]}
[INFO] [1775755903.433149318] [vehicle_control_string_builder]: Published control string: {br[False]rv[True]srv[False]su[True]sp[50]ssp[0]fan[0]}
[INFO] [1775755904.434670577] [vehicle_control_string_builder]: Published control string: {br[False]rv[True]srv[False]su[True]sp[50]ssp[0]fan[0]}
[INFO] [1775755905.434750984] [vehicle_control_string_builder]: Published control string: {br[False]rv[True]srv[False]su[True]sp[50]ssp[0]fan[0]}
[INFO] [1775755906.433945857] [vehicle_control_string_builder]: Published control string: {br[False]rv[True]srv[False]su[True]sp[50]ssp[0]fan[0]}
[INFO] [1775755907.430416043] [vehicle_control_string_builder]: Published control string: {br[False]rv[True]srv[False]su[True]sp[50]ssp[0]fan[0]}
[INFO] [1775755908.434967774] [vehicle_control_string_builder]: Published control string: {br[False]rv[True]srv[False]su[True]sp[50]ssp[0]fan[0]}
[INFO] [1775755909.434228069] [vehicle_control_string_builder]: Published control string: {br[False]rv[True]srv[False]su[True]sp[50]ssp[0]fan[0]}
[INFO] [1775755910.433798812] [vehicle_control_string_builder]: Published control string: {br[False]rv[True]srv[False]su[True]sp[50]ssp[0]fan[0]}
[INFO] [1775755911.434345422] [vehicle_control_string_builder]: Published control string: {br[False]rv[True]srv[False]su[True]sp[50]ssp[0]fan[0]}
[INFO] [1775755912.431804883] [vehicle_control_string_builder]: Published control string: {br[False]rv[True]srv[False]su[True]sp[50]ssp[0]fan[0]}
[INFO] [1775755913.433429715] [vehicle_control_string_builder]: Published control string: {br[False]rv[True]srv[False]su[True]sp[50]ssp[0]fan[0]}
[INFO] [1775755914.431646142] [vehicle_control_string_builder]: Published control string: {br[False]rv[True]srv[False]su[True]sp[50]ssp[0]fan[0]}
[INFO] [1775755915.433013937] [vehicle_control_string_builder]: Published control string: {br[False]rv[True]srv[False]su[True]sp[50]ssp[0]fan[0]}
[INFO] [1775755916.434891133] [vehicle_control_string_builder]: Published control string: {br[False]rv[True]srv[False]su[True]sp[50]ssp[0]fan[0]}
[INFO] [1775755917.434711170] [vehicle_control_string_builder]: Published control string: {br[False]rv[True]srv[False]su[True]sp[50]ssp[0]fan[0]}
[INFO] [1775755918.430776303] [vehicle_control_string_builder]: Published control string: {br[False]rv[True]srv[False]su[True]sp[50]ssp[0]fan[0]}
[INFO] [1775755919.430143341] [vehicle_control_string_builder]: Published control string: {br[False]rv[True]srv[False]su[True]sp[50]ssp[0]fan[0]}
[INFO] [1775755920.430920013] [vehicle_control_string_builder]: Published control string: {br[False]rv[True]srv[False]su[True]sp[50]ssp[0]fan[0]}
[INFO] [1775755921.431026948] [vehicle_control_string_builder]: Published control string: {br[False]rv[True]srv[False]su[True]sp[50]ssp[0]fan[0]}
[INFO] [1775755922.431965372] [vehicle_control_string_builder]: Published control string: {br[False]rv[True]srv[False]su[True]sp[50]ssp[0]fan[0]}
[INFO] [1775755923.431620479] [vehicle_control_string_builder]: Published control string: {br[False]rv[True]srv[False]su[True]sp[50]ssp[0]fan[0]}
[INFO] [1775755924.430979633] [vehicle_control_string_builder]: Published control string: {br[False]rv[True]srv[False]su[True]sp[50]ssp[0]fan[0]}
[INFO] [1775755925.430797599] [vehicle_control_string_builder]: Published control string: {br[False]rv[True]srv[False]su[True]sp[50]ssp[0]fan[0]}
[INFO] [1775755926.430997550] [vehicle_control_string_builder]: Published control string: {br[False]rv[True]srv[False]su[True]sp[50]ssp[0]fan[0]}
[INFO] [1775755927.429362062] [vehicle_control_string_builder]: Published control string: {br[False]rv[True]srv[False]su[True]sp[50]ssp[0]fan[0]}
[INFO] [1775755928.435646297] [vehicle_control_string_builder]: Published control string: {br[False]rv[True]srv[False]su[True]sp[50]ssp[0]fan[0]}
[INFO] [1775755929.435116318] [vehicle_control_string_builder]: Published control string: {br[False]rv[True]srv[False]su[True]sp[50]ssp[0]fan[0]}
[INFO] [1775755930.433234420] [vehicle_control_string_builder]: Published control string: {br[False]rv[True]srv[False]su[True]sp[50]ssp[0]fan[0]}
[INFO] [1775755931.430570532] [vehicle_control_string_builder]: Published control string: {br[False]rv[True]srv[False]su[True]sp[50]ssp[0]fan[0]}
[INFO] [1775755932.433881573] [vehicle_control_string_builder]: Published control string: {br[False]rv[True]srv[False]su[True]sp[50]ssp[0]fan[0]}
[INFO] [1775755933.434483990] [vehicle_control_string_builder]: Published control string: {br[False]rv[True]srv[False]su[True]sp[50]ssp[0]fan[0]}
[INFO] [1775755934.434783250] [vehicle_control_string_builder]: Published control string: {br[False]rv[True]srv[False]su[True]sp[50]ssp[0]fan[0]}
[INFO] [1775755935.429898233] [vehicle_control_string_builder]: Published control string: {br[False]rv[True]srv[False]su[True]sp[50]ssp[0]fan[0]}
[INFO] [1775755936.434782649] [vehicle_control_string_builder]: Published control string: {br[False]rv[True]srv[False]su[True]sp[50]ssp[0]fan[0]}
[INFO] [1775755937.431609913] [vehicle_control_string_builder]: Published control string: {br[False]rv[True]srv[False]su[True]sp[50]ssp[0]fan[0]}
[INFO] [1775755938.435713887] [vehicle_control_string_builder]: Published control string: {br[False]rv[True]srv[False]su[True]sp[50]ssp[0]fan[0]}
[INFO] [1775755939.432025787] [vehicle_control_string_builder]: Published control string: {br[False]rv[True]srv[False]su[True]sp[50]ssp[0]fan[0]}
[INFO] [1775755940.434415650] [vehicle_control_string_builder]: Published control string: {br[False]rv[True]srv[False]su[True]sp[50]ssp[0]fan[0]}
[INFO] [1775755941.433553841] [vehicle_control_string_builder]: Published control string: {br[False]rv[True]srv[False]su[True]sp[50]ssp[0]fan[0]}
[INFO] [1775755942.430583252] [vehicle_control_string_builder]: Published control string: {br[False]rv[True]srv[False]su[True]sp[50]ssp[0]fan[0]}
[INFO] [1775755943.434751746] [vehicle_control_string_builder]: Published control string: {br[False]rv[True]srv[False]su[True]sp[50]ssp[0]fan[0]}
[INFO] [1775755944.432873335] [vehicle_control_string_builder]: Published control string: {br[False]rv[True]srv[False]su[True]sp[50]ssp[0]fan[0]}
[INFO] [1775755945.432139838] [vehicle_control_string_builder]: Published control string: {br[False]rv[True]srv[False]su[True]sp[50]ssp[0]fan[0]}
[INFO] [1775755946.433052895] [vehicle_control_string_builder]: Published control string: {br[False]rv[True]srv[False]su[True]sp[50]ssp[0]fan[0]}
[INFO] [1775755947.433668016] [vehicle_control_string_builder]: Published control string: {br[False]rv[True]srv[False]su[True]sp[50]ssp[0]fan[0]}
[INFO] [1775755948.431410971] [vehicle_control_string_builder]: Published control string: {br[False]rv[True]srv[False]su[True]sp[50]ssp[0]fan[0]}
[INFO] [1775755949.432684162] [vehicle_control_string_builder]: Published control string: {br[False]rv[True]srv[False]su[True]sp[50]ssp[0]fan[0]}
[INFO] [1775755950.448744989] [vehicle_control_string_builder]: Published control string: {br[False]rv[True]srv[False]su[True]sp[50]ssp[0]fan[0]}
[INFO] [1775755951.435563407] [vehicle_control_string_builder]: Published control string: {br[False]rv[True]srv[False]su[True]sp[50]ssp[0]fan[0]}
[INFO] [1775755952.429613061] [vehicle_control_string_builder]: Published control string: {br[False]rv[True]srv[False]su[True]sp[50]ssp[0]fan[0]}
[INFO] [1775755953.431208138] [vehicle_control_string_builder]: Published control string: {br[False]rv[True]srv[False]su[True]sp[50]ssp[0]fan[0]}
[INFO] [1775755954.429628187] [vehicle_control_string_builder]: Published control string: {br[False]rv[True]srv[False]su[True]sp[50]ssp[0]fan[0]}
[INFO] [1775755955.492291486] [vehicle_control_string_builder]: Published control string: {br[False]rv[True]srv[False]su[True]sp[50]ssp[0]fan[0]}
[INFO] [1775755956.435733363] [vehicle_control_string_builder]: Published control string: {br[False]rv[True]srv[False]su[True]sp[50]ssp[0]fan[0]}
[INFO] [1775755957.431563769] [vehicle_control_string_builder]: Published control string: {br[False]rv[True]srv[False]su[True]sp[50]ssp[0]fan[0]}
[INFO] [1775755958.433481874] [vehicle_control_string_builder]: Published control string: {br[False]rv[True]srv[False]su[True]sp[50]ssp[0]fan[0]}
[INFO] [1775755959.431658029] [vehicle_control_string_builder]: Published control string: {br[False]rv[True]srv[False]su[True]sp[50]ssp[0]fan[0]}
[INFO] [1775755960.430561321] [vehicle_control_string_builder]: Published control string: {br[False]rv[True]srv[False]su[True]sp[50]ssp[0]fan[0]}
[INFO] [1775755961.430970774] [vehicle_control_string_builder]: Published control string: {br[False]rv[True]srv[False]su[True]sp[50]ssp[0]fan[0]}
[INFO] [1775755962.436465531] [vehicle_control_string_builder]: Published control string: {br[False]rv[True]srv[False]su[True]sp[50]ssp[0]fan[0]}
[INFO] [1775755963.433774700] [vehicle_control_string_builder]: Published control string: {br[False]rv[True]srv[False]su[True]sp[50]ssp[0]fan[0]}
[INFO] [1775755964.429472032] [vehicle_control_string_builder]: Published control string: {br[False]rv[True]srv[False]su[True]sp[50]ssp[0]fan[0]}
[INFO] [1775755965.430162995] [vehicle_control_string_builder]: Published control string: {br[False]rv[True]srv[False]su[True]sp[50]ssp[0]fan[0]}
[INFO] [1775755966.431785040] [vehicle_control_string_builder]: Published control string: {br[False]rv[True]srv[False]su[True]sp[50]ssp[0]fan[0]}
[INFO] [1775755967.434458090] [vehicle_control_string_builder]: Published control string: {br[False]rv[True]srv[False]su[True]sp[50]ssp[0]fan[0]}
[INFO] [1775755968.433938756] [vehicle_control_string_builder]: Published control string: {br[False]rv[True]srv[False]su[True]sp[50]ssp[0]fan[0]}
[INFO] [1775755969.430547340] [vehicle_control_string_builder]: Published control string: {br[False]rv[True]srv[False]su[True]sp[50]ssp[0]fan[0]}
[INFO] [1775755970.433574056] [vehicle_control_string_builder]: Published control string: {br[False]rv[True]srv[False]su[True]sp[50]ssp[0]fan[0]}
[INFO] [1775755971.434373776] [vehicle_control_string_builder]: Published control string: {br[False]rv[True]srv[False]su[True]sp[50]ssp[0]fan[0]}
[INFO] [1775755972.431822976] [vehicle_control_string_builder]: Published control string: {br[False]rv[True]srv[False]su[True]sp[50]ssp[0]fan[0]}
[INFO] [1775755973.430054132] [vehicle_control_string_builder]: Published control string: {br[False]rv[True]srv[False]su[True]sp[50]ssp[0]fan[0]}
[INFO] [1775755974.432422515] [vehicle_control_string_builder]: Published control string: {br[False]rv[True]srv[False]su[True]sp[50]ssp[0]fan[0]}
[INFO] [1775755975.430186574] [vehicle_control_string_builder]: Published control string: {br[False]rv[True]srv[False]su[True]sp[50]ssp[0]fan[0]}
[INFO] [1775755976.431854229] [vehicle_control_string_builder]: Published control string: {br[False]rv[True]srv[False]su[True]sp[50]ssp[0]fan[0]}
[INFO] [1775755977.430589819] [vehicle_control_string_builder]: Published control string: {br[False]rv[True]srv[False]su[True]sp[50]ssp[0]fan[0]}
[INFO] [1775755978.435149825] [vehicle_control_string_builder]: Published control string: {br[False]rv[True]srv[False]su[True]sp[50]ssp[0]fan[0]}
[INFO] [1775755979.432559024] [vehicle_control_string_builder]: Published control string: {br[False]rv[True]srv[False]su[True]sp[50]ssp[0]fan[0]}
[INFO] [1775755980.431134187] [vehicle_control_string_builder]: Published control string: {br[False]rv[True]srv[False]su[True]sp[50]ssp[0]fan[0]}
[INFO] [1775755981.434024478] [vehicle_control_string_builder]: Published control string: {br[False]rv[True]srv[False]su[True]sp[50]ssp[0]fan[0]}
[INFO] [1775755982.432017656] [vehicle_control_string_builder]: Published control string: {br[False]rv[True]srv[False]su[True]sp[50]ssp[0]fan[0]}
[INFO] [1775755983.433785295] [vehicle_control_string_builder]: Published control string: {br[False]rv[True]srv[False]su[True]sp[50]ssp[0]fan[0]}
[INFO] [1775755984.433799243] [vehicle_control_string_builder]: Published control string: {br[False]rv[True]srv[False]su[True]sp[50]ssp[0]fan[0]}
[INFO] [1775755985.430818872] [vehicle_control_string_builder]: Published control string: {br[False]rv[True]srv[False]su[True]sp[50]ssp[0]fan[0]}
[INFO] [1775755986.434779832] [vehicle_control_string_builder]: Published control string: {br[False]rv[True]srv[False]su[True]sp[50]ssp[0]fan[0]}
[INFO] [1775755987.434758210] [vehicle_control_string_builder]: Published control string: {br[False]rv[True]srv[False]su[True]sp[50]ssp[0]fan[0]}
[INFO] [1775755988.429825646] [vehicle_control_string_builder]: Published control string: {br[False]rv[True]srv[False]su[True]sp[50]ssp[0]fan[0]}
[INFO] [1775755989.434216947] [vehicle_control_string_builder]: Published control string: {br[False]rv[True]srv[False]su[True]sp[50]ssp[0]fan[0]}
[INFO] [1775755990.430807021] [vehicle_control_string_builder]: Published control string: {br[False]rv[True]srv[False]su[True]sp[50]ssp[0]fan[0]}
[INFO] [1775755991.434394464] [vehicle_control_string_builder]: Published control string: {br[False]rv[True]srv[False]su[True]sp[50]ssp[0]fan[0]}
[INFO] [1775755992.435122489] [vehicle_control_string_builder]: Published control string: {br[False]rv[True]srv[False]su[True]sp[50]ssp[0]fan[0]}
[INFO] [1775755993.432318711] [vehicle_control_string_builder]: Published control string: {br[False]rv[True]srv[False]su[True]sp[50]ssp[0]fan[0]}
[INFO] [1775755994.435010524] [vehicle_control_string_builder]: Published control string: {br[False]rv[True]srv[False]su[True]sp[50]ssp[0]fan[0]}
[INFO] [1775755995.431834358] [vehicle_control_string_builder]: Published control string: {br[False]rv[True]srv[False]su[True]sp[50]ssp[0]fan[0]}
[INFO] [1775755996.433482467] [vehicle_control_string_builder]: Published control string: {br[False]rv[True]srv[False]su[True]sp[50]ssp[0]fan[0]}
[INFO] [1775755997.432814750] [vehicle_control_string_builder]: Published control string: {br[False]rv[True]srv[False]su[True]sp[50]ssp[0]fan[0]}
[INFO] [1775755998.429934703] [vehicle_control_string_builder]: Published control string: {br[False]rv[True]srv[False]su[True]sp[50]ssp[0]fan[0]}
[INFO] [1775755999.434644798] [vehicle_control_string_builder]: Published control string: {br[False]rv[True]srv[False]su[True]sp[50]ssp[0]fan[0]}
[INFO] [1775756000.430683992] [vehicle_control_string_builder]: Published control string: {br[False]rv[True]srv[False]su[True]sp[50]ssp[0]fan[0]}
[INFO] [1775756001.430981843] [vehicle_control_string_builder]: Published control string: {br[False]rv[True]srv[False]su[True]sp[50]ssp[0]fan[0]}
[INFO] [1775756002.430892646] [vehicle_control_string_builder]: Published control string: {br[False]rv[True]srv[False]su[True]sp[50]ssp[0]fan[0]}
[INFO] [1775756003.433721838] [vehicle_control_string_builder]: Published control string: {br[False]rv[True]srv[False]su[True]sp[50]ssp[0]fan[0]}
[INFO] [1775756004.433750263] [vehicle_control_string_builder]: Published control string: {br[False]rv[True]srv[False]su[True]sp[50]ssp[0]fan[0]}
[INFO] [1775756005.430214842] [vehicle_control_string_builder]: Published control string: {br[False]rv[True]srv[False]su[True]sp[50]ssp[0]fan[0]}
[INFO] [1775756006.432138121] [vehicle_control_string_builder]: Published control string: {br[False]rv[True]srv[False]su[True]sp[50]ssp[0]fan[0]}
[INFO] [1775756007.430370230] [vehicle_control_string_builder]: Published control string: {br[False]rv[True]srv[False]su[True]sp[50]ssp[0]fan[0]}
[INFO] [1775756008.430218283] [vehicle_control_string_builder]: Published control string: {br[False]rv[True]srv[False]su[True]sp[50]ssp[0]fan[0]}
[INFO] [1775756009.431596757] [vehicle_control_string_builder]: Published control string: {br[False]rv[True]srv[False]su[True]sp[50]ssp[0]fan[0]}
[INFO] [1775756010.434401099] [vehicle_control_string_builder]: Published control string: {br[False]rv[True]srv[False]su[True]sp[50]ssp[0]fan[0]}
[INFO] [1775756011.434181974] [vehicle_control_string_builder]: Published control string: {br[False]rv[True]srv[False]su[True]sp[50]ssp[0]fan[0]}
[INFO] [1775756012.435678472] [vehicle_control_string_builder]: Published control string: {br[False]rv[True]srv[False]su[True]sp[50]ssp[0]fan[0]}
[INFO] [1775756013.435787130] [vehicle_control_string_builder]: Published control string: {br[False]rv[True]srv[False]su[True]sp[50]ssp[0]fan[0]}
[INFO] [1775756014.431518162] [vehicle_control_string_builder]: Published control string: {br[False]rv[True]srv[False]su[True]sp[50]ssp[0]fan[0]}
[INFO] [1775756015.433503547] [vehicle_control_string_builder]: Published control string: {br[False]rv[True]srv[False]su[True]sp[50]ssp[0]fan[0]}
[INFO] [1775756016.435015600] [vehicle_control_string_builder]: Published control string: {br[False]rv[True]srv[False]su[True]sp[50]ssp[0]fan[0]}
[INFO] [1775756017.432174943] [vehicle_control_string_builder]: Published control string: {br[False]rv[True]srv[False]su[True]sp[50]ssp[0]fan[0]}
[INFO] [1775756018.430806828] [vehicle_control_string_builder]: Published control string: {br[False]rv[True]srv[False]su[True]sp[50]ssp[0]fan[0]}
[INFO] [1775756019.435765231] [vehicle_control_string_builder]: Published control string: {br[False]rv[True]srv[False]su[True]sp[50]ssp[0]fan[0]}
[INFO] [1775756020.430501132] [vehicle_control_string_builder]: Published control string: {br[False]rv[True]srv[False]su[True]sp[50]ssp[0]fan[0]}
[INFO] [1775756021.429662402] [vehicle_control_string_builder]: Published control string: {br[False]rv[True]srv[False]su[True]sp[50]ssp[0]fan[0]}
[INFO] [1775756022.431206484] [vehicle_control_string_builder]: Published control string: {br[False]rv[True]srv[False]su[True]sp[50]ssp[0]fan[0]}
[INFO] [1775756023.430627671] [vehicle_control_string_builder]: Published control string: {br[False]rv[True]srv[False]su[True]sp[50]ssp[0]fan[0]}
[INFO] [1775756024.433588473] [vehicle_control_string_builder]: Published control string: {br[False]rv[True]srv[False]su[True]sp[50]ssp[0]fan[0]}
[INFO] [1775756025.431036416] [vehicle_control_string_builder]: Published control string: {br[False]rv[True]srv[False]su[True]sp[50]ssp[0]fan[0]}
[INFO] [1775756026.432742297] [vehicle_control_string_builder]: Published control string: {br[False]rv[True]srv[False]su[True]sp[50]ssp[0]fan[0]}
[INFO] [1775756027.432861320] [vehicle_control_string_builder]: Published control string: {br[False]rv[True]srv[False]su[True]sp[50]ssp[0]fan[0]}
[INFO] [1775756028.434108796] [vehicle_control_string_builder]: Published control string: {br[False]rv[True]srv[False]su[True]sp[50]ssp[0]fan[0]}
[INFO] [1775756029.433677439] [vehicle_control_string_builder]: Published control string: {br[False]rv[True]srv[False]su[True]sp[50]ssp[0]fan[0]}
[INFO] [1775756030.431161785] [vehicle_control_string_builder]: Published control string: {br[False]rv[True]srv[False]su[True]sp[50]ssp[0]fan[0]}
[INFO] [1775756031.431333961] [vehicle_control_string_builder]: Published control string: {br[False]rv[True]srv[False]su[True]sp[50]ssp[0]fan[0]}
[INFO] [1775756032.432790555] [vehicle_control_string_builder]: Published control string: {br[False]rv[True]srv[False]su[True]sp[50]ssp[0]fan[0]}
[INFO] [1775756033.432043078] [vehicle_control_string_builder]: Published control string: {br[False]rv[True]srv[False]su[True]sp[50]ssp[0]fan[0]}
[INFO] [1775756034.432479189] [vehicle_control_string_builder]: Published control string: {br[False]rv[True]srv[False]su[True]sp[50]ssp[0]fan[0]}
[INFO] [1775756035.430625597] [vehicle_control_string_builder]: Published control string: {br[False]rv[True]srv[False]su[True]sp[50]ssp[0]fan[0]}
[INFO] [1775756036.430968150] [vehicle_control_string_builder]: Published control string: {br[False]rv[True]srv[False]su[True]sp[50]ssp[0]fan[0]}
[INFO] [1775756037.433508764] [vehicle_control_string_builder]: Publ