[1.990s] Invoking command in '/home/ethanreynolds/vscode/robot-rover-2025/code/system/ros2/build/vehicle_simulation': PYTHONPATH=/home/ethanreynolds/vscode/robot-rover-2025/code/system/ros2/build/vehicle_simulation/prefix_override:/usr/lib/python3/dist-packages/colcon_core/task/python/colcon_distutils_commands:/home/ethanreynolds/vscode/robot-rover-2025/code/system/ros2/install/vehicle_simulation/lib/python3.8/site-packages:${PYTHONPATH} /usr/bin/python3 -W ignore:setup.py install is deprecated -W ignore:easy_install command is deprecated setup.py develop --editable --build-directory /home/ethanreynolds/vscode/robot-rover-2025/code/system/ros2/build/vehicle_simulation/build --no-deps symlink_data --force
[2.784s] running develop
[3.118s] running egg_info
[3.118s] writing vehicle_simulation.egg-info/PKG-INFO
[3.119s] writing dependency_links to vehicle_simulation.egg-info/dependency_links.txt
[3.120s] writing entry points to vehicle_simulation.egg-info/entry_points.txt
[3.120s] writing requirements to vehicle_simulation.egg-info/requires.txt
[3.121s] writing top-level names to vehicle_simulation.egg-info/top_level.txt
[3.221s] reading manifest file 'vehicle_simulation.egg-info/SOURCES.txt'
[3.223s] writing manifest file 'vehicle_simulation.egg-info/SOURCES.txt'
[3.333s] running build_ext
[3.334s] Creating /home/ethanreynolds/vscode/robot-rover-2025/code/system/ros2/install/vehicle_simulation/lib/python3.8/site-packages/site.py
[3.339s] Creating /home/ethanreynolds/vscode/robot-rover-2025/code/system/ros2/install/vehicle_simulation/lib/python3.8/site-packages/vehicle-simulation.egg-link (link to .)
[3.341s] Installing vehicle_control_sim script to /home/ethanreynolds/vscode/robot-rover-2025/code/system/ros2/install/vehicle_simulation/lib/vehicle_simulation
[3.341s] Installing vehicle_sensor_sim script to /home/ethanreynolds/vscode/robot-rover-2025/code/system/ros2/install/vehicle_simulation/lib/vehicle_simulation
[3.342s] 
[3.342s] Installed /home/ethanreynolds/vscode/robot-rover-2025/code/system/ros2/build/vehicle_simulation
[3.343s] running symlink_data
[3.343s] symbolically linking /home/ethanreynolds/vscode/robot-rover-2025/code/system/ros2/build/vehicle_simulation/resource/vehicle_simulation -> /home/ethanreynolds/vscode/robot-rover-2025/code/system/ros2/install/vehicle_simulation/share/ament_index/resource_index/packages
[3.343s] symbolically linking /home/ethanreynolds/vscode/robot-rover-2025/code/system/ros2/build/vehicle_simulation/package.xml -> /home/ethanreynolds/vscode/robot-rover-2025/code/system/ros2/install/vehicle_simulation/share/vehicle_simulation
[3.416s] Invoked command in '/home/ethanreynolds/vscode/robot-rover-2025/code/system/ros2/build/vehicle_simulation' returned '0': PYTHONPATH=/home/ethanreynolds/vscode/robot-rover-2025/code/system/ros2/build/vehicle_simulation/prefix_override:/usr/lib/python3/dist-packages/colcon_core/task/python/colcon_distutils_commands:/home/ethanreynolds/vscode/robot-rover-2025/code/system/ros2/install/vehicle_simulation/lib/python3.8/site-packages:${PYTHONPATH} /usr/bin/python3 -W ignore:setup.py install is deprecated -W ignore:easy_install command is deprecated setup.py develop --editable --build-directory /home/ethanreynolds/vscode/robot-rover-2025/code/system/ros2/build/vehicle_simulation/build --no-deps symlink_data --force
