[0.000000] (-) TimerEvent: {}
[0.000816] (-) JobUnselected: {'identifier': 'vehicle_control'}
[0.001279] (-) JobUnselected: {'identifier': 'vehicle_interfaces'}
[0.001370] (-) JobUnselected: {'identifier': 'vehicle_navigation'}
[0.001402] (-) JobUnselected: {'identifier': 'vehicle_networking'}
[0.001427] (-) JobUnselected: {'identifier': 'vehicle_sensor'}
[0.001465] (vehicle_simulation) JobQueued: {'identifier': 'vehicle_simulation', 'dependencies': OrderedDict()}
[0.001494] (vehicle_simulation) JobStarted: {'identifier': 'vehicle_simulation'}
[0.099763] (-) TimerEvent: {}
[0.200278] (-) TimerEvent: {}
[0.300635] (-) TimerEvent: {}
[0.401033] (-) TimerEvent: {}
[0.501512] (-) TimerEvent: {}
[0.601910] (-) TimerEvent: {}
[0.702257] (-) TimerEvent: {}
[0.802548] (-) TimerEvent: {}
[0.899380] (vehicle_simulation) Command: {'cmd': ['/usr/bin/python3', 'setup.py', 'egg_info', '--egg-base', '../../build/vehicle_simulation', 'build', '--build-base', '/root/build/vehicle_simulation/build', 'install', '--record', '/root/build/vehicle_simulation/install.log', '--install-scripts', '$base/lib/vehicle_simulation', '--single-version-externally-managed'], 'cwd': '/root/src/vehicle_simulation', 'env': {'HOSTNAME': '7350f18f7729', 'SHLVL': '1', 'LD_LIBRARY_PATH': '/root/install/vehicle_networking_interfaces/lib:/opt/ros/foxy/opt/yaml_cpp_vendor/lib:/opt/ros/foxy/opt/rviz_ogre_vendor/lib:/opt/ros/foxy/lib/x86_64-linux-gnu:/opt/ros/foxy/lib', 'HOME': '/root', 'OLDPWD': '/root', 'ROS_PYTHON_VERSION': '3', 'COLCON_PREFIX_PATH': '/root/install', 'ROS_DISTRO': 'foxy', '_': '/usr/bin/colcon', 'ROS_VERSION': '2', 'TERM': 'xterm', 'ROS_LOCALHOST_ONLY': '0', 'QT_X11_NO_MITSHM': '1', 'PATH': '/opt/ros/foxy/bin:/usr/local/sbin:/usr/local/bin:/usr/sbin:/usr/bin:/sbin:/bin', 'DISPLAY': ':0.0', 'LANG': 'C.UTF-8', 'AMENT_PREFIX_PATH': '/root/install/vehicle_simulation:/root/install/vehicle_networking:/root/install/vehicle_networking_interfaces:/opt/ros/foxy', 'DEBIAN_FRONTEND': 'noninteractive', 'PWD': '/root/build/vehicle_simulation', 'LC_ALL': 'C.UTF-8', 'PYTHONPATH': '/root/build/vehicle_simulation/prefix_override:/root/install/vehicle_simulation/lib/python3.8/site-packages:/root/install/vehicle_simulation/lib/python3.8/site-packages:/root/install/vehicle_networking/lib/python3.8/site-packages:/root/install/vehicle_networking_interfaces/lib/python3.8/site-packages:/opt/ros/foxy/lib/python3.8/site-packages', 'COLCON': '1', 'CMAKE_PREFIX_PATH': '/root/install/vehicle_networking_interfaces'}, 'shell': False}
[0.904005] (-) TimerEvent: {}
[1.004743] (-) TimerEvent: {}
[1.105050] (-) TimerEvent: {}
[1.161705] (vehicle_simulation) StdoutLine: {'line': b'running egg_info\n'}
[1.162711] (vehicle_simulation) StdoutLine: {'line': b'writing ../../build/vehicle_simulation/vehicle_simulation.egg-info/PKG-INFO\n'}
[1.163087] (vehicle_simulation) StdoutLine: {'line': b'writing dependency_links to ../../build/vehicle_simulation/vehicle_simulation.egg-info/dependency_links.txt\n'}
[1.163364] (vehicle_simulation) StdoutLine: {'line': b'writing entry points to ../../build/vehicle_simulation/vehicle_simulation.egg-info/entry_points.txt\n'}
[1.163669] (vehicle_simulation) StdoutLine: {'line': b'writing requirements to ../../build/vehicle_simulation/vehicle_simulation.egg-info/requires.txt\n'}
[1.163834] (vehicle_simulation) StdoutLine: {'line': b'writing top-level names to ../../build/vehicle_simulation/vehicle_simulation.egg-info/top_level.txt\n'}
[1.204937] (vehicle_simulation) StdoutLine: {'line': b"reading manifest file '../../build/vehicle_simulation/vehicle_simulation.egg-info/SOURCES.txt'\n"}
[1.205188] (-) TimerEvent: {}
[1.206210] (vehicle_simulation) StdoutLine: {'line': b"writing manifest file '../../build/vehicle_simulation/vehicle_simulation.egg-info/SOURCES.txt'\n"}
[1.206520] (vehicle_simulation) StdoutLine: {'line': b'running build\n'}
[1.206755] (vehicle_simulation) StdoutLine: {'line': b'running build_py\n'}
[1.206890] (vehicle_simulation) StdoutLine: {'line': b'copying vehicle_simulation/vehicle_sensor_sim.py -> /root/build/vehicle_simulation/build/lib/vehicle_simulation\n'}
[1.207316] (vehicle_simulation) StdoutLine: {'line': b'running install\n'}
[1.208293] (vehicle_simulation) StdoutLine: {'line': b'running install_lib\n'}
[1.209365] (vehicle_simulation) StdoutLine: {'line': b'copying /root/build/vehicle_simulation/build/lib/vehicle_simulation/vehicle_sensor_sim.py -> /root/install/vehicle_simulation/lib/python3.8/site-packages/vehicle_simulation\n'}
[1.210124] (vehicle_simulation) StdoutLine: {'line': b'byte-compiling /root/install/vehicle_simulation/lib/python3.8/site-packages/vehicle_simulation/vehicle_sensor_sim.py to vehicle_sensor_sim.cpython-38.pyc\n'}
[1.212776] (vehicle_simulation) StdoutLine: {'line': b'running install_data\n'}
[1.213604] (vehicle_simulation) StdoutLine: {'line': b'running install_egg_info\n'}
[1.216471] (vehicle_simulation) StdoutLine: {'line': b"removing '/root/install/vehicle_simulation/lib/python3.8/site-packages/vehicle_simulation-0.0.0-py3.8.egg-info' (and everything under it)\n"}
[1.217235] (vehicle_simulation) StdoutLine: {'line': b'Copying ../../build/vehicle_simulation/vehicle_simulation.egg-info to /root/install/vehicle_simulation/lib/python3.8/site-packages/vehicle_simulation-0.0.0-py3.8.egg-info\n'}
[1.218647] (vehicle_simulation) StdoutLine: {'line': b'running install_scripts\n'}
[1.247209] (vehicle_simulation) StdoutLine: {'line': b'Installing vehicle_control_sim script to /root/install/vehicle_simulation/lib/vehicle_simulation\n'}
[1.247560] (vehicle_simulation) StdoutLine: {'line': b'Installing vehicle_sensor_sim script to /root/install/vehicle_simulation/lib/vehicle_simulation\n'}
[1.247961] (vehicle_simulation) StdoutLine: {'line': b"writing list of installed files to '/root/build/vehicle_simulation/install.log'\n"}
[1.282762] (vehicle_simulation) CommandEnded: {'returncode': 0}
[1.304868] (vehicle_simulation) JobEnded: {'identifier': 'vehicle_simulation', 'rc': 0}
[1.305892] (-) TimerEvent: {}
[1.306071] (-) EventReactorShutdown: {}
