[1.640s] Invoking command in '/root/build/vehicle_networking': PYTHONPATH=/root/build/vehicle_networking/prefix_override:/root/install/vehicle_networking/lib/python3.8/site-packages:/root/install/vehicle_networking_interfaces/lib/python3.8/site-packages:/root/install/vehicle_networking/lib/python3.8/site-packages:/opt/ros/foxy/lib/python3.8/site-packages /usr/bin/python3 setup.py develop --uninstall --editable --build-directory /root/build/vehicle_networking/build
[2.272s] running develop
[2.486s] Invoked command in '/root/build/vehicle_networking' returned '0': PYTHONPATH=/root/build/vehicle_networking/prefix_override:/root/install/vehicle_networking/lib/python3.8/site-packages:/root/install/vehicle_networking_interfaces/lib/python3.8/site-packages:/root/install/vehicle_networking/lib/python3.8/site-packages:/opt/ros/foxy/lib/python3.8/site-packages /usr/bin/python3 setup.py develop --uninstall --editable --build-directory /root/build/vehicle_networking/build
[2.489s] Invoking command in '/root/src/vehicle_networking': PYTHONPATH=/root/build/vehicle_networking/prefix_override:/root/install/vehicle_networking/lib/python3.8/site-packages:/root/install/vehicle_networking_interfaces/lib/python3.8/site-packages:/root/install/vehicle_networking/lib/python3.8/site-packages:/opt/ros/foxy/lib/python3.8/site-packages /usr/bin/python3 setup.py egg_info --egg-base ../../build/vehicle_networking build --build-base /root/build/vehicle_networking/build install --record /root/build/vehicle_networking/install.log --install-scripts $base/lib/vehicle_networking --single-version-externally-managed
[2.914s] running egg_info
[2.915s] writing ../../build/vehicle_networking/vehicle_networking.egg-info/PKG-INFO
[2.916s] writing dependency_links to ../../build/vehicle_networking/vehicle_networking.egg-info/dependency_links.txt
[2.916s] writing entry points to ../../build/vehicle_networking/vehicle_networking.egg-info/entry_points.txt
[2.917s] writing requirements to ../../build/vehicle_networking/vehicle_networking.egg-info/requires.txt
[2.917s] writing top-level names to ../../build/vehicle_networking/vehicle_networking.egg-info/top_level.txt
[2.974s] reading manifest file '../../build/vehicle_networking/vehicle_networking.egg-info/SOURCES.txt'
[2.976s] writing manifest file '../../build/vehicle_networking/vehicle_networking.egg-info/SOURCES.txt'
[2.976s] running build
[2.976s] running build_py
[2.977s] copying vehicle_networking/control_serial_interface.py -> /root/build/vehicle_networking/build/lib/vehicle_networking
[2.978s] running install
[2.979s] running install_lib
[2.981s] copying /root/build/vehicle_networking/build/lib/vehicle_networking/control_serial_interface.py -> /root/install/vehicle_networking/lib/python3.8/site-packages/vehicle_networking
[2.982s] byte-compiling /root/install/vehicle_networking/lib/python3.8/site-packages/vehicle_networking/control_serial_interface.py to control_serial_interface.cpython-38.pyc
[2.987s] running install_data
[2.988s] running install_egg_info
[2.992s] removing '/root/install/vehicle_networking/lib/python3.8/site-packages/vehicle_networking-0.0.0-py3.8.egg-info' (and everything under it)
[2.993s] Copying ../../build/vehicle_networking/vehicle_networking.egg-info to /root/install/vehicle_networking/lib/python3.8/site-packages/vehicle_networking-0.0.0-py3.8.egg-info
[2.995s] running install_scripts
[3.025s] Installing control_serial_interface script to /root/install/vehicle_networking/lib/vehicle_networking
[3.025s] Installing serial_manager script to /root/install/vehicle_networking/lib/vehicle_networking
[3.026s] writing list of installed files to '/root/build/vehicle_networking/install.log'
[3.067s] Invoked command in '/root/src/vehicle_networking' returned '0': PYTHONPATH=/root/build/vehicle_networking/prefix_override:/root/install/vehicle_networking/lib/python3.8/site-packages:/root/install/vehicle_networking_interfaces/lib/python3.8/site-packages:/root/install/vehicle_networking/lib/python3.8/site-packages:/opt/ros/foxy/lib/python3.8/site-packages /usr/bin/python3 setup.py egg_info --egg-base ../../build/vehicle_networking build --build-base /root/build/vehicle_networking/build install --record /root/build/vehicle_networking/install.log --install-scripts $base/lib/vehicle_networking --single-version-externally-managed
