running egg_info
creating ../../build/vehicle_navigation/vehicle_navigation.egg-info
writing ../../build/vehicle_navigation/vehicle_navigation.egg-info/PKG-INFO
writing dependency_links to ../../build/vehicle_navigation/vehicle_navigation.egg-info/dependency_links.txt
writing entry points to ../../build/vehicle_navigation/vehicle_navigation.egg-info/entry_points.txt
writing requirements to ../../build/vehicle_navigation/vehicle_navigation.egg-info/requires.txt
writing top-level names to ../../build/vehicle_navigation/vehicle_navigation.egg-info/top_level.txt
writing manifest file '../../build/vehicle_navigation/vehicle_navigation.egg-info/SOURCES.txt'
reading manifest file '../../build/vehicle_navigation/vehicle_navigation.egg-info/SOURCES.txt'
writing manifest file '../../build/vehicle_navigation/vehicle_navigation.egg-info/SOURCES.txt'
running build
running build_py
creating /home/ethanreynolds/vscode/robot-rover-2025/code/system/ros2/build/vehicle_navigation/build
creating /home/ethanreynolds/vscode/robot-rover-2025/code/system/ros2/build/vehicle_navigation/build/lib
creating /home/ethanreynolds/vscode/robot-rover-2025/code/system/ros2/build/vehicle_navigation/build/lib/vehicle_navigation
copying vehicle_navigation/__init__.py -> /home/ethanreynolds/vscode/robot-rover-2025/code/system/ros2/build/vehicle_navigation/build/lib/vehicle_navigation
running install
running install_lib
creating /home/ethanreynolds/vscode/robot-rover-2025/code/system/ros2/install/vehicle_navigation/lib/python3.8/site-packages/vehicle_navigation
copying /home/ethanreynolds/vscode/robot-rover-2025/code/system/ros2/build/vehicle_navigation/build/lib/vehicle_navigation/__init__.py -> /home/ethanreynolds/vscode/robot-rover-2025/code/system/ros2/install/vehicle_navigation/lib/python3.8/site-packages/vehicle_navigation
byte-compiling /home/ethanreynolds/vscode/robot-rover-2025/code/system/ros2/install/vehicle_navigation/lib/python3.8/site-packages/vehicle_navigation/__init__.py to __init__.cpython-38.pyc
running install_data
creating /home/ethanreynolds/vscode/robot-rover-2025/code/system/ros2/install/vehicle_navigation/share/ament_index
creating /home/ethanreynolds/vscode/robot-rover-2025/code/system/ros2/install/vehicle_navigation/share/ament_index/resource_index
creating /home/ethanreynolds/vscode/robot-rover-2025/code/system/ros2/install/vehicle_navigation/share/ament_index/resource_index/packages
copying resource/vehicle_navigation -> /home/ethanreynolds/vscode/robot-rover-2025/code/system/ros2/install/vehicle_navigation/share/ament_index/resource_index/packages
copying package.xml -> /home/ethanreynolds/vscode/robot-rover-2025/code/system/ros2/install/vehicle_navigation/share/vehicle_navigation
running install_egg_info
Copying ../../build/vehicle_navigation/vehicle_navigation.egg-info to /home/ethanreynolds/vscode/robot-rover-2025/code/system/ros2/install/vehicle_navigation/lib/python3.8/site-packages/vehicle_navigation-0.0.0-py3.8.egg-info
running install_scripts
writing list of installed files to '/home/ethanreynolds/vscode/robot-rover-2025/code/system/ros2/build/vehicle_navigation/install.log'
