[2.970s] Invoking command in '/home/ethanreynolds/vscode/robot-rover-2025/code/system/ros2/src/vehicle_navigation': PYTHONPATH=/home/ethanreynolds/vscode/robot-rover-2025/code/system/ros2/build/vehicle_navigation/prefix_override:/usr/lib/python3/dist-packages/colcon_core/task/python/colcon_distutils_commands:/home/ethanreynolds/vscode/robot-rover-2025/code/system/ros2/install/vehicle_navigation/lib/python3.8/site-packages:${PYTHONPATH} /usr/bin/python3 -W ignore:setup.py install is deprecated -W ignore:easy_install command is deprecated setup.py egg_info --egg-base ../../build/vehicle_navigation build --build-base /home/ethanreynolds/vscode/robot-rover-2025/code/system/ros2/build/vehicle_navigation/build install --record /home/ethanreynolds/vscode/robot-rover-2025/code/system/ros2/build/vehicle_navigation/install.log --install-scripts $base/lib/vehicle_navigation --single-version-externally-managed install_data
[3.505s] running egg_info
[3.506s] creating ../../build/vehicle_navigation/vehicle_navigation.egg-info
[3.507s] writing ../../build/vehicle_navigation/vehicle_navigation.egg-info/PKG-INFO
[3.509s] writing dependency_links to ../../build/vehicle_navigation/vehicle_navigation.egg-info/dependency_links.txt
[3.510s] writing entry points to ../../build/vehicle_navigation/vehicle_navigation.egg-info/entry_points.txt
[3.511s] writing requirements to ../../build/vehicle_navigation/vehicle_navigation.egg-info/requires.txt
[3.512s] writing top-level names to ../../build/vehicle_navigation/vehicle_navigation.egg-info/top_level.txt
[3.516s] writing manifest file '../../build/vehicle_navigation/vehicle_navigation.egg-info/SOURCES.txt'
[3.610s] reading manifest file '../../build/vehicle_navigation/vehicle_navigation.egg-info/SOURCES.txt'
[3.612s] writing manifest file '../../build/vehicle_navigation/vehicle_navigation.egg-info/SOURCES.txt'
[3.612s] running build
[3.613s] running build_py
[3.613s] creating /home/ethanreynolds/vscode/robot-rover-2025/code/system/ros2/build/vehicle_navigation/build
[3.613s] creating /home/ethanreynolds/vscode/robot-rover-2025/code/system/ros2/build/vehicle_navigation/build/lib
[3.613s] creating /home/ethanreynolds/vscode/robot-rover-2025/code/system/ros2/build/vehicle_navigation/build/lib/vehicle_navigation
[3.614s] copying vehicle_navigation/__init__.py -> /home/ethanreynolds/vscode/robot-rover-2025/code/system/ros2/build/vehicle_navigation/build/lib/vehicle_navigation
[3.614s] running install
[3.615s] running install_lib
[3.617s] creating /home/ethanreynolds/vscode/robot-rover-2025/code/system/ros2/install/vehicle_navigation/lib/python3.8/site-packages/vehicle_navigation
[3.618s] copying /home/ethanreynolds/vscode/robot-rover-2025/code/system/ros2/build/vehicle_navigation/build/lib/vehicle_navigation/__init__.py -> /home/ethanreynolds/vscode/robot-rover-2025/code/system/ros2/install/vehicle_navigation/lib/python3.8/site-packages/vehicle_navigation
[3.619s] byte-compiling /home/ethanreynolds/vscode/robot-rover-2025/code/system/ros2/install/vehicle_navigation/lib/python3.8/site-packages/vehicle_navigation/__init__.py to __init__.cpython-38.pyc
[3.621s] running install_data
[3.621s] creating /home/ethanreynolds/vscode/robot-rover-2025/code/system/ros2/install/vehicle_navigation/share/ament_index
[3.622s] creating /home/ethanreynolds/vscode/robot-rover-2025/code/system/ros2/install/vehicle_navigation/share/ament_index/resource_index
[3.622s] creating /home/ethanreynolds/vscode/robot-rover-2025/code/system/ros2/install/vehicle_navigation/share/ament_index/resource_index/packages
[3.622s] copying resource/vehicle_navigation -> /home/ethanreynolds/vscode/robot-rover-2025/code/system/ros2/install/vehicle_navigation/share/ament_index/resource_index/packages
[3.622s] copying package.xml -> /home/ethanreynolds/vscode/robot-rover-2025/code/system/ros2/install/vehicle_navigation/share/vehicle_navigation
[3.623s] running install_egg_info
[3.626s] Copying ../../build/vehicle_navigation/vehicle_navigation.egg-info to /home/ethanreynolds/vscode/robot-rover-2025/code/system/ros2/install/vehicle_navigation/lib/python3.8/site-packages/vehicle_navigation-0.0.0-py3.8.egg-info
[3.628s] running install_scripts
[3.666s] writing list of installed files to '/home/ethanreynolds/vscode/robot-rover-2025/code/system/ros2/build/vehicle_navigation/install.log'
[4.126s] Invoked command in '/home/ethanreynolds/vscode/robot-rover-2025/code/system/ros2/src/vehicle_navigation' returned '0': PYTHONPATH=/home/ethanreynolds/vscode/robot-rover-2025/code/system/ros2/build/vehicle_navigation/prefix_override:/usr/lib/python3/dist-packages/colcon_core/task/python/colcon_distutils_commands:/home/ethanreynolds/vscode/robot-rover-2025/code/system/ros2/install/vehicle_navigation/lib/python3.8/site-packages:${PYTHONPATH} /usr/bin/python3 -W ignore:setup.py install is deprecated -W ignore:easy_install command is deprecated setup.py egg_info --egg-base ../../build/vehicle_navigation build --build-base /home/ethanreynolds/vscode/robot-rover-2025/code/system/ros2/build/vehicle_navigation/build install --record /home/ethanreynolds/vscode/robot-rover-2025/code/system/ros2/build/vehicle_navigation/install.log --install-scripts $base/lib/vehicle_navigation --single-version-externally-managed install_data
