[0.035s] Invoking command in '/root/build/vehicle_interfaces': CMAKE_PREFIX_PATH=/root/install/vehicle_string_converter:/root/install/vehicle_simulation:/opt/ros/foxy /usr/bin/cmake --build /root/build/vehicle_interfaces -- -j4 -l4
[0.146s] -- Found ament_cmake: 0.9.12 (/opt/ros/foxy/share/ament_cmake/cmake)
[0.183s] -- Found PythonInterp: /usr/bin/python3 (found suitable version "3.8.10", minimum required is "3") 
[0.184s] -- Using PYTHON_EXECUTABLE: /usr/bin/python3
[0.484s] -- Found rosidl_default_generators: 1.0.1 (/opt/ros/foxy/share/rosidl_default_generators/cmake)
[0.490s] -- Using all available rosidl_typesupport_c: rosidl_typesupport_fastrtps_c;rosidl_typesupport_introspection_c
[0.496s] -- Found rosidl_adapter: 1.3.1 (/opt/ros/foxy/share/rosidl_adapter/cmake)
[0.741s] -- Using all available rosidl_typesupport_cpp: rosidl_typesupport_fastrtps_cpp;rosidl_typesupport_introspection_cpp
[0.810s] -- Found PythonInterp: /usr/bin/python3 (found version "3.8.10") 
[1.099s] -- Found ament_cmake_ros: 0.9.2 (/opt/ros/foxy/share/ament_cmake_ros/cmake)
[1.251s] -- Using all available rosidl_typesupport_c: rosidl_typesupport_fastrtps_c;rosidl_typesupport_introspection_c
[1.269s] -- Using all available rosidl_typesupport_cpp: rosidl_typesupport_fastrtps_cpp;rosidl_typesupport_introspection_cpp
[1.298s] -- Found PythonInterp: /usr/bin/python3 (found suitable version "3.8.10", minimum required is "3.5") 
[1.299s] -- Found python_cmake_module: 0.8.1 (/opt/ros/foxy/share/python_cmake_module/cmake)
[1.339s] -- Using PYTHON_EXECUTABLE: /usr/bin/python3
[1.339s] -- Using PYTHON_INCLUDE_DIRS: /usr/include/python3.8
[1.339s] -- Using PYTHON_LIBRARIES: /usr/lib/x86_64-linux-gnu/libpython3.8.so
[1.361s] -- Found ament_lint_auto: 0.9.8 (/opt/ros/foxy/share/ament_lint_auto/cmake)
[1.382s] -- Added test 'copyright' to check source files copyright and LICENSE
[1.388s] -- Added test 'lint_cmake' to check CMake code style
[1.390s] -- Added test 'xmllint' to check XML markup files
[1.396s] -- Configuring done
[1.533s] -- Generating done
[1.539s] -- Build files have been written to: /root/build/vehicle_interfaces
[1.584s] [  1%] [34m[1mGenerating C code for ROS interfaces[0m
[1.585s] [35m[1mScanning dependencies of target vehicle_interfaces__cpp[0m
[1.601s] [  1%] [34m[1mGenerating C++ code for ROS interfaces[0m
[4.133s] [  1%] Built target vehicle_interfaces__cpp
[4.186s] [  2%] [34m[1mGenerating C++ type support dispatch for ROS interfaces[0m
[4.189s] [  3%] [34m[1mGenerating C++ type support for eProsima Fast-RTPS[0m
[4.272s] [  3%] [34m[1mGenerating C++ introspection for ROS interfaces[0m
[4.544s] [35m[1mScanning dependencies of target vehicle_interfaces__rosidl_generator_c[0m
[4.709s] [  4%] [32mBuilding C object CMakeFiles/vehicle_interfaces__rosidl_generator_c.dir/rosidl_generator_c/vehicle_interfaces/srv/detail/get_serial_port__functions.c.o[0m
[5.225s] [  4%] [32mBuilding C object CMakeFiles/vehicle_interfaces__rosidl_generator_c.dir/rosidl_generator_c/vehicle_interfaces/srv/detail/reset_serial_port__functions.c.o[0m
[5.604s] [  5%] [32mBuilding C object CMakeFiles/vehicle_interfaces__rosidl_generator_c.dir/rosidl_generator_c/vehicle_interfaces/srv/detail/get_device_status__functions.c.o[0m
[5.819s] [  6%] [32mBuilding C object CMakeFiles/vehicle_interfaces__rosidl_generator_c.dir/rosidl_generator_c/vehicle_interfaces/msg/detail/sensor_data__functions.c.o[0m
[6.063s] [  7%] [32mBuilding C object CMakeFiles/vehicle_interfaces__rosidl_generator_c.dir/rosidl_generator_c/vehicle_interfaces/msg/detail/control_data__functions.c.o[0m
[6.305s] [  8%] [32mBuilding C object CMakeFiles/vehicle_interfaces__rosidl_generator_c.dir/rosidl_generator_c/vehicle_interfaces/msg/detail/encoder_data__functions.c.o[0m
[6.545s] [  8%] [32mBuilding C object CMakeFiles/vehicle_interfaces__rosidl_generator_c.dir/rosidl_generator_c/vehicle_interfaces/msg/detail/gps_data__functions.c.o[0m
[6.700s] [  9%] [32mBuilding C object CMakeFiles/vehicle_interfaces__rosidl_generator_c.dir/rosidl_generator_c/vehicle_interfaces/msg/detail/ir_data__functions.c.o[0m
[6.818s] [ 10%] [32mBuilding C object CMakeFiles/vehicle_interfaces__rosidl_generator_c.dir/rosidl_generator_c/vehicle_interfaces/msg/detail/mpu_data__functions.c.o[0m
[6.917s] [ 11%] [32mBuilding C object CMakeFiles/vehicle_interfaces__rosidl_generator_c.dir/rosidl_generator_c/vehicle_interfaces/msg/detail/qmc_data__functions.c.o[0m
[7.166s] [ 12%] [32mBuilding C object CMakeFiles/vehicle_interfaces__rosidl_generator_c.dir/rosidl_generator_c/vehicle_interfaces/msg/detail/temperature_data__functions.c.o[0m
[7.306s] [ 12%] [32mBuilding C object CMakeFiles/vehicle_interfaces__rosidl_generator_c.dir/rosidl_generator_c/vehicle_interfaces/msg/detail/to_f_data__functions.c.o[0m
[7.526s] [ 13%] [32mBuilding C object CMakeFiles/vehicle_interfaces__rosidl_generator_c.dir/rosidl_generator_c/vehicle_interfaces/msg/detail/ultrasonic_data__functions.c.o[0m
[7.672s] [ 14%] [32m[1mLinking C shared library libvehicle_interfaces__rosidl_generator_c.so[0m
[7.881s] [ 14%] Built target vehicle_interfaces__rosidl_generator_c
[8.004s] [ 15%] [34m[1mGenerating C introspection for ROS interfaces[0m
[8.193s] [35m[1mScanning dependencies of target vehicle_interfaces__rosidl_typesupport_introspection_cpp[0m
[8.193s] [ 16%] [32mBuilding CXX object CMakeFiles/vehicle_interfaces__rosidl_typesupport_introspection_cpp.dir/rosidl_typesupport_introspection_cpp/vehicle_interfaces/srv/detail/get_serial_port__type_support.cpp.o[0m
[8.212s] [35m[1mScanning dependencies of target vehicle_interfaces__rosidl_typesupport_cpp[0m
[8.298s] [ 17%] [32mBuilding CXX object CMakeFiles/vehicle_interfaces__rosidl_typesupport_cpp.dir/rosidl_typesupport_cpp/vehicle_interfaces/srv/get_serial_port__type_support.cpp.o[0m
[9.278s] [ 18%] [32mBuilding CXX object CMakeFiles/vehicle_interfaces__rosidl_typesupport_cpp.dir/rosidl_typesupport_cpp/vehicle_interfaces/srv/reset_serial_port__type_support.cpp.o[0m
[9.286s] [ 19%] [32mBuilding CXX object CMakeFiles/vehicle_interfaces__rosidl_typesupport_introspection_cpp.dir/rosidl_typesupport_introspection_cpp/vehicle_interfaces/srv/detail/reset_serial_port__type_support.cpp.o[0m
[9.547s] [35m[1mScanning dependencies of target vehicle_interfaces__rosidl_typesupport_fastrtps_cpp[0m
[10.017s] [ 20%] [32mBuilding CXX object CMakeFiles/vehicle_interfaces__rosidl_typesupport_fastrtps_cpp.dir/rosidl_typesupport_fastrtps_cpp/vehicle_interfaces/srv/detail/dds_fastrtps/get_serial_port__type_support.cpp.o[0m
[10.238s] [ 21%] [32mBuilding CXX object CMakeFiles/vehicle_interfaces__rosidl_typesupport_introspection_cpp.dir/rosidl_typesupport_introspection_cpp/vehicle_interfaces/srv/detail/get_device_status__type_support.cpp.o[0m
[10.327s] [ 21%] [32mBuilding CXX object CMakeFiles/vehicle_interfaces__rosidl_typesupport_cpp.dir/rosidl_typesupport_cpp/vehicle_interfaces/srv/get_device_status__type_support.cpp.o[0m
[11.164s] [ 22%] [32mBuilding CXX object CMakeFiles/vehicle_interfaces__rosidl_typesupport_introspection_cpp.dir/rosidl_typesupport_introspection_cpp/vehicle_interfaces/msg/detail/sensor_data__type_support.cpp.o[0m
[11.433s] [ 23%] [32mBuilding CXX object CMakeFiles/vehicle_interfaces__rosidl_typesupport_cpp.dir/rosidl_typesupport_cpp/vehicle_interfaces/msg/sensor_data__type_support.cpp.o[0m
[11.676s] [ 24%] [32mBuilding CXX object CMakeFiles/vehicle_interfaces__rosidl_typesupport_fastrtps_cpp.dir/rosidl_typesupport_fastrtps_cpp/vehicle_interfaces/srv/detail/dds_fastrtps/reset_serial_port__type_support.cpp.o[0m
[12.201s] [ 25%] [32mBuilding CXX object CMakeFiles/vehicle_interfaces__rosidl_typesupport_cpp.dir/rosidl_typesupport_cpp/vehicle_interfaces/msg/control_data__type_support.cpp.o[0m
[12.529s] [35m[1mScanning dependencies of target vehicle_interfaces__rosidl_typesupport_introspection_c[0m
[12.640s] [ 26%] [32mBuilding C object CMakeFiles/vehicle_interfaces__rosidl_typesupport_introspection_c.dir/rosidl_typesupport_introspection_c/vehicle_interfaces/srv/detail/get_serial_port__type_support.c.o[0m
[12.714s] [ 27%] [32mBuilding C object CMakeFiles/vehicle_interfaces__rosidl_typesupport_introspection_c.dir/rosidl_typesupport_introspection_c/vehicle_interfaces/srv/detail/reset_serial_port__type_support.c.o[0m
[12.840s] [ 27%] [32mBuilding C object CMakeFiles/vehicle_interfaces__rosidl_typesupport_introspection_c.dir/rosidl_typesupport_introspection_c/vehicle_interfaces/srv/detail/get_device_status__type_support.c.o[0m
[12.962s] [ 28%] [32mBuilding C object CMakeFiles/vehicle_interfaces__rosidl_typesupport_introspection_c.dir/rosidl_typesupport_introspection_c/vehicle_interfaces/msg/detail/sensor_data__type_support.c.o[0m
[13.110s] [ 29%] [32mBuilding CXX object CMakeFiles/vehicle_interfaces__rosidl_typesupport_fastrtps_cpp.dir/rosidl_typesupport_fastrtps_cpp/vehicle_interfaces/srv/detail/dds_fastrtps/get_device_status__type_support.cpp.o[0m
[13.114s] [ 30%] [32mBuilding C object CMakeFiles/vehicle_interfaces__rosidl_typesupport_introspection_c.dir/rosidl_typesupport_introspection_c/vehicle_interfaces/msg/detail/control_data__type_support.c.o[0m
[13.172s] [ 31%] [32mBuilding CXX object CMakeFiles/vehicle_interfaces__rosidl_typesupport_cpp.dir/rosidl_typesupport_cpp/vehicle_interfaces/msg/encoder_data__type_support.cpp.o[0m
[13.192s] [ 32%] [32mBuilding C object CMakeFiles/vehicle_interfaces__rosidl_typesupport_introspection_c.dir/rosidl_typesupport_introspection_c/vehicle_interfaces/msg/detail/encoder_data__type_support.c.o[0m
[13.292s] [ 33%] [32mBuilding C object CMakeFiles/vehicle_interfaces__rosidl_typesupport_introspection_c.dir/rosidl_typesupport_introspection_c/vehicle_interfaces/msg/detail/gps_data__type_support.c.o[0m
[13.364s] [ 33%] [32mBuilding C object CMakeFiles/vehicle_interfaces__rosidl_typesupport_introspection_c.dir/rosidl_typesupport_introspection_c/vehicle_interfaces/msg/detail/ir_data__type_support.c.o[0m
[13.388s] [ 33%] [32mBuilding CXX object CMakeFiles/vehicle_interfaces__rosidl_typesupport_introspection_cpp.dir/rosidl_typesupport_introspection_cpp/vehicle_interfaces/msg/detail/control_data__type_support.cpp.o[0m
[13.441s] [ 34%] [32mBuilding C object CMakeFiles/vehicle_interfaces__rosidl_typesupport_introspection_c.dir/rosidl_typesupport_introspection_c/vehicle_interfaces/msg/detail/mpu_data__type_support.c.o[0m
[13.523s] [ 35%] [32mBuilding C object CMakeFiles/vehicle_interfaces__rosidl_typesupport_introspection_c.dir/rosidl_typesupport_introspection_c/vehicle_interfaces/msg/detail/qmc_data__type_support.c.o[0m
[13.606s] [ 36%] [32mBuilding C object CMakeFiles/vehicle_interfaces__rosidl_typesupport_introspection_c.dir/rosidl_typesupport_introspection_c/vehicle_interfaces/msg/detail/temperature_data__type_support.c.o[0m
[13.685s] [ 37%] [32mBuilding C object CMakeFiles/vehicle_interfaces__rosidl_typesupport_introspection_c.dir/rosidl_typesupport_introspection_c/vehicle_interfaces/msg/detail/to_f_data__type_support.c.o[0m
[13.766s] [ 37%] [32mBuilding C object CMakeFiles/vehicle_interfaces__rosidl_typesupport_introspection_c.dir/rosidl_typesupport_introspection_c/vehicle_interfaces/msg/detail/ultrasonic_data__type_support.c.o[0m
[13.897s] [ 38%] [32m[1mLinking C shared library libvehicle_interfaces__rosidl_typesupport_introspection_c.so[0m
[14.005s] [ 38%] Built target vehicle_interfaces__rosidl_typesupport_introspection_c
[14.044s] [ 39%] [32mBuilding CXX object CMakeFiles/vehicle_interfaces__rosidl_typesupport_cpp.dir/rosidl_typesupport_cpp/vehicle_interfaces/msg/gps_data__type_support.cpp.o[0m
[14.074s] [ 39%] [32mBuilding CXX object CMakeFiles/vehicle_interfaces__rosidl_typesupport_fastrtps_cpp.dir/rosidl_typesupport_fastrtps_cpp/vehicle_interfaces/msg/detail/dds_fastrtps/sensor_data__type_support.cpp.o[0m
[14.123s] [ 39%] [32mBuilding CXX object CMakeFiles/vehicle_interfaces__rosidl_typesupport_cpp.dir/rosidl_typesupport_cpp/vehicle_interfaces/msg/ir_data__type_support.cpp.o[0m
[14.286s] [ 40%] [32mBuilding CXX object CMakeFiles/vehicle_interfaces__rosidl_typesupport_introspection_cpp.dir/rosidl_typesupport_introspection_cpp/vehicle_interfaces/msg/detail/encoder_data__type_support.cpp.o[0m
[14.849s] [ 41%] [32mBuilding CXX object CMakeFiles/vehicle_interfaces__rosidl_typesupport_fastrtps_cpp.dir/rosidl_typesupport_fastrtps_cpp/vehicle_interfaces/msg/detail/dds_fastrtps/control_data__type_support.cpp.o[0m
[14.896s] [ 42%] [32mBuilding CXX object CMakeFiles/vehicle_interfaces__rosidl_typesupport_cpp.dir/rosidl_typesupport_cpp/vehicle_interfaces/msg/mpu_data__type_support.cpp.o[0m
[15.183s] [ 43%] [32mBuilding CXX object CMakeFiles/vehicle_interfaces__rosidl_typesupport_introspection_cpp.dir/rosidl_typesupport_introspection_cpp/vehicle_interfaces/msg/detail/gps_data__type_support.cpp.o[0m
[15.651s] [ 44%] [32mBuilding CXX object CMakeFiles/vehicle_interfaces__rosidl_typesupport_cpp.dir/rosidl_typesupport_cpp/vehicle_interfaces/msg/qmc_data__type_support.cpp.o[0m
[15.937s] [ 45%] [32mBuilding CXX object CMakeFiles/vehicle_interfaces__rosidl_typesupport_introspection_cpp.dir/rosidl_typesupport_introspection_cpp/vehicle_interfaces/msg/detail/ir_data__type_support.cpp.o[0m
[16.144s] [ 46%] [34m[1mGenerating C type support dispatch for ROS interfaces[0m
[16.365s] [ 47%] [32mBuilding CXX object CMakeFiles/vehicle_interfaces__rosidl_typesupport_cpp.dir/rosidl_typesupport_cpp/vehicle_interfaces/msg/temperature_data__type_support.cpp.o[0m
[16.621s] [ 48%] [32mBuilding CXX object CMakeFiles/vehicle_interfaces__rosidl_typesupport_fastrtps_cpp.dir/rosidl_typesupport_fastrtps_cpp/vehicle_interfaces/msg/detail/dds_fastrtps/encoder_data__type_support.cpp.o[0m
[16.727s] [ 49%] [32mBuilding CXX object CMakeFiles/vehicle_interfaces__rosidl_typesupport_introspection_cpp.dir/rosidl_typesupport_introspection_cpp/vehicle_interfaces/msg/detail/mpu_data__type_support.cpp.o[0m
[17.032s] [ 50%] [32mBuilding CXX object CMakeFiles/vehicle_interfaces__rosidl_typesupport_cpp.dir/rosidl_typesupport_cpp/vehicle_interfaces/msg/to_f_data__type_support.cpp.o[0m
[17.506s] [ 50%] [32mBuilding CXX object CMakeFiles/vehicle_interfaces__rosidl_typesupport_introspection_cpp.dir/rosidl_typesupport_introspection_cpp/vehicle_interfaces/msg/detail/qmc_data__type_support.cpp.o[0m
[17.771s] [ 51%] [32mBuilding CXX object CMakeFiles/vehicle_interfaces__rosidl_typesupport_fastrtps_cpp.dir/rosidl_typesupport_fastrtps_cpp/vehicle_interfaces/msg/detail/dds_fastrtps/gps_data__type_support.cpp.o[0m
[17.835s] [ 51%] [32mBuilding CXX object CMakeFiles/vehicle_interfaces__rosidl_typesupport_cpp.dir/rosidl_typesupport_cpp/vehicle_interfaces/msg/ultrasonic_data__type_support.cpp.o[0m
[18.271s] [ 52%] [32mBuilding CXX object CMakeFiles/vehicle_interfaces__rosidl_typesupport_introspection_cpp.dir/rosidl_typesupport_introspection_cpp/vehicle_interfaces/msg/detail/temperature_data__type_support.cpp.o[0m
[18.559s] [ 53%] [32m[1mLinking CXX shared library libvehicle_interfaces__rosidl_typesupport_cpp.so[0m
[18.810s] [ 53%] Built target vehicle_interfaces__rosidl_typesupport_cpp
[18.977s] [ 54%] [32mBuilding CXX object CMakeFiles/vehicle_interfaces__rosidl_typesupport_introspection_cpp.dir/rosidl_typesupport_introspection_cpp/vehicle_interfaces/msg/detail/to_f_data__type_support.cpp.o[0m
[19.127s] [ 55%] [32mBuilding CXX object CMakeFiles/vehicle_interfaces__rosidl_typesupport_fastrtps_cpp.dir/rosidl_typesupport_fastrtps_cpp/vehicle_interfaces/msg/detail/dds_fastrtps/ir_data__type_support.cpp.o[0m
[19.362s] [ 55%] [32mBuilding CXX object CMakeFiles/vehicle_interfaces__rosidl_typesupport_fastrtps_cpp.dir/rosidl_typesupport_fastrtps_cpp/vehicle_interfaces/msg/detail/dds_fastrtps/mpu_data__type_support.cpp.o[0m
[19.387s] [35m[1mScanning dependencies of target vehicle_interfaces__rosidl_typesupport_c[0m
[19.464s] [ 55%] [32mBuilding CXX object CMakeFiles/vehicle_interfaces__rosidl_typesupport_c.dir/rosidl_typesupport_c/vehicle_interfaces/srv/get_serial_port__type_support.cpp.o[0m
[19.631s] [ 56%] [32mBuilding CXX object CMakeFiles/vehicle_interfaces__rosidl_typesupport_c.dir/rosidl_typesupport_c/vehicle_interfaces/srv/reset_serial_port__type_support.cpp.o[0m
[19.712s] [ 57%] [32mBuilding CXX object CMakeFiles/vehicle_interfaces__rosidl_typesupport_c.dir/rosidl_typesupport_c/vehicle_interfaces/srv/get_device_status__type_support.cpp.o[0m
[19.800s] [ 58%] [32mBuilding CXX object CMakeFiles/vehicle_interfaces__rosidl_typesupport_c.dir/rosidl_typesupport_c/vehicle_interfaces/msg/sensor_data__type_support.cpp.o[0m
[19.847s] [ 59%] [32mBuilding CXX object CMakeFiles/vehicle_interfaces__rosidl_typesupport_introspection_cpp.dir/rosidl_typesupport_introspection_cpp/vehicle_interfaces/msg/detail/ultrasonic_data__type_support.cpp.o[0m
[19.885s] [ 60%] [32mBuilding CXX object CMakeFiles/vehicle_interfaces__rosidl_typesupport_c.dir/rosidl_typesupport_c/vehicle_interfaces/msg/control_data__type_support.cpp.o[0m
[19.967s] [ 60%] [32mBuilding CXX object CMakeFiles/vehicle_interfaces__rosidl_typesupport_c.dir/rosidl_typesupport_c/vehicle_interfaces/msg/encoder_data__type_support.cpp.o[0m
[20.053s] [ 61%] [32mBuilding CXX object CMakeFiles/vehicle_interfaces__rosidl_typesupport_c.dir/rosidl_typesupport_c/vehicle_interfaces/msg/gps_data__type_support.cpp.o[0m
[20.113s] [ 62%] [32mBuilding CXX object CMakeFiles/vehicle_interfaces__rosidl_typesupport_c.dir/rosidl_typesupport_c/vehicle_interfaces/msg/ir_data__type_support.cpp.o[0m
[20.185s] [ 63%] [32mBuilding CXX object CMakeFiles/vehicle_interfaces__rosidl_typesupport_c.dir/rosidl_typesupport_c/vehicle_interfaces/msg/mpu_data__type_support.cpp.o[0m
[20.264s] [ 64%] [32mBuilding CXX object CMakeFiles/vehicle_interfaces__rosidl_typesupport_c.dir/rosidl_typesupport_c/vehicle_interfaces/msg/qmc_data__type_support.cpp.o[0m
[20.336s] [ 64%] [32mBuilding CXX object CMakeFiles/vehicle_interfaces__rosidl_typesupport_c.dir/rosidl_typesupport_c/vehicle_interfaces/msg/temperature_data__type_support.cpp.o[0m
[20.399s] [ 65%] [32mBuilding CXX object CMakeFiles/vehicle_interfaces__rosidl_typesupport_c.dir/rosidl_typesupport_c/vehicle_interfaces/msg/to_f_data__type_support.cpp.o[0m
[20.411s] [ 66%] [32mBuilding CXX object CMakeFiles/vehicle_interfaces__rosidl_typesupport_fastrtps_cpp.dir/rosidl_typesupport_fastrtps_cpp/vehicle_interfaces/msg/detail/dds_fastrtps/qmc_data__type_support.cpp.o[0m
[20.500s] [ 67%] [32mBuilding CXX object CMakeFiles/vehicle_interfaces__rosidl_typesupport_c.dir/rosidl_typesupport_c/vehicle_interfaces/msg/ultrasonic_data__type_support.cpp.o[0m
[20.523s] [ 68%] [32m[1mLinking CXX shared library libvehicle_interfaces__rosidl_typesupport_introspection_cpp.so[0m
[20.570s] [ 69%] [32m[1mLinking CXX shared library libvehicle_interfaces__rosidl_typesupport_c.so[0m
[20.713s] [ 69%] Built target vehicle_interfaces__rosidl_typesupport_c
[20.733s] [ 70%] [32mBuilding CXX object CMakeFiles/vehicle_interfaces__rosidl_typesupport_fastrtps_cpp.dir/rosidl_typesupport_fastrtps_cpp/vehicle_interfaces/msg/detail/dds_fastrtps/temperature_data__type_support.cpp.o[0m
[20.771s] [ 71%] [32mBuilding CXX object CMakeFiles/vehicle_interfaces__rosidl_typesupport_fastrtps_cpp.dir/rosidl_typesupport_fastrtps_cpp/vehicle_interfaces/msg/detail/dds_fastrtps/to_f_data__type_support.cpp.o[0m
[20.899s] [ 71%] Built target vehicle_interfaces__rosidl_typesupport_introspection_cpp
[20.920s] [ 72%] [32mBuilding CXX object CMakeFiles/vehicle_interfaces__rosidl_typesupport_fastrtps_cpp.dir/rosidl_typesupport_fastrtps_cpp/vehicle_interfaces/msg/detail/dds_fastrtps/ultrasonic_data__type_support.cpp.o[0m
[21.919s] [ 72%] [32m[1mLinking CXX shared library libvehicle_interfaces__rosidl_typesupport_fastrtps_cpp.so[0m
[22.081s] [ 72%] Built target vehicle_interfaces__rosidl_typesupport_fastrtps_cpp
[22.097s] [ 73%] [34m[1mGenerating C type support for eProsima Fast-RTPS[0m
[23.913s] [35m[1mScanning dependencies of target vehicle_interfaces__rosidl_typesupport_fastrtps_c[0m
[23.963s] [ 74%] [32mBuilding CXX object CMakeFiles/vehicle_interfaces__rosidl_typesupport_fastrtps_c.dir/rosidl_typesupport_fastrtps_c/vehicle_interfaces/srv/detail/get_serial_port__type_support_c.cpp.o[0m
[23.965s] [ 74%] [32mBuilding CXX object CMakeFiles/vehicle_interfaces__rosidl_typesupport_fastrtps_c.dir/rosidl_typesupport_fastrtps_c/vehicle_interfaces/srv/detail/reset_serial_port__type_support_c.cpp.o[0m
[24.597s] [ 75%] [32mBuilding CXX object CMakeFiles/vehicle_interfaces__rosidl_typesupport_fastrtps_c.dir/rosidl_typesupport_fastrtps_c/vehicle_interfaces/msg/detail/sensor_data__type_support_c.cpp.o[0m
[24.611s] [ 76%] [32mBuilding CXX object CMakeFiles/vehicle_interfaces__rosidl_typesupport_fastrtps_c.dir/rosidl_typesupport_fastrtps_c/vehicle_interfaces/msg/detail/control_data__type_support_c.cpp.o[0m
[25.156s] [ 77%] [32mBuilding CXX object CMakeFiles/vehicle_interfaces__rosidl_typesupport_fastrtps_c.dir/rosidl_typesupport_fastrtps_c/vehicle_interfaces/msg/detail/encoder_data__type_support_c.cpp.o[0m
[25.175s] [ 77%] [32mBuilding CXX object CMakeFiles/vehicle_interfaces__rosidl_typesupport_fastrtps_c.dir/rosidl_typesupport_fastrtps_c/vehicle_interfaces/msg/detail/gps_data__type_support_c.cpp.o[0m
[25.675s] [ 78%] [32mBuilding CXX object CMakeFiles/vehicle_interfaces__rosidl_typesupport_fastrtps_c.dir/rosidl_typesupport_fastrtps_c/vehicle_interfaces/msg/detail/ir_data__type_support_c.cpp.o[0m
[25.684s] [ 79%] [32mBuilding CXX object CMakeFiles/vehicle_interfaces__rosidl_typesupport_fastrtps_c.dir/rosidl_typesupport_fastrtps_c/vehicle_interfaces/msg/detail/mpu_data__type_support_c.cpp.o[0m
[26.233s] [ 80%] [32mBuilding CXX object CMakeFiles/vehicle_interfaces__rosidl_typesupport_fastrtps_c.dir/rosidl_typesupport_fastrtps_c/vehicle_interfaces/msg/detail/qmc_data__type_support_c.cpp.o[0m
[26.254s] [ 81%] [32mBuilding CXX object CMakeFiles/vehicle_interfaces__rosidl_typesupport_fastrtps_c.dir/rosidl_typesupport_fastrtps_c/vehicle_interfaces/msg/detail/temperature_data__type_support_c.cpp.o[0m
[26.782s] [ 81%] [32mBuilding CXX object CMakeFiles/vehicle_interfaces__rosidl_typesupport_fastrtps_c.dir/rosidl_typesupport_fastrtps_c/vehicle_interfaces/msg/detail/to_f_data__type_support_c.cpp.o[0m
[26.799s] [ 82%] [32mBuilding CXX object CMakeFiles/vehicle_interfaces__rosidl_typesupport_fastrtps_c.dir/rosidl_typesupport_fastrtps_c/vehicle_interfaces/msg/detail/ultrasonic_data__type_support_c.cpp.o[0m
[27.292s] [ 83%] [32mBuilding CXX object CMakeFiles/vehicle_interfaces__rosidl_typesupport_fastrtps_c.dir/rosidl_typesupport_fastrtps_c/vehicle_interfaces/srv/detail/get_device_status__type_support_c.cpp.o[0m
[27.858s] [ 84%] [32m[1mLinking CXX shared library libvehicle_interfaces__rosidl_typesupport_fastrtps_c.so[0m
[28.019s] [ 84%] Built target vehicle_interfaces__rosidl_typesupport_fastrtps_c
[28.034s] [35m[1mScanning dependencies of target vehicle_interfaces[0m
[28.056s] [ 84%] Built target vehicle_interfaces
[28.072s] [35m[1mScanning dependencies of target vehicle_interfaces__py[0m
[28.087s] [ 85%] [34m[1mGenerating Python code for ROS interfaces[0m
[31.945s] [ 85%] Built target vehicle_interfaces__py
[31.967s] [35m[1mScanning dependencies of target vehicle_interfaces__python[0m
[32.081s] [ 85%] [32mBuilding C object CMakeFiles/vehicle_interfaces__python.dir/rosidl_generator_py/vehicle_interfaces/srv/_get_device_status_s.c.o[0m
[32.091s] [ 86%] [32mBuilding C object CMakeFiles/vehicle_interfaces__python.dir/rosidl_generator_py/vehicle_interfaces/srv/_get_serial_port_s.c.o[0m
[32.117s] [ 87%] [32mBuilding C object CMakeFiles/vehicle_interfaces__python.dir/rosidl_generator_py/vehicle_interfaces/srv/_reset_serial_port_s.c.o[0m
[32.452s] [ 88%] [32mBuilding C object CMakeFiles/vehicle_interfaces__python.dir/rosidl_generator_py/vehicle_interfaces/msg/_sensor_data_s.c.o[0m
[32.470s] [ 89%] [32mBuilding C object CMakeFiles/vehicle_interfaces__python.dir/rosidl_generator_py/vehicle_interfaces/msg/_control_data_s.c.o[0m
[32.473s] [ 90%] [32mBuilding C object CMakeFiles/vehicle_interfaces__python.dir/rosidl_generator_py/vehicle_interfaces/msg/_encoder_data_s.c.o[0m
[32.734s] [ 90%] [32mBuilding C object CMakeFiles/vehicle_interfaces__python.dir/rosidl_generator_py/vehicle_interfaces/msg/_ir_data_s.c.o[0m
[32.762s] [ 91%] [32mBuilding C object CMakeFiles/vehicle_interfaces__python.dir/rosidl_generator_py/vehicle_interfaces/msg/_mpu_data_s.c.o[0m
[32.763s] [ 92%] [32mBuilding C object CMakeFiles/vehicle_interfaces__python.dir/rosidl_generator_py/vehicle_interfaces/msg/_gps_data_s.c.o[0m
[32.949s] [ 93%] [32mBuilding C object CMakeFiles/vehicle_interfaces__python.dir/rosidl_generator_py/vehicle_interfaces/msg/_qmc_data_s.c.o[0m
[32.990s] [ 94%] [32mBuilding C object CMakeFiles/vehicle_interfaces__python.dir/rosidl_generator_py/vehicle_interfaces/msg/_temperature_data_s.c.o[0m
[33.054s] [ 95%] [32mBuilding C object CMakeFiles/vehicle_interfaces__python.dir/rosidl_generator_py/vehicle_interfaces/msg/_to_f_data_s.c.o[0m
[33.163s] [ 95%] [32mBuilding C object CMakeFiles/vehicle_interfaces__python.dir/rosidl_generator_py/vehicle_interfaces/msg/_ultrasonic_data_s.c.o[0m
[33.297s] [ 96%] [32m[1mLinking C shared library rosidl_generator_py/vehicle_interfaces/libvehicle_interfaces__python.so[0m
[33.357s] [ 96%] Built target vehicle_interfaces__python
[33.374s] [35m[1mScanning dependencies of target vehicle_interfaces__rosidl_typesupport_fastrtps_c__pyext[0m
[33.381s] [35m[1mScanning dependencies of target vehicle_interfaces__rosidl_typesupport_c__pyext[0m
[33.384s] [35m[1mScanning dependencies of target vehicle_interfaces__rosidl_typesupport_introspection_c__pyext[0m
[33.428s] [ 97%] [32mBuilding C object CMakeFiles/vehicle_interfaces__rosidl_typesupport_fastrtps_c__pyext.dir/rosidl_generator_py/vehicle_interfaces/_vehicle_interfaces_s.ep.rosidl_typesupport_fastrtps_c.c.o[0m
[33.451s] [ 99%] [32mBuilding C object CMakeFiles/vehicle_interfaces__rosidl_typesupport_introspection_c__pyext.dir/rosidl_generator_py/vehicle_interfaces/_vehicle_interfaces_s.ep.rosidl_typesupport_introspection_c.c.o[0m
[33.451s] [ 99%] [32mBuilding C object CMakeFiles/vehicle_interfaces__rosidl_typesupport_c__pyext.dir/rosidl_generator_py/vehicle_interfaces/_vehicle_interfaces_s.ep.rosidl_typesupport_c.c.o[0m
[33.794s] [ 99%] [32m[1mLinking CXX shared library rosidl_generator_py/vehicle_interfaces/vehicle_interfaces_s__rosidl_typesupport_fastrtps_c.cpython-38-x86_64-linux-gnu.so[0m
[33.902s] [100%] [32m[1mLinking C shared library rosidl_generator_py/vehicle_interfaces/vehicle_interfaces_s__rosidl_typesupport_introspection_c.cpython-38-x86_64-linux-gnu.so[0m
[34.040s] [100%] Built target vehicle_interfaces__rosidl_typesupport_fastrtps_c__pyext
[34.041s] [100%] [32m[1mLinking C shared library rosidl_generator_py/vehicle_interfaces/vehicle_interfaces_s__rosidl_typesupport_c.cpython-38-x86_64-linux-gnu.so[0m
[34.114s] [100%] Built target vehicle_interfaces__rosidl_typesupport_c__pyext
[34.165s] [100%] Built target vehicle_interfaces__rosidl_typesupport_introspection_c__pyext
[34.186s] Invoked command in '/root/build/vehicle_interfaces' returned '0': CMAKE_PREFIX_PATH=/root/install/vehicle_string_converter:/root/install/vehicle_simulation:/opt/ros/foxy /usr/bin/cmake --build /root/build/vehicle_interfaces -- -j4 -l4
[34.570s] Invoking command in '/root/build/vehicle_interfaces': CMAKE_PREFIX_PATH=/root/install/vehicle_string_converter:/root/install/vehicle_simulation:/opt/ros/foxy /usr/bin/cmake --install /root/build/vehicle_interfaces
[34.588s] -- Install configuration: ""
[34.588s] -- Installing: /root/install/vehicle_interfaces/share/ament_index/resource_index/rosidl_interfaces/vehicle_interfaces
[34.590s] -- Installing: /root/install/vehicle_interfaces/include/vehicle_interfaces
[34.590s] -- Installing: /root/install/vehicle_interfaces/include/vehicle_interfaces/msg
[34.590s] -- Installing: /root/install/vehicle_interfaces/include/vehicle_interfaces/msg/ultrasonic_data.h
[34.590s] -- Installing: /root/install/vehicle_interfaces/include/vehicle_interfaces/msg/qmc_data.h
[34.590s] -- Installing: /root/install/vehicle_interfaces/include/vehicle_interfaces/msg/temperature_data.h
[34.590s] -- Installing: /root/install/vehicle_interfaces/include/vehicle_interfaces/msg/mpu_data.h
[34.590s] -- Installing: /root/install/vehicle_interfaces/include/vehicle_interfaces/msg/sensor_data.h
[34.591s] -- Installing: /root/install/vehicle_interfaces/include/vehicle_interfaces/msg/encoder_data.h
[34.592s] -- Installing: /root/install/vehicle_interfaces/include/vehicle_interfaces/msg/rosidl_generator_c__visibility_control.h
[34.592s] -- Installing: /root/install/vehicle_interfaces/include/vehicle_interfaces/msg/gps_data.h
[34.592s] -- Installing: /root/install/vehicle_interfaces/include/vehicle_interfaces/msg/to_f_data.h
[34.593s] -- Installing: /root/install/vehicle_interfaces/include/vehicle_interfaces/msg/control_data.h
[34.593s] -- Installing: /root/install/vehicle_interfaces/include/vehicle_interfaces/msg/ir_data.h
[34.593s] -- Installing: /root/install/vehicle_interfaces/include/vehicle_interfaces/msg/detail
[34.594s] -- Installing: /root/install/vehicle_interfaces/include/vehicle_interfaces/msg/detail/to_f_data__struct.h
[34.595s] -- Installing: /root/install/vehicle_interfaces/include/vehicle_interfaces/msg/detail/temperature_data__functions.h
[34.595s] -- Installing: /root/install/vehicle_interfaces/include/vehicle_interfaces/msg/detail/temperature_data__struct.h
[34.595s] -- Installing: /root/install/vehicle_interfaces/include/vehicle_interfaces/msg/detail/mpu_data__functions.c
[34.595s] -- Installing: /root/install/vehicle_interfaces/include/vehicle_interfaces/msg/detail/ultrasonic_data__type_support.h
[34.596s] -- Installing: /root/install/vehicle_interfaces/include/vehicle_interfaces/msg/detail/control_data__type_support.h
[34.596s] -- Installing: /root/install/vehicle_interfaces/include/vehicle_interfaces/msg/detail/to_f_data__functions.c
[34.596s] -- Installing: /root/install/vehicle_interfaces/include/vehicle_interfaces/msg/detail/qmc_data__type_support.h
[34.597s] -- Installing: /root/install/vehicle_interfaces/include/vehicle_interfaces/msg/detail/ir_data__functions.c
[34.598s] -- Installing: /root/install/vehicle_interfaces/include/vehicle_interfaces/msg/detail/gps_data__struct.h
[34.598s] -- Installing: /root/install/vehicle_interfaces/include/vehicle_interfaces/msg/detail/gps_data__functions.h
[34.598s] -- Installing: /root/install/vehicle_interfaces/include/vehicle_interfaces/msg/detail/sensor_data__struct.h
[34.599s] -- Installing: /root/install/vehicle_interfaces/include/vehicle_interfaces/msg/detail/ir_data__struct.h
[34.599s] -- Installing: /root/install/vehicle_interfaces/include/vehicle_interfaces/msg/detail/sensor_data__functions.c
[34.600s] -- Installing: /root/install/vehicle_interfaces/include/vehicle_interfaces/msg/detail/mpu_data__struct.h
[34.600s] -- Installing: /root/install/vehicle_interfaces/include/vehicle_interfaces/msg/detail/mpu_data__functions.h
[34.600s] -- Installing: /root/install/vehicle_interfaces/include/vehicle_interfaces/msg/detail/temperature_data__type_support.h
[34.601s] -- Installing: /root/install/vehicle_interfaces/include/vehicle_interfaces/msg/detail/ir_data__type_support.h
[34.601s] -- Installing: /root/install/vehicle_interfaces/include/vehicle_interfaces/msg/detail/mpu_data__type_support.h
[34.601s] -- Installing: /root/install/vehicle_interfaces/include/vehicle_interfaces/msg/detail/ultrasonic_data__struct.h
[34.601s] -- Installing: /root/install/vehicle_interfaces/include/vehicle_interfaces/msg/detail/control_data__struct.h
[34.601s] -- Installing: /root/install/vehicle_interfaces/include/vehicle_interfaces/msg/detail/control_data__functions.c
[34.602s] -- Installing: /root/install/vehicle_interfaces/include/vehicle_interfaces/msg/detail/temperature_data__functions.c
[34.602s] -- Installing: /root/install/vehicle_interfaces/include/vehicle_interfaces/msg/detail/gps_data__functions.c
[34.602s] -- Installing: /root/install/vehicle_interfaces/include/vehicle_interfaces/msg/detail/qmc_data__functions.h
[34.602s] -- Installing: /root/install/vehicle_interfaces/include/vehicle_interfaces/msg/detail/sensor_data__type_support.h
[34.603s] -- Installing: /root/install/vehicle_interfaces/include/vehicle_interfaces/msg/detail/control_data__functions.h
[34.603s] -- Installing: /root/install/vehicle_interfaces/include/vehicle_interfaces/msg/detail/ultrasonic_data__functions.c
[34.603s] -- Installing: /root/install/vehicle_interfaces/include/vehicle_interfaces/msg/detail/sensor_data__functions.h
[34.603s] -- Installing: /root/install/vehicle_interfaces/include/vehicle_interfaces/msg/detail/encoder_data__functions.c
[34.604s] -- Installing: /root/install/vehicle_interfaces/include/vehicle_interfaces/msg/detail/gps_data__type_support.h
[34.604s] -- Installing: /root/install/vehicle_interfaces/include/vehicle_interfaces/msg/detail/ir_data__functions.h
[34.604s] -- Installing: /root/install/vehicle_interfaces/include/vehicle_interfaces/msg/detail/to_f_data__functions.h
[34.604s] -- Installing: /root/install/vehicle_interfaces/include/vehicle_interfaces/msg/detail/encoder_data__type_support.h
[34.605s] -- Installing: /root/install/vehicle_interfaces/include/vehicle_interfaces/msg/detail/ultrasonic_data__functions.h
[34.605s] -- Installing: /root/install/vehicle_interfaces/include/vehicle_interfaces/msg/detail/to_f_data__type_support.h
[34.605s] -- Installing: /root/install/vehicle_interfaces/include/vehicle_interfaces/msg/detail/qmc_data__functions.c
[34.605s] -- Installing: /root/install/vehicle_interfaces/include/vehicle_interfaces/msg/detail/qmc_data__struct.h
[34.606s] -- Installing: /root/install/vehicle_interfaces/include/vehicle_interfaces/msg/detail/encoder_data__functions.h
[34.606s] -- Installing: /root/install/vehicle_interfaces/include/vehicle_interfaces/msg/detail/encoder_data__struct.h
[34.606s] -- Installing: /root/install/vehicle_interfaces/include/vehicle_interfaces/srv
[34.606s] -- Installing: /root/install/vehicle_interfaces/include/vehicle_interfaces/srv/get_device_status.h
[34.606s] -- Installing: /root/install/vehicle_interfaces/include/vehicle_interfaces/srv/reset_serial_port.h
[34.606s] -- Installing: /root/install/vehicle_interfaces/include/vehicle_interfaces/srv/get_serial_port.h
[34.607s] -- Installing: /root/install/vehicle_interfaces/include/vehicle_interfaces/srv/detail
[34.607s] -- Installing: /root/install/vehicle_interfaces/include/vehicle_interfaces/srv/detail/reset_serial_port__functions.c
[34.607s] -- Installing: /root/install/vehicle_interfaces/include/vehicle_interfaces/srv/detail/get_serial_port__functions.c
[34.607s] -- Installing: /root/install/vehicle_interfaces/include/vehicle_interfaces/srv/detail/reset_serial_port__type_support.h
[34.607s] -- Installing: /root/install/vehicle_interfaces/include/vehicle_interfaces/srv/detail/get_serial_port__functions.h
[34.608s] -- Installing: /root/install/vehicle_interfaces/include/vehicle_interfaces/srv/detail/get_device_status__struct.h
[34.608s] -- Installing: /root/install/vehicle_interfaces/include/vehicle_interfaces/srv/detail/reset_serial_port__functions.h
[34.608s] -- Installing: /root/install/vehicle_interfaces/include/vehicle_interfaces/srv/detail/get_serial_port__type_support.h
[34.608s] -- Installing: /root/install/vehicle_interfaces/include/vehicle_interfaces/srv/detail/get_device_status__functions.h
[34.608s] -- Installing: /root/install/vehicle_interfaces/include/vehicle_interfaces/srv/detail/get_serial_port__struct.h
[34.609s] -- Installing: /root/install/vehicle_interfaces/include/vehicle_interfaces/srv/detail/get_device_status__functions.c
[34.609s] -- Installing: /root/install/vehicle_interfaces/include/vehicle_interfaces/srv/detail/get_device_status__type_support.h
[34.609s] -- Installing: /root/install/vehicle_interfaces/include/vehicle_interfaces/srv/detail/reset_serial_port__struct.h
[34.609s] -- Installing: /root/install/vehicle_interfaces/share/vehicle_interfaces/environment/library_path.sh
[34.609s] -- Installing: /root/install/vehicle_interfaces/share/vehicle_interfaces/environment/library_path.dsv
[34.611s] -- Installing: /root/install/vehicle_interfaces/lib/libvehicle_interfaces__rosidl_generator_c.so
[34.611s] -- Set runtime path of "/root/install/vehicle_interfaces/lib/libvehicle_interfaces__rosidl_generator_c.so" to ""
[34.611s] -- Up-to-date: /root/install/vehicle_interfaces/include/vehicle_interfaces
[34.612s] -- Up-to-date: /root/install/vehicle_interfaces/include/vehicle_interfaces/msg
[34.612s] -- Up-to-date: /root/install/vehicle_interfaces/include/vehicle_interfaces/msg/detail
[34.612s] -- Installing: /root/install/vehicle_interfaces/include/vehicle_interfaces/msg/detail/encoder_data__rosidl_typesupport_fastrtps_c.h
[34.612s] -- Installing: /root/install/vehicle_interfaces/include/vehicle_interfaces/msg/detail/qmc_data__rosidl_typesupport_fastrtps_c.h
[34.612s] -- Installing: /root/install/vehicle_interfaces/include/vehicle_interfaces/msg/detail/control_data__rosidl_typesupport_fastrtps_c.h
[34.613s] -- Installing: /root/install/vehicle_interfaces/include/vehicle_interfaces/msg/detail/to_f_data__rosidl_typesupport_fastrtps_c.h
[34.613s] -- Installing: /root/install/vehicle_interfaces/include/vehicle_interfaces/msg/detail/ultrasonic_data__rosidl_typesupport_fastrtps_c.h
[34.613s] -- Installing: /root/install/vehicle_interfaces/include/vehicle_interfaces/msg/detail/sensor_data__rosidl_typesupport_fastrtps_c.h
[34.613s] -- Installing: /root/install/vehicle_interfaces/include/vehicle_interfaces/msg/detail/temperature_data__rosidl_typesupport_fastrtps_c.h
[34.613s] -- Installing: /root/install/vehicle_interfaces/include/vehicle_interfaces/msg/detail/ir_data__rosidl_typesupport_fastrtps_c.h
[34.614s] -- Installing: /root/install/vehicle_interfaces/include/vehicle_interfaces/msg/detail/mpu_data__rosidl_typesupport_fastrtps_c.h
[34.614s] -- Installing: /root/install/vehicle_interfaces/include/vehicle_interfaces/msg/detail/gps_data__rosidl_typesupport_fastrtps_c.h
[34.614s] -- Installing: /root/install/vehicle_interfaces/include/vehicle_interfaces/msg/rosidl_typesupport_fastrtps_c__visibility_control.h
[34.614s] -- Up-to-date: /root/install/vehicle_interfaces/include/vehicle_interfaces/srv
[34.614s] -- Up-to-date: /root/install/vehicle_interfaces/include/vehicle_interfaces/srv/detail
[34.614s] -- Installing: /root/install/vehicle_interfaces/include/vehicle_interfaces/srv/detail/reset_serial_port__rosidl_typesupport_fastrtps_c.h
[34.615s] -- Installing: /root/install/vehicle_interfaces/include/vehicle_interfaces/srv/detail/get_device_status__rosidl_typesupport_fastrtps_c.h
[34.615s] -- Installing: /root/install/vehicle_interfaces/include/vehicle_interfaces/srv/detail/get_serial_port__rosidl_typesupport_fastrtps_c.h
[34.615s] -- Installing: /root/install/vehicle_interfaces/lib/libvehicle_interfaces__rosidl_typesupport_fastrtps_c.so
[34.615s] -- Set runtime path of "/root/install/vehicle_interfaces/lib/libvehicle_interfaces__rosidl_typesupport_fastrtps_c.so" to ""
[34.615s] -- Up-to-date: /root/install/vehicle_interfaces/include/vehicle_interfaces
[34.616s] -- Up-to-date: /root/install/vehicle_interfaces/include/vehicle_interfaces/msg
[34.616s] -- Installing: /root/install/vehicle_interfaces/include/vehicle_interfaces/msg/rosidl_typesupport_fastrtps_cpp__visibility_control.h
[34.616s] -- Up-to-date: /root/install/vehicle_interfaces/include/vehicle_interfaces/msg/detail
[34.616s] -- Installing: /root/install/vehicle_interfaces/include/vehicle_interfaces/msg/detail/ir_data__rosidl_typesupport_fastrtps_cpp.hpp
[34.617s] -- Installing: /root/install/vehicle_interfaces/include/vehicle_interfaces/msg/detail/encoder_data__rosidl_typesupport_fastrtps_cpp.hpp
[34.617s] -- Installing: /root/install/vehicle_interfaces/include/vehicle_interfaces/msg/detail/mpu_data__rosidl_typesupport_fastrtps_cpp.hpp
[34.617s] -- Installing: /root/install/vehicle_interfaces/include/vehicle_interfaces/msg/detail/qmc_data__rosidl_typesupport_fastrtps_cpp.hpp
[34.617s] -- Installing: /root/install/vehicle_interfaces/include/vehicle_interfaces/msg/detail/ultrasonic_data__rosidl_typesupport_fastrtps_cpp.hpp
[34.617s] -- Installing: /root/install/vehicle_interfaces/include/vehicle_interfaces/msg/detail/sensor_data__rosidl_typesupport_fastrtps_cpp.hpp
[34.618s] -- Installing: /root/install/vehicle_interfaces/include/vehicle_interfaces/msg/detail/control_data__rosidl_typesupport_fastrtps_cpp.hpp
[34.618s] -- Installing: /root/install/vehicle_interfaces/include/vehicle_interfaces/msg/detail/to_f_data__rosidl_typesupport_fastrtps_cpp.hpp
[34.618s] -- Installing: /root/install/vehicle_interfaces/include/vehicle_interfaces/msg/detail/temperature_data__rosidl_typesupport_fastrtps_cpp.hpp
[34.618s] -- Installing: /root/install/vehicle_interfaces/include/vehicle_interfaces/msg/detail/dds_fastrtps
[34.618s] -- Installing: /root/install/vehicle_interfaces/include/vehicle_interfaces/msg/detail/gps_data__rosidl_typesupport_fastrtps_cpp.hpp
[34.618s] -- Up-to-date: /root/install/vehicle_interfaces/include/vehicle_interfaces/srv
[34.619s] -- Up-to-date: /root/install/vehicle_interfaces/include/vehicle_interfaces/srv/detail
[34.619s] -- Installing: /root/install/vehicle_interfaces/include/vehicle_interfaces/srv/detail/get_device_status__rosidl_typesupport_fastrtps_cpp.hpp
[34.619s] -- Installing: /root/install/vehicle_interfaces/include/vehicle_interfaces/srv/detail/get_serial_port__rosidl_typesupport_fastrtps_cpp.hpp
[34.619s] -- Installing: /root/install/vehicle_interfaces/include/vehicle_interfaces/srv/detail/reset_serial_port__rosidl_typesupport_fastrtps_cpp.hpp
[34.619s] -- Installing: /root/install/vehicle_interfaces/include/vehicle_interfaces/srv/detail/dds_fastrtps
[34.620s] -- Installing: /root/install/vehicle_interfaces/lib/libvehicle_interfaces__rosidl_typesupport_fastrtps_cpp.so
[34.620s] -- Set runtime path of "/root/install/vehicle_interfaces/lib/libvehicle_interfaces__rosidl_typesupport_fastrtps_cpp.so" to ""
[34.620s] -- Up-to-date: /root/install/vehicle_interfaces/include/vehicle_interfaces
[34.621s] -- Up-to-date: /root/install/vehicle_interfaces/include/vehicle_interfaces/msg
[34.621s] -- Installing: /root/install/vehicle_interfaces/include/vehicle_interfaces/msg/rosidl_typesupport_introspection_c__visibility_control.h
[34.621s] -- Up-to-date: /root/install/vehicle_interfaces/include/vehicle_interfaces/msg/detail
[34.621s] -- Installing: /root/install/vehicle_interfaces/include/vehicle_interfaces/msg/detail/gps_data__rosidl_typesupport_introspection_c.h
[34.621s] -- Installing: /root/install/vehicle_interfaces/include/vehicle_interfaces/msg/detail/mpu_data__type_support.c
[34.622s] -- Installing: /root/install/vehicle_interfaces/include/vehicle_interfaces/msg/detail/qmc_data__rosidl_typesupport_introspection_c.h
[34.622s] -- Installing: /root/install/vehicle_interfaces/include/vehicle_interfaces/msg/detail/ultrasonic_data__rosidl_typesupport_introspection_c.h
[34.622s] -- Installing: /root/install/vehicle_interfaces/include/vehicle_interfaces/msg/detail/gps_data__type_support.c
[34.622s] -- Installing: /root/install/vehicle_interfaces/include/vehicle_interfaces/msg/detail/control_data__rosidl_typesupport_introspection_c.h
[34.622s] -- Installing: /root/install/vehicle_interfaces/include/vehicle_interfaces/msg/detail/control_data__type_support.c
[34.623s] -- Installing: /root/install/vehicle_interfaces/include/vehicle_interfaces/msg/detail/ir_data__rosidl_typesupport_introspection_c.h
[34.623s] -- Installing: /root/install/vehicle_interfaces/include/vehicle_interfaces/msg/detail/to_f_data__rosidl_typesupport_introspection_c.h
[34.623s] -- Installing: /root/install/vehicle_interfaces/include/vehicle_interfaces/msg/detail/mpu_data__rosidl_typesupport_introspection_c.h
[34.623s] -- Installing: /root/install/vehicle_interfaces/include/vehicle_interfaces/msg/detail/ir_data__type_support.c
[34.623s] -- Installing: /root/install/vehicle_interfaces/include/vehicle_interfaces/msg/detail/temperature_data__rosidl_typesupport_introspection_c.h
[34.624s] -- Installing: /root/install/vehicle_interfaces/include/vehicle_interfaces/msg/detail/encoder_data__rosidl_typesupport_introspection_c.h
[34.624s] -- Installing: /root/install/vehicle_interfaces/include/vehicle_interfaces/msg/detail/ultrasonic_data__type_support.c
[34.624s] -- Installing: /root/install/vehicle_interfaces/include/vehicle_interfaces/msg/detail/encoder_data__type_support.c
[34.624s] -- Installing: /root/install/vehicle_interfaces/include/vehicle_interfaces/msg/detail/temperature_data__type_support.c
[34.624s] -- Installing: /root/install/vehicle_interfaces/include/vehicle_interfaces/msg/detail/qmc_data__type_support.c
[34.625s] -- Installing: /root/install/vehicle_interfaces/include/vehicle_interfaces/msg/detail/to_f_data__type_support.c
[34.625s] -- Installing: /root/install/vehicle_interfaces/include/vehicle_interfaces/msg/detail/sensor_data__rosidl_typesupport_introspection_c.h
[34.625s] -- Installing: /root/install/vehicle_interfaces/include/vehicle_interfaces/msg/detail/sensor_data__type_support.c
[34.625s] -- Up-to-date: /root/install/vehicle_interfaces/include/vehicle_interfaces/srv
[34.625s] -- Up-to-date: /root/install/vehicle_interfaces/include/vehicle_interfaces/srv/detail
[34.626s] -- Installing: /root/install/vehicle_interfaces/include/vehicle_interfaces/srv/detail/get_serial_port__type_support.c
[34.626s] -- Installing: /root/install/vehicle_interfaces/include/vehicle_interfaces/srv/detail/reset_serial_port__rosidl_typesupport_introspection_c.h
[34.626s] -- Installing: /root/install/vehicle_interfaces/include/vehicle_interfaces/srv/detail/reset_serial_port__type_support.c
[34.626s] -- Installing: /root/install/vehicle_interfaces/include/vehicle_interfaces/srv/detail/get_serial_port__rosidl_typesupport_introspection_c.h
[34.626s] -- Installing: /root/install/vehicle_interfaces/include/vehicle_interfaces/srv/detail/get_device_status__rosidl_typesupport_introspection_c.h
[34.626s] -- Installing: /root/install/vehicle_interfaces/include/vehicle_interfaces/srv/detail/get_device_status__type_support.c
[34.627s] -- Installing: /root/install/vehicle_interfaces/lib/libvehicle_interfaces__rosidl_typesupport_introspection_c.so
[34.627s] -- Set runtime path of "/root/install/vehicle_interfaces/lib/libvehicle_interfaces__rosidl_typesupport_introspection_c.so" to ""
[34.627s] -- Installing: /root/install/vehicle_interfaces/lib/libvehicle_interfaces__rosidl_typesupport_c.so
[34.629s] -- Set runtime path of "/root/install/vehicle_interfaces/lib/libvehicle_interfaces__rosidl_typesupport_c.so" to ""
[34.629s] -- Up-to-date: /root/install/vehicle_interfaces/include/vehicle_interfaces
[34.629s] -- Up-to-date: /root/install/vehicle_interfaces/include/vehicle_interfaces/msg
[34.629s] -- Installing: /root/install/vehicle_interfaces/include/vehicle_interfaces/msg/mpu_data.hpp
[34.629s] -- Installing: /root/install/vehicle_interfaces/include/vehicle_interfaces/msg/to_f_data.hpp
[34.630s] -- Installing: /root/install/vehicle_interfaces/include/vehicle_interfaces/msg/ir_data.hpp
[34.630s] -- Installing: /root/install/vehicle_interfaces/include/vehicle_interfaces/msg/control_data.hpp
[34.630s] -- Installing: /root/install/vehicle_interfaces/include/vehicle_interfaces/msg/rosidl_generator_cpp__visibility_control.hpp
[34.631s] -- Installing: /root/install/vehicle_interfaces/include/vehicle_interfaces/msg/ultrasonic_data.hpp
[34.631s] -- Installing: /root/install/vehicle_interfaces/include/vehicle_interfaces/msg/encoder_data.hpp
[34.631s] -- Installing: /root/install/vehicle_interfaces/include/vehicle_interfaces/msg/gps_data.hpp
[34.631s] -- Installing: /root/install/vehicle_interfaces/include/vehicle_interfaces/msg/temperature_data.hpp
[34.631s] -- Installing: /root/install/vehicle_interfaces/include/vehicle_interfaces/msg/qmc_data.hpp
[34.632s] -- Up-to-date: /root/install/vehicle_interfaces/include/vehicle_interfaces/msg/detail
[34.632s] -- Installing: /root/install/vehicle_interfaces/include/vehicle_interfaces/msg/detail/control_data__builder.hpp
[34.632s] -- Installing: /root/install/vehicle_interfaces/include/vehicle_interfaces/msg/detail/mpu_data__type_support.hpp
[34.632s] -- Installing: /root/install/vehicle_interfaces/include/vehicle_interfaces/msg/detail/encoder_data__builder.hpp
[34.632s] -- Installing: /root/install/vehicle_interfaces/include/vehicle_interfaces/msg/detail/ultrasonic_data__traits.hpp
[34.632s] -- Installing: /root/install/vehicle_interfaces/include/vehicle_interfaces/msg/detail/to_f_data__builder.hpp
[34.633s] -- Installing: /root/install/vehicle_interfaces/include/vehicle_interfaces/msg/detail/control_data__type_support.hpp
[34.634s] -- Installing: /root/install/vehicle_interfaces/include/vehicle_interfaces/msg/detail/mpu_data__builder.hpp
[34.634s] -- Installing: /root/install/vehicle_interfaces/include/vehicle_interfaces/msg/detail/gps_data__builder.hpp
[34.634s] -- Installing: /root/install/vehicle_interfaces/include/vehicle_interfaces/msg/detail/sensor_data__traits.hpp
[34.635s] -- Installing: /root/install/vehicle_interfaces/include/vehicle_interfaces/msg/detail/temperature_data__type_support.hpp
[34.635s] -- Installing: /root/install/vehicle_interfaces/include/vehicle_interfaces/msg/detail/ir_data__builder.hpp
[34.635s] -- Installing: /root/install/vehicle_interfaces/include/vehicle_interfaces/msg/detail/sensor_data__builder.hpp
[34.635s] -- Installing: /root/install/vehicle_interfaces/include/vehicle_interfaces/msg/detail/qmc_data__struct.hpp
[34.635s] -- Installing: /root/install/vehicle_interfaces/include/vehicle_interfaces/msg/detail/sensor_data__struct.hpp
[34.636s] -- Installing: /root/install/vehicle_interfaces/include/vehicle_interfaces/msg/detail/temperature_data__struct.hpp
[34.636s] -- Installing: /root/install/vehicle_interfaces/include/vehicle_interfaces/msg/detail/gps_data__type_support.hpp
[34.637s] -- Installing: /root/install/vehicle_interfaces/include/vehicle_interfaces/msg/detail/sensor_data__type_support.hpp
[34.637s] -- Installing: /root/install/vehicle_interfaces/include/vehicle_interfaces/msg/detail/temperature_data__traits.hpp
[34.637s] -- Installing: /root/install/vehicle_interfaces/include/vehicle_interfaces/msg/detail/ir_data__type_support.hpp
[34.637s] -- Installing: /root/install/vehicle_interfaces/include/vehicle_interfaces/msg/detail/mpu_data__traits.hpp
[34.638s] -- Installing: /root/install/vehicle_interfaces/include/vehicle_interfaces/msg/detail/mpu_data__struct.hpp
[34.638s] -- Installing: /root/install/vehicle_interfaces/include/vehicle_interfaces/msg/detail/control_data__struct.hpp
[34.638s] -- Installing: /root/install/vehicle_interfaces/include/vehicle_interfaces/msg/detail/temperature_data__builder.hpp
[34.638s] -- Installing: /root/install/vehicle_interfaces/include/vehicle_interfaces/msg/detail/gps_data__struct.hpp
[34.638s] -- Installing: /root/install/vehicle_interfaces/include/vehicle_interfaces/msg/detail/ir_data__struct.hpp
[34.639s] -- Installing: /root/install/vehicle_interfaces/include/vehicle_interfaces/msg/detail/encoder_data__type_support.hpp
[34.639s] -- Installing: /root/install/vehicle_interfaces/include/vehicle_interfaces/msg/detail/encoder_data__traits.hpp
[34.639s] -- Installing: /root/install/vehicle_interfaces/include/vehicle_interfaces/msg/detail/encoder_data__struct.hpp
[34.639s] -- Installing: /root/install/vehicle_interfaces/include/vehicle_interfaces/msg/detail/to_f_data__traits.hpp
[34.639s] -- Installing: /root/install/vehicle_interfaces/include/vehicle_interfaces/msg/detail/qmc_data__type_support.hpp
[34.640s] -- Installing: /root/install/vehicle_interfaces/include/vehicle_interfaces/msg/detail/control_data__traits.hpp
[34.640s] -- Installing: /root/install/vehicle_interfaces/include/vehicle_interfaces/msg/detail/ir_data__traits.hpp
[34.640s] -- Installing: /root/install/vehicle_interfaces/include/vehicle_interfaces/msg/detail/to_f_data__struct.hpp
[34.640s] -- Installing: /root/install/vehicle_interfaces/include/vehicle_interfaces/msg/detail/gps_data__traits.hpp
[34.640s] -- Installing: /root/install/vehicle_interfaces/include/vehicle_interfaces/msg/detail/ultrasonic_data__struct.hpp
[34.641s] -- Installing: /root/install/vehicle_interfaces/include/vehicle_interfaces/msg/detail/to_f_data__type_support.hpp
[34.641s] -- Installing: /root/install/vehicle_interfaces/include/vehicle_interfaces/msg/detail/ultrasonic_data__type_support.hpp
[34.641s] -- Installing: /root/install/vehicle_interfaces/include/vehicle_interfaces/msg/detail/qmc_data__traits.hpp
[34.641s] -- Installing: /root/install/vehicle_interfaces/include/vehicle_interfaces/msg/detail/qmc_data__builder.hpp
[34.641s] -- Installing: /root/install/vehicle_interfaces/include/vehicle_interfaces/msg/detail/ultrasonic_data__builder.hpp
[34.642s] -- Installing: /root/install/vehicle_interfaces/include/vehicle_interfaces/msg/sensor_data.hpp
[34.642s] -- Up-to-date: /root/install/vehicle_interfaces/include/vehicle_interfaces/srv
[34.642s] -- Installing: /root/install/vehicle_interfaces/include/vehicle_interfaces/srv/get_serial_port.hpp
[34.642s] -- Installing: /root/install/vehicle_interfaces/include/vehicle_interfaces/srv/get_device_status.hpp
[34.642s] -- Installing: /root/install/vehicle_interfaces/include/vehicle_interfaces/srv/reset_serial_port.hpp
[34.643s] -- Up-to-date: /root/install/vehicle_interfaces/include/vehicle_interfaces/srv/detail
[34.643s] -- Installing: /root/install/vehicle_interfaces/include/vehicle_interfaces/srv/detail/get_serial_port__type_support.hpp
[34.643s] -- Installing: /root/install/vehicle_interfaces/include/vehicle_interfaces/srv/detail/get_device_status__traits.hpp
[34.643s] -- Installing: /root/install/vehicle_interfaces/include/vehicle_interfaces/srv/detail/get_serial_port__traits.hpp
[34.643s] -- Installing: /root/install/vehicle_interfaces/include/vehicle_interfaces/srv/detail/get_serial_port__struct.hpp
[34.643s] -- Installing: /root/install/vehicle_interfaces/include/vehicle_interfaces/srv/detail/reset_serial_port__traits.hpp
[34.644s] -- Installing: /root/install/vehicle_interfaces/include/vehicle_interfaces/srv/detail/get_serial_port__builder.hpp
[34.644s] -- Installing: /root/install/vehicle_interfaces/include/vehicle_interfaces/srv/detail/reset_serial_port__struct.hpp
[34.644s] -- Installing: /root/install/vehicle_interfaces/include/vehicle_interfaces/srv/detail/get_device_status__builder.hpp
[34.645s] -- Installing: /root/install/vehicle_interfaces/include/vehicle_interfaces/srv/detail/reset_serial_port__builder.hpp
[34.645s] -- Installing: /root/install/vehicle_interfaces/include/vehicle_interfaces/srv/detail/get_device_status__type_support.hpp
[34.645s] -- Installing: /root/install/vehicle_interfaces/include/vehicle_interfaces/srv/detail/reset_serial_port__type_support.hpp
[34.645s] -- Installing: /root/install/vehicle_interfaces/include/vehicle_interfaces/srv/detail/get_device_status__struct.hpp
[34.646s] -- Up-to-date: /root/install/vehicle_interfaces/include/vehicle_interfaces
[34.646s] -- Up-to-date: /root/install/vehicle_interfaces/include/vehicle_interfaces/msg
[34.646s] -- Up-to-date: /root/install/vehicle_interfaces/include/vehicle_interfaces/msg/detail
[34.646s] -- Installing: /root/install/vehicle_interfaces/include/vehicle_interfaces/msg/detail/temperature_data__rosidl_typesupport_introspection_cpp.hpp
[34.646s] -- Installing: /root/install/vehicle_interfaces/include/vehicle_interfaces/msg/detail/control_data__rosidl_typesupport_introspection_cpp.hpp
[34.647s] -- Installing: /root/install/vehicle_interfaces/include/vehicle_interfaces/msg/detail/mpu_data__rosidl_typesupport_introspection_cpp.hpp
[34.647s] -- Installing: /root/install/vehicle_interfaces/include/vehicle_interfaces/msg/detail/qmc_data__rosidl_typesupport_introspection_cpp.hpp
[34.647s] -- Installing: /root/install/vehicle_interfaces/include/vehicle_interfaces/msg/detail/to_f_data__type_support.cpp
[34.647s] -- Installing: /root/install/vehicle_interfaces/include/vehicle_interfaces/msg/detail/ir_data__rosidl_typesupport_introspection_cpp.hpp
[34.647s] -- Installing: /root/install/vehicle_interfaces/include/vehicle_interfaces/msg/detail/ir_data__type_support.cpp
[34.648s] -- Installing: /root/install/vehicle_interfaces/include/vehicle_interfaces/msg/detail/sensor_data__type_support.cpp
[34.648s] -- Installing: /root/install/vehicle_interfaces/include/vehicle_interfaces/msg/detail/gps_data__type_support.cpp
[34.648s] -- Installing: /root/install/vehicle_interfaces/include/vehicle_interfaces/msg/detail/sensor_data__rosidl_typesupport_introspection_cpp.hpp
[34.648s] -- Installing: /root/install/vehicle_interfaces/include/vehicle_interfaces/msg/detail/ultrasonic_data__rosidl_typesupport_introspection_cpp.hpp
[34.648s] -- Installing: /root/install/vehicle_interfaces/include/vehicle_interfaces/msg/detail/encoder_data__rosidl_typesupport_introspection_cpp.hpp
[34.649s] -- Installing: /root/install/vehicle_interfaces/include/vehicle_interfaces/msg/detail/gps_data__rosidl_typesupport_introspection_cpp.hpp
[34.649s] -- Installing: /root/install/vehicle_interfaces/include/vehicle_interfaces/msg/detail/to_f_data__rosidl_typesupport_introspection_cpp.hpp
[34.649s] -- Installing: /root/install/vehicle_interfaces/include/vehicle_interfaces/msg/detail/control_data__type_support.cpp
[34.649s] -- Installing: /root/install/vehicle_interfaces/include/vehicle_interfaces/msg/detail/mpu_data__type_support.cpp
[34.650s] -- Installing: /root/install/vehicle_interfaces/include/vehicle_interfaces/msg/detail/encoder_data__type_support.cpp
[34.650s] -- Installing: /root/install/vehicle_interfaces/include/vehicle_interfaces/msg/detail/qmc_data__type_support.cpp
[34.650s] -- Installing: /root/install/vehicle_interfaces/include/vehicle_interfaces/msg/detail/temperature_data__type_support.cpp
[34.650s] -- Installing: /root/install/vehicle_interfaces/include/vehicle_interfaces/msg/detail/ultrasonic_data__type_support.cpp
[34.651s] -- Up-to-date: /root/install/vehicle_interfaces/include/vehicle_interfaces/srv
[34.651s] -- Up-to-date: /root/install/vehicle_interfaces/include/vehicle_interfaces/srv/detail
[34.651s] -- Installing: /root/install/vehicle_interfaces/include/vehicle_interfaces/srv/detail/get_serial_port__rosidl_typesupport_introspection_cpp.hpp
[34.652s] -- Installing: /root/install/vehicle_interfaces/include/vehicle_interfaces/srv/detail/get_device_status__type_support.cpp
[34.652s] -- Installing: /root/install/vehicle_interfaces/include/vehicle_interfaces/srv/detail/reset_serial_port__rosidl_typesupport_introspection_cpp.hpp
[34.652s] -- Installing: /root/install/vehicle_interfaces/include/vehicle_interfaces/srv/detail/get_device_status__rosidl_typesupport_introspection_cpp.hpp
[34.652s] -- Installing: /root/install/vehicle_interfaces/include/vehicle_interfaces/srv/detail/reset_serial_port__type_support.cpp
[34.653s] -- Installing: /root/install/vehicle_interfaces/include/vehicle_interfaces/srv/detail/get_serial_port__type_support.cpp
[34.653s] -- Installing: /root/install/vehicle_interfaces/lib/libvehicle_interfaces__rosidl_typesupport_introspection_cpp.so
[34.654s] -- Set runtime path of "/root/install/vehicle_interfaces/lib/libvehicle_interfaces__rosidl_typesupport_introspection_cpp.so" to ""
[34.655s] -- Installing: /root/install/vehicle_interfaces/lib/libvehicle_interfaces__rosidl_typesupport_cpp.so
[34.655s] -- Set runtime path of "/root/install/vehicle_interfaces/lib/libvehicle_interfaces__rosidl_typesupport_cpp.so" to ""
[34.656s] -- Installing: /root/install/vehicle_interfaces/share/vehicle_interfaces/environment/pythonpath.sh
[34.656s] -- Installing: /root/install/vehicle_interfaces/share/vehicle_interfaces/environment/pythonpath.dsv
[34.657s] -- Installing: /root/install/vehicle_interfaces/lib/python3.8/site-packages/vehicle_interfaces/__init__.py
[34.717s] Compiling '/root/install/vehicle_interfaces/lib/python3.8/site-packages/vehicle_interfaces/__init__.py'...
[34.726s] -- Installing: /root/install/vehicle_interfaces/lib/python3.8/site-packages/vehicle_interfaces/srv
[34.726s] -- Installing: /root/install/vehicle_interfaces/lib/python3.8/site-packages/vehicle_interfaces/srv/_reset_serial_port_s.c
[34.727s] -- Installing: /root/install/vehicle_interfaces/lib/python3.8/site-packages/vehicle_interfaces/srv/_reset_serial_port.py
[34.727s] -- Installing: /root/install/vehicle_interfaces/lib/python3.8/site-packages/vehicle_interfaces/srv/_get_serial_port_s.c
[34.727s] -- Installing: /root/install/vehicle_interfaces/lib/python3.8/site-packages/vehicle_interfaces/srv/_get_device_status.py
[34.728s] -- Installing: /root/install/vehicle_interfaces/lib/python3.8/site-packages/vehicle_interfaces/srv/__init__.py
[34.728s] -- Installing: /root/install/vehicle_interfaces/lib/python3.8/site-packages/vehicle_interfaces/srv/_get_device_status_s.c
[34.728s] -- Installing: /root/install/vehicle_interfaces/lib/python3.8/site-packages/vehicle_interfaces/srv/_get_serial_port.py
[34.728s] -- Installing: /root/install/vehicle_interfaces/lib/python3.8/site-packages/vehicle_interfaces/msg
[34.730s] -- Installing: /root/install/vehicle_interfaces/lib/python3.8/site-packages/vehicle_interfaces/msg/_control_data.py
[34.730s] -- Installing: /root/install/vehicle_interfaces/lib/python3.8/site-packages/vehicle_interfaces/msg/_ir_data_s.c
[34.730s] -- Installing: /root/install/vehicle_interfaces/lib/python3.8/site-packages/vehicle_interfaces/msg/_to_f_data_s.c
[34.731s] -- Installing: /root/install/vehicle_interfaces/lib/python3.8/site-packages/vehicle_interfaces/msg/_ultrasonic_data_s.c
[34.732s] -- Installing: /root/install/vehicle_interfaces/lib/python3.8/site-packages/vehicle_interfaces/msg/_to_f_data.py
[34.732s] -- Installing: /root/install/vehicle_interfaces/lib/python3.8/site-packages/vehicle_interfaces/msg/_encoder_data_s.c
[34.732s] -- Installing: /root/install/vehicle_interfaces/lib/python3.8/site-packages/vehicle_interfaces/msg/_mpu_data_s.c
[34.732s] -- Installing: /root/install/vehicle_interfaces/lib/python3.8/site-packages/vehicle_interfaces/msg/_sensor_data.py
[34.733s] -- Installing: /root/install/vehicle_interfaces/lib/python3.8/site-packages/vehicle_interfaces/msg/_encoder_data.py
[34.733s] -- Installing: /root/install/vehicle_interfaces/lib/python3.8/site-packages/vehicle_interfaces/msg/_gps_data.py
[34.734s] -- Installing: /root/install/vehicle_interfaces/lib/python3.8/site-packages/vehicle_interfaces/msg/_ir_data.py
[34.734s] -- Installing: /root/install/vehicle_interfaces/lib/python3.8/site-packages/vehicle_interfaces/msg/_temperature_data_s.c
[34.734s] -- Installing: /root/install/vehicle_interfaces/lib/python3.8/site-packages/vehicle_interfaces/msg/_mpu_data.py
[34.734s] -- Installing: /root/install/vehicle_interfaces/lib/python3.8/site-packages/vehicle_interfaces/msg/_gps_data_s.c
[34.734s] -- Installing: /root/install/vehicle_interfaces/lib/python3.8/site-packages/vehicle_interfaces/msg/_sensor_data_s.c
[34.735s] -- Installing: /root/install/vehicle_interfaces/lib/python3.8/site-packages/vehicle_interfaces/msg/_qmc_data_s.c
[34.735s] -- Installing: /root/install/vehicle_interfaces/lib/python3.8/site-packages/vehicle_interfaces/msg/_control_data_s.c
[34.735s] -- Installing: /root/install/vehicle_interfaces/lib/python3.8/site-packages/vehicle_interfaces/msg/__init__.py
[34.735s] -- Installing: /root/install/vehicle_interfaces/lib/python3.8/site-packages/vehicle_interfaces/msg/_qmc_data.py
[34.736s] -- Installing: /root/install/vehicle_interfaces/lib/python3.8/site-packages/vehicle_interfaces/msg/_temperature_data.py
[34.736s] -- Installing: /root/install/vehicle_interfaces/lib/python3.8/site-packages/vehicle_interfaces/msg/_ultrasonic_data.py
[34.736s] -- Installing: /root/install/vehicle_interfaces/lib/python3.8/site-packages/vehicle_interfaces/vehicle_interfaces_s__rosidl_typesupport_fastrtps_c.cpython-38-x86_64-linux-gnu.so
[34.739s] -- Set runtime path of "/root/install/vehicle_interfaces/lib/python3.8/site-packages/vehicle_interfaces/vehicle_interfaces_s__rosidl_typesupport_fastrtps_c.cpython-38-x86_64-linux-gnu.so" to ""
[34.739s] -- Installing: /root/install/vehicle_interfaces/lib/python3.8/site-packages/vehicle_interfaces/vehicle_interfaces_s__rosidl_typesupport_introspection_c.cpython-38-x86_64-linux-gnu.so
[34.739s] -- Set runtime path of "/root/install/vehicle_interfaces/lib/python3.8/site-packages/vehicle_interfaces/vehicle_interfaces_s__rosidl_typesupport_introspection_c.cpython-38-x86_64-linux-gnu.so" to ""
[34.739s] -- Installing: /root/install/vehicle_interfaces/lib/python3.8/site-packages/vehicle_interfaces/vehicle_interfaces_s__rosidl_typesupport_c.cpython-38-x86_64-linux-gnu.so
[34.739s] -- Set runtime path of "/root/install/vehicle_interfaces/lib/python3.8/site-packages/vehicle_interfaces/vehicle_interfaces_s__rosidl_typesupport_c.cpython-38-x86_64-linux-gnu.so" to ""
[34.740s] -- Installing: /root/install/vehicle_interfaces/lib/libvehicle_interfaces__python.so
[34.741s] -- Set runtime path of "/root/install/vehicle_interfaces/lib/libvehicle_interfaces__python.so" to ""
[34.741s] -- Installing: /root/install/vehicle_interfaces/share/vehicle_interfaces/srv/GetSerialPort.idl
[34.741s] -- Installing: /root/install/vehicle_interfaces/share/vehicle_interfaces/srv/ResetSerialPort.idl
[34.741s] -- Installing: /root/install/vehicle_interfaces/share/vehicle_interfaces/srv/GetDeviceStatus.idl
[34.742s] -- Installing: /root/install/vehicle_interfaces/share/vehicle_interfaces/msg/SensorData.idl
[34.742s] -- Installing: /root/install/vehicle_interfaces/share/vehicle_interfaces/msg/ControlData.idl
[34.742s] -- Installing: /root/install/vehicle_interfaces/share/vehicle_interfaces/msg/EncoderData.idl
[34.743s] -- Installing: /root/install/vehicle_interfaces/share/vehicle_interfaces/msg/GPSData.idl
[34.743s] -- Installing: /root/install/vehicle_interfaces/share/vehicle_interfaces/msg/IRData.idl
[34.743s] -- Installing: /root/install/vehicle_interfaces/share/vehicle_interfaces/msg/MPUData.idl
[34.743s] -- Installing: /root/install/vehicle_interfaces/share/vehicle_interfaces/msg/QMCData.idl
[34.744s] -- Installing: /root/install/vehicle_interfaces/share/vehicle_interfaces/msg/TemperatureData.idl
[34.744s] -- Installing: /root/install/vehicle_interfaces/share/vehicle_interfaces/msg/ToFData.idl
[34.745s] -- Installing: /root/install/vehicle_interfaces/share/vehicle_interfaces/msg/UltrasonicData.idl
[34.745s] -- Installing: /root/install/vehicle_interfaces/share/vehicle_interfaces/srv/GetSerialPort.srv
[34.746s] -- Installing: /root/install/vehicle_interfaces/share/vehicle_interfaces/srv/GetSerialPort_Request.msg
[34.746s] -- Installing: /root/install/vehicle_interfaces/share/vehicle_interfaces/srv/GetSerialPort_Response.msg
[34.747s] -- Installing: /root/install/vehicle_interfaces/share/vehicle_interfaces/srv/ResetSerialPort.srv
[34.748s] -- Installing: /root/install/vehicle_interfaces/share/vehicle_interfaces/srv/ResetSerialPort_Request.msg
[34.748s] -- Installing: /root/install/vehicle_interfaces/share/vehicle_interfaces/srv/ResetSerialPort_Response.msg
[34.749s] -- Installing: /root/install/vehicle_interfaces/share/vehicle_interfaces/srv/GetDeviceStatus.srv
[34.750s] -- Installing: /root/install/vehicle_interfaces/share/vehicle_interfaces/srv/GetDeviceStatus_Request.msg
[34.750s] -- Installing: /root/install/vehicle_interfaces/share/vehicle_interfaces/srv/GetDeviceStatus_Response.msg
[34.751s] -- Installing: /root/install/vehicle_interfaces/share/vehicle_interfaces/msg/SensorData.msg
[34.752s] -- Installing: /root/install/vehicle_interfaces/share/vehicle_interfaces/msg/ControlData.msg
[34.753s] -- Installing: /root/install/vehicle_interfaces/share/vehicle_interfaces/msg/EncoderData.msg
[34.754s] -- Installing: /root/install/vehicle_interfaces/share/vehicle_interfaces/msg/GPSData.msg
[34.755s] -- Installing: /root/install/vehicle_interfaces/share/vehicle_interfaces/msg/IRData.msg
[34.755s] -- Installing: /root/install/vehicle_interfaces/share/vehicle_interfaces/msg/MPUData.msg
[34.756s] -- Installing: /root/install/vehicle_interfaces/share/vehicle_interfaces/msg/QMCData.msg
[34.757s] -- Installing: /root/install/vehicle_interfaces/share/vehicle_interfaces/msg/TemperatureData.msg
[34.757s] -- Installing: /root/install/vehicle_interfaces/share/vehicle_interfaces/msg/ToFData.msg
[34.758s] -- Installing: /root/install/vehicle_interfaces/share/vehicle_interfaces/msg/UltrasonicData.msg
[34.759s] -- Installing: /root/install/vehicle_interfaces/share/ament_index/resource_index/package_run_dependencies/vehicle_interfaces
[34.760s] -- Installing: /root/install/vehicle_interfaces/share/ament_index/resource_index/parent_prefix_path/vehicle_interfaces
[34.761s] -- Installing: /root/install/vehicle_interfaces/share/vehicle_interfaces/environment/ament_prefix_path.sh
[34.762s] -- Installing: /root/install/vehicle_interfaces/share/vehicle_interfaces/environment/ament_prefix_path.dsv
[34.762s] -- Installing: /root/install/vehicle_interfaces/share/vehicle_interfaces/environment/path.sh
[34.763s] -- Installing: /root/install/vehicle_interfaces/share/vehicle_interfaces/environment/path.dsv
[34.764s] -- Installing: /root/install/vehicle_interfaces/share/vehicle_interfaces/local_setup.bash
[34.764s] -- Installing: /root/install/vehicle_interfaces/share/vehicle_interfaces/local_setup.sh
[34.765s] -- Installing: /root/install/vehicle_interfaces/share/vehicle_interfaces/local_setup.zsh
[34.765s] -- Installing: /root/install/vehicle_interfaces/share/vehicle_interfaces/local_setup.dsv
[34.765s] -- Installing: /root/install/vehicle_interfaces/share/vehicle_interfaces/package.dsv
[34.766s] -- Installing: /root/install/vehicle_interfaces/share/ament_index/resource_index/packages/vehicle_interfaces
[34.766s] -- Installing: /root/install/vehicle_interfaces/share/vehicle_interfaces/cmake/vehicle_interfaces__rosidl_generator_cExport.cmake
[34.766s] -- Installing: /root/install/vehicle_interfaces/share/vehicle_interfaces/cmake/vehicle_interfaces__rosidl_generator_cExport-noconfig.cmake
[34.767s] -- Installing: /root/install/vehicle_interfaces/share/vehicle_interfaces/cmake/vehicle_interfaces__rosidl_typesupport_introspection_cExport.cmake
[34.767s] -- Installing: /root/install/vehicle_interfaces/share/vehicle_interfaces/cmake/vehicle_interfaces__rosidl_typesupport_introspection_cExport-noconfig.cmake
[34.768s] -- Installing: /root/install/vehicle_interfaces/share/vehicle_interfaces/cmake/vehicle_interfaces__rosidl_typesupport_cExport.cmake
[34.769s] -- Installing: /root/install/vehicle_interfaces/share/vehicle_interfaces/cmake/vehicle_interfaces__rosidl_typesupport_cExport-noconfig.cmake
[34.769s] -- Installing: /root/install/vehicle_interfaces/share/vehicle_interfaces/cmake/vehicle_interfaces__rosidl_generator_cppExport.cmake
[34.769s] -- Installing: /root/install/vehicle_interfaces/share/vehicle_interfaces/cmake/vehicle_interfaces__rosidl_typesupport_introspection_cppExport.cmake
[34.770s] -- Installing: /root/install/vehicle_interfaces/share/vehicle_interfaces/cmake/vehicle_interfaces__rosidl_typesupport_introspection_cppExport-noconfig.cmake
[34.770s] -- Installing: /root/install/vehicle_interfaces/share/vehicle_interfaces/cmake/vehicle_interfaces__rosidl_typesupport_cppExport.cmake
[34.770s] -- Installing: /root/install/vehicle_interfaces/share/vehicle_interfaces/cmake/vehicle_interfaces__rosidl_typesupport_cppExport-noconfig.cmake
[34.771s] -- Installing: /root/install/vehicle_interfaces/share/vehicle_interfaces/cmake/rosidl_cmake-extras.cmake
[34.771s] -- Installing: /root/install/vehicle_interfaces/share/vehicle_interfaces/cmake/ament_cmake_export_dependencies-extras.cmake
[34.774s] -- Installing: /root/install/vehicle_interfaces/share/vehicle_interfaces/cmake/ament_cmake_export_libraries-extras.cmake
[34.774s] -- Installing: /root/install/vehicle_interfaces/share/vehicle_interfaces/cmake/ament_cmake_export_targets-extras.cmake
[34.774s] -- Installing: /root/install/vehicle_interfaces/share/vehicle_interfaces/cmake/ament_cmake_export_include_directories-extras.cmake
[34.774s] -- Installing: /root/install/vehicle_interfaces/share/vehicle_interfaces/cmake/rosidl_cmake_export_typesupport_libraries-extras.cmake
[34.774s] -- Installing: /root/install/vehicle_interfaces/share/vehicle_interfaces/cmake/rosidl_cmake_export_typesupport_targets-extras.cmake
[34.774s] -- Installing: /root/install/vehicle_interfaces/share/vehicle_interfaces/cmake/vehicle_interfacesConfig.cmake
[34.775s] -- Installing: /root/install/vehicle_interfaces/share/vehicle_interfaces/cmake/vehicle_interfacesConfig-version.cmake
[34.775s] -- Installing: /root/install/vehicle_interfaces/share/vehicle_interfaces/package.xml
[34.778s] Invoked command in '/root/build/vehicle_interfaces' returned '0': CMAKE_PREFIX_PATH=/root/install/vehicle_string_converter:/root/install/vehicle_simulation:/opt/ros/foxy /usr/bin/cmake --install /root/build/vehicle_interfaces
