[0.057s] Invoking command in '/home/ethanreynolds/vscode/robot-rover-2025/code/system/ros2/build/vehicle_interfaces': CMAKE_PREFIX_PATH=${CMAKE_PREFIX_PATH}:/home/ethanreynolds/vscode/robot-rover-2025/code/system/ros2/install/vehicle_string_converter:/home/ethanreynolds/vscode/robot-rover-2025/code/system/ros2/install/vehicle_simulation:/home/ethanreynolds/vscode/robot-rover-2025/code/system/ros2/install/vehicle_networking:/opt/ros/foxy /usr/bin/cmake /home/ethanreynolds/vscode/robot-rover-2025/code/system/ros2/src/vehicle_interfaces -DCMAKE_INSTALL_PREFIX=/home/ethanreynolds/vscode/robot-rover-2025/code/system/ros2/install/vehicle_interfaces
[1.338s] -- Found ament_cmake: 0.9.12 (/opt/ros/foxy/share/ament_cmake/cmake)
[1.338s] -- Using PYTHON_EXECUTABLE: /usr/bin/python3
[1.339s] -- Found rosidl_default_generators: 1.0.1 (/opt/ros/foxy/share/rosidl_default_generators/cmake)
[1.341s] -- Using all available rosidl_typesupport_c: rosidl_typesupport_fastrtps_c;rosidl_typesupport_introspection_c
[1.341s] -- Found rosidl_adapter: 1.3.1 (/opt/ros/foxy/share/rosidl_adapter/cmake)
[1.342s] -- Using all available rosidl_typesupport_cpp: rosidl_typesupport_fastrtps_cpp;rosidl_typesupport_introspection_cpp
[1.342s] -- Found std_msgs: 2.0.5 (/opt/ros/foxy/share/std_msgs/cmake)
[1.344s] -- Found sensor_msgs: 2.0.5 (/opt/ros/foxy/share/sensor_msgs/cmake)
[1.346s] -- Found PythonInterp: /usr/bin/python3 (found version "3.8.10") 
[2.316s] -- Found ament_cmake_ros: 0.9.2 (/opt/ros/foxy/share/ament_cmake_ros/cmake)
[3.575s] -- Using all available rosidl_typesupport_c: rosidl_typesupport_fastrtps_c;rosidl_typesupport_introspection_c
[3.927s] -- Using all available rosidl_typesupport_cpp: rosidl_typesupport_fastrtps_cpp;rosidl_typesupport_introspection_cpp
[3.977s] -- Found PythonInterp: /usr/bin/python3 (found suitable version "3.8.10", minimum required is "3.5") 
[3.987s] -- Found python_cmake_module: 0.8.1 (/opt/ros/foxy/share/python_cmake_module/cmake)
[4.105s] -- Found PythonLibs: /usr/lib/x86_64-linux-gnu/libpython3.8.so (found suitable version "3.8.10", minimum required is "3.5") 
[4.106s] -- Using PYTHON_EXECUTABLE: /usr/bin/python3
[4.106s] -- Using PYTHON_INCLUDE_DIRS: /usr/include/python3.8
[4.107s] -- Using PYTHON_LIBRARIES: /usr/lib/x86_64-linux-gnu/libpython3.8.so
[4.153s] -- Found PythonExtra: .so  
[4.628s] -- Found ament_lint_auto: 0.9.8 (/opt/ros/foxy/share/ament_lint_auto/cmake)
[4.868s] -- Added test 'copyright' to check source files copyright and LICENSE
[4.899s] -- Added test 'lint_cmake' to check CMake code style
[4.905s] -- Added test 'xmllint' to check XML markup files
[4.917s] -- Configuring done
[5.311s] -- Generating done
[5.383s] -- Build files have been written to: /home/ethanreynolds/vscode/robot-rover-2025/code/system/ros2/build/vehicle_interfaces
[5.401s] Invoked command in '/home/ethanreynolds/vscode/robot-rover-2025/code/system/ros2/build/vehicle_interfaces' returned '0': CMAKE_PREFIX_PATH=${CMAKE_PREFIX_PATH}:/home/ethanreynolds/vscode/robot-rover-2025/code/system/ros2/install/vehicle_string_converter:/home/ethanreynolds/vscode/robot-rover-2025/code/system/ros2/install/vehicle_simulation:/home/ethanreynolds/vscode/robot-rover-2025/code/system/ros2/install/vehicle_networking:/opt/ros/foxy /usr/bin/cmake /home/ethanreynolds/vscode/robot-rover-2025/code/system/ros2/src/vehicle_interfaces -DCMAKE_INSTALL_PREFIX=/home/ethanreynolds/vscode/robot-rover-2025/code/system/ros2/install/vehicle_interfaces
[5.402s] Invoking command in '/home/ethanreynolds/vscode/robot-rover-2025/code/system/ros2/build/vehicle_interfaces': CMAKE_PREFIX_PATH=${CMAKE_PREFIX_PATH}:/home/ethanreynolds/vscode/robot-rover-2025/code/system/ros2/install/vehicle_string_converter:/home/ethanreynolds/vscode/robot-rover-2025/code/system/ros2/install/vehicle_simulation:/home/ethanreynolds/vscode/robot-rover-2025/code/system/ros2/install/vehicle_networking:/opt/ros/foxy /usr/bin/cmake --build /home/ethanreynolds/vscode/robot-rover-2025/code/system/ros2/build/vehicle_interfaces -- -j4 -l4
[5.516s] [35m[1mScanning dependencies of target vehicle_interfaces__cpp[0m
[5.522s] [  1%] [34m[1mGenerating C code for ROS interfaces[0m
[5.534s] [  1%] [34m[1mGenerating C++ code for ROS interfaces[0m
[8.040s] [  1%] Built target vehicle_interfaces__cpp
[8.063s] [  2%] [34m[1mGenerating C++ type support dispatch for ROS interfaces[0m
[8.079s] [  3%] [34m[1mGenerating C++ type support for eProsima Fast-RTPS[0m
[8.094s] [  3%] [34m[1mGenerating C++ introspection for ROS interfaces[0m
[8.775s] [35m[1mScanning dependencies of target vehicle_interfaces__rosidl_generator_c[0m
[9.235s] [  4%] [32mBuilding C object CMakeFiles/vehicle_interfaces__rosidl_generator_c.dir/rosidl_generator_c/vehicle_interfaces/srv/detail/get_serial_port__functions.c.o[0m
[9.821s] [  4%] [32mBuilding C object CMakeFiles/vehicle_interfaces__rosidl_generator_c.dir/rosidl_generator_c/vehicle_interfaces/srv/detail/reset_serial_port__functions.c.o[0m
[9.948s] [  5%] [32mBuilding C object CMakeFiles/vehicle_interfaces__rosidl_generator_c.dir/rosidl_generator_c/vehicle_interfaces/srv/detail/get_serial_device_status__functions.c.o[0m
[10.116s] [  6%] [32mBuilding C object CMakeFiles/vehicle_interfaces__rosidl_generator_c.dir/rosidl_generator_c/vehicle_interfaces/msg/detail/sensor_data__functions.c.o[0m
[10.243s] [  7%] [32mBuilding C object CMakeFiles/vehicle_interfaces__rosidl_generator_c.dir/rosidl_generator_c/vehicle_interfaces/msg/detail/control_data__functions.c.o[0m
[10.349s] [  8%] [32mBuilding C object CMakeFiles/vehicle_interfaces__rosidl_generator_c.dir/rosidl_generator_c/vehicle_interfaces/msg/detail/encoder_data__functions.c.o[0m
[10.455s] [  8%] [32mBuilding C object CMakeFiles/vehicle_interfaces__rosidl_generator_c.dir/rosidl_generator_c/vehicle_interfaces/msg/detail/gps_data__functions.c.o[0m
[10.563s] [  9%] [32mBuilding C object CMakeFiles/vehicle_interfaces__rosidl_generator_c.dir/rosidl_generator_c/vehicle_interfaces/msg/detail/ir_data__functions.c.o[0m
[10.666s] [ 10%] [32mBuilding C object CMakeFiles/vehicle_interfaces__rosidl_generator_c.dir/rosidl_generator_c/vehicle_interfaces/msg/detail/mpu_data__functions.c.o[0m
[10.776s] [ 11%] [32mBuilding C object CMakeFiles/vehicle_interfaces__rosidl_generator_c.dir/rosidl_generator_c/vehicle_interfaces/msg/detail/qmc_data__functions.c.o[0m
[10.886s] [ 12%] [32mBuilding C object CMakeFiles/vehicle_interfaces__rosidl_generator_c.dir/rosidl_generator_c/vehicle_interfaces/msg/detail/temperature_data__functions.c.o[0m
[10.957s] [35m[1mScanning dependencies of target vehicle_interfaces__rosidl_typesupport_introspection_cpp[0m
[10.989s] [ 12%] [32mBuilding C object CMakeFiles/vehicle_interfaces__rosidl_generator_c.dir/rosidl_generator_c/vehicle_interfaces/msg/detail/to_f_data__functions.c.o[0m
[11.041s] [35m[1mScanning dependencies of target vehicle_interfaces__rosidl_typesupport_cpp[0m
[11.092s] [ 13%] [32mBuilding C object CMakeFiles/vehicle_interfaces__rosidl_generator_c.dir/rosidl_generator_c/vehicle_interfaces/msg/detail/ultrasonic_data__functions.c.o[0m
[11.159s] [ 14%] [32m[1mLinking C shared library libvehicle_interfaces__rosidl_generator_c.so[0m
[11.557s] [ 15%] [32mBuilding CXX object CMakeFiles/vehicle_interfaces__rosidl_typesupport_cpp.dir/rosidl_typesupport_cpp/vehicle_interfaces/srv/get_serial_port__type_support.cpp.o[0m
[11.585s] [ 16%] [32mBuilding CXX object CMakeFiles/vehicle_interfaces__rosidl_typesupport_introspection_cpp.dir/rosidl_typesupport_introspection_cpp/vehicle_interfaces/srv/detail/get_serial_port__type_support.cpp.o[0m
[11.628s] [35m[1mScanning dependencies of target vehicle_interfaces__rosidl_typesupport_fastrtps_cpp[0m
[11.892s] [ 16%] Built target vehicle_interfaces__rosidl_generator_c
[11.903s] [ 17%] [32mBuilding CXX object CMakeFiles/vehicle_interfaces__rosidl_typesupport_introspection_cpp.dir/rosidl_typesupport_introspection_cpp/vehicle_interfaces/srv/detail/reset_serial_port__type_support.cpp.o[0m
[12.904s] [ 18%] [32mBuilding CXX object CMakeFiles/vehicle_interfaces__rosidl_typesupport_fastrtps_cpp.dir/rosidl_typesupport_fastrtps_cpp/vehicle_interfaces/srv/detail/dds_fastrtps/get_serial_port__type_support.cpp.o[0m
[13.919s] [ 19%] [32mBuilding CXX object CMakeFiles/vehicle_interfaces__rosidl_typesupport_introspection_cpp.dir/rosidl_typesupport_introspection_cpp/vehicle_interfaces/srv/detail/get_serial_device_status__type_support.cpp.o[0m
[14.035s] [ 20%] [32mBuilding CXX object CMakeFiles/vehicle_interfaces__rosidl_typesupport_cpp.dir/rosidl_typesupport_cpp/vehicle_interfaces/srv/reset_serial_port__type_support.cpp.o[0m
[14.052s] [ 21%] [32mBuilding CXX object CMakeFiles/vehicle_interfaces__rosidl_typesupport_introspection_cpp.dir/rosidl_typesupport_introspection_cpp/vehicle_interfaces/msg/detail/sensor_data__type_support.cpp.o[0m
[14.826s] [ 22%] [32mBuilding CXX object CMakeFiles/vehicle_interfaces__rosidl_typesupport_fastrtps_cpp.dir/rosidl_typesupport_fastrtps_cpp/vehicle_interfaces/srv/detail/dds_fastrtps/reset_serial_port__type_support.cpp.o[0m
[14.854s] [ 23%] [32mBuilding CXX object CMakeFiles/vehicle_interfaces__rosidl_typesupport_fastrtps_cpp.dir/rosidl_typesupport_fastrtps_cpp/vehicle_interfaces/srv/detail/dds_fastrtps/get_serial_device_status__type_support.cpp.o[0m
[14.870s] [ 23%] [32mBuilding CXX object CMakeFiles/vehicle_interfaces__rosidl_typesupport_cpp.dir/rosidl_typesupport_cpp/vehicle_interfaces/srv/get_serial_device_status__type_support.cpp.o[0m
[15.634s] [ 24%] [32mBuilding CXX object CMakeFiles/vehicle_interfaces__rosidl_typesupport_cpp.dir/rosidl_typesupport_cpp/vehicle_interfaces/msg/sensor_data__type_support.cpp.o[0m
[15.931s] [ 24%] [32mBuilding CXX object CMakeFiles/vehicle_interfaces__rosidl_typesupport_introspection_cpp.dir/rosidl_typesupport_introspection_cpp/vehicle_interfaces/msg/detail/control_data__type_support.cpp.o[0m
[15.960s] [ 25%] [32mBuilding CXX object CMakeFiles/vehicle_interfaces__rosidl_typesupport_introspection_cpp.dir/rosidl_typesupport_introspection_cpp/vehicle_interfaces/msg/detail/encoder_data__type_support.cpp.o[0m
[16.002s] [ 25%] [32mBuilding CXX object CMakeFiles/vehicle_interfaces__rosidl_typesupport_fastrtps_cpp.dir/rosidl_typesupport_fastrtps_cpp/vehicle_interfaces/msg/detail/dds_fastrtps/sensor_data__type_support.cpp.o[0m
[16.435s] [ 26%] [32mBuilding CXX object CMakeFiles/vehicle_interfaces__rosidl_typesupport_cpp.dir/rosidl_typesupport_cpp/vehicle_interfaces/msg/control_data__type_support.cpp.o[0m
[16.698s] [ 27%] [32mBuilding CXX object CMakeFiles/vehicle_interfaces__rosidl_typesupport_introspection_cpp.dir/rosidl_typesupport_introspection_cpp/vehicle_interfaces/msg/detail/gps_data__type_support.cpp.o[0m
[16.735s] [ 28%] [32mBuilding CXX object CMakeFiles/vehicle_interfaces__rosidl_typesupport_introspection_cpp.dir/rosidl_typesupport_introspection_cpp/vehicle_interfaces/msg/detail/ir_data__type_support.cpp.o[0m
[17.197s] [ 29%] [32mBuilding CXX object CMakeFiles/vehicle_interfaces__rosidl_typesupport_cpp.dir/rosidl_typesupport_cpp/vehicle_interfaces/msg/encoder_data__type_support.cpp.o[0m
[17.490s] [ 30%] [32mBuilding CXX object CMakeFiles/vehicle_interfaces__rosidl_typesupport_introspection_cpp.dir/rosidl_typesupport_introspection_cpp/vehicle_interfaces/msg/detail/mpu_data__type_support.cpp.o[0m
[17.512s] [ 30%] [32mBuilding CXX object CMakeFiles/vehicle_interfaces__rosidl_typesupport_introspection_cpp.dir/rosidl_typesupport_introspection_cpp/vehicle_interfaces/msg/detail/qmc_data__type_support.cpp.o[0m
[17.975s] [ 31%] [32mBuilding CXX object CMakeFiles/vehicle_interfaces__rosidl_typesupport_cpp.dir/rosidl_typesupport_cpp/vehicle_interfaces/msg/gps_data__type_support.cpp.o[0m
[18.123s] [ 32%] [32mBuilding CXX object CMakeFiles/vehicle_interfaces__rosidl_typesupport_fastrtps_cpp.dir/rosidl_typesupport_fastrtps_cpp/vehicle_interfaces/msg/detail/dds_fastrtps/control_data__type_support.cpp.o[0m
[18.289s] [ 33%] [32mBuilding CXX object CMakeFiles/vehicle_interfaces__rosidl_typesupport_introspection_cpp.dir/rosidl_typesupport_introspection_cpp/vehicle_interfaces/msg/detail/temperature_data__type_support.cpp.o[0m
[18.336s] [ 34%] [32mBuilding CXX object CMakeFiles/vehicle_interfaces__rosidl_typesupport_introspection_cpp.dir/rosidl_typesupport_introspection_cpp/vehicle_interfaces/msg/detail/to_f_data__type_support.cpp.o[0m
[18.739s] [ 34%] [32mBuilding CXX object CMakeFiles/vehicle_interfaces__rosidl_typesupport_cpp.dir/rosidl_typesupport_cpp/vehicle_interfaces/msg/ir_data__type_support.cpp.o[0m
[19.089s] [ 35%] [32mBuilding CXX object CMakeFiles/vehicle_interfaces__rosidl_typesupport_introspection_cpp.dir/rosidl_typesupport_introspection_cpp/vehicle_interfaces/msg/detail/ultrasonic_data__type_support.cpp.o[0m
[19.124s] [ 36%] [32mBuilding CXX object CMakeFiles/vehicle_interfaces__rosidl_typesupport_cpp.dir/rosidl_typesupport_cpp/vehicle_interfaces/msg/mpu_data__type_support.cpp.o[0m
[19.238s] [ 37%] [32mBuilding CXX object CMakeFiles/vehicle_interfaces__rosidl_typesupport_fastrtps_cpp.dir/rosidl_typesupport_fastrtps_cpp/vehicle_interfaces/msg/detail/dds_fastrtps/encoder_data__type_support.cpp.o[0m
[19.504s] [ 38%] [32mBuilding CXX object CMakeFiles/vehicle_interfaces__rosidl_typesupport_cpp.dir/rosidl_typesupport_cpp/vehicle_interfaces/msg/qmc_data__type_support.cpp.o[0m
[19.862s] [ 39%] [32m[1mLinking CXX shared library libvehicle_interfaces__rosidl_typesupport_introspection_cpp.so[0m
[19.889s] [ 40%] [32mBuilding CXX object CMakeFiles/vehicle_interfaces__rosidl_typesupport_cpp.dir/rosidl_typesupport_cpp/vehicle_interfaces/msg/temperature_data__type_support.cpp.o[0m
[20.073s] [ 40%] Built target vehicle_interfaces__rosidl_typesupport_introspection_cpp
[20.097s] [ 41%] [34m[1mGenerating C introspection for ROS interfaces[0m
[20.288s] [ 42%] [32mBuilding CXX object CMakeFiles/vehicle_interfaces__rosidl_typesupport_cpp.dir/rosidl_typesupport_cpp/vehicle_interfaces/msg/to_f_data__type_support.cpp.o[0m
[20.352s] [ 43%] [32mBuilding CXX object CMakeFiles/vehicle_interfaces__rosidl_typesupport_fastrtps_cpp.dir/rosidl_typesupport_fastrtps_cpp/vehicle_interfaces/msg/detail/dds_fastrtps/gps_data__type_support.cpp.o[0m
[20.665s] [ 43%] [32mBuilding CXX object CMakeFiles/vehicle_interfaces__rosidl_typesupport_cpp.dir/rosidl_typesupport_cpp/vehicle_interfaces/msg/ultrasonic_data__type_support.cpp.o[0m
[21.062s] [ 44%] [32mBuilding CXX object CMakeFiles/vehicle_interfaces__rosidl_typesupport_fastrtps_cpp.dir/rosidl_typesupport_fastrtps_cpp/vehicle_interfaces/msg/detail/dds_fastrtps/ir_data__type_support.cpp.o[0m
[21.422s] [ 45%] [32m[1mLinking CXX shared library libvehicle_interfaces__rosidl_typesupport_cpp.so[0m
[21.506s] [ 45%] [32mBuilding CXX object CMakeFiles/vehicle_interfaces__rosidl_typesupport_fastrtps_cpp.dir/rosidl_typesupport_fastrtps_cpp/vehicle_interfaces/msg/detail/dds_fastrtps/mpu_data__type_support.cpp.o[0m
[21.543s] [ 45%] Built target vehicle_interfaces__rosidl_typesupport_cpp
[21.570s] [ 46%] [34m[1mGenerating C type support dispatch for ROS interfaces[0m
[22.178s] [ 47%] [32mBuilding CXX object CMakeFiles/vehicle_interfaces__rosidl_typesupport_fastrtps_cpp.dir/rosidl_typesupport_fastrtps_cpp/vehicle_interfaces/msg/detail/dds_fastrtps/qmc_data__type_support.cpp.o[0m
[22.657s] [ 48%] [32mBuilding CXX object CMakeFiles/vehicle_interfaces__rosidl_typesupport_fastrtps_cpp.dir/rosidl_typesupport_fastrtps_cpp/vehicle_interfaces/msg/detail/dds_fastrtps/temperature_data__type_support.cpp.o[0m
[23.295s] [ 49%] [32mBuilding CXX object CMakeFiles/vehicle_interfaces__rosidl_typesupport_fastrtps_cpp.dir/rosidl_typesupport_fastrtps_cpp/vehicle_interfaces/msg/detail/dds_fastrtps/to_f_data__type_support.cpp.o[0m
[23.779s] [ 50%] [32mBuilding CXX object CMakeFiles/vehicle_interfaces__rosidl_typesupport_fastrtps_cpp.dir/rosidl_typesupport_fastrtps_cpp/vehicle_interfaces/msg/detail/dds_fastrtps/ultrasonic_data__type_support.cpp.o[0m
[23.811s] [35m[1mScanning dependencies of target vehicle_interfaces__rosidl_typesupport_introspection_c[0m
[24.087s] [ 51%] [32mBuilding C object CMakeFiles/vehicle_interfaces__rosidl_typesupport_introspection_c.dir/rosidl_typesupport_introspection_c/vehicle_interfaces/srv/detail/get_serial_port__type_support.c.o[0m
[24.264s] [ 52%] [32mBuilding C object CMakeFiles/vehicle_interfaces__rosidl_typesupport_introspection_c.dir/rosidl_typesupport_introspection_c/vehicle_interfaces/srv/detail/reset_serial_port__type_support.c.o[0m
[24.346s] [ 52%] [32mBuilding C object CMakeFiles/vehicle_interfaces__rosidl_typesupport_introspection_c.dir/rosidl_typesupport_introspection_c/vehicle_interfaces/srv/detail/get_serial_device_status__type_support.c.o[0m
[24.421s] [ 53%] [32mBuilding C object CMakeFiles/vehicle_interfaces__rosidl_typesupport_introspection_c.dir/rosidl_typesupport_introspection_c/vehicle_interfaces/msg/detail/sensor_data__type_support.c.o[0m
[24.425s] [ 54%] [32mBuilding C object CMakeFiles/vehicle_interfaces__rosidl_typesupport_introspection_c.dir/rosidl_typesupport_introspection_c/vehicle_interfaces/msg/detail/control_data__type_support.c.o[0m
[24.494s] [ 55%] [32mBuilding C object CMakeFiles/vehicle_interfaces__rosidl_typesupport_introspection_c.dir/rosidl_typesupport_introspection_c/vehicle_interfaces/msg/detail/encoder_data__type_support.c.o[0m
[24.548s] [ 56%] [32mBuilding C object CMakeFiles/vehicle_interfaces__rosidl_typesupport_introspection_c.dir/rosidl_typesupport_introspection_c/vehicle_interfaces/msg/detail/gps_data__type_support.c.o[0m
[24.570s] [ 56%] [32mBuilding C object CMakeFiles/vehicle_interfaces__rosidl_typesupport_introspection_c.dir/rosidl_typesupport_introspection_c/vehicle_interfaces/msg/detail/ir_data__type_support.c.o[0m
[24.626s] [ 57%] [32mBuilding C object CMakeFiles/vehicle_interfaces__rosidl_typesupport_introspection_c.dir/rosidl_typesupport_introspection_c/vehicle_interfaces/msg/detail/mpu_data__type_support.c.o[0m
[24.644s] [ 58%] [32mBuilding C object CMakeFiles/vehicle_interfaces__rosidl_typesupport_introspection_c.dir/rosidl_typesupport_introspection_c/vehicle_interfaces/msg/detail/qmc_data__type_support.c.o[0m
[24.685s] [35m[1mScanning dependencies of target vehicle_interfaces__rosidl_typesupport_c[0m
[24.703s] [ 59%] [32mBuilding C object CMakeFiles/vehicle_interfaces__rosidl_typesupport_introspection_c.dir/rosidl_typesupport_introspection_c/vehicle_interfaces/msg/detail/temperature_data__type_support.c.o[0m
[24.726s] [ 60%] [32mBuilding C object CMakeFiles/vehicle_interfaces__rosidl_typesupport_introspection_c.dir/rosidl_typesupport_introspection_c/vehicle_interfaces/msg/detail/to_f_data__type_support.c.o[0m
[24.763s] [ 60%] [32mBuilding CXX object CMakeFiles/vehicle_interfaces__rosidl_typesupport_c.dir/rosidl_typesupport_c/vehicle_interfaces/srv/get_serial_port__type_support.cpp.o[0m
[24.818s] [ 60%] [32mBuilding C object CMakeFiles/vehicle_interfaces__rosidl_typesupport_introspection_c.dir/rosidl_typesupport_introspection_c/vehicle_interfaces/msg/detail/ultrasonic_data__type_support.c.o[0m
[24.836s] [ 61%] [32mBuilding CXX object CMakeFiles/vehicle_interfaces__rosidl_typesupport_c.dir/rosidl_typesupport_c/vehicle_interfaces/srv/reset_serial_port__type_support.cpp.o[0m
[24.836s] [ 62%] [32mBuilding CXX object CMakeFiles/vehicle_interfaces__rosidl_typesupport_c.dir/rosidl_typesupport_c/vehicle_interfaces/srv/get_serial_device_status__type_support.cpp.o[0m
[24.888s] [ 62%] [32m[1mLinking CXX shared library libvehicle_interfaces__rosidl_typesupport_fastrtps_cpp.so[0m
[24.912s] [ 63%] [32mBuilding CXX object CMakeFiles/vehicle_interfaces__rosidl_typesupport_c.dir/rosidl_typesupport_c/vehicle_interfaces/msg/sensor_data__type_support.cpp.o[0m
[24.936s] [ 64%] [32m[1mLinking C shared library libvehicle_interfaces__rosidl_typesupport_introspection_c.so[0m
[24.949s] [ 65%] [32mBuilding CXX object CMakeFiles/vehicle_interfaces__rosidl_typesupport_c.dir/rosidl_typesupport_c/vehicle_interfaces/msg/control_data__type_support.cpp.o[0m
[24.985s] [ 65%] [32mBuilding CXX object CMakeFiles/vehicle_interfaces__rosidl_typesupport_c.dir/rosidl_typesupport_c/vehicle_interfaces/msg/encoder_data__type_support.cpp.o[0m
[25.004s] [ 66%] [32mBuilding CXX object CMakeFiles/vehicle_interfaces__rosidl_typesupport_c.dir/rosidl_typesupport_c/vehicle_interfaces/msg/gps_data__type_support.cpp.o[0m
[25.010s] [ 66%] Built target vehicle_interfaces__rosidl_typesupport_introspection_c
[25.025s] [ 67%] [32mBuilding CXX object CMakeFiles/vehicle_interfaces__rosidl_typesupport_c.dir/rosidl_typesupport_c/vehicle_interfaces/msg/ir_data__type_support.cpp.o[0m
[25.056s] [ 68%] [32mBuilding CXX object CMakeFiles/vehicle_interfaces__rosidl_typesupport_c.dir/rosidl_typesupport_c/vehicle_interfaces/msg/mpu_data__type_support.cpp.o[0m
[25.072s] [ 69%] [32mBuilding CXX object CMakeFiles/vehicle_interfaces__rosidl_typesupport_c.dir/rosidl_typesupport_c/vehicle_interfaces/msg/qmc_data__type_support.cpp.o[0m
[25.091s] [ 69%] [32mBuilding CXX object CMakeFiles/vehicle_interfaces__rosidl_typesupport_c.dir/rosidl_typesupport_c/vehicle_interfaces/msg/temperature_data__type_support.cpp.o[0m
[25.119s] [ 70%] [32mBuilding CXX object CMakeFiles/vehicle_interfaces__rosidl_typesupport_c.dir/rosidl_typesupport_c/vehicle_interfaces/msg/to_f_data__type_support.cpp.o[0m
[25.139s] [ 71%] [32mBuilding CXX object CMakeFiles/vehicle_interfaces__rosidl_typesupport_c.dir/rosidl_typesupport_c/vehicle_interfaces/msg/ultrasonic_data__type_support.cpp.o[0m
[25.173s] [ 71%] Built target vehicle_interfaces__rosidl_typesupport_fastrtps_cpp
[25.188s] [ 73%] [32m[1mLinking CXX shared library libvehicle_interfaces__rosidl_typesupport_c.so[0m
[25.188s] [ 73%] [34m[1mGenerating C type support for eProsima Fast-RTPS[0m
[25.249s] [ 73%] Built target vehicle_interfaces__rosidl_typesupport_c
[27.486s] [35m[1mScanning dependencies of target vehicle_interfaces__rosidl_typesupport_fastrtps_c[0m
[27.623s] [ 73%] [32mBuilding CXX object CMakeFiles/vehicle_interfaces__rosidl_typesupport_fastrtps_c.dir/rosidl_typesupport_fastrtps_c/vehicle_interfaces/srv/detail/reset_serial_port__type_support_c.cpp.o[0m
[27.627s] [ 75%] [32mBuilding CXX object CMakeFiles/vehicle_interfaces__rosidl_typesupport_fastrtps_c.dir/rosidl_typesupport_fastrtps_c/vehicle_interfaces/srv/detail/get_serial_device_status__type_support_c.cpp.o[0m
[27.627s] [ 75%] [32mBuilding CXX object CMakeFiles/vehicle_interfaces__rosidl_typesupport_fastrtps_c.dir/rosidl_typesupport_fastrtps_c/vehicle_interfaces/srv/detail/get_serial_port__type_support_c.cpp.o[0m
[27.638s] [ 76%] [32mBuilding CXX object CMakeFiles/vehicle_interfaces__rosidl_typesupport_fastrtps_c.dir/rosidl_typesupport_fastrtps_c/vehicle_interfaces/msg/detail/sensor_data__type_support_c.cpp.o[0m
[28.667s] [ 77%] [32mBuilding CXX object CMakeFiles/vehicle_interfaces__rosidl_typesupport_fastrtps_c.dir/rosidl_typesupport_fastrtps_c/vehicle_interfaces/msg/detail/control_data__type_support_c.cpp.o[0m
[28.680s] [ 78%] [32mBuilding CXX object CMakeFiles/vehicle_interfaces__rosidl_typesupport_fastrtps_c.dir/rosidl_typesupport_fastrtps_c/vehicle_interfaces/msg/detail/encoder_data__type_support_c.cpp.o[0m
[28.688s] [ 78%] [32mBuilding CXX object CMakeFiles/vehicle_interfaces__rosidl_typesupport_fastrtps_c.dir/rosidl_typesupport_fastrtps_c/vehicle_interfaces/msg/detail/gps_data__type_support_c.cpp.o[0m
[28.750s] [ 79%] [32mBuilding CXX object CMakeFiles/vehicle_interfaces__rosidl_typesupport_fastrtps_c.dir/rosidl_typesupport_fastrtps_c/vehicle_interfaces/msg/detail/ir_data__type_support_c.cpp.o[0m
[29.609s] [ 80%] [32mBuilding CXX object CMakeFiles/vehicle_interfaces__rosidl_typesupport_fastrtps_c.dir/rosidl_typesupport_fastrtps_c/vehicle_interfaces/msg/detail/mpu_data__type_support_c.cpp.o[0m
[29.616s] [ 81%] [32mBuilding CXX object CMakeFiles/vehicle_interfaces__rosidl_typesupport_fastrtps_c.dir/rosidl_typesupport_fastrtps_c/vehicle_interfaces/msg/detail/temperature_data__type_support_c.cpp.o[0m
[29.625s] [ 82%] [32mBuilding CXX object CMakeFiles/vehicle_interfaces__rosidl_typesupport_fastrtps_c.dir/rosidl_typesupport_fastrtps_c/vehicle_interfaces/msg/detail/qmc_data__type_support_c.cpp.o[0m
[29.812s] [ 82%] [32mBuilding CXX object CMakeFiles/vehicle_interfaces__rosidl_typesupport_fastrtps_c.dir/rosidl_typesupport_fastrtps_c/vehicle_interfaces/msg/detail/to_f_data__type_support_c.cpp.o[0m
[30.612s] [ 83%] [32mBuilding CXX object CMakeFiles/vehicle_interfaces__rosidl_typesupport_fastrtps_c.dir/rosidl_typesupport_fastrtps_c/vehicle_interfaces/msg/detail/ultrasonic_data__type_support_c.cpp.o[0m
[31.147s] [ 84%] [32m[1mLinking CXX shared library libvehicle_interfaces__rosidl_typesupport_fastrtps_c.so[0m
[31.353s] [ 84%] Built target vehicle_interfaces__rosidl_typesupport_fastrtps_c
[31.367s] [35m[1mScanning dependencies of target vehicle_interfaces[0m
[31.385s] [ 84%] Built target vehicle_interfaces
[31.403s] [35m[1mScanning dependencies of target vehicle_interfaces__py[0m
[31.423s] [ 85%] [34m[1mGenerating Python code for ROS interfaces[0m
[35.510s] [ 85%] Built target vehicle_interfaces__py
[35.528s] [35m[1mScanning dependencies of target vehicle_interfaces__python[0m
[36.018s] [ 85%] [32mBuilding C object CMakeFiles/vehicle_interfaces__python.dir/rosidl_generator_py/vehicle_interfaces/srv/_get_serial_device_status_s.c.o[0m
[36.022s] [ 86%] [32mBuilding C object CMakeFiles/vehicle_interfaces__python.dir/rosidl_generator_py/vehicle_interfaces/msg/_sensor_data_s.c.o[0m
[36.030s] [ 87%] [32mBuilding C object CMakeFiles/vehicle_interfaces__python.dir/rosidl_generator_py/vehicle_interfaces/srv/_reset_serial_port_s.c.o[0m
[36.033s] [ 88%] [32mBuilding C object CMakeFiles/vehicle_interfaces__python.dir/rosidl_generator_py/vehicle_interfaces/srv/_get_serial_port_s.c.o[0m
[36.611s] [ 90%] [32mBuilding C object CMakeFiles/vehicle_interfaces__python.dir/rosidl_generator_py/vehicle_interfaces/msg/_encoder_data_s.c.o[0m
[36.611s] [ 90%] [32mBuilding C object CMakeFiles/vehicle_interfaces__python.dir/rosidl_generator_py/vehicle_interfaces/msg/_control_data_s.c.o[0m
[36.661s] [ 91%] [32mBuilding C object CMakeFiles/vehicle_interfaces__python.dir/rosidl_generator_py/vehicle_interfaces/msg/_gps_data_s.c.o[0m
[36.716s] [ 91%] [32mBuilding C object CMakeFiles/vehicle_interfaces__python.dir/rosidl_generator_py/vehicle_interfaces/msg/_ir_data_s.c.o[0m
[36.846s] [ 92%] [32mBuilding C object CMakeFiles/vehicle_interfaces__python.dir/rosidl_generator_py/vehicle_interfaces/msg/_mpu_data_s.c.o[0m
[36.854s] [ 93%] [32mBuilding C object CMakeFiles/vehicle_interfaces__python.dir/rosidl_generator_py/vehicle_interfaces/msg/_qmc_data_s.c.o[0m
[36.903s] [ 94%] [32mBuilding C object CMakeFiles/vehicle_interfaces__python.dir/rosidl_generator_py/vehicle_interfaces/msg/_temperature_data_s.c.o[0m
[36.950s] [ 95%] [32mBuilding C object CMakeFiles/vehicle_interfaces__python.dir/rosidl_generator_py/vehicle_interfaces/msg/_to_f_data_s.c.o[0m
[37.081s] [ 95%] [32mBuilding C object CMakeFiles/vehicle_interfaces__python.dir/rosidl_generator_py/vehicle_interfaces/msg/_ultrasonic_data_s.c.o[0m
[37.215s] [ 96%] [32m[1mLinking C shared library rosidl_generator_py/vehicle_interfaces/libvehicle_interfaces__python.so[0m
[37.301s] [ 96%] Built target vehicle_interfaces__python
[37.316s] [35m[1mScanning dependencies of target vehicle_interfaces__rosidl_typesupport_introspection_c__pyext[0m
[37.320s] [35m[1mScanning dependencies of target vehicle_interfaces__rosidl_typesupport_c__pyext[0m
[37.321s] [35m[1mScanning dependencies of target vehicle_interfaces__rosidl_typesupport_fastrtps_c__pyext[0m
[37.372s] [ 97%] [32mBuilding C object CMakeFiles/vehicle_interfaces__rosidl_typesupport_introspection_c__pyext.dir/rosidl_generator_py/vehicle_interfaces/_vehicle_interfaces_s.ep.rosidl_typesupport_introspection_c.c.o[0m
[37.382s] [ 98%] [32mBuilding C object CMakeFiles/vehicle_interfaces__rosidl_typesupport_c__pyext.dir/rosidl_generator_py/vehicle_interfaces/_vehicle_interfaces_s.ep.rosidl_typesupport_c.c.o[0m
[37.399s] [ 99%] [32mBuilding C object CMakeFiles/vehicle_interfaces__rosidl_typesupport_fastrtps_c__pyext.dir/rosidl_generator_py/vehicle_interfaces/_vehicle_interfaces_s.ep.rosidl_typesupport_fastrtps_c.c.o[0m
[37.697s] [ 99%] [32m[1mLinking C shared library rosidl_generator_py/vehicle_interfaces/vehicle_interfaces_s__rosidl_typesupport_c.cpython-38-x86_64-linux-gnu.so[0m
[37.714s] [100%] [32m[1mLinking C shared library rosidl_generator_py/vehicle_interfaces/vehicle_interfaces_s__rosidl_typesupport_introspection_c.cpython-38-x86_64-linux-gnu.so[0m
[37.739s] [100%] [32m[1mLinking CXX shared library rosidl_generator_py/vehicle_interfaces/vehicle_interfaces_s__rosidl_typesupport_fastrtps_c.cpython-38-x86_64-linux-gnu.so[0m
[37.786s] [100%] Built target vehicle_interfaces__rosidl_typesupport_c__pyext
[37.808s] [100%] Built target vehicle_interfaces__rosidl_typesupport_introspection_c__pyext
[37.870s] [100%] Built target vehicle_interfaces__rosidl_typesupport_fastrtps_c__pyext
[37.894s] Invoked command in '/home/ethanreynolds/vscode/robot-rover-2025/code/system/ros2/build/vehicle_interfaces' returned '0': CMAKE_PREFIX_PATH=${CMAKE_PREFIX_PATH}:/home/ethanreynolds/vscode/robot-rover-2025/code/system/ros2/install/vehicle_string_converter:/home/ethanreynolds/vscode/robot-rover-2025/code/system/ros2/install/vehicle_simulation:/home/ethanreynolds/vscode/robot-rover-2025/code/system/ros2/install/vehicle_networking:/opt/ros/foxy /usr/bin/cmake --build /home/ethanreynolds/vscode/robot-rover-2025/code/system/ros2/build/vehicle_interfaces -- -j4 -l4
[37.916s] Invoking command in '/home/ethanreynolds/vscode/robot-rover-2025/code/system/ros2/build/vehicle_interfaces': CMAKE_PREFIX_PATH=${CMAKE_PREFIX_PATH}:/home/ethanreynolds/vscode/robot-rover-2025/code/system/ros2/install/vehicle_string_converter:/home/ethanreynolds/vscode/robot-rover-2025/code/system/ros2/install/vehicle_simulation:/home/ethanreynolds/vscode/robot-rover-2025/code/system/ros2/install/vehicle_networking:/opt/ros/foxy /usr/bin/cmake --install /home/ethanreynolds/vscode/robot-rover-2025/code/system/ros2/build/vehicle_interfaces
[37.930s] -- Install configuration: ""
[37.930s] -- Installing: /home/ethanreynolds/vscode/robot-rover-2025/code/system/ros2/install/vehicle_interfaces/share/ament_index/resource_index/rosidl_interfaces/vehicle_interfaces
[37.930s] -- Installing: /home/ethanreynolds/vscode/robot-rover-2025/code/system/ros2/install/vehicle_interfaces/include/vehicle_interfaces
[37.930s] -- Installing: /home/ethanreynolds/vscode/robot-rover-2025/code/system/ros2/install/vehicle_interfaces/include/vehicle_interfaces/msg
[37.931s] -- Installing: /home/ethanreynolds/vscode/robot-rover-2025/code/system/ros2/install/vehicle_interfaces/include/vehicle_interfaces/msg/qmc_data.h
[37.931s] -- Installing: /home/ethanreynolds/vscode/robot-rover-2025/code/system/ros2/install/vehicle_interfaces/include/vehicle_interfaces/msg/control_data.h
[37.931s] -- Installing: /home/ethanreynolds/vscode/robot-rover-2025/code/system/ros2/install/vehicle_interfaces/include/vehicle_interfaces/msg/ir_data.h
[37.932s] -- Installing: /home/ethanreynolds/vscode/robot-rover-2025/code/system/ros2/install/vehicle_interfaces/include/vehicle_interfaces/msg/gps_data.h
[37.932s] -- Installing: /home/ethanreynolds/vscode/robot-rover-2025/code/system/ros2/install/vehicle_interfaces/include/vehicle_interfaces/msg/sensor_data.h
[37.932s] -- Installing: /home/ethanreynolds/vscode/robot-rover-2025/code/system/ros2/install/vehicle_interfaces/include/vehicle_interfaces/msg/ultrasonic_data.h
[37.932s] -- Installing: /home/ethanreynolds/vscode/robot-rover-2025/code/system/ros2/install/vehicle_interfaces/include/vehicle_interfaces/msg/detail
[37.932s] -- Installing: /home/ethanreynolds/vscode/robot-rover-2025/code/system/ros2/install/vehicle_interfaces/include/vehicle_interfaces/msg/detail/ultrasonic_data__type_support.h
[37.933s] -- Installing: /home/ethanreynolds/vscode/robot-rover-2025/code/system/ros2/install/vehicle_interfaces/include/vehicle_interfaces/msg/detail/to_f_data__type_support.h
[37.933s] -- Installing: /home/ethanreynolds/vscode/robot-rover-2025/code/system/ros2/install/vehicle_interfaces/include/vehicle_interfaces/msg/detail/qmc_data__functions.c
[37.933s] -- Installing: /home/ethanreynolds/vscode/robot-rover-2025/code/system/ros2/install/vehicle_interfaces/include/vehicle_interfaces/msg/detail/sensor_data__type_support.h
[37.934s] -- Installing: /home/ethanreynolds/vscode/robot-rover-2025/code/system/ros2/install/vehicle_interfaces/include/vehicle_interfaces/msg/detail/temperature_data__struct.h
[37.934s] -- Installing: /home/ethanreynolds/vscode/robot-rover-2025/code/system/ros2/install/vehicle_interfaces/include/vehicle_interfaces/msg/detail/ultrasonic_data__functions.h
[37.934s] -- Installing: /home/ethanreynolds/vscode/robot-rover-2025/code/system/ros2/install/vehicle_interfaces/include/vehicle_interfaces/msg/detail/gps_data__functions.h
[37.934s] -- Installing: /home/ethanreynolds/vscode/robot-rover-2025/code/system/ros2/install/vehicle_interfaces/include/vehicle_interfaces/msg/detail/temperature_data__functions.h
[37.934s] -- Installing: /home/ethanreynolds/vscode/robot-rover-2025/code/system/ros2/install/vehicle_interfaces/include/vehicle_interfaces/msg/detail/sensor_data__struct.h
[37.935s] -- Installing: /home/ethanreynolds/vscode/robot-rover-2025/code/system/ros2/install/vehicle_interfaces/include/vehicle_interfaces/msg/detail/to_f_data__struct.h
[37.935s] -- Installing: /home/ethanreynolds/vscode/robot-rover-2025/code/system/ros2/install/vehicle_interfaces/include/vehicle_interfaces/msg/detail/ir_data__functions.c
[37.935s] -- Installing: /home/ethanreynolds/vscode/robot-rover-2025/code/system/ros2/install/vehicle_interfaces/include/vehicle_interfaces/msg/detail/mpu_data__functions.h
[37.936s] -- Installing: /home/ethanreynolds/vscode/robot-rover-2025/code/system/ros2/install/vehicle_interfaces/include/vehicle_interfaces/msg/detail/qmc_data__type_support.h
[37.936s] -- Installing: /home/ethanreynolds/vscode/robot-rover-2025/code/system/ros2/install/vehicle_interfaces/include/vehicle_interfaces/msg/detail/ir_data__type_support.h
[37.936s] -- Installing: /home/ethanreynolds/vscode/robot-rover-2025/code/system/ros2/install/vehicle_interfaces/include/vehicle_interfaces/msg/detail/gps_data__type_support.h
[37.936s] -- Installing: /home/ethanreynolds/vscode/robot-rover-2025/code/system/ros2/install/vehicle_interfaces/include/vehicle_interfaces/msg/detail/gps_data__functions.c
[37.936s] -- Installing: /home/ethanreynolds/vscode/robot-rover-2025/code/system/ros2/install/vehicle_interfaces/include/vehicle_interfaces/msg/detail/control_data__struct.h
[37.937s] -- Installing: /home/ethanreynolds/vscode/robot-rover-2025/code/system/ros2/install/vehicle_interfaces/include/vehicle_interfaces/msg/detail/temperature_data__type_support.h
[37.937s] -- Installing: /home/ethanreynolds/vscode/robot-rover-2025/code/system/ros2/install/vehicle_interfaces/include/vehicle_interfaces/msg/detail/encoder_data__functions.c
[37.937s] -- Installing: /home/ethanreynolds/vscode/robot-rover-2025/code/system/ros2/install/vehicle_interfaces/include/vehicle_interfaces/msg/detail/ir_data__struct.h
[37.937s] -- Installing: /home/ethanreynolds/vscode/robot-rover-2025/code/system/ros2/install/vehicle_interfaces/include/vehicle_interfaces/msg/detail/control_data__functions.c
[37.938s] -- Installing: /home/ethanreynolds/vscode/robot-rover-2025/code/system/ros2/install/vehicle_interfaces/include/vehicle_interfaces/msg/detail/to_f_data__functions.c
[37.938s] -- Installing: /home/ethanreynolds/vscode/robot-rover-2025/code/system/ros2/install/vehicle_interfaces/include/vehicle_interfaces/msg/detail/sensor_data__functions.c
[37.938s] -- Installing: /home/ethanreynolds/vscode/robot-rover-2025/code/system/ros2/install/vehicle_interfaces/include/vehicle_interfaces/msg/detail/ir_data__functions.h
[37.938s] -- Installing: /home/ethanreynolds/vscode/robot-rover-2025/code/system/ros2/install/vehicle_interfaces/include/vehicle_interfaces/msg/detail/mpu_data__functions.c
[37.939s] -- Installing: /home/ethanreynolds/vscode/robot-rover-2025/code/system/ros2/install/vehicle_interfaces/include/vehicle_interfaces/msg/detail/gps_data__struct.h
[37.939s] -- Installing: /home/ethanreynolds/vscode/robot-rover-2025/code/system/ros2/install/vehicle_interfaces/include/vehicle_interfaces/msg/detail/qmc_data__struct.h
[37.939s] -- Installing: /home/ethanreynolds/vscode/robot-rover-2025/code/system/ros2/install/vehicle_interfaces/include/vehicle_interfaces/msg/detail/ultrasonic_data__functions.c
[37.939s] -- Installing: /home/ethanreynolds/vscode/robot-rover-2025/code/system/ros2/install/vehicle_interfaces/include/vehicle_interfaces/msg/detail/qmc_data__functions.h
[37.940s] -- Installing: /home/ethanreynolds/vscode/robot-rover-2025/code/system/ros2/install/vehicle_interfaces/include/vehicle_interfaces/msg/detail/control_data__functions.h
[37.940s] -- Installing: /home/ethanreynolds/vscode/robot-rover-2025/code/system/ros2/install/vehicle_interfaces/include/vehicle_interfaces/msg/detail/temperature_data__functions.c
[37.940s] -- Installing: /home/ethanreynolds/vscode/robot-rover-2025/code/system/ros2/install/vehicle_interfaces/include/vehicle_interfaces/msg/detail/encoder_data__type_support.h
[37.940s] -- Installing: /home/ethanreynolds/vscode/robot-rover-2025/code/system/ros2/install/vehicle_interfaces/include/vehicle_interfaces/msg/detail/mpu_data__struct.h
[37.941s] -- Installing: /home/ethanreynolds/vscode/robot-rover-2025/code/system/ros2/install/vehicle_interfaces/include/vehicle_interfaces/msg/detail/to_f_data__functions.h
[37.941s] -- Installing: /home/ethanreynolds/vscode/robot-rover-2025/code/system/ros2/install/vehicle_interfaces/include/vehicle_interfaces/msg/detail/control_data__type_support.h
[37.941s] -- Installing: /home/ethanreynolds/vscode/robot-rover-2025/code/system/ros2/install/vehicle_interfaces/include/vehicle_interfaces/msg/detail/sensor_data__functions.h
[37.941s] -- Installing: /home/ethanreynolds/vscode/robot-rover-2025/code/system/ros2/install/vehicle_interfaces/include/vehicle_interfaces/msg/detail/encoder_data__functions.h
[37.942s] -- Installing: /home/ethanreynolds/vscode/robot-rover-2025/code/system/ros2/install/vehicle_interfaces/include/vehicle_interfaces/msg/detail/encoder_data__struct.h
[37.942s] -- Installing: /home/ethanreynolds/vscode/robot-rover-2025/code/system/ros2/install/vehicle_interfaces/include/vehicle_interfaces/msg/detail/ultrasonic_data__struct.h
[37.942s] -- Installing: /home/ethanreynolds/vscode/robot-rover-2025/code/system/ros2/install/vehicle_interfaces/include/vehicle_interfaces/msg/detail/mpu_data__type_support.h
[37.942s] -- Installing: /home/ethanreynolds/vscode/robot-rover-2025/code/system/ros2/install/vehicle_interfaces/include/vehicle_interfaces/msg/temperature_data.h
[37.943s] -- Installing: /home/ethanreynolds/vscode/robot-rover-2025/code/system/ros2/install/vehicle_interfaces/include/vehicle_interfaces/msg/to_f_data.h
[37.943s] -- Installing: /home/ethanreynolds/vscode/robot-rover-2025/code/system/ros2/install/vehicle_interfaces/include/vehicle_interfaces/msg/encoder_data.h
[37.943s] -- Installing: /home/ethanreynolds/vscode/robot-rover-2025/code/system/ros2/install/vehicle_interfaces/include/vehicle_interfaces/msg/rosidl_generator_c__visibility_control.h
[37.943s] -- Installing: /home/ethanreynolds/vscode/robot-rover-2025/code/system/ros2/install/vehicle_interfaces/include/vehicle_interfaces/msg/mpu_data.h
[37.944s] -- Installing: /home/ethanreynolds/vscode/robot-rover-2025/code/system/ros2/install/vehicle_interfaces/include/vehicle_interfaces/srv
[37.944s] -- Installing: /home/ethanreynolds/vscode/robot-rover-2025/code/system/ros2/install/vehicle_interfaces/include/vehicle_interfaces/srv/get_serial_port.h
[37.944s] -- Installing: /home/ethanreynolds/vscode/robot-rover-2025/code/system/ros2/install/vehicle_interfaces/include/vehicle_interfaces/srv/reset_serial_port.h
[37.944s] -- Installing: /home/ethanreynolds/vscode/robot-rover-2025/code/system/ros2/install/vehicle_interfaces/include/vehicle_interfaces/srv/detail
[37.945s] -- Installing: /home/ethanreynolds/vscode/robot-rover-2025/code/system/ros2/install/vehicle_interfaces/include/vehicle_interfaces/srv/detail/reset_serial_port__functions.c
[37.945s] -- Installing: /home/ethanreynolds/vscode/robot-rover-2025/code/system/ros2/install/vehicle_interfaces/include/vehicle_interfaces/srv/detail/get_serial_port__functions.h
[37.945s] -- Installing: /home/ethanreynolds/vscode/robot-rover-2025/code/system/ros2/install/vehicle_interfaces/include/vehicle_interfaces/srv/detail/get_serial_port__functions.c
[37.945s] -- Installing: /home/ethanreynolds/vscode/robot-rover-2025/code/system/ros2/install/vehicle_interfaces/include/vehicle_interfaces/srv/detail/get_serial_device_status__type_support.h
[37.946s] -- Installing: /home/ethanreynolds/vscode/robot-rover-2025/code/system/ros2/install/vehicle_interfaces/include/vehicle_interfaces/srv/detail/reset_serial_port__struct.h
[37.946s] -- Installing: /home/ethanreynolds/vscode/robot-rover-2025/code/system/ros2/install/vehicle_interfaces/include/vehicle_interfaces/srv/detail/get_serial_device_status__functions.c
[37.946s] -- Installing: /home/ethanreynolds/vscode/robot-rover-2025/code/system/ros2/install/vehicle_interfaces/include/vehicle_interfaces/srv/detail/get_serial_device_status__struct.h
[37.946s] -- Installing: /home/ethanreynolds/vscode/robot-rover-2025/code/system/ros2/install/vehicle_interfaces/include/vehicle_interfaces/srv/detail/reset_serial_port__functions.h
[37.947s] -- Installing: /home/ethanreynolds/vscode/robot-rover-2025/code/system/ros2/install/vehicle_interfaces/include/vehicle_interfaces/srv/detail/reset_serial_port__type_support.h
[37.947s] -- Installing: /home/ethanreynolds/vscode/robot-rover-2025/code/system/ros2/install/vehicle_interfaces/include/vehicle_interfaces/srv/detail/get_serial_port__type_support.h
[37.947s] -- Installing: /home/ethanreynolds/vscode/robot-rover-2025/code/system/ros2/install/vehicle_interfaces/include/vehicle_interfaces/srv/detail/get_serial_port__struct.h
[37.947s] -- Installing: /home/ethanreynolds/vscode/robot-rover-2025/code/system/ros2/install/vehicle_interfaces/include/vehicle_interfaces/srv/detail/get_serial_device_status__functions.h
[37.947s] -- Installing: /home/ethanreynolds/vscode/robot-rover-2025/code/system/ros2/install/vehicle_interfaces/include/vehicle_interfaces/srv/get_serial_device_status.h
[37.948s] -- Installing: /home/ethanreynolds/vscode/robot-rover-2025/code/system/ros2/install/vehicle_interfaces/share/vehicle_interfaces/environment/library_path.sh
[37.948s] -- Installing: /home/ethanreynolds/vscode/robot-rover-2025/code/system/ros2/install/vehicle_interfaces/share/vehicle_interfaces/environment/library_path.dsv
[37.948s] -- Installing: /home/ethanreynolds/vscode/robot-rover-2025/code/system/ros2/install/vehicle_interfaces/lib/libvehicle_interfaces__rosidl_generator_c.so
[37.948s] -- Set runtime path of "/home/ethanreynolds/vscode/robot-rover-2025/code/system/ros2/install/vehicle_interfaces/lib/libvehicle_interfaces__rosidl_generator_c.so" to ""
[37.949s] -- Up-to-date: /home/ethanreynolds/vscode/robot-rover-2025/code/system/ros2/install/vehicle_interfaces/include/vehicle_interfaces
[37.949s] -- Up-to-date: /home/ethanreynolds/vscode/robot-rover-2025/code/system/ros2/install/vehicle_interfaces/include/vehicle_interfaces/msg
[37.949s] -- Installing: /home/ethanreynolds/vscode/robot-rover-2025/code/system/ros2/install/vehicle_interfaces/include/vehicle_interfaces/msg/rosidl_typesupport_fastrtps_c__visibility_control.h
[37.949s] -- Up-to-date: /home/ethanreynolds/vscode/robot-rover-2025/code/system/ros2/install/vehicle_interfaces/include/vehicle_interfaces/msg/detail
[37.950s] -- Installing: /home/ethanreynolds/vscode/robot-rover-2025/code/system/ros2/install/vehicle_interfaces/include/vehicle_interfaces/msg/detail/ir_data__rosidl_typesupport_fastrtps_c.h
[37.950s] -- Installing: /home/ethanreynolds/vscode/robot-rover-2025/code/system/ros2/install/vehicle_interfaces/include/vehicle_interfaces/msg/detail/qmc_data__rosidl_typesupport_fastrtps_c.h
[37.950s] -- Installing: /home/ethanreynolds/vscode/robot-rover-2025/code/system/ros2/install/vehicle_interfaces/include/vehicle_interfaces/msg/detail/gps_data__rosidl_typesupport_fastrtps_c.h
[37.950s] -- Installing: /home/ethanreynolds/vscode/robot-rover-2025/code/system/ros2/install/vehicle_interfaces/include/vehicle_interfaces/msg/detail/mpu_data__rosidl_typesupport_fastrtps_c.h
[37.951s] -- Installing: /home/ethanreynolds/vscode/robot-rover-2025/code/system/ros2/install/vehicle_interfaces/include/vehicle_interfaces/msg/detail/ultrasonic_data__rosidl_typesupport_fastrtps_c.h
[37.951s] -- Installing: /home/ethanreynolds/vscode/robot-rover-2025/code/system/ros2/install/vehicle_interfaces/include/vehicle_interfaces/msg/detail/encoder_data__rosidl_typesupport_fastrtps_c.h
[37.951s] -- Installing: /home/ethanreynolds/vscode/robot-rover-2025/code/system/ros2/install/vehicle_interfaces/include/vehicle_interfaces/msg/detail/sensor_data__rosidl_typesupport_fastrtps_c.h
[37.951s] -- Installing: /home/ethanreynolds/vscode/robot-rover-2025/code/system/ros2/install/vehicle_interfaces/include/vehicle_interfaces/msg/detail/control_data__rosidl_typesupport_fastrtps_c.h
[37.952s] -- Installing: /home/ethanreynolds/vscode/robot-rover-2025/code/system/ros2/install/vehicle_interfaces/include/vehicle_interfaces/msg/detail/to_f_data__rosidl_typesupport_fastrtps_c.h
[37.952s] -- Installing: /home/ethanreynolds/vscode/robot-rover-2025/code/system/ros2/install/vehicle_interfaces/include/vehicle_interfaces/msg/detail/temperature_data__rosidl_typesupport_fastrtps_c.h
[37.952s] -- Up-to-date: /home/ethanreynolds/vscode/robot-rover-2025/code/system/ros2/install/vehicle_interfaces/include/vehicle_interfaces/srv
[37.952s] -- Up-to-date: /home/ethanreynolds/vscode/robot-rover-2025/code/system/ros2/install/vehicle_interfaces/include/vehicle_interfaces/srv/detail
[37.952s] -- Installing: /home/ethanreynolds/vscode/robot-rover-2025/code/system/ros2/install/vehicle_interfaces/include/vehicle_interfaces/srv/detail/get_serial_device_status__rosidl_typesupport_fastrtps_c.h
[37.953s] -- Installing: /home/ethanreynolds/vscode/robot-rover-2025/code/system/ros2/install/vehicle_interfaces/include/vehicle_interfaces/srv/detail/reset_serial_port__rosidl_typesupport_fastrtps_c.h
[37.953s] -- Installing: /home/ethanreynolds/vscode/robot-rover-2025/code/system/ros2/install/vehicle_interfaces/include/vehicle_interfaces/srv/detail/get_serial_port__rosidl_typesupport_fastrtps_c.h
[37.953s] -- Installing: /home/ethanreynolds/vscode/robot-rover-2025/code/system/ros2/install/vehicle_interfaces/lib/libvehicle_interfaces__rosidl_typesupport_fastrtps_c.so
[37.953s] -- Set runtime path of "/home/ethanreynolds/vscode/robot-rover-2025/code/system/ros2/install/vehicle_interfaces/lib/libvehicle_interfaces__rosidl_typesupport_fastrtps_c.so" to ""
[37.954s] -- Up-to-date: /home/ethanreynolds/vscode/robot-rover-2025/code/system/ros2/install/vehicle_interfaces/include/vehicle_interfaces
[37.954s] -- Up-to-date: /home/ethanreynolds/vscode/robot-rover-2025/code/system/ros2/install/vehicle_interfaces/include/vehicle_interfaces/msg
[37.954s] -- Up-to-date: /home/ethanreynolds/vscode/robot-rover-2025/code/system/ros2/install/vehicle_interfaces/include/vehicle_interfaces/msg/detail
[37.954s] -- Installing: /home/ethanreynolds/vscode/robot-rover-2025/code/system/ros2/install/vehicle_interfaces/include/vehicle_interfaces/msg/detail/control_data__rosidl_typesupport_fastrtps_cpp.hpp
[37.955s] -- Installing: /home/ethanreynolds/vscode/robot-rover-2025/code/system/ros2/install/vehicle_interfaces/include/vehicle_interfaces/msg/detail/ir_data__rosidl_typesupport_fastrtps_cpp.hpp
[37.955s] -- Installing: /home/ethanreynolds/vscode/robot-rover-2025/code/system/ros2/install/vehicle_interfaces/include/vehicle_interfaces/msg/detail/qmc_data__rosidl_typesupport_fastrtps_cpp.hpp
[37.955s] -- Installing: /home/ethanreynolds/vscode/robot-rover-2025/code/system/ros2/install/vehicle_interfaces/include/vehicle_interfaces/msg/detail/gps_data__rosidl_typesupport_fastrtps_cpp.hpp
[37.955s] -- Installing: /home/ethanreynolds/vscode/robot-rover-2025/code/system/ros2/install/vehicle_interfaces/include/vehicle_interfaces/msg/detail/dds_fastrtps
[37.956s] -- Installing: /home/ethanreynolds/vscode/robot-rover-2025/code/system/ros2/install/vehicle_interfaces/include/vehicle_interfaces/msg/detail/encoder_data__rosidl_typesupport_fastrtps_cpp.hpp
[37.956s] -- Installing: /home/ethanreynolds/vscode/robot-rover-2025/code/system/ros2/install/vehicle_interfaces/include/vehicle_interfaces/msg/detail/temperature_data__rosidl_typesupport_fastrtps_cpp.hpp
[37.956s] -- Installing: /home/ethanreynolds/vscode/robot-rover-2025/code/system/ros2/install/vehicle_interfaces/include/vehicle_interfaces/msg/detail/ultrasonic_data__rosidl_typesupport_fastrtps_cpp.hpp
[37.956s] -- Installing: /home/ethanreynolds/vscode/robot-rover-2025/code/system/ros2/install/vehicle_interfaces/include/vehicle_interfaces/msg/detail/sensor_data__rosidl_typesupport_fastrtps_cpp.hpp
[37.957s] -- Installing: /home/ethanreynolds/vscode/robot-rover-2025/code/system/ros2/install/vehicle_interfaces/include/vehicle_interfaces/msg/detail/to_f_data__rosidl_typesupport_fastrtps_cpp.hpp
[37.957s] -- Installing: /home/ethanreynolds/vscode/robot-rover-2025/code/system/ros2/install/vehicle_interfaces/include/vehicle_interfaces/msg/detail/mpu_data__rosidl_typesupport_fastrtps_cpp.hpp
[37.957s] -- Installing: /home/ethanreynolds/vscode/robot-rover-2025/code/system/ros2/install/vehicle_interfaces/include/vehicle_interfaces/msg/rosidl_typesupport_fastrtps_cpp__visibility_control.h
[37.957s] -- Up-to-date: /home/ethanreynolds/vscode/robot-rover-2025/code/system/ros2/install/vehicle_interfaces/include/vehicle_interfaces/srv
[37.957s] -- Up-to-date: /home/ethanreynolds/vscode/robot-rover-2025/code/system/ros2/install/vehicle_interfaces/include/vehicle_interfaces/srv/detail
[37.958s] -- Installing: /home/ethanreynolds/vscode/robot-rover-2025/code/system/ros2/install/vehicle_interfaces/include/vehicle_interfaces/srv/detail/dds_fastrtps
[37.958s] -- Installing: /home/ethanreynolds/vscode/robot-rover-2025/code/system/ros2/install/vehicle_interfaces/include/vehicle_interfaces/srv/detail/get_serial_port__rosidl_typesupport_fastrtps_cpp.hpp
[37.958s] -- Installing: /home/ethanreynolds/vscode/robot-rover-2025/code/system/ros2/install/vehicle_interfaces/include/vehicle_interfaces/srv/detail/reset_serial_port__rosidl_typesupport_fastrtps_cpp.hpp
[37.958s] -- Installing: /home/ethanreynolds/vscode/robot-rover-2025/code/system/ros2/install/vehicle_interfaces/include/vehicle_interfaces/srv/detail/get_serial_device_status__rosidl_typesupport_fastrtps_cpp.hpp
[37.959s] -- Installing: /home/ethanreynolds/vscode/robot-rover-2025/code/system/ros2/install/vehicle_interfaces/lib/libvehicle_interfaces__rosidl_typesupport_fastrtps_cpp.so
[37.959s] -- Set runtime path of "/home/ethanreynolds/vscode/robot-rover-2025/code/system/ros2/install/vehicle_interfaces/lib/libvehicle_interfaces__rosidl_typesupport_fastrtps_cpp.so" to ""
[37.959s] -- Up-to-date: /home/ethanreynolds/vscode/robot-rover-2025/code/system/ros2/install/vehicle_interfaces/include/vehicle_interfaces
[37.959s] -- Up-to-date: /home/ethanreynolds/vscode/robot-rover-2025/code/system/ros2/install/vehicle_interfaces/include/vehicle_interfaces/msg
[37.960s] -- Installing: /home/ethanreynolds/vscode/robot-rover-2025/code/system/ros2/install/vehicle_interfaces/include/vehicle_interfaces/msg/rosidl_typesupport_introspection_c__visibility_control.h
[37.960s] -- Up-to-date: /home/ethanreynolds/vscode/robot-rover-2025/code/system/ros2/install/vehicle_interfaces/include/vehicle_interfaces/msg/detail
[37.960s] -- Installing: /home/ethanreynolds/vscode/robot-rover-2025/code/system/ros2/install/vehicle_interfaces/include/vehicle_interfaces/msg/detail/control_data__rosidl_typesupport_introspection_c.h
[37.960s] -- Installing: /home/ethanreynolds/vscode/robot-rover-2025/code/system/ros2/install/vehicle_interfaces/include/vehicle_interfaces/msg/detail/ir_data__rosidl_typesupport_introspection_c.h
[37.961s] -- Installing: /home/ethanreynolds/vscode/robot-rover-2025/code/system/ros2/install/vehicle_interfaces/include/vehicle_interfaces/msg/detail/to_f_data__type_support.c
[37.961s] -- Installing: /home/ethanreynolds/vscode/robot-rover-2025/code/system/ros2/install/vehicle_interfaces/include/vehicle_interfaces/msg/detail/temperature_data__rosidl_typesupport_introspection_c.h
[37.961s] -- Installing: /home/ethanreynolds/vscode/robot-rover-2025/code/system/ros2/install/vehicle_interfaces/include/vehicle_interfaces/msg/detail/gps_data__rosidl_typesupport_introspection_c.h
[37.961s] -- Installing: /home/ethanreynolds/vscode/robot-rover-2025/code/system/ros2/install/vehicle_interfaces/include/vehicle_interfaces/msg/detail/encoder_data__type_support.c
[37.962s] -- Installing: /home/ethanreynolds/vscode/robot-rover-2025/code/system/ros2/install/vehicle_interfaces/include/vehicle_interfaces/msg/detail/qmc_data__rosidl_typesupport_introspection_c.h
[37.962s] -- Installing: /home/ethanreynolds/vscode/robot-rover-2025/code/system/ros2/install/vehicle_interfaces/include/vehicle_interfaces/msg/detail/ultrasonic_data__rosidl_typesupport_introspection_c.h
[37.962s] -- Installing: /home/ethanreynolds/vscode/robot-rover-2025/code/system/ros2/install/vehicle_interfaces/include/vehicle_interfaces/msg/detail/mpu_data__rosidl_typesupport_introspection_c.h
[37.962s] -- Installing: /home/ethanreynolds/vscode/robot-rover-2025/code/system/ros2/install/vehicle_interfaces/include/vehicle_interfaces/msg/detail/ir_data__type_support.c
[37.963s] -- Installing: /home/ethanreynolds/vscode/robot-rover-2025/code/system/ros2/install/vehicle_interfaces/include/vehicle_interfaces/msg/detail/sensor_data__type_support.c
[37.963s] -- Installing: /home/ethanreynolds/vscode/robot-rover-2025/code/system/ros2/install/vehicle_interfaces/include/vehicle_interfaces/msg/detail/sensor_data__rosidl_typesupport_introspection_c.h
[37.963s] -- Installing: /home/ethanreynolds/vscode/robot-rover-2025/code/system/ros2/install/vehicle_interfaces/include/vehicle_interfaces/msg/detail/ultrasonic_data__type_support.c
[37.963s] -- Installing: /home/ethanreynolds/vscode/robot-rover-2025/code/system/ros2/install/vehicle_interfaces/include/vehicle_interfaces/msg/detail/gps_data__type_support.c
[37.963s] -- Installing: /home/ethanreynolds/vscode/robot-rover-2025/code/system/ros2/install/vehicle_interfaces/include/vehicle_interfaces/msg/detail/qmc_data__type_support.c
[37.964s] -- Installing: /home/ethanreynolds/vscode/robot-rover-2025/code/system/ros2/install/vehicle_interfaces/include/vehicle_interfaces/msg/detail/encoder_data__rosidl_typesupport_introspection_c.h
[37.964s] -- Installing: /home/ethanreynolds/vscode/robot-rover-2025/code/system/ros2/install/vehicle_interfaces/include/vehicle_interfaces/msg/detail/mpu_data__type_support.c
[37.964s] -- Installing: /home/ethanreynolds/vscode/robot-rover-2025/code/system/ros2/install/vehicle_interfaces/include/vehicle_interfaces/msg/detail/to_f_data__rosidl_typesupport_introspection_c.h
[37.965s] -- Installing: /home/ethanreynolds/vscode/robot-rover-2025/code/system/ros2/install/vehicle_interfaces/include/vehicle_interfaces/msg/detail/temperature_data__type_support.c
[37.965s] -- Installing: /home/ethanreynolds/vscode/robot-rover-2025/code/system/ros2/install/vehicle_interfaces/include/vehicle_interfaces/msg/detail/control_data__type_support.c
[37.965s] -- Up-to-date: /home/ethanreynolds/vscode/robot-rover-2025/code/system/ros2/install/vehicle_interfaces/include/vehicle_interfaces/srv
[37.965s] -- Up-to-date: /home/ethanreynolds/vscode/robot-rover-2025/code/system/ros2/install/vehicle_interfaces/include/vehicle_interfaces/srv/detail
[37.965s] -- Installing: /home/ethanreynolds/vscode/robot-rover-2025/code/system/ros2/install/vehicle_interfaces/include/vehicle_interfaces/srv/detail/get_serial_port__rosidl_typesupport_introspection_c.h
[37.966s] -- Installing: /home/ethanreynolds/vscode/robot-rover-2025/code/system/ros2/install/vehicle_interfaces/include/vehicle_interfaces/srv/detail/get_serial_device_status__type_support.c
[37.966s] -- Installing: /home/ethanreynolds/vscode/robot-rover-2025/code/system/ros2/install/vehicle_interfaces/include/vehicle_interfaces/srv/detail/get_serial_port__type_support.c
[37.966s] -- Installing: /home/ethanreynolds/vscode/robot-rover-2025/code/system/ros2/install/vehicle_interfaces/include/vehicle_interfaces/srv/detail/reset_serial_port__type_support.c
[37.966s] -- Installing: /home/ethanreynolds/vscode/robot-rover-2025/code/system/ros2/install/vehicle_interfaces/include/vehicle_interfaces/srv/detail/get_serial_device_status__rosidl_typesupport_introspection_c.h
[37.967s] -- Installing: /home/ethanreynolds/vscode/robot-rover-2025/code/system/ros2/install/vehicle_interfaces/include/vehicle_interfaces/srv/detail/reset_serial_port__rosidl_typesupport_introspection_c.h
[37.967s] -- Installing: /home/ethanreynolds/vscode/robot-rover-2025/code/system/ros2/install/vehicle_interfaces/lib/libvehicle_interfaces__rosidl_typesupport_introspection_c.so
[37.967s] -- Set runtime path of "/home/ethanreynolds/vscode/robot-rover-2025/code/system/ros2/install/vehicle_interfaces/lib/libvehicle_interfaces__rosidl_typesupport_introspection_c.so" to ""
[37.967s] -- Installing: /home/ethanreynolds/vscode/robot-rover-2025/code/system/ros2/install/vehicle_interfaces/lib/libvehicle_interfaces__rosidl_typesupport_c.so
[37.968s] -- Set runtime path of "/home/ethanreynolds/vscode/robot-rover-2025/code/system/ros2/install/vehicle_interfaces/lib/libvehicle_interfaces__rosidl_typesupport_c.so" to ""
[37.969s] -- Up-to-date: /home/ethanreynolds/vscode/robot-rover-2025/code/system/ros2/install/vehicle_interfaces/include/vehicle_interfaces
[37.969s] -- Up-to-date: /home/ethanreynolds/vscode/robot-rover-2025/code/system/ros2/install/vehicle_interfaces/include/vehicle_interfaces/msg
[37.969s] -- Installing: /home/ethanreynolds/vscode/robot-rover-2025/code/system/ros2/install/vehicle_interfaces/include/vehicle_interfaces/msg/encoder_data.hpp
[37.969s] -- Installing: /home/ethanreynolds/vscode/robot-rover-2025/code/system/ros2/install/vehicle_interfaces/include/vehicle_interfaces/msg/control_data.hpp
[37.970s] -- Installing: /home/ethanreynolds/vscode/robot-rover-2025/code/system/ros2/install/vehicle_interfaces/include/vehicle_interfaces/msg/to_f_data.hpp
[37.970s] -- Installing: /home/ethanreynolds/vscode/robot-rover-2025/code/system/ros2/install/vehicle_interfaces/include/vehicle_interfaces/msg/qmc_data.hpp
[37.970s] -- Installing: /home/ethanreynolds/vscode/robot-rover-2025/code/system/ros2/install/vehicle_interfaces/include/vehicle_interfaces/msg/ultrasonic_data.hpp
[37.970s] -- Installing: /home/ethanreynolds/vscode/robot-rover-2025/code/system/ros2/install/vehicle_interfaces/include/vehicle_interfaces/msg/temperature_data.hpp
[37.971s] -- Installing: /home/ethanreynolds/vscode/robot-rover-2025/code/system/ros2/install/vehicle_interfaces/include/vehicle_interfaces/msg/ir_data.hpp
[37.971s] -- Installing: /home/ethanreynolds/vscode/robot-rover-2025/code/system/ros2/install/vehicle_interfaces/include/vehicle_interfaces/msg/mpu_data.hpp
[37.971s] -- Installing: /home/ethanreynolds/vscode/robot-rover-2025/code/system/ros2/install/vehicle_interfaces/include/vehicle_interfaces/msg/sensor_data.hpp
[37.971s] -- Installing: /home/ethanreynolds/vscode/robot-rover-2025/code/system/ros2/install/vehicle_interfaces/include/vehicle_interfaces/msg/gps_data.hpp
[37.972s] -- Up-to-date: /home/ethanreynolds/vscode/robot-rover-2025/code/system/ros2/install/vehicle_interfaces/include/vehicle_interfaces/msg/detail
[37.972s] -- Installing: /home/ethanreynolds/vscode/robot-rover-2025/code/system/ros2/install/vehicle_interfaces/include/vehicle_interfaces/msg/detail/qmc_data__builder.hpp
[37.972s] -- Installing: /home/ethanreynolds/vscode/robot-rover-2025/code/system/ros2/install/vehicle_interfaces/include/vehicle_interfaces/msg/detail/control_data__type_support.hpp
[37.972s] -- Installing: /home/ethanreynolds/vscode/robot-rover-2025/code/system/ros2/install/vehicle_interfaces/include/vehicle_interfaces/msg/detail/control_data__traits.hpp
[37.972s] -- Installing: /home/ethanreynolds/vscode/robot-rover-2025/code/system/ros2/install/vehicle_interfaces/include/vehicle_interfaces/msg/detail/control_data__builder.hpp
[37.973s] -- Installing: /home/ethanreynolds/vscode/robot-rover-2025/code/system/ros2/install/vehicle_interfaces/include/vehicle_interfaces/msg/detail/to_f_data__struct.hpp
[37.973s] -- Installing: /home/ethanreynolds/vscode/robot-rover-2025/code/system/ros2/install/vehicle_interfaces/include/vehicle_interfaces/msg/detail/to_f_data__builder.hpp
[37.973s] -- Installing: /home/ethanreynolds/vscode/robot-rover-2025/code/system/ros2/install/vehicle_interfaces/include/vehicle_interfaces/msg/detail/ultrasonic_data__traits.hpp
[37.973s] -- Installing: /home/ethanreynolds/vscode/robot-rover-2025/code/system/ros2/install/vehicle_interfaces/include/vehicle_interfaces/msg/detail/ultrasonic_data__type_support.hpp
[37.974s] -- Installing: /home/ethanreynolds/vscode/robot-rover-2025/code/system/ros2/install/vehicle_interfaces/include/vehicle_interfaces/msg/detail/ir_data__struct.hpp
[37.974s] -- Installing: /home/ethanreynolds/vscode/robot-rover-2025/code/system/ros2/install/vehicle_interfaces/include/vehicle_interfaces/msg/detail/mpu_data__builder.hpp
[37.974s] -- Installing: /home/ethanreynolds/vscode/robot-rover-2025/code/system/ros2/install/vehicle_interfaces/include/vehicle_interfaces/msg/detail/ultrasonic_data__builder.hpp
[37.974s] -- Installing: /home/ethanreynolds/vscode/robot-rover-2025/code/system/ros2/install/vehicle_interfaces/include/vehicle_interfaces/msg/detail/gps_data__builder.hpp
[37.975s] -- Installing: /home/ethanreynolds/vscode/robot-rover-2025/code/system/ros2/install/vehicle_interfaces/include/vehicle_interfaces/msg/detail/gps_data__traits.hpp
[37.975s] -- Installing: /home/ethanreynolds/vscode/robot-rover-2025/code/system/ros2/install/vehicle_interfaces/include/vehicle_interfaces/msg/detail/qmc_data__struct.hpp
[37.975s] -- Installing: /home/ethanreynolds/vscode/robot-rover-2025/code/system/ros2/install/vehicle_interfaces/include/vehicle_interfaces/msg/detail/ultrasonic_data__struct.hpp
[37.975s] -- Installing: /home/ethanreynolds/vscode/robot-rover-2025/code/system/ros2/install/vehicle_interfaces/include/vehicle_interfaces/msg/detail/gps_data__struct.hpp
[37.976s] -- Installing: /home/ethanreynolds/vscode/robot-rover-2025/code/system/ros2/install/vehicle_interfaces/include/vehicle_interfaces/msg/detail/mpu_data__type_support.hpp
[37.976s] -- Installing: /home/ethanreynolds/vscode/robot-rover-2025/code/system/ros2/install/vehicle_interfaces/include/vehicle_interfaces/msg/detail/gps_data__type_support.hpp
[37.976s] -- Installing: /home/ethanreynolds/vscode/robot-rover-2025/code/system/ros2/install/vehicle_interfaces/include/vehicle_interfaces/msg/detail/encoder_data__struct.hpp
[37.977s] -- Installing: /home/ethanreynolds/vscode/robot-rover-2025/code/system/ros2/install/vehicle_interfaces/include/vehicle_interfaces/msg/detail/temperature_data__type_support.hpp
[37.977s] -- Installing: /home/ethanreynolds/vscode/robot-rover-2025/code/system/ros2/install/vehicle_interfaces/include/vehicle_interfaces/msg/detail/encoder_data__type_support.hpp
[37.977s] -- Installing: /home/ethanreynolds/vscode/robot-rover-2025/code/system/ros2/install/vehicle_interfaces/include/vehicle_interfaces/msg/detail/encoder_data__builder.hpp
[37.977s] -- Installing: /home/ethanreynolds/vscode/robot-rover-2025/code/system/ros2/install/vehicle_interfaces/include/vehicle_interfaces/msg/detail/sensor_data__traits.hpp
[37.977s] -- Installing: /home/ethanreynolds/vscode/robot-rover-2025/code/system/ros2/install/vehicle_interfaces/include/vehicle_interfaces/msg/detail/qmc_data__traits.hpp
[37.978s] -- Installing: /home/ethanreynolds/vscode/robot-rover-2025/code/system/ros2/install/vehicle_interfaces/include/vehicle_interfaces/msg/detail/mpu_data__struct.hpp
[37.978s] -- Installing: /home/ethanreynolds/vscode/robot-rover-2025/code/system/ros2/install/vehicle_interfaces/include/vehicle_interfaces/msg/detail/mpu_data__traits.hpp
[37.978s] -- Installing: /home/ethanreynolds/vscode/robot-rover-2025/code/system/ros2/install/vehicle_interfaces/include/vehicle_interfaces/msg/detail/temperature_data__builder.hpp
[37.978s] -- Installing: /home/ethanreynolds/vscode/robot-rover-2025/code/system/ros2/install/vehicle_interfaces/include/vehicle_interfaces/msg/detail/sensor_data__type_support.hpp
[37.979s] -- Installing: /home/ethanreynolds/vscode/robot-rover-2025/code/system/ros2/install/vehicle_interfaces/include/vehicle_interfaces/msg/detail/sensor_data__builder.hpp
[37.979s] -- Installing: /home/ethanreynolds/vscode/robot-rover-2025/code/system/ros2/install/vehicle_interfaces/include/vehicle_interfaces/msg/detail/ir_data__builder.hpp
[37.979s] -- Installing: /home/ethanreynolds/vscode/robot-rover-2025/code/system/ros2/install/vehicle_interfaces/include/vehicle_interfaces/msg/detail/to_f_data__traits.hpp
[37.979s] -- Installing: /home/ethanreynolds/vscode/robot-rover-2025/code/system/ros2/install/vehicle_interfaces/include/vehicle_interfaces/msg/detail/control_data__struct.hpp
[37.980s] -- Installing: /home/ethanreynolds/vscode/robot-rover-2025/code/system/ros2/install/vehicle_interfaces/include/vehicle_interfaces/msg/detail/encoder_data__traits.hpp
[37.980s] -- Installing: /home/ethanreynolds/vscode/robot-rover-2025/code/system/ros2/install/vehicle_interfaces/include/vehicle_interfaces/msg/detail/temperature_data__traits.hpp
[37.980s] -- Installing: /home/ethanreynolds/vscode/robot-rover-2025/code/system/ros2/install/vehicle_interfaces/include/vehicle_interfaces/msg/detail/ir_data__traits.hpp
[37.980s] -- Installing: /home/ethanreynolds/vscode/robot-rover-2025/code/system/ros2/install/vehicle_interfaces/include/vehicle_interfaces/msg/detail/sensor_data__struct.hpp
[37.981s] -- Installing: /home/ethanreynolds/vscode/robot-rover-2025/code/system/ros2/install/vehicle_interfaces/include/vehicle_interfaces/msg/detail/qmc_data__type_support.hpp
[37.981s] -- Installing: /home/ethanreynolds/vscode/robot-rover-2025/code/system/ros2/install/vehicle_interfaces/include/vehicle_interfaces/msg/detail/to_f_data__type_support.hpp
[37.981s] -- Installing: /home/ethanreynolds/vscode/robot-rover-2025/code/system/ros2/install/vehicle_interfaces/include/vehicle_interfaces/msg/detail/temperature_data__struct.hpp
[37.981s] -- Installing: /home/ethanreynolds/vscode/robot-rover-2025/code/system/ros2/install/vehicle_interfaces/include/vehicle_interfaces/msg/detail/ir_data__type_support.hpp
[37.982s] -- Installing: /home/ethanreynolds/vscode/robot-rover-2025/code/system/ros2/install/vehicle_interfaces/include/vehicle_interfaces/msg/rosidl_generator_cpp__visibility_control.hpp
[37.982s] -- Up-to-date: /home/ethanreynolds/vscode/robot-rover-2025/code/system/ros2/install/vehicle_interfaces/include/vehicle_interfaces/srv
[37.982s] -- Installing: /home/ethanreynolds/vscode/robot-rover-2025/code/system/ros2/install/vehicle_interfaces/include/vehicle_interfaces/srv/get_serial_port.hpp
[37.982s] -- Installing: /home/ethanreynolds/vscode/robot-rover-2025/code/system/ros2/install/vehicle_interfaces/include/vehicle_interfaces/srv/get_serial_device_status.hpp
[37.982s] -- Installing: /home/ethanreynolds/vscode/robot-rover-2025/code/system/ros2/install/vehicle_interfaces/include/vehicle_interfaces/srv/reset_serial_port.hpp
[37.983s] -- Up-to-date: /home/ethanreynolds/vscode/robot-rover-2025/code/system/ros2/install/vehicle_interfaces/include/vehicle_interfaces/srv/detail
[37.983s] -- Installing: /home/ethanreynolds/vscode/robot-rover-2025/code/system/ros2/install/vehicle_interfaces/include/vehicle_interfaces/srv/detail/reset_serial_port__traits.hpp
[37.983s] -- Installing: /home/ethanreynolds/vscode/robot-rover-2025/code/system/ros2/install/vehicle_interfaces/include/vehicle_interfaces/srv/detail/get_serial_port__traits.hpp
[37.983s] -- Installing: /home/ethanreynolds/vscode/robot-rover-2025/code/system/ros2/install/vehicle_interfaces/include/vehicle_interfaces/srv/detail/get_serial_port__builder.hpp
[37.984s] -- Installing: /home/ethanreynolds/vscode/robot-rover-2025/code/system/ros2/install/vehicle_interfaces/include/vehicle_interfaces/srv/detail/get_serial_device_status__builder.hpp
[37.984s] -- Installing: /home/ethanreynolds/vscode/robot-rover-2025/code/system/ros2/install/vehicle_interfaces/include/vehicle_interfaces/srv/detail/reset_serial_port__builder.hpp
[37.984s] -- Installing: /home/ethanreynolds/vscode/robot-rover-2025/code/system/ros2/install/vehicle_interfaces/include/vehicle_interfaces/srv/detail/get_serial_port__type_support.hpp
[37.997s] -- Installing: /home/ethanreynolds/vscode/robot-rover-2025/code/system/ros2/install/vehicle_interfaces/include/vehicle_interfaces/srv/detail/reset_serial_port__type_support.hpp
[37.997s] -- Installing: /home/ethanreynolds/vscode/robot-rover-2025/code/system/ros2/install/vehicle_interfaces/include/vehicle_interfaces/srv/detail/get_serial_device_status__traits.hpp
[37.997s] -- Installing: /home/ethanreynolds/vscode/robot-rover-2025/code/system/ros2/install/vehicle_interfaces/include/vehicle_interfaces/srv/detail/get_serial_device_status__struct.hpp
[37.998s] -- Installing: /home/ethanreynolds/vscode/robot-rover-2025/code/system/ros2/install/vehicle_interfaces/include/vehicle_interfaces/srv/detail/get_serial_port__struct.hpp
[37.998s] -- Installing: /home/ethanreynolds/vscode/robot-rover-2025/code/system/ros2/install/vehicle_interfaces/include/vehicle_interfaces/srv/detail/get_serial_device_status__type_support.hpp
[37.998s] -- Installing: /home/ethanreynolds/vscode/robot-rover-2025/code/system/ros2/install/vehicle_interfaces/include/vehicle_interfaces/srv/detail/reset_serial_port__struct.hpp
[37.998s] -- Up-to-date: /home/ethanreynolds/vscode/robot-rover-2025/code/system/ros2/install/vehicle_interfaces/include/vehicle_interfaces
[37.999s] -- Up-to-date: /home/ethanreynolds/vscode/robot-rover-2025/code/system/ros2/install/vehicle_interfaces/include/vehicle_interfaces/msg
[37.999s] -- Up-to-date: /home/ethanreynolds/vscode/robot-rover-2025/code/system/ros2/install/vehicle_interfaces/include/vehicle_interfaces/msg/detail
[37.999s] -- Installing: /home/ethanreynolds/vscode/robot-rover-2025/code/system/ros2/install/vehicle_interfaces/include/vehicle_interfaces/msg/detail/mpu_data__rosidl_typesupport_introspection_cpp.hpp
[37.999s] -- Installing: /home/ethanreynolds/vscode/robot-rover-2025/code/system/ros2/install/vehicle_interfaces/include/vehicle_interfaces/msg/detail/sensor_data__type_support.cpp
[37.999s] -- Installing: /home/ethanreynolds/vscode/robot-rover-2025/code/system/ros2/install/vehicle_interfaces/include/vehicle_interfaces/msg/detail/qmc_data__type_support.cpp
[38.000s] -- Installing: /home/ethanreynolds/vscode/robot-rover-2025/code/system/ros2/install/vehicle_interfaces/include/vehicle_interfaces/msg/detail/qmc_data__rosidl_typesupport_introspection_cpp.hpp
[38.000s] -- Installing: /home/ethanreynolds/vscode/robot-rover-2025/code/system/ros2/install/vehicle_interfaces/include/vehicle_interfaces/msg/detail/to_f_data__rosidl_typesupport_introspection_cpp.hpp
[38.000s] -- Installing: /home/ethanreynolds/vscode/robot-rover-2025/code/system/ros2/install/vehicle_interfaces/include/vehicle_interfaces/msg/detail/ir_data__type_support.cpp
[38.000s] -- Installing: /home/ethanreynolds/vscode/robot-rover-2025/code/system/ros2/install/vehicle_interfaces/include/vehicle_interfaces/msg/detail/gps_data__type_support.cpp
[38.000s] -- Installing: /home/ethanreynolds/vscode/robot-rover-2025/code/system/ros2/install/vehicle_interfaces/include/vehicle_interfaces/msg/detail/encoder_data__type_support.cpp
[38.001s] -- Installing: /home/ethanreynolds/vscode/robot-rover-2025/code/system/ros2/install/vehicle_interfaces/include/vehicle_interfaces/msg/detail/to_f_data__type_support.cpp
[38.001s] -- Installing: /home/ethanreynolds/vscode/robot-rover-2025/code/system/ros2/install/vehicle_interfaces/include/vehicle_interfaces/msg/detail/ir_data__rosidl_typesupport_introspection_cpp.hpp
[38.001s] -- Installing: /home/ethanreynolds/vscode/robot-rover-2025/code/system/ros2/install/vehicle_interfaces/include/vehicle_interfaces/msg/detail/temperature_data__rosidl_typesupport_introspection_cpp.hpp
[38.001s] -- Installing: /home/ethanreynolds/vscode/robot-rover-2025/code/system/ros2/install/vehicle_interfaces/include/vehicle_interfaces/msg/detail/control_data__type_support.cpp
[38.001s] -- Installing: /home/ethanreynolds/vscode/robot-rover-2025/code/system/ros2/install/vehicle_interfaces/include/vehicle_interfaces/msg/detail/sensor_data__rosidl_typesupport_introspection_cpp.hpp
[38.002s] -- Installing: /home/ethanreynolds/vscode/robot-rover-2025/code/system/ros2/install/vehicle_interfaces/include/vehicle_interfaces/msg/detail/temperature_data__type_support.cpp
[38.002s] -- Installing: /home/ethanreynolds/vscode/robot-rover-2025/code/system/ros2/install/vehicle_interfaces/include/vehicle_interfaces/msg/detail/control_data__rosidl_typesupport_introspection_cpp.hpp
[38.002s] -- Installing: /home/ethanreynolds/vscode/robot-rover-2025/code/system/ros2/install/vehicle_interfaces/include/vehicle_interfaces/msg/detail/mpu_data__type_support.cpp
[38.002s] -- Installing: /home/ethanreynolds/vscode/robot-rover-2025/code/system/ros2/install/vehicle_interfaces/include/vehicle_interfaces/msg/detail/gps_data__rosidl_typesupport_introspection_cpp.hpp
[38.002s] -- Installing: /home/ethanreynolds/vscode/robot-rover-2025/code/system/ros2/install/vehicle_interfaces/include/vehicle_interfaces/msg/detail/encoder_data__rosidl_typesupport_introspection_cpp.hpp
[38.003s] -- Installing: /home/ethanreynolds/vscode/robot-rover-2025/code/system/ros2/install/vehicle_interfaces/include/vehicle_interfaces/msg/detail/ultrasonic_data__type_support.cpp
[38.003s] -- Installing: /home/ethanreynolds/vscode/robot-rover-2025/code/system/ros2/install/vehicle_interfaces/include/vehicle_interfaces/msg/detail/ultrasonic_data__rosidl_typesupport_introspection_cpp.hpp
[38.003s] -- Up-to-date: /home/ethanreynolds/vscode/robot-rover-2025/code/system/ros2/install/vehicle_interfaces/include/vehicle_interfaces/srv
[38.003s] -- Up-to-date: /home/ethanreynolds/vscode/robot-rover-2025/code/system/ros2/install/vehicle_interfaces/include/vehicle_interfaces/srv/detail
[38.004s] -- Installing: /home/ethanreynolds/vscode/robot-rover-2025/code/system/ros2/install/vehicle_interfaces/include/vehicle_interfaces/srv/detail/get_serial_device_status__type_support.cpp
[38.004s] -- Installing: /home/ethanreynolds/vscode/robot-rover-2025/code/system/ros2/install/vehicle_interfaces/include/vehicle_interfaces/srv/detail/get_serial_port__type_support.cpp
[38.004s] -- Installing: /home/ethanreynolds/vscode/robot-rover-2025/code/system/ros2/install/vehicle_interfaces/include/vehicle_interfaces/srv/detail/get_serial_device_status__rosidl_typesupport_introspection_cpp.hpp
[38.004s] -- Installing: /home/ethanreynolds/vscode/robot-rover-2025/code/system/ros2/install/vehicle_interfaces/include/vehicle_interfaces/srv/detail/get_serial_port__rosidl_typesupport_introspection_cpp.hpp
[38.005s] -- Installing: /home/ethanreynolds/vscode/robot-rover-2025/code/system/ros2/install/vehicle_interfaces/include/vehicle_interfaces/srv/detail/reset_serial_port__type_support.cpp
[38.005s] -- Installing: /home/ethanreynolds/vscode/robot-rover-2025/code/system/ros2/install/vehicle_interfaces/include/vehicle_interfaces/srv/detail/reset_serial_port__rosidl_typesupport_introspection_cpp.hpp
[38.005s] -- Installing: /home/ethanreynolds/vscode/robot-rover-2025/code/system/ros2/install/vehicle_interfaces/lib/libvehicle_interfaces__rosidl_typesupport_introspection_cpp.so
[38.005s] -- Set runtime path of "/home/ethanreynolds/vscode/robot-rover-2025/code/system/ros2/install/vehicle_interfaces/lib/libvehicle_interfaces__rosidl_typesupport_introspection_cpp.so" to ""
[38.005s] -- Installing: /home/ethanreynolds/vscode/robot-rover-2025/code/system/ros2/install/vehicle_interfaces/lib/libvehicle_interfaces__rosidl_typesupport_cpp.so
[38.006s] -- Set runtime path of "/home/ethanreynolds/vscode/robot-rover-2025/code/system/ros2/install/vehicle_interfaces/lib/libvehicle_interfaces__rosidl_typesupport_cpp.so" to ""
[38.006s] -- Installing: /home/ethanreynolds/vscode/robot-rover-2025/code/system/ros2/install/vehicle_interfaces/share/vehicle_interfaces/environment/pythonpath.sh
[38.006s] -- Installing: /home/ethanreynolds/vscode/robot-rover-2025/code/system/ros2/install/vehicle_interfaces/share/vehicle_interfaces/environment/pythonpath.dsv
[38.006s] -- Installing: /home/ethanreynolds/vscode/robot-rover-2025/code/system/ros2/install/vehicle_interfaces/lib/python3.8/site-packages/vehicle_interfaces/__init__.py
[38.058s] Compiling '/home/ethanreynolds/vscode/robot-rover-2025/code/system/ros2/install/vehicle_interfaces/lib/python3.8/site-packages/vehicle_interfaces/__init__.py'...
[38.064s] -- Installing: /home/ethanreynolds/vscode/robot-rover-2025/code/system/ros2/install/vehicle_interfaces/lib/python3.8/site-packages/vehicle_interfaces/srv
[38.065s] -- Installing: /home/ethanreynolds/vscode/robot-rover-2025/code/system/ros2/install/vehicle_interfaces/lib/python3.8/site-packages/vehicle_interfaces/srv/_reset_serial_port.py
[38.065s] -- Installing: /home/ethanreynolds/vscode/robot-rover-2025/code/system/ros2/install/vehicle_interfaces/lib/python3.8/site-packages/vehicle_interfaces/srv/_get_serial_port.py
[38.065s] -- Installing: /home/ethanreynolds/vscode/robot-rover-2025/code/system/ros2/install/vehicle_interfaces/lib/python3.8/site-packages/vehicle_interfaces/srv/_get_serial_device_status_s.c
[38.065s] -- Installing: /home/ethanreynolds/vscode/robot-rover-2025/code/system/ros2/install/vehicle_interfaces/lib/python3.8/site-packages/vehicle_interfaces/srv/_get_serial_device_status.py
[38.066s] -- Installing: /home/ethanreynolds/vscode/robot-rover-2025/code/system/ros2/install/vehicle_interfaces/lib/python3.8/site-packages/vehicle_interfaces/srv/__init__.py
[38.066s] -- Installing: /home/ethanreynolds/vscode/robot-rover-2025/code/system/ros2/install/vehicle_interfaces/lib/python3.8/site-packages/vehicle_interfaces/srv/_get_serial_port_s.c
[38.066s] -- Installing: /home/ethanreynolds/vscode/robot-rover-2025/code/system/ros2/install/vehicle_interfaces/lib/python3.8/site-packages/vehicle_interfaces/srv/_reset_serial_port_s.c
[38.066s] -- Installing: /home/ethanreynolds/vscode/robot-rover-2025/code/system/ros2/install/vehicle_interfaces/lib/python3.8/site-packages/vehicle_interfaces/msg
[38.066s] -- Installing: /home/ethanreynolds/vscode/robot-rover-2025/code/system/ros2/install/vehicle_interfaces/lib/python3.8/site-packages/vehicle_interfaces/msg/_qmc_data_s.c
[38.067s] -- Installing: /home/ethanreynolds/vscode/robot-rover-2025/code/system/ros2/install/vehicle_interfaces/lib/python3.8/site-packages/vehicle_interfaces/msg/_qmc_data.py
[38.067s] -- Installing: /home/ethanreynolds/vscode/robot-rover-2025/code/system/ros2/install/vehicle_interfaces/lib/python3.8/site-packages/vehicle_interfaces/msg/_sensor_data_s.c
[38.067s] -- Installing: /home/ethanreynolds/vscode/robot-rover-2025/code/system/ros2/install/vehicle_interfaces/lib/python3.8/site-packages/vehicle_interfaces/msg/_ultrasonic_data_s.c
[38.067s] -- Installing: /home/ethanreynolds/vscode/robot-rover-2025/code/system/ros2/install/vehicle_interfaces/lib/python3.8/site-packages/vehicle_interfaces/msg/_ir_data.py
[38.068s] -- Installing: /home/ethanreynolds/vscode/robot-rover-2025/code/system/ros2/install/vehicle_interfaces/lib/python3.8/site-packages/vehicle_interfaces/msg/_control_data_s.c
[38.068s] -- Installing: /home/ethanreynolds/vscode/robot-rover-2025/code/system/ros2/install/vehicle_interfaces/lib/python3.8/site-packages/vehicle_interfaces/msg/_temperature_data.py
[38.068s] -- Installing: /home/ethanreynolds/vscode/robot-rover-2025/code/system/ros2/install/vehicle_interfaces/lib/python3.8/site-packages/vehicle_interfaces/msg/_ir_data_s.c
[38.068s] -- Installing: /home/ethanreynolds/vscode/robot-rover-2025/code/system/ros2/install/vehicle_interfaces/lib/python3.8/site-packages/vehicle_interfaces/msg/_ultrasonic_data.py
[38.068s] -- Installing: /home/ethanreynolds/vscode/robot-rover-2025/code/system/ros2/install/vehicle_interfaces/lib/python3.8/site-packages/vehicle_interfaces/msg/_gps_data_s.c
[38.069s] -- Installing: /home/ethanreynolds/vscode/robot-rover-2025/code/system/ros2/install/vehicle_interfaces/lib/python3.8/site-packages/vehicle_interfaces/msg/_encoder_data.py
[38.069s] -- Installing: /home/ethanreynolds/vscode/robot-rover-2025/code/system/ros2/install/vehicle_interfaces/lib/python3.8/site-packages/vehicle_interfaces/msg/__init__.py
[38.069s] -- Installing: /home/ethanreynolds/vscode/robot-rover-2025/code/system/ros2/install/vehicle_interfaces/lib/python3.8/site-packages/vehicle_interfaces/msg/_mpu_data.py
[38.069s] -- Installing: /home/ethanreynolds/vscode/robot-rover-2025/code/system/ros2/install/vehicle_interfaces/lib/python3.8/site-packages/vehicle_interfaces/msg/_temperature_data_s.c
[38.070s] -- Installing: /home/ethanreynolds/vscode/robot-rover-2025/code/system/ros2/install/vehicle_interfaces/lib/python3.8/site-packages/vehicle_interfaces/msg/_gps_data.py
[38.070s] -- Installing: /home/ethanreynolds/vscode/robot-rover-2025/code/system/ros2/install/vehicle_interfaces/lib/python3.8/site-packages/vehicle_interfaces/msg/_to_f_data.py
[38.070s] -- Installing: /home/ethanreynolds/vscode/robot-rover-2025/code/system/ros2/install/vehicle_interfaces/lib/python3.8/site-packages/vehicle_interfaces/msg/_control_data.py
[38.070s] -- Installing: /home/ethanreynolds/vscode/robot-rover-2025/code/system/ros2/install/vehicle_interfaces/lib/python3.8/site-packages/vehicle_interfaces/msg/_encoder_data_s.c
[38.070s] -- Installing: /home/ethanreynolds/vscode/robot-rover-2025/code/system/ros2/install/vehicle_interfaces/lib/python3.8/site-packages/vehicle_interfaces/msg/_mpu_data_s.c
[38.070s] -- Installing: /home/ethanreynolds/vscode/robot-rover-2025/code/system/ros2/install/vehicle_interfaces/lib/python3.8/site-packages/vehicle_interfaces/msg/_to_f_data_s.c
[38.071s] -- Installing: /home/ethanreynolds/vscode/robot-rover-2025/code/system/ros2/install/vehicle_interfaces/lib/python3.8/site-packages/vehicle_interfaces/msg/_sensor_data.py
[38.071s] -- Installing: /home/ethanreynolds/vscode/robot-rover-2025/code/system/ros2/install/vehicle_interfaces/lib/python3.8/site-packages/vehicle_interfaces/vehicle_interfaces_s__rosidl_typesupport_fastrtps_c.cpython-38-x86_64-linux-gnu.so
[38.071s] -- Set runtime path of "/home/ethanreynolds/vscode/robot-rover-2025/code/system/ros2/install/vehicle_interfaces/lib/python3.8/site-packages/vehicle_interfaces/vehicle_interfaces_s__rosidl_typesupport_fastrtps_c.cpython-38-x86_64-linux-gnu.so" to ""
[38.071s] -- Installing: /home/ethanreynolds/vscode/robot-rover-2025/code/system/ros2/install/vehicle_interfaces/lib/python3.8/site-packages/vehicle_interfaces/vehicle_interfaces_s__rosidl_typesupport_introspection_c.cpython-38-x86_64-linux-gnu.so
[38.072s] -- Set runtime path of "/home/ethanreynolds/vscode/robot-rover-2025/code/system/ros2/install/vehicle_interfaces/lib/python3.8/site-packages/vehicle_interfaces/vehicle_interfaces_s__rosidl_typesupport_introspection_c.cpython-38-x86_64-linux-gnu.so" to ""
[38.072s] -- Installing: /home/ethanreynolds/vscode/robot-rover-2025/code/system/ros2/install/vehicle_interfaces/lib/python3.8/site-packages/vehicle_interfaces/vehicle_interfaces_s__rosidl_typesupport_c.cpython-38-x86_64-linux-gnu.so
[38.073s] -- Set runtime path of "/home/ethanreynolds/vscode/robot-rover-2025/code/system/ros2/install/vehicle_interfaces/lib/python3.8/site-packages/vehicle_interfaces/vehicle_interfaces_s__rosidl_typesupport_c.cpython-38-x86_64-linux-gnu.so" to ""
[38.073s] -- Installing: /home/ethanreynolds/vscode/robot-rover-2025/code/system/ros2/install/vehicle_interfaces/lib/libvehicle_interfaces__python.so
[38.074s] -- Set runtime path of "/home/ethanreynolds/vscode/robot-rover-2025/code/system/ros2/install/vehicle_interfaces/lib/libvehicle_interfaces__python.so" to ""
[38.074s] -- Installing: /home/ethanreynolds/vscode/robot-rover-2025/code/system/ros2/install/vehicle_interfaces/share/vehicle_interfaces/srv/GetSerialPort.idl
[38.075s] -- Installing: /home/ethanreynolds/vscode/robot-rover-2025/code/system/ros2/install/vehicle_interfaces/share/vehicle_interfaces/srv/ResetSerialPort.idl
[38.075s] -- Installing: /home/ethanreynolds/vscode/robot-rover-2025/code/system/ros2/install/vehicle_interfaces/share/vehicle_interfaces/srv/GetSerialDeviceStatus.idl
[38.075s] -- Installing: /home/ethanreynolds/vscode/robot-rover-2025/code/system/ros2/install/vehicle_interfaces/share/vehicle_interfaces/msg/SensorData.idl
[38.076s] -- Installing: /home/ethanreynolds/vscode/robot-rover-2025/code/system/ros2/install/vehicle_interfaces/share/vehicle_interfaces/msg/ControlData.idl
[38.076s] -- Installing: /home/ethanreynolds/vscode/robot-rover-2025/code/system/ros2/install/vehicle_interfaces/share/vehicle_interfaces/msg/EncoderData.idl
[38.076s] -- Installing: /home/ethanreynolds/vscode/robot-rover-2025/code/system/ros2/install/vehicle_interfaces/share/vehicle_interfaces/msg/GPSData.idl
[38.076s] -- Installing: /home/ethanreynolds/vscode/robot-rover-2025/code/system/ros2/install/vehicle_interfaces/share/vehicle_interfaces/msg/IRData.idl
[38.077s] -- Installing: /home/ethanreynolds/vscode/robot-rover-2025/code/system/ros2/install/vehicle_interfaces/share/vehicle_interfaces/msg/MPUData.idl
[38.077s] -- Installing: /home/ethanreynolds/vscode/robot-rover-2025/code/system/ros2/install/vehicle_interfaces/share/vehicle_interfaces/msg/QMCData.idl
[38.077s] -- Installing: /home/ethanreynolds/vscode/robot-rover-2025/code/system/ros2/install/vehicle_interfaces/share/vehicle_interfaces/msg/TemperatureData.idl
[38.077s] -- Installing: /home/ethanreynolds/vscode/robot-rover-2025/code/system/ros2/install/vehicle_interfaces/share/vehicle_interfaces/msg/ToFData.idl
[38.077s] -- Installing: /home/ethanreynolds/vscode/robot-rover-2025/code/system/ros2/install/vehicle_interfaces/share/vehicle_interfaces/msg/UltrasonicData.idl
[38.078s] -- Installing: /home/ethanreynolds/vscode/robot-rover-2025/code/system/ros2/install/vehicle_interfaces/share/vehicle_interfaces/srv/GetSerialPort.srv
[38.078s] -- Installing: /home/ethanreynolds/vscode/robot-rover-2025/code/system/ros2/install/vehicle_interfaces/share/vehicle_interfaces/srv/GetSerialPort_Request.msg
[38.078s] -- Installing: /home/ethanreynolds/vscode/robot-rover-2025/code/system/ros2/install/vehicle_interfaces/share/vehicle_interfaces/srv/GetSerialPort_Response.msg
[38.078s] -- Installing: /home/ethanreynolds/vscode/robot-rover-2025/code/system/ros2/install/vehicle_interfaces/share/vehicle_interfaces/srv/ResetSerialPort.srv
[38.079s] -- Installing: /home/ethanreynolds/vscode/robot-rover-2025/code/system/ros2/install/vehicle_interfaces/share/vehicle_interfaces/srv/ResetSerialPort_Request.msg
[38.079s] -- Installing: /home/ethanreynolds/vscode/robot-rover-2025/code/system/ros2/install/vehicle_interfaces/share/vehicle_interfaces/srv/ResetSerialPort_Response.msg
[38.079s] -- Installing: /home/ethanreynolds/vscode/robot-rover-2025/code/system/ros2/install/vehicle_interfaces/share/vehicle_interfaces/srv/GetSerialDeviceStatus.srv
[38.079s] -- Installing: /home/ethanreynolds/vscode/robot-rover-2025/code/system/ros2/install/vehicle_interfaces/share/vehicle_interfaces/srv/GetSerialDeviceStatus_Request.msg
[38.080s] -- Installing: /home/ethanreynolds/vscode/robot-rover-2025/code/system/ros2/install/vehicle_interfaces/share/vehicle_interfaces/srv/GetSerialDeviceStatus_Response.msg
[38.080s] -- Installing: /home/ethanreynolds/vscode/robot-rover-2025/code/system/ros2/install/vehicle_interfaces/share/vehicle_interfaces/msg/SensorData.msg
[38.080s] -- Installing: /home/ethanreynolds/vscode/robot-rover-2025/code/system/ros2/install/vehicle_interfaces/share/vehicle_interfaces/msg/ControlData.msg
[38.080s] -- Installing: /home/ethanreynolds/vscode/robot-rover-2025/code/system/ros2/install/vehicle_interfaces/share/vehicle_interfaces/msg/EncoderData.msg
[38.081s] -- Installing: /home/ethanreynolds/vscode/robot-rover-2025/code/system/ros2/install/vehicle_interfaces/share/vehicle_interfaces/msg/GPSData.msg
[38.081s] -- Installing: /home/ethanreynolds/vscode/robot-rover-2025/code/system/ros2/install/vehicle_interfaces/share/vehicle_interfaces/msg/IRData.msg
[38.081s] -- Installing: /home/ethanreynolds/vscode/robot-rover-2025/code/system/ros2/install/vehicle_interfaces/share/vehicle_interfaces/msg/MPUData.msg
[38.081s] -- Installing: /home/ethanreynolds/vscode/robot-rover-2025/code/system/ros2/install/vehicle_interfaces/share/vehicle_interfaces/msg/QMCData.msg
[38.082s] -- Installing: /home/ethanreynolds/vscode/robot-rover-2025/code/system/ros2/install/vehicle_interfaces/share/vehicle_interfaces/msg/TemperatureData.msg
[38.082s] -- Installing: /home/ethanreynolds/vscode/robot-rover-2025/code/system/ros2/install/vehicle_interfaces/share/vehicle_interfaces/msg/ToFData.msg
[38.082s] -- Installing: /home/ethanreynolds/vscode/robot-rover-2025/code/system/ros2/install/vehicle_interfaces/share/vehicle_interfaces/msg/UltrasonicData.msg
[38.082s] -- Installing: /home/ethanreynolds/vscode/robot-rover-2025/code/system/ros2/install/vehicle_interfaces/share/ament_index/resource_index/package_run_dependencies/vehicle_interfaces
[38.083s] -- Installing: /home/ethanreynolds/vscode/robot-rover-2025/code/system/ros2/install/vehicle_interfaces/share/ament_index/resource_index/parent_prefix_path/vehicle_interfaces
[38.083s] -- Installing: /home/ethanreynolds/vscode/robot-rover-2025/code/system/ros2/install/vehicle_interfaces/share/vehicle_interfaces/environment/ament_prefix_path.sh
[38.083s] -- Installing: /home/ethanreynolds/vscode/robot-rover-2025/code/system/ros2/install/vehicle_interfaces/share/vehicle_interfaces/environment/ament_prefix_path.dsv
[38.083s] -- Installing: /home/ethanreynolds/vscode/robot-rover-2025/code/system/ros2/install/vehicle_interfaces/share/vehicle_interfaces/environment/path.sh
[38.084s] -- Installing: /home/ethanreynolds/vscode/robot-rover-2025/code/system/ros2/install/vehicle_interfaces/share/vehicle_interfaces/environment/path.dsv
[38.084s] -- Installing: /home/ethanreynolds/vscode/robot-rover-2025/code/system/ros2/install/vehicle_interfaces/share/vehicle_interfaces/local_setup.bash
[38.084s] -- Installing: /home/ethanreynolds/vscode/robot-rover-2025/code/system/ros2/install/vehicle_interfaces/share/vehicle_interfaces/local_setup.sh
[38.084s] -- Installing: /home/ethanreynolds/vscode/robot-rover-2025/code/system/ros2/install/vehicle_interfaces/share/vehicle_interfaces/local_setup.zsh
[38.085s] -- Installing: /home/ethanreynolds/vscode/robot-rover-2025/code/system/ros2/install/vehicle_interfaces/share/vehicle_interfaces/local_setup.dsv
[38.085s] -- Installing: /home/ethanreynolds/vscode/robot-rover-2025/code/system/ros2/install/vehicle_interfaces/share/vehicle_interfaces/package.dsv
[38.085s] -- Installing: /home/ethanreynolds/vscode/robot-rover-2025/code/system/ros2/install/vehicle_interfaces/share/ament_index/resource_index/packages/vehicle_interfaces
[38.086s] -- Installing: /home/ethanreynolds/vscode/robot-rover-2025/code/system/ros2/install/vehicle_interfaces/share/vehicle_interfaces/cmake/vehicle_interfaces__rosidl_generator_cExport.cmake
[38.086s] -- Installing: /home/ethanreynolds/vscode/robot-rover-2025/code/system/ros2/install/vehicle_interfaces/share/vehicle_interfaces/cmake/vehicle_interfaces__rosidl_generator_cExport-noconfig.cmake
[38.086s] -- Installing: /home/ethanreynolds/vscode/robot-rover-2025/code/system/ros2/install/vehicle_interfaces/share/vehicle_interfaces/cmake/vehicle_interfaces__rosidl_typesupport_introspection_cExport.cmake
[38.086s] -- Installing: /home/ethanreynolds/vscode/robot-rover-2025/code/system/ros2/install/vehicle_interfaces/share/vehicle_interfaces/cmake/vehicle_interfaces__rosidl_typesupport_introspection_cExport-noconfig.cmake
[38.087s] -- Installing: /home/ethanreynolds/vscode/robot-rover-2025/code/system/ros2/install/vehicle_interfaces/share/vehicle_interfaces/cmake/vehicle_interfaces__rosidl_typesupport_cExport.cmake
[38.087s] -- Installing: /home/ethanreynolds/vscode/robot-rover-2025/code/system/ros2/install/vehicle_interfaces/share/vehicle_interfaces/cmake/vehicle_interfaces__rosidl_typesupport_cExport-noconfig.cmake
[38.087s] -- Installing: /home/ethanreynolds/vscode/robot-rover-2025/code/system/ros2/install/vehicle_interfaces/share/vehicle_interfaces/cmake/vehicle_interfaces__rosidl_generator_cppExport.cmake
[38.088s] -- Installing: /home/ethanreynolds/vscode/robot-rover-2025/code/system/ros2/install/vehicle_interfaces/share/vehicle_interfaces/cmake/vehicle_interfaces__rosidl_typesupport_introspection_cppExport.cmake
[38.088s] -- Installing: /home/ethanreynolds/vscode/robot-rover-2025/code/system/ros2/install/vehicle_interfaces/share/vehicle_interfaces/cmake/vehicle_interfaces__rosidl_typesupport_introspection_cppExport-noconfig.cmake
[38.088s] -- Installing: /home/ethanreynolds/vscode/robot-rover-2025/code/system/ros2/install/vehicle_interfaces/share/vehicle_interfaces/cmake/vehicle_interfaces__rosidl_typesupport_cppExport.cmake
[38.089s] -- Installing: /home/ethanreynolds/vscode/robot-rover-2025/code/system/ros2/install/vehicle_interfaces/share/vehicle_interfaces/cmake/vehicle_interfaces__rosidl_typesupport_cppExport-noconfig.cmake
[38.089s] -- Installing: /home/ethanreynolds/vscode/robot-rover-2025/code/system/ros2/install/vehicle_interfaces/share/vehicle_interfaces/cmake/rosidl_cmake-extras.cmake
[38.089s] -- Installing: /home/ethanreynolds/vscode/robot-rover-2025/code/system/ros2/install/vehicle_interfaces/share/vehicle_interfaces/cmake/ament_cmake_export_dependencies-extras.cmake
[38.089s] -- Installing: /home/ethanreynolds/vscode/robot-rover-2025/code/system/ros2/install/vehicle_interfaces/share/vehicle_interfaces/cmake/ament_cmake_export_libraries-extras.cmake
[38.090s] -- Installing: /home/ethanreynolds/vscode/robot-rover-2025/code/system/ros2/install/vehicle_interfaces/share/vehicle_interfaces/cmake/ament_cmake_export_targets-extras.cmake
[38.090s] -- Installing: /home/ethanreynolds/vscode/robot-rover-2025/code/system/ros2/install/vehicle_interfaces/share/vehicle_interfaces/cmake/ament_cmake_export_include_directories-extras.cmake
[38.090s] -- Installing: /home/ethanreynolds/vscode/robot-rover-2025/code/system/ros2/install/vehicle_interfaces/share/vehicle_interfaces/cmake/rosidl_cmake_export_typesupport_libraries-extras.cmake
[38.090s] -- Installing: /home/ethanreynolds/vscode/robot-rover-2025/code/system/ros2/install/vehicle_interfaces/share/vehicle_interfaces/cmake/rosidl_cmake_export_typesupport_targets-extras.cmake
[38.091s] -- Installing: /home/ethanreynolds/vscode/robot-rover-2025/code/system/ros2/install/vehicle_interfaces/share/vehicle_interfaces/cmake/vehicle_interfacesConfig.cmake
[38.091s] -- Installing: /home/ethanreynolds/vscode/robot-rover-2025/code/system/ros2/install/vehicle_interfaces/share/vehicle_interfaces/cmake/vehicle_interfacesConfig-version.cmake
[38.091s] -- Installing: /home/ethanreynolds/vscode/robot-rover-2025/code/system/ros2/install/vehicle_interfaces/share/vehicle_interfaces/package.xml
[38.095s] Invoked command in '/home/ethanreynolds/vscode/robot-rover-2025/code/system/ros2/build/vehicle_interfaces' returned '0': CMAKE_PREFIX_PATH=${CMAKE_PREFIX_PATH}:/home/ethanreynolds/vscode/robot-rover-2025/code/system/ros2/install/vehicle_string_converter:/home/ethanreynolds/vscode/robot-rover-2025/code/system/ros2/install/vehicle_simulation:/home/ethanreynolds/vscode/robot-rover-2025/code/system/ros2/install/vehicle_networking:/opt/ros/foxy /usr/bin/cmake --install /home/ethanreynolds/vscode/robot-rover-2025/code/system/ros2/build/vehicle_interfaces
