[1.061s] Invoking command in '/root/build/vehicle_networking': AMENT_PREFIX_PATH=/root/install/vehicle_networking_interfaces:${AMENT_PREFIX_PATH} CMAKE_PREFIX_PATH=/root/install/vehicle_networking_interfaces LD_LIBRARY_PATH=/root/install/vehicle_networking_interfaces/lib:${LD_LIBRARY_PATH} PYTHONPATH=/root/build/vehicle_networking/prefix_override:/root/install/vehicle_networking/lib/python3.8/site-packages:/root/install/vehicle_networking_interfaces/lib/python3.8/site-packages:${PYTHONPATH} /usr/bin/python3 setup.py develop --uninstall --editable --build-directory /root/build/vehicle_networking/build
[1.373s] running develop
[1.549s] Invoked command in '/root/build/vehicle_networking' returned '0': AMENT_PREFIX_PATH=/root/install/vehicle_networking_interfaces:${AMENT_PREFIX_PATH} CMAKE_PREFIX_PATH=/root/install/vehicle_networking_interfaces LD_LIBRARY_PATH=/root/install/vehicle_networking_interfaces/lib:${LD_LIBRARY_PATH} PYTHONPATH=/root/build/vehicle_networking/prefix_override:/root/install/vehicle_networking/lib/python3.8/site-packages:/root/install/vehicle_networking_interfaces/lib/python3.8/site-packages:${PYTHONPATH} /usr/bin/python3 setup.py develop --uninstall --editable --build-directory /root/build/vehicle_networking/build
[1.553s] Invoking command in '/root/src/vehicle_networking': AMENT_PREFIX_PATH=/root/install/vehicle_networking_interfaces:${AMENT_PREFIX_PATH} CMAKE_PREFIX_PATH=/root/install/vehicle_networking_interfaces LD_LIBRARY_PATH=/root/install/vehicle_networking_interfaces/lib:${LD_LIBRARY_PATH} PYTHONPATH=/root/build/vehicle_networking/prefix_override:/root/install/vehicle_networking/lib/python3.8/site-packages:/root/install/vehicle_networking_interfaces/lib/python3.8/site-packages:${PYTHONPATH} /usr/bin/python3 setup.py egg_info --egg-base ../../build/vehicle_networking build --build-base /root/build/vehicle_networking/build install --record /root/build/vehicle_networking/install.log --install-scripts $base/lib/vehicle_networking --single-version-externally-managed
[1.823s] running egg_info
[1.826s] writing ../../build/vehicle_networking/vehicle_networking.egg-info/PKG-INFO
[1.826s] writing dependency_links to ../../build/vehicle_networking/vehicle_networking.egg-info/dependency_links.txt
[1.828s] writing entry points to ../../build/vehicle_networking/vehicle_networking.egg-info/entry_points.txt
[1.829s] writing requirements to ../../build/vehicle_networking/vehicle_networking.egg-info/requires.txt
[1.829s] writing top-level names to ../../build/vehicle_networking/vehicle_networking.egg-info/top_level.txt
[1.921s] reading manifest file '../../build/vehicle_networking/vehicle_networking.egg-info/SOURCES.txt'
[1.923s] writing manifest file '../../build/vehicle_networking/vehicle_networking.egg-info/SOURCES.txt'
[1.923s] running build
[1.924s] running build_py
[1.924s] copying vehicle_networking/control_serial_interface.py -> /root/build/vehicle_networking/build/lib/vehicle_networking
[1.926s] running install
[1.927s] running install_lib
[1.931s] copying /root/build/vehicle_networking/build/lib/vehicle_networking/control_serial_interface.py -> /root/install/vehicle_networking/lib/python3.8/site-packages/vehicle_networking
[1.932s] byte-compiling /root/install/vehicle_networking/lib/python3.8/site-packages/vehicle_networking/control_serial_interface.py to control_serial_interface.cpython-38.pyc
[1.937s] running install_data
[1.939s] running install_egg_info
[1.946s] removing '/root/install/vehicle_networking/lib/python3.8/site-packages/vehicle_networking-0.0.0-py3.8.egg-info' (and everything under it)
[1.947s] Copying ../../build/vehicle_networking/vehicle_networking.egg-info to /root/install/vehicle_networking/lib/python3.8/site-packages/vehicle_networking-0.0.0-py3.8.egg-info
[1.952s] running install_scripts
[1.994s] Installing control_serial_interface script to /root/install/vehicle_networking/lib/vehicle_networking
[1.995s] Installing serial_manager script to /root/install/vehicle_networking/lib/vehicle_networking
[1.995s] writing list of installed files to '/root/build/vehicle_networking/install.log'
[2.041s] Invoked command in '/root/src/vehicle_networking' returned '0': AMENT_PREFIX_PATH=/root/install/vehicle_networking_interfaces:${AMENT_PREFIX_PATH} CMAKE_PREFIX_PATH=/root/install/vehicle_networking_interfaces LD_LIBRARY_PATH=/root/install/vehicle_networking_interfaces/lib:${LD_LIBRARY_PATH} PYTHONPATH=/root/build/vehicle_networking/prefix_override:/root/install/vehicle_networking/lib/python3.8/site-packages:/root/install/vehicle_networking_interfaces/lib/python3.8/site-packages:${PYTHONPATH} /usr/bin/python3 setup.py egg_info --egg-base ../../build/vehicle_networking build --build-base /root/build/vehicle_networking/build install --record /root/build/vehicle_networking/install.log --install-scripts $base/lib/vehicle_networking --single-version-externally-managed
