[0.000000] (-) TimerEvent: {}
[0.000903] (-) JobUnselected: {'identifier': 'vehicle_control'}
[0.001242] (-) JobUnselected: {'identifier': 'vehicle_navigation'}
[0.001928] (-) JobUnselected: {'identifier': 'vehicle_networking_interfaces'}
[0.002004] (-) JobUnselected: {'identifier': 'vehicle_sensor'}
[0.002184] (vehicle_networking) JobQueued: {'identifier': 'vehicle_networking', 'dependencies': OrderedDict([('vehicle_networking_interfaces', '/root/install/vehicle_networking_interfaces')])}
[0.002364] (vehicle_networking) JobStarted: {'identifier': 'vehicle_networking'}
[0.099749] (-) TimerEvent: {}
[0.200278] (-) TimerEvent: {}
[0.301015] (-) TimerEvent: {}
[0.401373] (-) TimerEvent: {}
[0.502013] (-) TimerEvent: {}
[0.602496] (-) TimerEvent: {}
[0.703547] (-) TimerEvent: {}
[0.803921] (-) TimerEvent: {}
[0.904712] (-) TimerEvent: {}
[1.005202] (-) TimerEvent: {}
[1.106696] (-) TimerEvent: {}
[1.212044] (-) TimerEvent: {}
[1.318079] (-) TimerEvent: {}
[1.418405] (-) TimerEvent: {}
[1.519411] (-) TimerEvent: {}
[1.626561] (-) TimerEvent: {}
[1.640179] (vehicle_networking) Command: {'cmd': ['/usr/bin/python3', 'setup.py', 'develop', '--uninstall', '--editable', '--build-directory', '/root/build/vehicle_networking/build'], 'cwd': '/root/build/vehicle_networking', 'env': {'HOSTNAME': '1ac344374424', 'SHLVL': '1', 'LD_LIBRARY_PATH': '/root/install/vehicle_networking_interfaces/lib:/opt/ros/foxy/opt/yaml_cpp_vendor/lib:/opt/ros/foxy/opt/rviz_ogre_vendor/lib:/opt/ros/foxy/lib/x86_64-linux-gnu:/opt/ros/foxy/lib', 'HOME': '/root', 'OLDPWD': '/', 'ROS_PYTHON_VERSION': '3', 'COLCON_PREFIX_PATH': '/root/install', 'ROS_DISTRO': 'foxy', '_': '/usr/bin/colcon', 'ROS_VERSION': '2', 'TERM': 'xterm', 'ROS_LOCALHOST_ONLY': '0', 'QT_X11_NO_MITSHM': '1', 'PATH': '/opt/ros/foxy/bin:/usr/local/sbin:/usr/local/bin:/usr/sbin:/usr/bin:/sbin:/bin', 'DISPLAY': ':0.0', 'LANG': 'C.UTF-8', 'AMENT_PREFIX_PATH': '/root/install/vehicle_networking:/root/install/vehicle_networking_interfaces:/opt/ros/foxy', 'DEBIAN_FRONTEND': 'noninteractive', 'PWD': '/root/build/vehicle_networking', 'LC_ALL': 'C.UTF-8', 'PYTHONPATH': '/root/build/vehicle_networking/prefix_override:/root/install/vehicle_networking/lib/python3.8/site-packages:/root/install/vehicle_networking_interfaces/lib/python3.8/site-packages:/root/install/vehicle_networking/lib/python3.8/site-packages:/opt/ros/foxy/lib/python3.8/site-packages', 'COLCON': '1', 'CMAKE_PREFIX_PATH': '/root/install/vehicle_networking_interfaces'}, 'shell': False}
[1.726726] (-) TimerEvent: {}
[1.830247] (-) TimerEvent: {}
[1.930623] (-) TimerEvent: {}
[2.031330] (-) TimerEvent: {}
[2.131689] (-) TimerEvent: {}
[2.232752] (-) TimerEvent: {}
[2.274207] (vehicle_networking) StdoutLine: {'line': b'running develop\n'}
[2.332853] (-) TimerEvent: {}
[2.433198] (-) TimerEvent: {}
[2.486905] (vehicle_networking) CommandEnded: {'returncode': 0}
[2.489324] (vehicle_networking) Command: {'cmd': ['/usr/bin/python3', 'setup.py', 'egg_info', '--egg-base', '../../build/vehicle_networking', 'build', '--build-base', '/root/build/vehicle_networking/build', 'install', '--record', '/root/build/vehicle_networking/install.log', '--install-scripts', '$base/lib/vehicle_networking', '--single-version-externally-managed'], 'cwd': '/root/src/vehicle_networking', 'env': {'HOSTNAME': '1ac344374424', 'SHLVL': '1', 'LD_LIBRARY_PATH': '/root/install/vehicle_networking_interfaces/lib:/opt/ros/foxy/opt/yaml_cpp_vendor/lib:/opt/ros/foxy/opt/rviz_ogre_vendor/lib:/opt/ros/foxy/lib/x86_64-linux-gnu:/opt/ros/foxy/lib', 'HOME': '/root', 'OLDPWD': '/', 'ROS_PYTHON_VERSION': '3', 'COLCON_PREFIX_PATH': '/root/install', 'ROS_DISTRO': 'foxy', '_': '/usr/bin/colcon', 'ROS_VERSION': '2', 'TERM': 'xterm', 'ROS_LOCALHOST_ONLY': '0', 'QT_X11_NO_MITSHM': '1', 'PATH': '/opt/ros/foxy/bin:/usr/local/sbin:/usr/local/bin:/usr/sbin:/usr/bin:/sbin:/bin', 'DISPLAY': ':0.0', 'LANG': 'C.UTF-8', 'AMENT_PREFIX_PATH': '/root/install/vehicle_networking:/root/install/vehicle_networking_interfaces:/opt/ros/foxy', 'DEBIAN_FRONTEND': 'noninteractive', 'PWD': '/root/build/vehicle_networking', 'LC_ALL': 'C.UTF-8', 'PYTHONPATH': '/root/build/vehicle_networking/prefix_override:/root/install/vehicle_networking/lib/python3.8/site-packages:/root/install/vehicle_networking_interfaces/lib/python3.8/site-packages:/root/install/vehicle_networking/lib/python3.8/site-packages:/opt/ros/foxy/lib/python3.8/site-packages', 'COLCON': '1', 'CMAKE_PREFIX_PATH': '/root/install/vehicle_networking_interfaces'}, 'shell': False}
[2.533315] (-) TimerEvent: {}
[2.634312] (-) TimerEvent: {}
[2.734932] (-) TimerEvent: {}
[2.836256] (-) TimerEvent: {}
[2.916125] (vehicle_networking) StdoutLine: {'line': b'running egg_info\n'}
[2.917146] (vehicle_networking) StdoutLine: {'line': b'writing ../../build/vehicle_networking/vehicle_networking.egg-info/PKG-INFO\n'}
[2.917788] (vehicle_networking) StdoutLine: {'line': b'writing dependency_links to ../../build/vehicle_networking/vehicle_networking.egg-info/dependency_links.txt\n'}
[2.918145] (vehicle_networking) StdoutLine: {'line': b'writing entry points to ../../build/vehicle_networking/vehicle_networking.egg-info/entry_points.txt\n'}
[2.919165] (vehicle_networking) StdoutLine: {'line': b'writing requirements to ../../build/vehicle_networking/vehicle_networking.egg-info/requires.txt\n'}
[2.919352] (vehicle_networking) StdoutLine: {'line': b'writing top-level names to ../../build/vehicle_networking/vehicle_networking.egg-info/top_level.txt\n'}
[2.936365] (-) TimerEvent: {}
[2.976081] (vehicle_networking) StdoutLine: {'line': b"reading manifest file '../../build/vehicle_networking/vehicle_networking.egg-info/SOURCES.txt'\n"}
[2.977795] (vehicle_networking) StdoutLine: {'line': b"writing manifest file '../../build/vehicle_networking/vehicle_networking.egg-info/SOURCES.txt'\n"}
[2.978152] (vehicle_networking) StdoutLine: {'line': b'running build\n'}
[2.978317] (vehicle_networking) StdoutLine: {'line': b'running build_py\n'}
[2.979120] (vehicle_networking) StdoutLine: {'line': b'copying vehicle_networking/control_serial_interface.py -> /root/build/vehicle_networking/build/lib/vehicle_networking\n'}
[2.980026] (vehicle_networking) StdoutLine: {'line': b'running install\n'}
[2.981389] (vehicle_networking) StdoutLine: {'line': b'running install_lib\n'}
[2.983251] (vehicle_networking) StdoutLine: {'line': b'copying /root/build/vehicle_networking/build/lib/vehicle_networking/control_serial_interface.py -> /root/install/vehicle_networking/lib/python3.8/site-packages/vehicle_networking\n'}
[2.984601] (vehicle_networking) StdoutLine: {'line': b'byte-compiling /root/install/vehicle_networking/lib/python3.8/site-packages/vehicle_networking/control_serial_interface.py to control_serial_interface.cpython-38.pyc\n'}
[2.989478] (vehicle_networking) StdoutLine: {'line': b'running install_data\n'}
[2.990622] (vehicle_networking) StdoutLine: {'line': b'running install_egg_info\n'}
[2.993972] (vehicle_networking) StdoutLine: {'line': b"removing '/root/install/vehicle_networking/lib/python3.8/site-packages/vehicle_networking-0.0.0-py3.8.egg-info' (and everything under it)\n"}
[2.994942] (vehicle_networking) StdoutLine: {'line': b'Copying ../../build/vehicle_networking/vehicle_networking.egg-info to /root/install/vehicle_networking/lib/python3.8/site-packages/vehicle_networking-0.0.0-py3.8.egg-info\n'}
[2.997209] (vehicle_networking) StdoutLine: {'line': b'running install_scripts\n'}
[3.026737] (vehicle_networking) StdoutLine: {'line': b'Installing control_serial_interface script to /root/install/vehicle_networking/lib/vehicle_networking\n'}
[3.027266] (vehicle_networking) StdoutLine: {'line': b'Installing serial_manager script to /root/install/vehicle_networking/lib/vehicle_networking\n'}
[3.027896] (vehicle_networking) StdoutLine: {'line': b"writing list of installed files to '/root/build/vehicle_networking/install.log'\n"}
[3.036498] (-) TimerEvent: {}
[3.068512] (vehicle_networking) CommandEnded: {'returncode': 0}
[3.097854] (vehicle_networking) JobEnded: {'identifier': 'vehicle_networking', 'rc': 0}
[3.099741] (-) EventReactorShutdown: {}
