[0.037s] Invoking command in '/root/build/vehicle_networking_interfaces': CMAKE_PREFIX_PATH=${CMAKE_PREFIX_PATH}:/root/install/vehicle_networking:/opt/ros/foxy /usr/bin/cmake --build /root/build/vehicle_networking_interfaces -- -j4 -l4
[0.160s] -- Found ament_cmake: 0.9.12 (/opt/ros/foxy/share/ament_cmake/cmake)
[0.202s] -- Found PythonInterp: /usr/bin/python3 (found suitable version "3.8.10", minimum required is "3") 
[0.202s] -- Using PYTHON_EXECUTABLE: /usr/bin/python3
[0.481s] -- Found rosidl_default_generators: 1.0.1 (/opt/ros/foxy/share/rosidl_default_generators/cmake)
[0.488s] -- Using all available rosidl_typesupport_c: rosidl_typesupport_fastrtps_c;rosidl_typesupport_introspection_c
[0.495s] -- Found rosidl_adapter: 1.3.1 (/opt/ros/foxy/share/rosidl_adapter/cmake)
[0.831s] -- Using all available rosidl_typesupport_cpp: rosidl_typesupport_fastrtps_cpp;rosidl_typesupport_introspection_cpp
[0.931s] -- Found PythonInterp: /usr/bin/python3 (found version "3.8.10") 
[1.153s] -- Found ament_cmake_ros: 0.9.2 (/opt/ros/foxy/share/ament_cmake_ros/cmake)
[1.301s] -- Using all available rosidl_typesupport_c: rosidl_typesupport_fastrtps_c;rosidl_typesupport_introspection_c
[1.315s] -- Using all available rosidl_typesupport_cpp: rosidl_typesupport_fastrtps_cpp;rosidl_typesupport_introspection_cpp
[1.367s] -- Found PythonInterp: /usr/bin/python3 (found suitable version "3.8.10", minimum required is "3.5") 
[1.368s] -- Found python_cmake_module: 0.8.1 (/opt/ros/foxy/share/python_cmake_module/cmake)
[1.405s] -- Using PYTHON_EXECUTABLE: /usr/bin/python3
[1.405s] -- Using PYTHON_INCLUDE_DIRS: /usr/include/python3.8
[1.405s] -- Using PYTHON_LIBRARIES: /usr/lib/x86_64-linux-gnu/libpython3.8.so
[1.433s] -- Found ament_lint_auto: 0.9.8 (/opt/ros/foxy/share/ament_lint_auto/cmake)
[1.456s] -- Added test 'copyright' to check source files copyright and LICENSE
[1.459s] -- Added test 'lint_cmake' to check CMake code style
[1.461s] -- Added test 'xmllint' to check XML markup files
[1.467s] -- Configuring done
[1.534s] -- Generating done
[1.543s] -- Build files have been written to: /root/build/vehicle_networking_interfaces
[1.584s] [35m[1mScanning dependencies of target vehicle_networking_interfaces__cpp[0m
[1.590s] [  2%] [34m[1mGenerating C code for ROS interfaces[0m
[1.603s] [  4%] [34m[1mGenerating C++ code for ROS interfaces[0m
[2.449s] [  4%] Built target vehicle_networking_interfaces__cpp
[2.477s] [  6%] [34m[1mGenerating C++ type support for eProsima Fast-RTPS[0m
[2.480s] [  8%] [34m[1mGenerating C++ introspection for ROS interfaces[0m
[2.492s] [ 10%] [34m[1mGenerating C++ type support dispatch for ROS interfaces[0m
[2.613s] [35m[1mScanning dependencies of target vehicle_networking_interfaces__rosidl_generator_c[0m
[2.672s] [ 12%] [32mBuilding C object CMakeFiles/vehicle_networking_interfaces__rosidl_generator_c.dir/rosidl_generator_c/vehicle_networking_interfaces/srv/detail/get_serial_port__functions.c.o[0m
[2.913s] [ 14%] [32mBuilding C object CMakeFiles/vehicle_networking_interfaces__rosidl_generator_c.dir/rosidl_generator_c/vehicle_networking_interfaces/srv/detail/reset_serial_port__functions.c.o[0m
[3.088s] [ 17%] [32mBuilding C object CMakeFiles/vehicle_networking_interfaces__rosidl_generator_c.dir/rosidl_generator_c/vehicle_networking_interfaces/srv/detail/get_device_status__functions.c.o[0m
[3.230s] [ 19%] [32m[1mLinking C shared library libvehicle_networking_interfaces__rosidl_generator_c.so[0m
[3.354s] [ 19%] Built target vehicle_networking_interfaces__rosidl_generator_c
[3.381s] [ 21%] [34m[1mGenerating C introspection for ROS interfaces[0m
[3.433s] [35m[1mScanning dependencies of target vehicle_networking_interfaces__rosidl_typesupport_cpp[0m
[3.507s] [ 23%] [32mBuilding CXX object CMakeFiles/vehicle_networking_interfaces__rosidl_typesupport_cpp.dir/rosidl_typesupport_cpp/vehicle_networking_interfaces/srv/get_serial_port__type_support.cpp.o[0m
[3.696s] [35m[1mScanning dependencies of target vehicle_networking_interfaces__rosidl_typesupport_introspection_cpp[0m
[3.781s] [35m[1mScanning dependencies of target vehicle_networking_interfaces__rosidl_typesupport_fastrtps_cpp[0m
[3.784s] [ 25%] [32mBuilding CXX object CMakeFiles/vehicle_networking_interfaces__rosidl_typesupport_introspection_cpp.dir/rosidl_typesupport_introspection_cpp/vehicle_networking_interfaces/srv/detail/get_serial_port__type_support.cpp.o[0m
[3.921s] [ 27%] [32mBuilding CXX object CMakeFiles/vehicle_networking_interfaces__rosidl_typesupport_fastrtps_cpp.dir/rosidl_typesupport_fastrtps_cpp/vehicle_networking_interfaces/srv/detail/dds_fastrtps/get_serial_port__type_support.cpp.o[0m
[4.653s] [ 29%] [32mBuilding CXX object CMakeFiles/vehicle_networking_interfaces__rosidl_typesupport_cpp.dir/rosidl_typesupport_cpp/vehicle_networking_interfaces/srv/reset_serial_port__type_support.cpp.o[0m
[4.749s] [35m[1mScanning dependencies of target vehicle_networking_interfaces__rosidl_typesupport_introspection_c[0m
[4.781s] [ 31%] [32mBuilding C object CMakeFiles/vehicle_networking_interfaces__rosidl_typesupport_introspection_c.dir/rosidl_typesupport_introspection_c/vehicle_networking_interfaces/srv/detail/get_serial_port__type_support.c.o[0m
[4.910s] [ 34%] [32mBuilding CXX object CMakeFiles/vehicle_networking_interfaces__rosidl_typesupport_introspection_cpp.dir/rosidl_typesupport_introspection_cpp/vehicle_networking_interfaces/srv/detail/reset_serial_port__type_support.cpp.o[0m
[4.926s] [ 36%] [32mBuilding C object CMakeFiles/vehicle_networking_interfaces__rosidl_typesupport_introspection_c.dir/rosidl_typesupport_introspection_c/vehicle_networking_interfaces/srv/detail/reset_serial_port__type_support.c.o[0m
[5.022s] [ 38%] [32mBuilding C object CMakeFiles/vehicle_networking_interfaces__rosidl_typesupport_introspection_c.dir/rosidl_typesupport_introspection_c/vehicle_networking_interfaces/srv/detail/get_device_status__type_support.c.o[0m
[5.117s] [ 40%] [32m[1mLinking C shared library libvehicle_networking_interfaces__rosidl_typesupport_introspection_c.so[0m
[5.192s] [ 40%] Built target vehicle_networking_interfaces__rosidl_typesupport_introspection_c
[5.216s] [ 42%] [32mBuilding CXX object CMakeFiles/vehicle_networking_interfaces__rosidl_typesupport_introspection_cpp.dir/rosidl_typesupport_introspection_cpp/vehicle_networking_interfaces/srv/detail/get_device_status__type_support.cpp.o[0m
[5.217s] [ 44%] [32mBuilding CXX object CMakeFiles/vehicle_networking_interfaces__rosidl_typesupport_fastrtps_cpp.dir/rosidl_typesupport_fastrtps_cpp/vehicle_networking_interfaces/srv/detail/dds_fastrtps/reset_serial_port__type_support.cpp.o[0m
[5.527s] [ 46%] [32mBuilding CXX object CMakeFiles/vehicle_networking_interfaces__rosidl_typesupport_cpp.dir/rosidl_typesupport_cpp/vehicle_networking_interfaces/srv/get_device_status__type_support.cpp.o[0m
[5.718s] [ 48%] [34m[1mGenerating C type support dispatch for ROS interfaces[0m
[6.109s] [ 51%] [32m[1mLinking CXX shared library libvehicle_networking_interfaces__rosidl_typesupport_introspection_cpp.so[0m
[6.261s] [ 53%] [32m[1mLinking CXX shared library libvehicle_networking_interfaces__rosidl_typesupport_cpp.so[0m
[6.280s] [ 53%] Built target vehicle_networking_interfaces__rosidl_typesupport_introspection_cpp
[6.294s] [ 55%] [32mBuilding CXX object CMakeFiles/vehicle_networking_interfaces__rosidl_typesupport_fastrtps_cpp.dir/rosidl_typesupport_fastrtps_cpp/vehicle_networking_interfaces/srv/detail/dds_fastrtps/get_device_status__type_support.cpp.o[0m
[6.361s] [ 55%] Built target vehicle_networking_interfaces__rosidl_typesupport_cpp
[6.510s] [35m[1mScanning dependencies of target vehicle_networking_interfaces__rosidl_typesupport_c[0m
[6.538s] [ 57%] [32mBuilding CXX object CMakeFiles/vehicle_networking_interfaces__rosidl_typesupport_c.dir/rosidl_typesupport_c/vehicle_networking_interfaces/srv/reset_serial_port__type_support.cpp.o[0m
[6.539s] [ 59%] [32mBuilding CXX object CMakeFiles/vehicle_networking_interfaces__rosidl_typesupport_c.dir/rosidl_typesupport_c/vehicle_networking_interfaces/srv/get_device_status__type_support.cpp.o[0m
[6.554s] [ 61%] [32mBuilding CXX object CMakeFiles/vehicle_networking_interfaces__rosidl_typesupport_c.dir/rosidl_typesupport_c/vehicle_networking_interfaces/srv/get_serial_port__type_support.cpp.o[0m
[6.645s] [ 63%] [32m[1mLinking CXX shared library libvehicle_networking_interfaces__rosidl_typesupport_c.so[0m
[6.714s] [ 63%] Built target vehicle_networking_interfaces__rosidl_typesupport_c
[7.018s] [ 65%] [32m[1mLinking CXX shared library libvehicle_networking_interfaces__rosidl_typesupport_fastrtps_cpp.so[0m
[7.146s] [ 65%] Built target vehicle_networking_interfaces__rosidl_typesupport_fastrtps_cpp
[7.163s] [ 68%] [34m[1mGenerating C type support for eProsima Fast-RTPS[0m
[7.710s] [35m[1mScanning dependencies of target vehicle_networking_interfaces__rosidl_typesupport_fastrtps_c[0m
[7.738s] [ 70%] [32mBuilding CXX object CMakeFiles/vehicle_networking_interfaces__rosidl_typesupport_fastrtps_c.dir/rosidl_typesupport_fastrtps_c/vehicle_networking_interfaces/srv/detail/reset_serial_port__type_support_c.cpp.o[0m
[7.739s] [ 72%] [32mBuilding CXX object CMakeFiles/vehicle_networking_interfaces__rosidl_typesupport_fastrtps_c.dir/rosidl_typesupport_fastrtps_c/vehicle_networking_interfaces/srv/detail/get_serial_port__type_support_c.cpp.o[0m
[7.749s] [ 74%] [32mBuilding CXX object CMakeFiles/vehicle_networking_interfaces__rosidl_typesupport_fastrtps_c.dir/rosidl_typesupport_fastrtps_c/vehicle_networking_interfaces/srv/detail/get_device_status__type_support_c.cpp.o[0m
[8.557s] [ 76%] [32m[1mLinking CXX shared library libvehicle_networking_interfaces__rosidl_typesupport_fastrtps_c.so[0m
[8.691s] [ 76%] Built target vehicle_networking_interfaces__rosidl_typesupport_fastrtps_c
[8.721s] [ 76%] Built target vehicle_networking_interfaces
[8.736s] [35m[1mScanning dependencies of target vehicle_networking_interfaces__py[0m
[8.751s] [ 78%] [34m[1mGenerating Python code for ROS interfaces[0m
[9.942s] [ 78%] Built target vehicle_networking_interfaces__py
[9.959s] [35m[1mScanning dependencies of target vehicle_networking_interfaces__python[0m
[10.005s] [ 80%] [32mBuilding C object CMakeFiles/vehicle_networking_interfaces__python.dir/rosidl_generator_py/vehicle_networking_interfaces/srv/_get_serial_port_s.c.o[0m
[10.010s] [ 82%] [32mBuilding C object CMakeFiles/vehicle_networking_interfaces__python.dir/rosidl_generator_py/vehicle_networking_interfaces/srv/_reset_serial_port_s.c.o[0m
[10.017s] [ 85%] [32mBuilding C object CMakeFiles/vehicle_networking_interfaces__python.dir/rosidl_generator_py/vehicle_networking_interfaces/srv/_get_device_status_s.c.o[0m
[10.354s] [ 87%] [32m[1mLinking C shared library rosidl_generator_py/vehicle_networking_interfaces/libvehicle_networking_interfaces__python.so[0m
[10.429s] [ 87%] Built target vehicle_networking_interfaces__python
[10.462s] [35m[1mScanning dependencies of target vehicle_networking_interfaces__rosidl_typesupport_c__pyext[0m
[10.463s] [35m[1mScanning dependencies of target vehicle_networking_interfaces__rosidl_typesupport_introspection_c__pyext[0m
[10.464s] [35m[1mScanning dependencies of target vehicle_networking_interfaces__rosidl_typesupport_fastrtps_c__pyext[0m
[10.500s] [ 89%] [32mBuilding C object CMakeFiles/vehicle_networking_interfaces__rosidl_typesupport_c__pyext.dir/rosidl_generator_py/vehicle_networking_interfaces/_vehicle_networking_interfaces_s.ep.rosidl_typesupport_c.c.o[0m
[10.517s] [ 91%] [32mBuilding C object CMakeFiles/vehicle_networking_interfaces__rosidl_typesupport_fastrtps_c__pyext.dir/rosidl_generator_py/vehicle_networking_interfaces/_vehicle_networking_interfaces_s.ep.rosidl_typesupport_fastrtps_c.c.o[0m
[10.578s] [ 93%] [32mBuilding C object CMakeFiles/vehicle_networking_interfaces__rosidl_typesupport_introspection_c__pyext.dir/rosidl_generator_py/vehicle_networking_interfaces/_vehicle_networking_interfaces_s.ep.rosidl_typesupport_introspection_c.c.o[0m
[10.898s] [ 95%] [32m[1mLinking C shared library rosidl_generator_py/vehicle_networking_interfaces/vehicle_networking_interfaces_s__rosidl_typesupport_introspection_c.cpython-38-x86_64-linux-gnu.so[0m
[10.910s] [ 97%] [32m[1mLinking CXX shared library rosidl_generator_py/vehicle_networking_interfaces/vehicle_networking_interfaces_s__rosidl_typesupport_fastrtps_c.cpython-38-x86_64-linux-gnu.so[0m
[11.122s] [100%] [32m[1mLinking C shared library rosidl_generator_py/vehicle_networking_interfaces/vehicle_networking_interfaces_s__rosidl_typesupport_c.cpython-38-x86_64-linux-gnu.so[0m
[11.186s] [100%] Built target vehicle_networking_interfaces__rosidl_typesupport_introspection_c__pyext
[11.200s] [100%] Built target vehicle_networking_interfaces__rosidl_typesupport_c__pyext
[11.241s] [100%] Built target vehicle_networking_interfaces__rosidl_typesupport_fastrtps_c__pyext
[11.269s] Invoked command in '/root/build/vehicle_networking_interfaces' returned '0': CMAKE_PREFIX_PATH=${CMAKE_PREFIX_PATH}:/root/install/vehicle_networking:/opt/ros/foxy /usr/bin/cmake --build /root/build/vehicle_networking_interfaces -- -j4 -l4
[11.512s] Invoking command in '/root/build/vehicle_networking_interfaces': CMAKE_PREFIX_PATH=${CMAKE_PREFIX_PATH}:/root/install/vehicle_networking:/opt/ros/foxy /usr/bin/cmake --install /root/build/vehicle_networking_interfaces
[11.535s] -- Install configuration: ""
[11.535s] -- Installing: /root/install/vehicle_networking_interfaces/share/ament_index/resource_index/rosidl_interfaces/vehicle_networking_interfaces
[11.536s] -- Up-to-date: /root/install/vehicle_networking_interfaces/include/vehicle_networking_interfaces
[11.536s] -- Up-to-date: /root/install/vehicle_networking_interfaces/include/vehicle_networking_interfaces/msg
[11.536s] -- Up-to-date: /root/install/vehicle_networking_interfaces/include/vehicle_networking_interfaces/msg/rosidl_generator_c__visibility_control.h
[11.536s] -- Up-to-date: /root/install/vehicle_networking_interfaces/include/vehicle_networking_interfaces/srv
[11.536s] -- Installing: /root/install/vehicle_networking_interfaces/include/vehicle_networking_interfaces/srv/get_device_status.h
[11.537s] -- Installing: /root/install/vehicle_networking_interfaces/include/vehicle_networking_interfaces/srv/reset_serial_port.h
[11.537s] -- Installing: /root/install/vehicle_networking_interfaces/include/vehicle_networking_interfaces/srv/get_serial_port.h
[11.537s] -- Up-to-date: /root/install/vehicle_networking_interfaces/include/vehicle_networking_interfaces/srv/detail
[11.538s] -- Installing: /root/install/vehicle_networking_interfaces/include/vehicle_networking_interfaces/srv/detail/reset_serial_port__functions.c
[11.538s] -- Installing: /root/install/vehicle_networking_interfaces/include/vehicle_networking_interfaces/srv/detail/get_serial_port__functions.c
[11.538s] -- Installing: /root/install/vehicle_networking_interfaces/include/vehicle_networking_interfaces/srv/detail/reset_serial_port__type_support.h
[11.538s] -- Installing: /root/install/vehicle_networking_interfaces/include/vehicle_networking_interfaces/srv/detail/get_serial_port__functions.h
[11.538s] -- Installing: /root/install/vehicle_networking_interfaces/include/vehicle_networking_interfaces/srv/detail/get_device_status__struct.h
[11.539s] -- Installing: /root/install/vehicle_networking_interfaces/include/vehicle_networking_interfaces/srv/detail/reset_serial_port__functions.h
[11.539s] -- Installing: /root/install/vehicle_networking_interfaces/include/vehicle_networking_interfaces/srv/detail/get_serial_port__type_support.h
[11.539s] -- Installing: /root/install/vehicle_networking_interfaces/include/vehicle_networking_interfaces/srv/detail/get_device_status__functions.h
[11.539s] -- Installing: /root/install/vehicle_networking_interfaces/include/vehicle_networking_interfaces/srv/detail/get_serial_port__struct.h
[11.539s] -- Installing: /root/install/vehicle_networking_interfaces/include/vehicle_networking_interfaces/srv/detail/get_device_status__functions.c
[11.540s] -- Installing: /root/install/vehicle_networking_interfaces/include/vehicle_networking_interfaces/srv/detail/get_device_status__type_support.h
[11.540s] -- Installing: /root/install/vehicle_networking_interfaces/include/vehicle_networking_interfaces/srv/detail/reset_serial_port__struct.h
[11.540s] -- Up-to-date: /root/install/vehicle_networking_interfaces/share/vehicle_networking_interfaces/environment/library_path.sh
[11.540s] -- Installing: /root/install/vehicle_networking_interfaces/share/vehicle_networking_interfaces/environment/library_path.dsv
[11.540s] -- Installing: /root/install/vehicle_networking_interfaces/lib/libvehicle_networking_interfaces__rosidl_generator_c.so
[11.541s] -- Set runtime path of "/root/install/vehicle_networking_interfaces/lib/libvehicle_networking_interfaces__rosidl_generator_c.so" to ""
[11.542s] -- Up-to-date: /root/install/vehicle_networking_interfaces/include/vehicle_networking_interfaces
[11.542s] -- Up-to-date: /root/install/vehicle_networking_interfaces/include/vehicle_networking_interfaces/msg
[11.542s] -- Up-to-date: /root/install/vehicle_networking_interfaces/include/vehicle_networking_interfaces/msg/rosidl_typesupport_fastrtps_c__visibility_control.h
[11.542s] -- Up-to-date: /root/install/vehicle_networking_interfaces/include/vehicle_networking_interfaces/srv
[11.542s] -- Up-to-date: /root/install/vehicle_networking_interfaces/include/vehicle_networking_interfaces/srv/detail
[11.543s] -- Installing: /root/install/vehicle_networking_interfaces/include/vehicle_networking_interfaces/srv/detail/reset_serial_port__rosidl_typesupport_fastrtps_c.h
[11.543s] -- Installing: /root/install/vehicle_networking_interfaces/include/vehicle_networking_interfaces/srv/detail/get_device_status__rosidl_typesupport_fastrtps_c.h
[11.543s] -- Installing: /root/install/vehicle_networking_interfaces/include/vehicle_networking_interfaces/srv/detail/get_serial_port__rosidl_typesupport_fastrtps_c.h
[11.543s] -- Installing: /root/install/vehicle_networking_interfaces/lib/libvehicle_networking_interfaces__rosidl_typesupport_fastrtps_c.so
[11.544s] -- Set runtime path of "/root/install/vehicle_networking_interfaces/lib/libvehicle_networking_interfaces__rosidl_typesupport_fastrtps_c.so" to ""
[11.545s] -- Up-to-date: /root/install/vehicle_networking_interfaces/include/vehicle_networking_interfaces
[11.545s] -- Up-to-date: /root/install/vehicle_networking_interfaces/include/vehicle_networking_interfaces/msg
[11.545s] -- Up-to-date: /root/install/vehicle_networking_interfaces/include/vehicle_networking_interfaces/msg/rosidl_typesupport_fastrtps_cpp__visibility_control.h
[11.545s] -- Up-to-date: /root/install/vehicle_networking_interfaces/include/vehicle_networking_interfaces/srv
[11.545s] -- Up-to-date: /root/install/vehicle_networking_interfaces/include/vehicle_networking_interfaces/srv/detail
[11.546s] -- Installing: /root/install/vehicle_networking_interfaces/include/vehicle_networking_interfaces/srv/detail/get_device_status__rosidl_typesupport_fastrtps_cpp.hpp
[11.546s] -- Installing: /root/install/vehicle_networking_interfaces/include/vehicle_networking_interfaces/srv/detail/get_serial_port__rosidl_typesupport_fastrtps_cpp.hpp
[11.546s] -- Installing: /root/install/vehicle_networking_interfaces/include/vehicle_networking_interfaces/srv/detail/reset_serial_port__rosidl_typesupport_fastrtps_cpp.hpp
[11.546s] -- Up-to-date: /root/install/vehicle_networking_interfaces/include/vehicle_networking_interfaces/srv/detail/dds_fastrtps
[11.546s] -- Installing: /root/install/vehicle_networking_interfaces/lib/libvehicle_networking_interfaces__rosidl_typesupport_fastrtps_cpp.so
[11.547s] -- Set runtime path of "/root/install/vehicle_networking_interfaces/lib/libvehicle_networking_interfaces__rosidl_typesupport_fastrtps_cpp.so" to ""
[11.547s] -- Up-to-date: /root/install/vehicle_networking_interfaces/include/vehicle_networking_interfaces
[11.548s] -- Up-to-date: /root/install/vehicle_networking_interfaces/include/vehicle_networking_interfaces/msg
[11.548s] -- Up-to-date: /root/install/vehicle_networking_interfaces/include/vehicle_networking_interfaces/msg/rosidl_typesupport_introspection_c__visibility_control.h
[11.548s] -- Up-to-date: /root/install/vehicle_networking_interfaces/include/vehicle_networking_interfaces/srv
[11.548s] -- Up-to-date: /root/install/vehicle_networking_interfaces/include/vehicle_networking_interfaces/srv/detail
[11.548s] -- Installing: /root/install/vehicle_networking_interfaces/include/vehicle_networking_interfaces/srv/detail/get_serial_port__type_support.c
[11.549s] -- Installing: /root/install/vehicle_networking_interfaces/include/vehicle_networking_interfaces/srv/detail/reset_serial_port__rosidl_typesupport_introspection_c.h
[11.549s] -- Installing: /root/install/vehicle_networking_interfaces/include/vehicle_networking_interfaces/srv/detail/reset_serial_port__type_support.c
[11.549s] -- Installing: /root/install/vehicle_networking_interfaces/include/vehicle_networking_interfaces/srv/detail/get_serial_port__rosidl_typesupport_introspection_c.h
[11.549s] -- Installing: /root/install/vehicle_networking_interfaces/include/vehicle_networking_interfaces/srv/detail/get_device_status__rosidl_typesupport_introspection_c.h
[11.549s] -- Installing: /root/install/vehicle_networking_interfaces/include/vehicle_networking_interfaces/srv/detail/get_device_status__type_support.c
[11.550s] -- Installing: /root/install/vehicle_networking_interfaces/lib/libvehicle_networking_interfaces__rosidl_typesupport_introspection_c.so
[11.551s] -- Set runtime path of "/root/install/vehicle_networking_interfaces/lib/libvehicle_networking_interfaces__rosidl_typesupport_introspection_c.so" to ""
[11.551s] -- Installing: /root/install/vehicle_networking_interfaces/lib/libvehicle_networking_interfaces__rosidl_typesupport_c.so
[11.552s] -- Set runtime path of "/root/install/vehicle_networking_interfaces/lib/libvehicle_networking_interfaces__rosidl_typesupport_c.so" to ""
[11.552s] -- Up-to-date: /root/install/vehicle_networking_interfaces/include/vehicle_networking_interfaces
[11.553s] -- Up-to-date: /root/install/vehicle_networking_interfaces/include/vehicle_networking_interfaces/msg
[11.553s] -- Up-to-date: /root/install/vehicle_networking_interfaces/include/vehicle_networking_interfaces/msg/rosidl_generator_cpp__visibility_control.hpp
[11.553s] -- Up-to-date: /root/install/vehicle_networking_interfaces/include/vehicle_networking_interfaces/srv
[11.553s] -- Installing: /root/install/vehicle_networking_interfaces/include/vehicle_networking_interfaces/srv/get_serial_port.hpp
[11.553s] -- Installing: /root/install/vehicle_networking_interfaces/include/vehicle_networking_interfaces/srv/get_device_status.hpp
[11.554s] -- Installing: /root/install/vehicle_networking_interfaces/include/vehicle_networking_interfaces/srv/reset_serial_port.hpp
[11.554s] -- Up-to-date: /root/install/vehicle_networking_interfaces/include/vehicle_networking_interfaces/srv/detail
[11.554s] -- Installing: /root/install/vehicle_networking_interfaces/include/vehicle_networking_interfaces/srv/detail/get_serial_port__type_support.hpp
[11.554s] -- Installing: /root/install/vehicle_networking_interfaces/include/vehicle_networking_interfaces/srv/detail/get_device_status__traits.hpp
[11.554s] -- Installing: /root/install/vehicle_networking_interfaces/include/vehicle_networking_interfaces/srv/detail/get_serial_port__traits.hpp
[11.555s] -- Installing: /root/install/vehicle_networking_interfaces/include/vehicle_networking_interfaces/srv/detail/get_serial_port__struct.hpp
[11.555s] -- Installing: /root/install/vehicle_networking_interfaces/include/vehicle_networking_interfaces/srv/detail/reset_serial_port__traits.hpp
[11.555s] -- Installing: /root/install/vehicle_networking_interfaces/include/vehicle_networking_interfaces/srv/detail/get_serial_port__builder.hpp
[11.555s] -- Installing: /root/install/vehicle_networking_interfaces/include/vehicle_networking_interfaces/srv/detail/reset_serial_port__struct.hpp
[11.555s] -- Installing: /root/install/vehicle_networking_interfaces/include/vehicle_networking_interfaces/srv/detail/get_device_status__builder.hpp
[11.556s] -- Installing: /root/install/vehicle_networking_interfaces/include/vehicle_networking_interfaces/srv/detail/reset_serial_port__builder.hpp
[11.556s] -- Installing: /root/install/vehicle_networking_interfaces/include/vehicle_networking_interfaces/srv/detail/get_device_status__type_support.hpp
[11.556s] -- Installing: /root/install/vehicle_networking_interfaces/include/vehicle_networking_interfaces/srv/detail/reset_serial_port__type_support.hpp
[11.556s] -- Installing: /root/install/vehicle_networking_interfaces/include/vehicle_networking_interfaces/srv/detail/get_device_status__struct.hpp
[11.556s] -- Up-to-date: /root/install/vehicle_networking_interfaces/include/vehicle_networking_interfaces
[11.557s] -- Up-to-date: /root/install/vehicle_networking_interfaces/include/vehicle_networking_interfaces/srv
[11.557s] -- Up-to-date: /root/install/vehicle_networking_interfaces/include/vehicle_networking_interfaces/srv/detail
[11.557s] -- Installing: /root/install/vehicle_networking_interfaces/include/vehicle_networking_interfaces/srv/detail/get_serial_port__rosidl_typesupport_introspection_cpp.hpp
[11.557s] -- Installing: /root/install/vehicle_networking_interfaces/include/vehicle_networking_interfaces/srv/detail/get_device_status__type_support.cpp
[11.557s] -- Installing: /root/install/vehicle_networking_interfaces/include/vehicle_networking_interfaces/srv/detail/reset_serial_port__rosidl_typesupport_introspection_cpp.hpp
[11.558s] -- Installing: /root/install/vehicle_networking_interfaces/include/vehicle_networking_interfaces/srv/detail/get_device_status__rosidl_typesupport_introspection_cpp.hpp
[11.558s] -- Installing: /root/install/vehicle_networking_interfaces/include/vehicle_networking_interfaces/srv/detail/reset_serial_port__type_support.cpp
[11.558s] -- Installing: /root/install/vehicle_networking_interfaces/include/vehicle_networking_interfaces/srv/detail/get_serial_port__type_support.cpp
[11.558s] -- Installing: /root/install/vehicle_networking_interfaces/lib/libvehicle_networking_interfaces__rosidl_typesupport_introspection_cpp.so
[11.559s] -- Set runtime path of "/root/install/vehicle_networking_interfaces/lib/libvehicle_networking_interfaces__rosidl_typesupport_introspection_cpp.so" to ""
[11.560s] -- Installing: /root/install/vehicle_networking_interfaces/lib/libvehicle_networking_interfaces__rosidl_typesupport_cpp.so
[11.561s] -- Set runtime path of "/root/install/vehicle_networking_interfaces/lib/libvehicle_networking_interfaces__rosidl_typesupport_cpp.so" to ""
[11.561s] -- Up-to-date: /root/install/vehicle_networking_interfaces/share/vehicle_networking_interfaces/environment/pythonpath.sh
[11.562s] -- Installing: /root/install/vehicle_networking_interfaces/share/vehicle_networking_interfaces/environment/pythonpath.dsv
[11.562s] -- Installing: /root/install/vehicle_networking_interfaces/lib/python3.8/site-packages/vehicle_networking_interfaces/__init__.py
[11.625s] Compiling '/root/install/vehicle_networking_interfaces/lib/python3.8/site-packages/vehicle_networking_interfaces/__init__.py'...
[11.635s] -- Up-to-date: /root/install/vehicle_networking_interfaces/lib/python3.8/site-packages/vehicle_networking_interfaces/srv
[11.635s] -- Installing: /root/install/vehicle_networking_interfaces/lib/python3.8/site-packages/vehicle_networking_interfaces/srv/_reset_serial_port_s.c
[11.635s] -- Installing: /root/install/vehicle_networking_interfaces/lib/python3.8/site-packages/vehicle_networking_interfaces/srv/_reset_serial_port.py
[11.635s] -- Installing: /root/install/vehicle_networking_interfaces/lib/python3.8/site-packages/vehicle_networking_interfaces/srv/_get_serial_port_s.c
[11.635s] -- Installing: /root/install/vehicle_networking_interfaces/lib/python3.8/site-packages/vehicle_networking_interfaces/srv/_get_device_status.py
[11.635s] -- Installing: /root/install/vehicle_networking_interfaces/lib/python3.8/site-packages/vehicle_networking_interfaces/srv/__init__.py
[11.635s] -- Installing: /root/install/vehicle_networking_interfaces/lib/python3.8/site-packages/vehicle_networking_interfaces/srv/_get_device_status_s.c
[11.635s] -- Installing: /root/install/vehicle_networking_interfaces/lib/python3.8/site-packages/vehicle_networking_interfaces/srv/_get_serial_port.py
[11.639s] -- Installing: /root/install/vehicle_networking_interfaces/lib/python3.8/site-packages/vehicle_networking_interfaces/vehicle_networking_interfaces_s__rosidl_typesupport_fastrtps_c.cpython-38-x86_64-linux-gnu.so
[11.639s] -- Set runtime path of "/root/install/vehicle_networking_interfaces/lib/python3.8/site-packages/vehicle_networking_interfaces/vehicle_networking_interfaces_s__rosidl_typesupport_fastrtps_c.cpython-38-x86_64-linux-gnu.so" to ""
[11.641s] -- Installing: /root/install/vehicle_networking_interfaces/lib/python3.8/site-packages/vehicle_networking_interfaces/vehicle_networking_interfaces_s__rosidl_typesupport_introspection_c.cpython-38-x86_64-linux-gnu.so
[11.642s] -- Set runtime path of "/root/install/vehicle_networking_interfaces/lib/python3.8/site-packages/vehicle_networking_interfaces/vehicle_networking_interfaces_s__rosidl_typesupport_introspection_c.cpython-38-x86_64-linux-gnu.so" to ""
[11.644s] -- Installing: /root/install/vehicle_networking_interfaces/lib/python3.8/site-packages/vehicle_networking_interfaces/vehicle_networking_interfaces_s__rosidl_typesupport_c.cpython-38-x86_64-linux-gnu.so
[11.644s] -- Set runtime path of "/root/install/vehicle_networking_interfaces/lib/python3.8/site-packages/vehicle_networking_interfaces/vehicle_networking_interfaces_s__rosidl_typesupport_c.cpython-38-x86_64-linux-gnu.so" to ""
[11.647s] -- Installing: /root/install/vehicle_networking_interfaces/lib/libvehicle_networking_interfaces__python.so
[11.647s] -- Set runtime path of "/root/install/vehicle_networking_interfaces/lib/libvehicle_networking_interfaces__python.so" to ""
[11.647s] -- Up-to-date: /root/install/vehicle_networking_interfaces/share/vehicle_networking_interfaces/srv/GetSerialPort.idl
[11.647s] -- Up-to-date: /root/install/vehicle_networking_interfaces/share/vehicle_networking_interfaces/srv/ResetSerialPort.idl
[11.648s] -- Installing: /root/install/vehicle_networking_interfaces/share/vehicle_networking_interfaces/srv/GetDeviceStatus.idl
[11.649s] -- Up-to-date: /root/install/vehicle_networking_interfaces/share/vehicle_networking_interfaces/srv/GetSerialPort.srv
[11.649s] -- Up-to-date: /root/install/vehicle_networking_interfaces/share/vehicle_networking_interfaces/srv/GetSerialPort_Request.msg
[11.650s] -- Up-to-date: /root/install/vehicle_networking_interfaces/share/vehicle_networking_interfaces/srv/GetSerialPort_Response.msg
[11.650s] -- Up-to-date: /root/install/vehicle_networking_interfaces/share/vehicle_networking_interfaces/srv/ResetSerialPort.srv
[11.650s] -- Up-to-date: /root/install/vehicle_networking_interfaces/share/vehicle_networking_interfaces/srv/ResetSerialPort_Request.msg
[11.650s] -- Up-to-date: /root/install/vehicle_networking_interfaces/share/vehicle_networking_interfaces/srv/ResetSerialPort_Response.msg
[11.651s] -- Installing: /root/install/vehicle_networking_interfaces/share/vehicle_networking_interfaces/srv/GetDeviceStatus.srv
[11.651s] -- Installing: /root/install/vehicle_networking_interfaces/share/vehicle_networking_interfaces/srv/GetDeviceStatus_Request.msg
[11.651s] -- Installing: /root/install/vehicle_networking_interfaces/share/vehicle_networking_interfaces/srv/GetDeviceStatus_Response.msg
[11.651s] -- Up-to-date: /root/install/vehicle_networking_interfaces/share/ament_index/resource_index/package_run_dependencies/vehicle_networking_interfaces
[11.651s] -- Installing: /root/install/vehicle_networking_interfaces/share/ament_index/resource_index/parent_prefix_path/vehicle_networking_interfaces
[11.652s] -- Up-to-date: /root/install/vehicle_networking_interfaces/share/vehicle_networking_interfaces/environment/ament_prefix_path.sh
[11.653s] -- Installing: /root/install/vehicle_networking_interfaces/share/vehicle_networking_interfaces/environment/ament_prefix_path.dsv
[11.653s] -- Up-to-date: /root/install/vehicle_networking_interfaces/share/vehicle_networking_interfaces/environment/path.sh
[11.653s] -- Installing: /root/install/vehicle_networking_interfaces/share/vehicle_networking_interfaces/environment/path.dsv
[11.654s] -- Up-to-date: /root/install/vehicle_networking_interfaces/share/vehicle_networking_interfaces/local_setup.bash
[11.654s] -- Up-to-date: /root/install/vehicle_networking_interfaces/share/vehicle_networking_interfaces/local_setup.sh
[11.654s] -- Up-to-date: /root/install/vehicle_networking_interfaces/share/vehicle_networking_interfaces/local_setup.zsh
[11.655s] -- Installing: /root/install/vehicle_networking_interfaces/share/vehicle_networking_interfaces/local_setup.dsv
[11.655s] -- Installing: /root/install/vehicle_networking_interfaces/share/vehicle_networking_interfaces/package.dsv
[11.655s] -- Up-to-date: /root/install/vehicle_networking_interfaces/share/ament_index/resource_index/packages/vehicle_networking_interfaces
[11.656s] -- Up-to-date: /root/install/vehicle_networking_interfaces/share/vehicle_networking_interfaces/cmake/vehicle_networking_interfaces__rosidl_generator_cExport.cmake
[11.656s] -- Installing: /root/install/vehicle_networking_interfaces/share/vehicle_networking_interfaces/cmake/vehicle_networking_interfaces__rosidl_generator_cExport-noconfig.cmake
[11.657s] -- Up-to-date: /root/install/vehicle_networking_interfaces/share/vehicle_networking_interfaces/cmake/vehicle_networking_interfaces__rosidl_typesupport_introspection_cExport.cmake
[11.657s] -- Installing: /root/install/vehicle_networking_interfaces/share/vehicle_networking_interfaces/cmake/vehicle_networking_interfaces__rosidl_typesupport_introspection_cExport-noconfig.cmake
[11.658s] -- Up-to-date: /root/install/vehicle_networking_interfaces/share/vehicle_networking_interfaces/cmake/vehicle_networking_interfaces__rosidl_typesupport_cExport.cmake
[11.659s] -- Installing: /root/install/vehicle_networking_interfaces/share/vehicle_networking_interfaces/cmake/vehicle_networking_interfaces__rosidl_typesupport_cExport-noconfig.cmake
[11.660s] -- Up-to-date: /root/install/vehicle_networking_interfaces/share/vehicle_networking_interfaces/cmake/vehicle_networking_interfaces__rosidl_generator_cppExport.cmake
[11.660s] -- Up-to-date: /root/install/vehicle_networking_interfaces/share/vehicle_networking_interfaces/cmake/vehicle_networking_interfaces__rosidl_typesupport_introspection_cppExport.cmake
[11.661s] -- Installing: /root/install/vehicle_networking_interfaces/share/vehicle_networking_interfaces/cmake/vehicle_networking_interfaces__rosidl_typesupport_introspection_cppExport-noconfig.cmake
[11.662s] -- Up-to-date: /root/install/vehicle_networking_interfaces/share/vehicle_networking_interfaces/cmake/vehicle_networking_interfaces__rosidl_typesupport_cppExport.cmake
[11.662s] -- Installing: /root/install/vehicle_networking_interfaces/share/vehicle_networking_interfaces/cmake/vehicle_networking_interfaces__rosidl_typesupport_cppExport-noconfig.cmake
[11.663s] -- Installing: /root/install/vehicle_networking_interfaces/share/vehicle_networking_interfaces/cmake/rosidl_cmake-extras.cmake
[11.664s] -- Up-to-date: /root/install/vehicle_networking_interfaces/share/vehicle_networking_interfaces/cmake/ament_cmake_export_dependencies-extras.cmake
[11.665s] -- Up-to-date: /root/install/vehicle_networking_interfaces/share/vehicle_networking_interfaces/cmake/ament_cmake_export_libraries-extras.cmake
[11.666s] -- Up-to-date: /root/install/vehicle_networking_interfaces/share/vehicle_networking_interfaces/cmake/ament_cmake_export_targets-extras.cmake
[11.666s] -- Up-to-date: /root/install/vehicle_networking_interfaces/share/vehicle_networking_interfaces/cmake/ament_cmake_export_include_directories-extras.cmake
[11.666s] -- Up-to-date: /root/install/vehicle_networking_interfaces/share/vehicle_networking_interfaces/cmake/rosidl_cmake_export_typesupport_libraries-extras.cmake
[11.666s] -- Up-to-date: /root/install/vehicle_networking_interfaces/share/vehicle_networking_interfaces/cmake/rosidl_cmake_export_typesupport_targets-extras.cmake
[11.667s] -- Up-to-date: /root/install/vehicle_networking_interfaces/share/vehicle_networking_interfaces/cmake/vehicle_networking_interfacesConfig.cmake
[11.667s] -- Up-to-date: /root/install/vehicle_networking_interfaces/share/vehicle_networking_interfaces/cmake/vehicle_networking_interfacesConfig-version.cmake
[11.668s] -- Installing: /root/install/vehicle_networking_interfaces/share/vehicle_networking_interfaces/package.xml
[11.673s] Invoked command in '/root/build/vehicle_networking_interfaces' returned '0': CMAKE_PREFIX_PATH=${CMAKE_PREFIX_PATH}:/root/install/vehicle_networking:/opt/ros/foxy /usr/bin/cmake --install /root/build/vehicle_networking_interfaces
