[2.962s] Invoking command in '/home/ethanreynolds/vscode/robot-rover-2025/code/system/ros2/src/vehicle_packet_manager': PYTHONPATH=/home/ethanreynolds/vscode/robot-rover-2025/code/system/ros2/build/vehicle_packet_manager/prefix_override:/usr/lib/python3/dist-packages/colcon_core/task/python/colcon_distutils_commands:/home/ethanreynolds/vscode/robot-rover-2025/code/system/ros2/install/vehicle_packet_manager/lib/python3.8/site-packages:${PYTHONPATH} /usr/bin/python3 -W ignore:setup.py install is deprecated -W ignore:easy_install command is deprecated setup.py egg_info --egg-base ../../build/vehicle_packet_manager build --build-base /home/ethanreynolds/vscode/robot-rover-2025/code/system/ros2/build/vehicle_packet_manager/build install --record /home/ethanreynolds/vscode/robot-rover-2025/code/system/ros2/build/vehicle_packet_manager/install.log --install-scripts $base/lib/vehicle_packet_manager --single-version-externally-managed install_data
[3.435s] running egg_info
[3.440s] creating ../../build/vehicle_packet_manager/vehicle_packet_manager.egg-info
[3.441s] writing ../../build/vehicle_packet_manager/vehicle_packet_manager.egg-info/PKG-INFO
[3.441s] writing dependency_links to ../../build/vehicle_packet_manager/vehicle_packet_manager.egg-info/dependency_links.txt
[3.442s] writing entry points to ../../build/vehicle_packet_manager/vehicle_packet_manager.egg-info/entry_points.txt
[3.442s] writing requirements to ../../build/vehicle_packet_manager/vehicle_packet_manager.egg-info/requires.txt
[3.442s] writing top-level names to ../../build/vehicle_packet_manager/vehicle_packet_manager.egg-info/top_level.txt
[3.442s] writing manifest file '../../build/vehicle_packet_manager/vehicle_packet_manager.egg-info/SOURCES.txt'
[3.517s] reading manifest file '../../build/vehicle_packet_manager/vehicle_packet_manager.egg-info/SOURCES.txt'
[3.519s] writing manifest file '../../build/vehicle_packet_manager/vehicle_packet_manager.egg-info/SOURCES.txt'
[3.519s] running build
[3.519s] running build_py
[3.520s] creating /home/ethanreynolds/vscode/robot-rover-2025/code/system/ros2/build/vehicle_packet_manager/build
[3.520s] creating /home/ethanreynolds/vscode/robot-rover-2025/code/system/ros2/build/vehicle_packet_manager/build/lib
[3.520s] creating /home/ethanreynolds/vscode/robot-rover-2025/code/system/ros2/build/vehicle_packet_manager/build/lib/vehicle_packet_manager
[3.521s] copying vehicle_packet_manager/__init__.py -> /home/ethanreynolds/vscode/robot-rover-2025/code/system/ros2/build/vehicle_packet_manager/build/lib/vehicle_packet_manager
[3.521s] running install
[3.522s] running install_lib
[3.524s] creating /home/ethanreynolds/vscode/robot-rover-2025/code/system/ros2/install/vehicle_packet_manager/lib/python3.8/site-packages/vehicle_packet_manager
[3.524s] copying /home/ethanreynolds/vscode/robot-rover-2025/code/system/ros2/build/vehicle_packet_manager/build/lib/vehicle_packet_manager/__init__.py -> /home/ethanreynolds/vscode/robot-rover-2025/code/system/ros2/install/vehicle_packet_manager/lib/python3.8/site-packages/vehicle_packet_manager
[3.525s] byte-compiling /home/ethanreynolds/vscode/robot-rover-2025/code/system/ros2/install/vehicle_packet_manager/lib/python3.8/site-packages/vehicle_packet_manager/__init__.py to __init__.cpython-38.pyc
[3.528s] running install_data
[3.528s] creating /home/ethanreynolds/vscode/robot-rover-2025/code/system/ros2/install/vehicle_packet_manager/share/ament_index
[3.529s] creating /home/ethanreynolds/vscode/robot-rover-2025/code/system/ros2/install/vehicle_packet_manager/share/ament_index/resource_index
[3.529s] creating /home/ethanreynolds/vscode/robot-rover-2025/code/system/ros2/install/vehicle_packet_manager/share/ament_index/resource_index/packages
[3.529s] copying resource/vehicle_packet_manager -> /home/ethanreynolds/vscode/robot-rover-2025/code/system/ros2/install/vehicle_packet_manager/share/ament_index/resource_index/packages
[3.529s] copying package.xml -> /home/ethanreynolds/vscode/robot-rover-2025/code/system/ros2/install/vehicle_packet_manager/share/vehicle_packet_manager
[3.529s] running install_egg_info
[3.533s] Copying ../../build/vehicle_packet_manager/vehicle_packet_manager.egg-info to /home/ethanreynolds/vscode/robot-rover-2025/code/system/ros2/install/vehicle_packet_manager/lib/python3.8/site-packages/vehicle_packet_manager-0.0.0-py3.8.egg-info
[3.535s] running install_scripts
[3.573s] writing list of installed files to '/home/ethanreynolds/vscode/robot-rover-2025/code/system/ros2/build/vehicle_packet_manager/install.log'
[3.631s] Invoked command in '/home/ethanreynolds/vscode/robot-rover-2025/code/system/ros2/src/vehicle_packet_manager' returned '0': PYTHONPATH=/home/ethanreynolds/vscode/robot-rover-2025/code/system/ros2/build/vehicle_packet_manager/prefix_override:/usr/lib/python3/dist-packages/colcon_core/task/python/colcon_distutils_commands:/home/ethanreynolds/vscode/robot-rover-2025/code/system/ros2/install/vehicle_packet_manager/lib/python3.8/site-packages:${PYTHONPATH} /usr/bin/python3 -W ignore:setup.py install is deprecated -W ignore:easy_install command is deprecated setup.py egg_info --egg-base ../../build/vehicle_packet_manager build --build-base /home/ethanreynolds/vscode/robot-rover-2025/code/system/ros2/build/vehicle_packet_manager/build install --record /home/ethanreynolds/vscode/robot-rover-2025/code/system/ros2/build/vehicle_packet_manager/install.log --install-scripts $base/lib/vehicle_packet_manager --single-version-externally-managed install_data
