[1.213s] Invoking command in '/root/src/vehicle_networking': PYTHONPATH=/root/build/vehicle_networking/prefix_override:/root/install/vehicle_networking/lib/python3.8/site-packages:${PYTHONPATH} /usr/bin/python3 setup.py egg_info --egg-base ../../build/vehicle_networking build --build-base /root/build/vehicle_networking/build install --record /root/build/vehicle_networking/install.log --install-scripts $base/lib/vehicle_networking --single-version-externally-managed
[1.486s] running egg_info
[1.487s] writing ../../build/vehicle_networking/vehicle_networking.egg-info/PKG-INFO
[1.487s] writing dependency_links to ../../build/vehicle_networking/vehicle_networking.egg-info/dependency_links.txt
[1.487s] writing entry points to ../../build/vehicle_networking/vehicle_networking.egg-info/entry_points.txt
[1.487s] writing requirements to ../../build/vehicle_networking/vehicle_networking.egg-info/requires.txt
[1.488s] writing top-level names to ../../build/vehicle_networking/vehicle_networking.egg-info/top_level.txt
[1.533s] reading manifest file '../../build/vehicle_networking/vehicle_networking.egg-info/SOURCES.txt'
[1.535s] writing manifest file '../../build/vehicle_networking/vehicle_networking.egg-info/SOURCES.txt'
[1.536s] running build
[1.537s] running build_py
[1.537s] copying vehicle_networking/serial_manager.py -> /root/build/vehicle_networking/build/lib/vehicle_networking
[1.538s] running install
[1.539s] running install_lib
[1.541s] copying /root/build/vehicle_networking/build/lib/vehicle_networking/serial_manager.py -> /root/install/vehicle_networking/lib/python3.8/site-packages/vehicle_networking
[1.542s] byte-compiling /root/install/vehicle_networking/lib/python3.8/site-packages/vehicle_networking/serial_manager.py to serial_manager.cpython-38.pyc
[1.547s] running install_data
[1.548s] running install_egg_info
[1.551s] removing '/root/install/vehicle_networking/lib/python3.8/site-packages/vehicle_networking-0.0.0-py3.8.egg-info' (and everything under it)
[1.551s] Copying ../../build/vehicle_networking/vehicle_networking.egg-info to /root/install/vehicle_networking/lib/python3.8/site-packages/vehicle_networking-0.0.0-py3.8.egg-info
[1.552s] running install_scripts
[1.574s] Installing control_serial_interface script to /root/install/vehicle_networking/lib/vehicle_networking
[1.574s] Installing serial_manager script to /root/install/vehicle_networking/lib/vehicle_networking
[1.575s] writing list of installed files to '/root/build/vehicle_networking/install.log'
[1.607s] Invoked command in '/root/src/vehicle_networking' returned '0': PYTHONPATH=/root/build/vehicle_networking/prefix_override:/root/install/vehicle_networking/lib/python3.8/site-packages:${PYTHONPATH} /usr/bin/python3 setup.py egg_info --egg-base ../../build/vehicle_networking build --build-base /root/build/vehicle_networking/build install --record /root/build/vehicle_networking/install.log --install-scripts $base/lib/vehicle_networking --single-version-externally-managed
