[1.718s] Invoking command in '/home/ethanreynolds/vscode/robot-rover-2025/code/system/ros2/src/vehicle_simulation': PYTHONPATH=/home/ethanreynolds/vscode/robot-rover-2025/code/system/ros2/build/vehicle_simulation/prefix_override:/usr/lib/python3/dist-packages/colcon_core/task/python/colcon_distutils_commands:/home/ethanreynolds/vscode/robot-rover-2025/code/system/ros2/install/vehicle_simulation/lib/python3.8/site-packages:${PYTHONPATH} /usr/bin/python3 -W ignore:setup.py install is deprecated -W ignore:easy_install command is deprecated setup.py egg_info --egg-base ../../build/vehicle_simulation build --build-base /home/ethanreynolds/vscode/robot-rover-2025/code/system/ros2/build/vehicle_simulation/build install --record /home/ethanreynolds/vscode/robot-rover-2025/code/system/ros2/build/vehicle_simulation/install.log --install-scripts $base/lib/vehicle_simulation --single-version-externally-managed install_data
[2.143s] running egg_info
[2.145s] writing ../../build/vehicle_simulation/vehicle_simulation.egg-info/PKG-INFO
[2.145s] writing dependency_links to ../../build/vehicle_simulation/vehicle_simulation.egg-info/dependency_links.txt
[2.146s] writing entry points to ../../build/vehicle_simulation/vehicle_simulation.egg-info/entry_points.txt
[2.146s] writing requirements to ../../build/vehicle_simulation/vehicle_simulation.egg-info/requires.txt
[2.146s] writing top-level names to ../../build/vehicle_simulation/vehicle_simulation.egg-info/top_level.txt
[2.209s] reading manifest file '../../build/vehicle_simulation/vehicle_simulation.egg-info/SOURCES.txt'
[2.213s] writing manifest file '../../build/vehicle_simulation/vehicle_simulation.egg-info/SOURCES.txt'
[2.213s] running build
[2.213s] running build_py
[2.213s] running install
[2.214s] running install_lib
[2.217s] running install_data
[2.217s] running install_egg_info
[2.221s] removing '/home/ethanreynolds/vscode/robot-rover-2025/code/system/ros2/install/vehicle_simulation/lib/python3.8/site-packages/vehicle_simulation-0.0.0-py3.8.egg-info' (and everything under it)
[2.221s] Copying ../../build/vehicle_simulation/vehicle_simulation.egg-info to /home/ethanreynolds/vscode/robot-rover-2025/code/system/ros2/install/vehicle_simulation/lib/python3.8/site-packages/vehicle_simulation-0.0.0-py3.8.egg-info
[2.223s] running install_scripts
[2.256s] Installing vehicle_control_sim script to /home/ethanreynolds/vscode/robot-rover-2025/code/system/ros2/install/vehicle_simulation/lib/vehicle_simulation
[2.257s] Installing vehicle_sensor_sim script to /home/ethanreynolds/vscode/robot-rover-2025/code/system/ros2/install/vehicle_simulation/lib/vehicle_simulation
[2.258s] writing list of installed files to '/home/ethanreynolds/vscode/robot-rover-2025/code/system/ros2/build/vehicle_simulation/install.log'
[2.317s] Invoked command in '/home/ethanreynolds/vscode/robot-rover-2025/code/system/ros2/src/vehicle_simulation' returned '0': PYTHONPATH=/home/ethanreynolds/vscode/robot-rover-2025/code/system/ros2/build/vehicle_simulation/prefix_override:/usr/lib/python3/dist-packages/colcon_core/task/python/colcon_distutils_commands:/home/ethanreynolds/vscode/robot-rover-2025/code/system/ros2/install/vehicle_simulation/lib/python3.8/site-packages:${PYTHONPATH} /usr/bin/python3 -W ignore:setup.py install is deprecated -W ignore:easy_install command is deprecated setup.py egg_info --egg-base ../../build/vehicle_simulation build --build-base /home/ethanreynolds/vscode/robot-rover-2025/code/system/ros2/build/vehicle_simulation/build install --record /home/ethanreynolds/vscode/robot-rover-2025/code/system/ros2/build/vehicle_simulation/install.log --install-scripts $base/lib/vehicle_simulation --single-version-externally-managed install_data
