[0.374s] DEBUG:colcon:Command line arguments: ['/usr/bin/colcon', 'build', '--packages-select', 'vehicle_simulation']
[0.375s] DEBUG:colcon:Parsed command line arguments: Namespace(ament_cmake_args=None, base_paths=['.'], build_base='build', catkin_cmake_args=None, catkin_skip_building_tests=False, cmake_args=None, cmake_clean_cache=False, cmake_clean_first=False, cmake_force_configure=False, cmake_target=None, cmake_target_skip_unavailable=False, continue_on_error=False, event_handlers=None, executor='parallel', ignore_user_meta=False, install_base='install', log_base=None, log_level=None, main=<bound method BuildVerb.main of <colcon_core.verb.build.BuildVerb object at 0x7a19d6036e80>>, merge_install=False, metas=['./colcon.meta'], mixin=None, mixin_files=None, mixin_verb=('build',), packages_above=None, packages_above_and_dependencies=None, packages_above_depth=None, packages_end=None, packages_ignore=None, packages_ignore_regex=None, packages_select=['vehicle_simulation'], packages_select_build_failed=False, packages_select_by_dep=None, packages_select_regex=None, packages_select_test_failures=False, packages_skip=None, packages_skip_build_finished=False, packages_skip_by_dep=None, packages_skip_regex=None, packages_skip_test_passed=False, packages_skip_up_to=None, packages_start=None, packages_up_to=None, packages_up_to_regex=None, parallel_workers=4, paths=None, symlink_install=False, test_result_base=None, verb_extension=<colcon_core.verb.build.BuildVerb object at 0x7a19d6036e80>, verb_name='build', verb_parser=<colcon_mixin.mixin.mixin_argument.MixinArgumentDecorator object at 0x7a19d5fc1490>)
[0.424s] Level 1:colcon.colcon_core.package_discovery:discover_packages(colcon_meta) check parameters
[0.424s] Level 1:colcon.colcon_core.package_discovery:discover_packages(recursive) check parameters
[0.424s] Level 1:colcon.colcon_core.package_discovery:discover_packages(ignore) check parameters
[0.424s] Level 1:colcon.colcon_core.package_discovery:discover_packages(path) check parameters
[0.424s] Level 1:colcon.colcon_core.package_discovery:discover_packages(colcon_meta) discover
[0.425s] Level 1:colcon.colcon_core.package_discovery:discover_packages(recursive) discover
[0.425s] INFO:colcon.colcon_core.package_discovery:Crawling recursively for packages in '/root/src'
[0.425s] Level 1:colcon.colcon_core.package_identification:_identify(.) by extensions ['ignore', 'ignore_ament_install']
[0.425s] Level 1:colcon.colcon_core.package_identification:_identify(.) by extension 'ignore'
[0.425s] Level 1:colcon.colcon_core.package_identification:_identify(.) by extension 'ignore_ament_install'
[0.425s] Level 1:colcon.colcon_core.package_identification:_identify(.) by extensions ['colcon_pkg']
[0.425s] Level 1:colcon.colcon_core.package_identification:_identify(.) by extension 'colcon_pkg'
[0.425s] Level 1:colcon.colcon_core.package_identification:_identify(.) by extensions ['colcon_meta']
[0.425s] Level 1:colcon.colcon_core.package_identification:_identify(.) by extension 'colcon_meta'
[0.425s] Level 1:colcon.colcon_core.package_identification:_identify(.) by extensions ['ros']
[0.426s] Level 1:colcon.colcon_core.package_identification:_identify(.) by extension 'ros'
[0.461s] Level 1:colcon.colcon_core.package_identification:_identify(.) by extensions ['cmake', 'python']
[0.461s] Level 1:colcon.colcon_core.package_identification:_identify(.) by extension 'cmake'
[0.461s] Level 1:colcon.colcon_core.package_identification:_identify(.) by extension 'python'
[0.461s] Level 1:colcon.colcon_core.package_identification:_identify(.) by extensions ['python_setup_py']
[0.461s] Level 1:colcon.colcon_core.package_identification:_identify(.) by extension 'python_setup_py'
[0.462s] Level 1:colcon.colcon_core.package_identification:_identify(build) by extensions ['ignore', 'ignore_ament_install']
[0.462s] Level 1:colcon.colcon_core.package_identification:_identify(build) by extension 'ignore'
[0.462s] Level 1:colcon.colcon_core.package_identification:_identify(build) ignored
[0.462s] Level 1:colcon.colcon_core.package_identification:_identify(install) by extensions ['ignore', 'ignore_ament_install']
[0.462s] Level 1:colcon.colcon_core.package_identification:_identify(install) by extension 'ignore'
[0.462s] Level 1:colcon.colcon_core.package_identification:_identify(install) ignored
[0.462s] Level 1:colcon.colcon_core.package_identification:_identify(log) by extensions ['ignore', 'ignore_ament_install']
[0.462s] Level 1:colcon.colcon_core.package_identification:_identify(log) by extension 'ignore'
[0.462s] Level 1:colcon.colcon_core.package_identification:_identify(log) ignored
[0.463s] Level 1:colcon.colcon_core.package_identification:_identify(vehicle_control) by extensions ['ignore', 'ignore_ament_install']
[0.463s] Level 1:colcon.colcon_core.package_identification:_identify(vehicle_control) by extension 'ignore'
[0.463s] Level 1:colcon.colcon_core.package_identification:_identify(vehicle_control) by extension 'ignore_ament_install'
[0.463s] Level 1:colcon.colcon_core.package_identification:_identify(vehicle_control) by extensions ['colcon_pkg']
[0.463s] Level 1:colcon.colcon_core.package_identification:_identify(vehicle_control) by extension 'colcon_pkg'
[0.463s] Level 1:colcon.colcon_core.package_identification:_identify(vehicle_control) by extensions ['colcon_meta']
[0.463s] Level 1:colcon.colcon_core.package_identification:_identify(vehicle_control) by extension 'colcon_meta'
[0.463s] Level 1:colcon.colcon_core.package_identification:_identify(vehicle_control) by extensions ['ros']
[0.463s] Level 1:colcon.colcon_core.package_identification:_identify(vehicle_control) by extension 'ros'
[0.467s] DEBUG:colcon.colcon_core.package_identification:Package 'vehicle_control' with type 'ros.ament_python' and name 'vehicle_control'
[0.467s] Level 1:colcon.colcon_core.package_identification:_identify(vehicle_interfaces) by extensions ['ignore', 'ignore_ament_install']
[0.467s] Level 1:colcon.colcon_core.package_identification:_identify(vehicle_interfaces) by extension 'ignore'
[0.468s] Level 1:colcon.colcon_core.package_identification:_identify(vehicle_interfaces) by extension 'ignore_ament_install'
[0.468s] Level 1:colcon.colcon_core.package_identification:_identify(vehicle_interfaces) by extensions ['colcon_pkg']
[0.468s] Level 1:colcon.colcon_core.package_identification:_identify(vehicle_interfaces) by extension 'colcon_pkg'
[0.468s] Level 1:colcon.colcon_core.package_identification:_identify(vehicle_interfaces) by extensions ['colcon_meta']
[0.468s] Level 1:colcon.colcon_core.package_identification:_identify(vehicle_interfaces) by extension 'colcon_meta'
[0.468s] Level 1:colcon.colcon_core.package_identification:_identify(vehicle_interfaces) by extensions ['ros']
[0.468s] Level 1:colcon.colcon_core.package_identification:_identify(vehicle_interfaces) by extension 'ros'
[0.469s] DEBUG:colcon.colcon_core.package_identification:Package 'vehicle_interfaces' with type 'ros.ament_cmake' and name 'vehicle_interfaces'
[0.469s] Level 1:colcon.colcon_core.package_identification:_identify(vehicle_navigation) by extensions ['ignore', 'ignore_ament_install']
[0.469s] Level 1:colcon.colcon_core.package_identification:_identify(vehicle_navigation) by extension 'ignore'
[0.469s] Level 1:colcon.colcon_core.package_identification:_identify(vehicle_navigation) by extension 'ignore_ament_install'
[0.469s] Level 1:colcon.colcon_core.package_identification:_identify(vehicle_navigation) by extensions ['colcon_pkg']
[0.469s] Level 1:colcon.colcon_core.package_identification:_identify(vehicle_navigation) by extension 'colcon_pkg'
[0.469s] Level 1:colcon.colcon_core.package_identification:_identify(vehicle_navigation) by extensions ['colcon_meta']
[0.469s] Level 1:colcon.colcon_core.package_identification:_identify(vehicle_navigation) by extension 'colcon_meta'
[0.470s] Level 1:colcon.colcon_core.package_identification:_identify(vehicle_navigation) by extensions ['ros']
[0.470s] Level 1:colcon.colcon_core.package_identification:_identify(vehicle_navigation) by extension 'ros'
[0.470s] DEBUG:colcon.colcon_core.package_identification:Package 'vehicle_navigation' with type 'ros.ament_python' and name 'vehicle_navigation'
[0.470s] Level 1:colcon.colcon_core.package_identification:_identify(vehicle_networking) by extensions ['ignore', 'ignore_ament_install']
[0.471s] Level 1:colcon.colcon_core.package_identification:_identify(vehicle_networking) by extension 'ignore'
[0.471s] Level 1:colcon.colcon_core.package_identification:_identify(vehicle_networking) by extension 'ignore_ament_install'
[0.471s] Level 1:colcon.colcon_core.package_identification:_identify(vehicle_networking) by extensions ['colcon_pkg']
[0.471s] Level 1:colcon.colcon_core.package_identification:_identify(vehicle_networking) by extension 'colcon_pkg'
[0.471s] Level 1:colcon.colcon_core.package_identification:_identify(vehicle_networking) by extensions ['colcon_meta']
[0.471s] Level 1:colcon.colcon_core.package_identification:_identify(vehicle_networking) by extension 'colcon_meta'
[0.471s] Level 1:colcon.colcon_core.package_identification:_identify(vehicle_networking) by extensions ['ros']
[0.471s] Level 1:colcon.colcon_core.package_identification:_identify(vehicle_networking) by extension 'ros'
[0.472s] DEBUG:colcon.colcon_core.package_identification:Package 'vehicle_networking' with type 'ros.ament_python' and name 'vehicle_networking'
[0.472s] Level 1:colcon.colcon_core.package_identification:_identify(vehicle_sensor) by extensions ['ignore', 'ignore_ament_install']
[0.472s] Level 1:colcon.colcon_core.package_identification:_identify(vehicle_sensor) by extension 'ignore'
[0.472s] Level 1:colcon.colcon_core.package_identification:_identify(vehicle_sensor) by extension 'ignore_ament_install'
[0.472s] Level 1:colcon.colcon_core.package_identification:_identify(vehicle_sensor) by extensions ['colcon_pkg']
[0.472s] Level 1:colcon.colcon_core.package_identification:_identify(vehicle_sensor) by extension 'colcon_pkg'
[0.472s] Level 1:colcon.colcon_core.package_identification:_identify(vehicle_sensor) by extensions ['colcon_meta']
[0.472s] Level 1:colcon.colcon_core.package_identification:_identify(vehicle_sensor) by extension 'colcon_meta'
[0.472s] Level 1:colcon.colcon_core.package_identification:_identify(vehicle_sensor) by extensions ['ros']
[0.473s] Level 1:colcon.colcon_core.package_identification:_identify(vehicle_sensor) by extension 'ros'
[0.473s] DEBUG:colcon.colcon_core.package_identification:Package 'vehicle_sensor' with type 'ros.ament_python' and name 'vehicle_sensor'
[0.473s] Level 1:colcon.colcon_core.package_identification:_identify(vehicle_simulation) by extensions ['ignore', 'ignore_ament_install']
[0.473s] Level 1:colcon.colcon_core.package_identification:_identify(vehicle_simulation) by extension 'ignore'
[0.474s] Level 1:colcon.colcon_core.package_identification:_identify(vehicle_simulation) by extension 'ignore_ament_install'
[0.474s] Level 1:colcon.colcon_core.package_identification:_identify(vehicle_simulation) by extensions ['colcon_pkg']
[0.474s] Level 1:colcon.colcon_core.package_identification:_identify(vehicle_simulation) by extension 'colcon_pkg'
[0.474s] Level 1:colcon.colcon_core.package_identification:_identify(vehicle_simulation) by extensions ['colcon_meta']
[0.474s] Level 1:colcon.colcon_core.package_identification:_identify(vehicle_simulation) by extension 'colcon_meta'
[0.474s] Level 1:colcon.colcon_core.package_identification:_identify(vehicle_simulation) by extensions ['ros']
[0.474s] Level 1:colcon.colcon_core.package_identification:_identify(vehicle_simulation) by extension 'ros'
[0.474s] DEBUG:colcon.colcon_core.package_identification:Package 'vehicle_simulation' with type 'ros.ament_python' and name 'vehicle_simulation'
[0.474s] Level 1:colcon.colcon_core.package_discovery:discover_packages(recursive) using defaults
[0.475s] Level 1:colcon.colcon_core.package_discovery:discover_packages(ignore) discover
[0.475s] Level 1:colcon.colcon_core.package_discovery:discover_packages(ignore) using defaults
[0.475s] Level 1:colcon.colcon_core.package_discovery:discover_packages(path) discover
[0.475s] Level 1:colcon.colcon_core.package_discovery:discover_packages(path) using defaults
[0.506s] INFO:colcon.colcon_core.package_selection:Skipping not selected package 'vehicle_control' in 'vehicle_control'
[0.506s] INFO:colcon.colcon_core.package_selection:Skipping not selected package 'vehicle_interfaces' in 'vehicle_interfaces'
[0.506s] INFO:colcon.colcon_core.package_selection:Skipping not selected package 'vehicle_navigation' in 'vehicle_navigation'
[0.506s] INFO:colcon.colcon_core.package_selection:Skipping not selected package 'vehicle_networking' in 'vehicle_networking'
[0.506s] INFO:colcon.colcon_core.package_selection:Skipping not selected package 'vehicle_sensor' in 'vehicle_sensor'
[0.507s] Level 5:colcon.colcon_core.verb:set package 'vehicle_simulation' build argument 'cmake_args' from command line to 'None'
[0.507s] Level 5:colcon.colcon_core.verb:set package 'vehicle_simulation' build argument 'cmake_target' from command line to 'None'
[0.507s] Level 5:colcon.colcon_core.verb:set package 'vehicle_simulation' build argument 'cmake_target_skip_unavailable' from command line to 'False'
[0.507s] Level 5:colcon.colcon_core.verb:set package 'vehicle_simulation' build argument 'cmake_clean_cache' from command line to 'False'
[0.507s] Level 5:colcon.colcon_core.verb:set package 'vehicle_simulation' build argument 'cmake_clean_first' from command line to 'False'
[0.507s] Level 5:colcon.colcon_core.verb:set package 'vehicle_simulation' build argument 'cmake_force_configure' from command line to 'False'
[0.507s] Level 5:colcon.colcon_core.verb:set package 'vehicle_simulation' build argument 'ament_cmake_args' from command line to 'None'
[0.507s] Level 5:colcon.colcon_core.verb:set package 'vehicle_simulation' build argument 'catkin_cmake_args' from command line to 'None'
[0.507s] Level 5:colcon.colcon_core.verb:set package 'vehicle_simulation' build argument 'catkin_skip_building_tests' from command line to 'False'
[0.507s] DEBUG:colcon.colcon_core.verb:Building package 'vehicle_simulation' with the following arguments: {'ament_cmake_args': None, 'build_base': '/root/src/build/vehicle_simulation', 'catkin_cmake_args': None, 'catkin_skip_building_tests': False, 'cmake_args': None, 'cmake_clean_cache': False, 'cmake_clean_first': False, 'cmake_force_configure': False, 'cmake_target': None, 'cmake_target_skip_unavailable': False, 'install_base': '/root/src/install/vehicle_simulation', 'merge_install': False, 'path': '/root/src/vehicle_simulation', 'symlink_install': False, 'test_result_base': None}
[0.508s] INFO:colcon.colcon_core.executor:Executing jobs using 'parallel' executor
[0.513s] DEBUG:colcon.colcon_parallel_executor.executor.parallel:run_until_complete
[0.513s] INFO:colcon.colcon_ros.task.ament_python.build:Building ROS package in '/root/src/vehicle_simulation' with build type 'ament_python'
[0.514s] Level 1:colcon.colcon_core.shell:create_environment_hook('vehicle_simulation', 'ament_prefix_path')
[0.526s] INFO:colcon.colcon_core.plugin_system:Skipping extension 'colcon_core.shell.bat': Not used on non-Windows systems
[0.526s] INFO:colcon.colcon_core.shell:Creating environment hook '/root/src/install/vehicle_simulation/share/vehicle_simulation/hook/ament_prefix_path.ps1'
[0.528s] INFO:colcon.colcon_core.shell:Creating environment descriptor '/root/src/install/vehicle_simulation/share/vehicle_simulation/hook/ament_prefix_path.dsv'
[0.528s] INFO:colcon.colcon_core.shell:Creating environment hook '/root/src/install/vehicle_simulation/share/vehicle_simulation/hook/ament_prefix_path.sh'
[0.532s] INFO:colcon.colcon_core.shell:Skip shell extension 'powershell' for command environment: Not usable outside of PowerShell
[0.532s] DEBUG:colcon.colcon_core.shell:Skip shell extension 'dsv' for command environment
[0.835s] INFO:colcon.colcon_core.task.python.build:Building Python package in '/root/src/vehicle_simulation'
[0.838s] INFO:colcon.colcon_core.shell:Skip shell extension 'powershell' for command environment: Not usable outside of PowerShell
[0.838s] DEBUG:colcon.colcon_core.shell:Skip shell extension 'dsv' for command environment
[1.482s] DEBUG:colcon.colcon_core.event_handler.log_command:Invoking command in '/root/src/vehicle_simulation': PYTHONPATH=/root/src/build/vehicle_simulation/prefix_override:/root/src/install/vehicle_simulation/lib/python3.8/site-packages:${PYTHONPATH} /usr/bin/python3 setup.py egg_info --egg-base ../build/vehicle_simulation build --build-base /root/src/build/vehicle_simulation/build install --record /root/src/build/vehicle_simulation/install.log --install-scripts $base/lib/vehicle_simulation --single-version-externally-managed
[2.019s] DEBUG:colcon.colcon_core.event_handler.log_command:Invoked command in '/root/src/vehicle_simulation' returned '0': PYTHONPATH=/root/src/build/vehicle_simulation/prefix_override:/root/src/install/vehicle_simulation/lib/python3.8/site-packages:${PYTHONPATH} /usr/bin/python3 setup.py egg_info --egg-base ../build/vehicle_simulation build --build-base /root/src/build/vehicle_simulation/build install --record /root/src/build/vehicle_simulation/install.log --install-scripts $base/lib/vehicle_simulation --single-version-externally-managed
[2.031s] Level 1:colcon.colcon_core.environment:checking '/root/src/install/vehicle_simulation' for CMake module files
[2.032s] Level 1:colcon.colcon_core.environment:checking '/root/src/install/vehicle_simulation' for CMake config files
[2.033s] Level 1:colcon.colcon_core.environment:checking '/root/src/install/vehicle_simulation/lib'
[2.034s] Level 1:colcon.colcon_core.environment:checking '/root/src/install/vehicle_simulation/bin'
[2.034s] Level 1:colcon.colcon_core.environment:checking '/root/src/install/vehicle_simulation/lib/pkgconfig/vehicle_simulation.pc'
[2.034s] Level 1:colcon.colcon_core.environment:checking '/root/src/install/vehicle_simulation/lib/python3.8/site-packages'
[2.035s] Level 1:colcon.colcon_core.shell:create_environment_hook('vehicle_simulation', 'pythonpath')
[2.038s] INFO:colcon.colcon_core.shell:Creating environment hook '/root/src/install/vehicle_simulation/share/vehicle_simulation/hook/pythonpath.ps1'
[2.040s] INFO:colcon.colcon_core.shell:Creating environment descriptor '/root/src/install/vehicle_simulation/share/vehicle_simulation/hook/pythonpath.dsv'
[2.041s] INFO:colcon.colcon_core.shell:Creating environment hook '/root/src/install/vehicle_simulation/share/vehicle_simulation/hook/pythonpath.sh'
[2.042s] Level 1:colcon.colcon_core.environment:checking '/root/src/install/vehicle_simulation/bin'
[2.042s] Level 1:colcon.colcon_core.environment:create_environment_scripts_only(vehicle_simulation)
[2.045s] INFO:colcon.colcon_core.shell:Creating package script '/root/src/install/vehicle_simulation/share/vehicle_simulation/package.ps1'
[2.048s] INFO:colcon.colcon_core.shell:Creating package descriptor '/root/src/install/vehicle_simulation/share/vehicle_simulation/package.dsv'
[2.053s] INFO:colcon.colcon_core.shell:Creating package script '/root/src/install/vehicle_simulation/share/vehicle_simulation/package.sh'
[2.055s] INFO:colcon.colcon_core.shell:Creating package script '/root/src/install/vehicle_simulation/share/vehicle_simulation/package.bash'
[2.058s] INFO:colcon.colcon_core.shell:Creating package script '/root/src/install/vehicle_simulation/share/vehicle_simulation/package.zsh'
[2.061s] Level 1:colcon.colcon_core.environment:create_file_with_runtime_dependencies(/root/src/install/vehicle_simulation/share/colcon-core/packages/vehicle_simulation)
[2.062s] DEBUG:colcon.colcon_parallel_executor.executor.parallel:closing loop
[2.063s] DEBUG:colcon.colcon_parallel_executor.executor.parallel:loop closed
[2.063s] DEBUG:colcon.colcon_parallel_executor.executor.parallel:run_until_complete finished with '0'
[2.064s] DEBUG:colcon.colcon_core.event_reactor:joining thread
[2.086s] INFO:colcon.colcon_core.plugin_system:Skipping extension 'colcon_notification.desktop_notification.notify_send': Could not find 'notify-send'
[2.086s] INFO:colcon.colcon_core.plugin_system:Skipping extension 'colcon_notification.desktop_notification.terminal_notifier': Not used on non-Darwin systems
[2.087s] INFO:colcon.colcon_core.plugin_system:Skipping extension 'colcon_notification.desktop_notification.win32': Not used on non-Windows systems
[2.087s] INFO:colcon.colcon_notification.desktop_notification:Sending desktop notification using 'notify2'
[2.093s] DEBUG:colcon.colcon_notification.desktop_notification.notify2:Failed to initialize notify2: org.freedesktop.DBus.Error.Spawn.ExecFailed: /usr/bin/dbus-launch terminated abnormally without any error message
[2.095s] DEBUG:colcon.colcon_core.event_reactor:joined thread
[2.101s] INFO:colcon.colcon_core.shell:Creating prefix script '/root/src/install/local_setup.ps1'
[2.104s] INFO:colcon.colcon_core.shell:Creating prefix util module '/root/src/install/_local_setup_util_ps1.py'
[2.107s] INFO:colcon.colcon_core.shell:Creating prefix chain script '/root/src/install/setup.ps1'
[2.110s] INFO:colcon.colcon_core.shell:Creating prefix script '/root/src/install/local_setup.sh'
[2.113s] INFO:colcon.colcon_core.shell:Creating prefix util module '/root/src/install/_local_setup_util_sh.py'
[2.114s] INFO:colcon.colcon_core.shell:Creating prefix chain script '/root/src/install/setup.sh'
[2.117s] INFO:colcon.colcon_core.shell:Creating prefix script '/root/src/install/local_setup.bash'
[2.118s] INFO:colcon.colcon_core.shell:Creating prefix chain script '/root/src/install/setup.bash'
[2.121s] INFO:colcon.colcon_core.shell:Creating prefix script '/root/src/install/local_setup.zsh'
[2.123s] INFO:colcon.colcon_core.shell:Creating prefix chain script '/root/src/install/setup.zsh'
