[0.033s] Invoking command in '/root/build/vehicle_interfaces': CMAKE_PREFIX_PATH=${CMAKE_PREFIX_PATH}:/root/install/vehicle_string_converter:/root/install/vehicle_simulation:/opt/ros/foxy /usr/bin/cmake --build /root/build/vehicle_interfaces -- -j4 -l4
[0.156s] -- Found ament_cmake: 0.9.12 (/opt/ros/foxy/share/ament_cmake/cmake)
[0.190s] -- Found PythonInterp: /usr/bin/python3 (found suitable version "3.8.10", minimum required is "3") 
[0.190s] -- Using PYTHON_EXECUTABLE: /usr/bin/python3
[0.445s] -- Found rosidl_default_generators: 1.0.1 (/opt/ros/foxy/share/rosidl_default_generators/cmake)
[0.451s] -- Using all available rosidl_typesupport_c: rosidl_typesupport_fastrtps_c;rosidl_typesupport_introspection_c
[0.460s] -- Found rosidl_adapter: 1.3.1 (/opt/ros/foxy/share/rosidl_adapter/cmake)
[0.750s] -- Using all available rosidl_typesupport_cpp: rosidl_typesupport_fastrtps_cpp;rosidl_typesupport_introspection_cpp
[0.852s] -- Found PythonInterp: /usr/bin/python3 (found version "3.8.10") 
[1.133s] CMake Error at /opt/ros/foxy/share/rosidl_cmake/cmake/rosidl_generate_interfaces.cmake:162 (message):
[1.133s]   rosidl_generate_interfaces() the passed dependency 'std_msgs' has not been
[1.133s]   found before using find_package()
[1.134s] Call Stack (most recent call first):
[1.134s]   CMakeLists.txt:25 (rosidl_generate_interfaces)
[1.134s] 
[1.143s] 
[1.144s] -- Configuring incomplete, errors occurred!
[1.145s] See also "/root/build/vehicle_interfaces/CMakeFiles/CMakeOutput.log".
[1.154s] make: *** [Makefile:3628: cmake_check_build_system] Error 1
[1.163s] Invoked command in '/root/build/vehicle_interfaces' returned '2': CMAKE_PREFIX_PATH=${CMAKE_PREFIX_PATH}:/root/install/vehicle_string_converter:/root/install/vehicle_simulation:/opt/ros/foxy /usr/bin/cmake --build /root/build/vehicle_interfaces -- -j4 -l4
