[0.053s] Invoking command in '/home/ethanreynolds/vscode/robot-rover-2025/code/system/ros2/build/vehicle_interfaces': CMAKE_PREFIX_PATH=${CMAKE_PREFIX_PATH}:/home/ethanreynolds/vscode/robot-rover-2025/code/system/ros2/install/vehicle_string_converter:/home/ethanreynolds/vscode/robot-rover-2025/code/system/ros2/install/vehicle_simulation:/home/ethanreynolds/vscode/robot-rover-2025/code/system/ros2/install/vehicle_networking:/opt/ros/foxy /usr/bin/cmake /home/ethanreynolds/vscode/robot-rover-2025/code/system/ros2/src/vehicle_interfaces -DCMAKE_INSTALL_PREFIX=/home/ethanreynolds/vscode/robot-rover-2025/code/system/ros2/install/vehicle_interfaces
[1.540s] -- The C compiler identification is GNU 9.4.0
[1.679s] -- The CXX compiler identification is GNU 9.4.0
[1.830s] -- Check for working C compiler: /usr/bin/cc
[2.358s] -- Check for working C compiler: /usr/bin/cc -- works
[2.439s] -- Detecting C compiler ABI info
[2.639s] -- Detecting C compiler ABI info - done
[2.679s] -- Detecting C compile features
[2.685s] -- Detecting C compile features - done
[2.750s] -- Check for working CXX compiler: /usr/bin/c++
[3.006s] -- Check for working CXX compiler: /usr/bin/c++ -- works
[3.006s] -- Detecting CXX compiler ABI info
[3.235s] -- Detecting CXX compiler ABI info - done
[3.275s] -- Detecting CXX compile features
[3.277s] -- Detecting CXX compile features - done
[3.312s] -- Found ament_cmake: 0.9.12 (/opt/ros/foxy/share/ament_cmake/cmake)
[3.456s] -- Found PythonInterp: /usr/bin/python3 (found suitable version "3.8.10", minimum required is "3") 
[3.457s] -- Using PYTHON_EXECUTABLE: /usr/bin/python3
[4.026s] -- Found rosidl_default_generators: 1.0.1 (/opt/ros/foxy/share/rosidl_default_generators/cmake)
[4.065s] -- Using all available rosidl_typesupport_c: rosidl_typesupport_fastrtps_c;rosidl_typesupport_introspection_c
[4.133s] -- Found rosidl_adapter: 1.3.1 (/opt/ros/foxy/share/rosidl_adapter/cmake)
[5.372s] -- Found OpenSSL: /usr/lib/x86_64-linux-gnu/libcrypto.so (found version "1.1.1f")  
[5.474s] -- Found FastRTPS: /opt/ros/foxy/include  
[5.921s] -- Using all available rosidl_typesupport_cpp: rosidl_typesupport_fastrtps_cpp;rosidl_typesupport_introspection_cpp
[6.057s] -- Found std_msgs: 2.0.5 (/opt/ros/foxy/share/std_msgs/cmake)
[6.165s] -- Found sensor_msgs: 2.0.5 (/opt/ros/foxy/share/sensor_msgs/cmake)
[6.453s] CMake Error at /opt/ros/foxy/share/rosidl_cmake/cmake/rosidl_generate_interfaces.cmake:93 (message):
[6.453s]   rosidl_generate_interfaces() the passed file 'srv/GetDeviceStatus.srv'
[6.453s]   doesn't exist relative to the CMAKE_CURRENT_SOURCE_DIR
[6.454s]   '/home/ethanreynolds/vscode/robot-rover-2025/code/system/ros2/src/vehicle_interfaces'
[6.454s] Call Stack (most recent call first):
[6.454s]   CMakeLists.txt:29 (rosidl_generate_interfaces)
[6.454s] 
[6.455s] 
[6.458s] -- Configuring incomplete, errors occurred!
[6.458s] See also "/home/ethanreynolds/vscode/robot-rover-2025/code/system/ros2/build/vehicle_interfaces/CMakeFiles/CMakeOutput.log".
[6.468s] Invoked command in '/home/ethanreynolds/vscode/robot-rover-2025/code/system/ros2/build/vehicle_interfaces' returned '1': CMAKE_PREFIX_PATH=${CMAKE_PREFIX_PATH}:/home/ethanreynolds/vscode/robot-rover-2025/code/system/ros2/install/vehicle_string_converter:/home/ethanreynolds/vscode/robot-rover-2025/code/system/ros2/install/vehicle_simulation:/home/ethanreynolds/vscode/robot-rover-2025/code/system/ros2/install/vehicle_networking:/opt/ros/foxy /usr/bin/cmake /home/ethanreynolds/vscode/robot-rover-2025/code/system/ros2/src/vehicle_interfaces -DCMAKE_INSTALL_PREFIX=/home/ethanreynolds/vscode/robot-rover-2025/code/system/ros2/install/vehicle_interfaces
