[3.306s] Invoking command in '/home/ethanreynolds/vscode/robot-rover-2025/code/system/ros2/src/vehicle_networking': PYTHONPATH=/home/ethanreynolds/vscode/robot-rover-2025/code/system/ros2/build/vehicle_networking/prefix_override:/usr/lib/python3/dist-packages/colcon_core/task/python/colcon_distutils_commands:/home/ethanreynolds/vscode/robot-rover-2025/code/system/ros2/install/vehicle_networking/lib/python3.8/site-packages:${PYTHONPATH} /usr/bin/python3 -W ignore:setup.py install is deprecated -W ignore:easy_install command is deprecated setup.py egg_info --egg-base ../../build/vehicle_networking build --build-base /home/ethanreynolds/vscode/robot-rover-2025/code/system/ros2/build/vehicle_networking/build install --record /home/ethanreynolds/vscode/robot-rover-2025/code/system/ros2/build/vehicle_networking/install.log --install-scripts $base/lib/vehicle_networking --single-version-externally-managed install_data
[3.911s] running egg_info
[3.913s] writing ../../build/vehicle_networking/vehicle_networking.egg-info/PKG-INFO
[3.914s] writing dependency_links to ../../build/vehicle_networking/vehicle_networking.egg-info/dependency_links.txt
[3.914s] writing entry points to ../../build/vehicle_networking/vehicle_networking.egg-info/entry_points.txt
[3.914s] writing requirements to ../../build/vehicle_networking/vehicle_networking.egg-info/requires.txt
[3.915s] writing top-level names to ../../build/vehicle_networking/vehicle_networking.egg-info/top_level.txt
[4.017s] reading manifest file '../../build/vehicle_networking/vehicle_networking.egg-info/SOURCES.txt'
[4.041s] writing manifest file '../../build/vehicle_networking/vehicle_networking.egg-info/SOURCES.txt'
[4.042s] running build
[4.042s] running build_py
[4.042s] copying vehicle_networking/control_serial_interface.py -> /home/ethanreynolds/vscode/robot-rover-2025/code/system/ros2/build/vehicle_networking/build/lib/vehicle_networking
[4.042s] copying vehicle_networking/sensor_serial_interface.py -> /home/ethanreynolds/vscode/robot-rover-2025/code/system/ros2/build/vehicle_networking/build/lib/vehicle_networking
[4.042s] running install
[4.043s] running install_lib
[4.043s] copying /home/ethanreynolds/vscode/robot-rover-2025/code/system/ros2/build/vehicle_networking/build/lib/vehicle_networking/control_serial_interface.py -> /home/ethanreynolds/vscode/robot-rover-2025/code/system/ros2/install/vehicle_networking/lib/python3.8/site-packages/vehicle_networking
[4.049s] copying /home/ethanreynolds/vscode/robot-rover-2025/code/system/ros2/build/vehicle_networking/build/lib/vehicle_networking/sensor_serial_interface.py -> /home/ethanreynolds/vscode/robot-rover-2025/code/system/ros2/install/vehicle_networking/lib/python3.8/site-packages/vehicle_networking
[4.053s] byte-compiling /home/ethanreynolds/vscode/robot-rover-2025/code/system/ros2/install/vehicle_networking/lib/python3.8/site-packages/vehicle_networking/control_serial_interface.py to control_serial_interface.cpython-38.pyc
[4.057s] byte-compiling /home/ethanreynolds/vscode/robot-rover-2025/code/system/ros2/install/vehicle_networking/lib/python3.8/site-packages/vehicle_networking/sensor_serial_interface.py to sensor_serial_interface.cpython-38.pyc
[4.064s] running install_data
[4.067s] running install_egg_info
[4.070s] removing '/home/ethanreynolds/vscode/robot-rover-2025/code/system/ros2/install/vehicle_networking/lib/python3.8/site-packages/vehicle_networking-0.0.0-py3.8.egg-info' (and everything under it)
[4.071s] Copying ../../build/vehicle_networking/vehicle_networking.egg-info to /home/ethanreynolds/vscode/robot-rover-2025/code/system/ros2/install/vehicle_networking/lib/python3.8/site-packages/vehicle_networking-0.0.0-py3.8.egg-info
[4.073s] running install_scripts
[4.114s] Installing control_serial_interface script to /home/ethanreynolds/vscode/robot-rover-2025/code/system/ros2/install/vehicle_networking/lib/vehicle_networking
[4.117s] Installing get_device_info_tool script to /home/ethanreynolds/vscode/robot-rover-2025/code/system/ros2/install/vehicle_networking/lib/vehicle_networking
[4.117s] Installing sensor_serial_interface script to /home/ethanreynolds/vscode/robot-rover-2025/code/system/ros2/install/vehicle_networking/lib/vehicle_networking
[4.117s] Installing serial_manager script to /home/ethanreynolds/vscode/robot-rover-2025/code/system/ros2/install/vehicle_networking/lib/vehicle_networking
[4.118s] writing list of installed files to '/home/ethanreynolds/vscode/robot-rover-2025/code/system/ros2/build/vehicle_networking/install.log'
[4.197s] Invoked command in '/home/ethanreynolds/vscode/robot-rover-2025/code/system/ros2/src/vehicle_networking' returned '0': PYTHONPATH=/home/ethanreynolds/vscode/robot-rover-2025/code/system/ros2/build/vehicle_networking/prefix_override:/usr/lib/python3/dist-packages/colcon_core/task/python/colcon_distutils_commands:/home/ethanreynolds/vscode/robot-rover-2025/code/system/ros2/install/vehicle_networking/lib/python3.8/site-packages:${PYTHONPATH} /usr/bin/python3 -W ignore:setup.py install is deprecated -W ignore:easy_install command is deprecated setup.py egg_info --egg-base ../../build/vehicle_networking build --build-base /home/ethanreynolds/vscode/robot-rover-2025/code/system/ros2/build/vehicle_networking/build install --record /home/ethanreynolds/vscode/robot-rover-2025/code/system/ros2/build/vehicle_networking/install.log --install-scripts $base/lib/vehicle_networking --single-version-externally-managed install_data
