[8.214s] Invoking command in '/home/ethanreynolds/vscode/robot-rover-2025/code/system/ros2/src/vehicle_networking': PYTHONPATH=/home/ethanreynolds/vscode/robot-rover-2025/code/system/ros2/build/vehicle_networking/prefix_override:/usr/lib/python3/dist-packages/colcon_core/task/python/colcon_distutils_commands:/home/ethanreynolds/vscode/robot-rover-2025/code/system/ros2/install/vehicle_networking/lib/python3.8/site-packages:${PYTHONPATH} /usr/bin/python3 -W ignore:setup.py install is deprecated -W ignore:easy_install command is deprecated setup.py egg_info --egg-base ../../build/vehicle_networking build --build-base /home/ethanreynolds/vscode/robot-rover-2025/code/system/ros2/build/vehicle_networking/build install --record /home/ethanreynolds/vscode/robot-rover-2025/code/system/ros2/build/vehicle_networking/install.log --install-scripts $base/lib/vehicle_networking --single-version-externally-managed install_data
[8.745s] running egg_info
[8.747s] writing ../../build/vehicle_networking/vehicle_networking.egg-info/PKG-INFO
[8.747s] writing dependency_links to ../../build/vehicle_networking/vehicle_networking.egg-info/dependency_links.txt
[8.748s] writing entry points to ../../build/vehicle_networking/vehicle_networking.egg-info/entry_points.txt
[8.753s] writing requirements to ../../build/vehicle_networking/vehicle_networking.egg-info/requires.txt
[8.753s] writing top-level names to ../../build/vehicle_networking/vehicle_networking.egg-info/top_level.txt
[8.921s] reading manifest file '../../build/vehicle_networking/vehicle_networking.egg-info/SOURCES.txt'
[8.944s] writing manifest file '../../build/vehicle_networking/vehicle_networking.egg-info/SOURCES.txt'
[8.944s] running build
[8.944s] running build_py
[8.944s] copying vehicle_networking/control_serial_interface.py -> /home/ethanreynolds/vscode/robot-rover-2025/code/system/ros2/build/vehicle_networking/build/lib/vehicle_networking
[8.945s] copying vehicle_networking/get_device_info_tool.py -> /home/ethanreynolds/vscode/robot-rover-2025/code/system/ros2/build/vehicle_networking/build/lib/vehicle_networking
[8.945s] copying vehicle_networking/sensor_serial_interface.py -> /home/ethanreynolds/vscode/robot-rover-2025/code/system/ros2/build/vehicle_networking/build/lib/vehicle_networking
[8.945s] running install
[8.946s] running install_lib
[8.948s] copying /home/ethanreynolds/vscode/robot-rover-2025/code/system/ros2/build/vehicle_networking/build/lib/vehicle_networking/control_serial_interface.py -> /home/ethanreynolds/vscode/robot-rover-2025/code/system/ros2/install/vehicle_networking/lib/python3.8/site-packages/vehicle_networking
[8.948s] copying /home/ethanreynolds/vscode/robot-rover-2025/code/system/ros2/build/vehicle_networking/build/lib/vehicle_networking/get_device_info_tool.py -> /home/ethanreynolds/vscode/robot-rover-2025/code/system/ros2/install/vehicle_networking/lib/python3.8/site-packages/vehicle_networking
[8.948s] copying /home/ethanreynolds/vscode/robot-rover-2025/code/system/ros2/build/vehicle_networking/build/lib/vehicle_networking/sensor_serial_interface.py -> /home/ethanreynolds/vscode/robot-rover-2025/code/system/ros2/install/vehicle_networking/lib/python3.8/site-packages/vehicle_networking
[8.949s] byte-compiling /home/ethanreynolds/vscode/robot-rover-2025/code/system/ros2/install/vehicle_networking/lib/python3.8/site-packages/vehicle_networking/control_serial_interface.py to control_serial_interface.cpython-38.pyc
[8.953s] byte-compiling /home/ethanreynolds/vscode/robot-rover-2025/code/system/ros2/install/vehicle_networking/lib/python3.8/site-packages/vehicle_networking/get_device_info_tool.py to get_device_info_tool.cpython-38.pyc
[8.954s] byte-compiling /home/ethanreynolds/vscode/robot-rover-2025/code/system/ros2/install/vehicle_networking/lib/python3.8/site-packages/vehicle_networking/sensor_serial_interface.py to sensor_serial_interface.cpython-38.pyc
[8.969s] running install_data
[8.970s] running install_egg_info
[8.974s] removing '/home/ethanreynolds/vscode/robot-rover-2025/code/system/ros2/install/vehicle_networking/lib/python3.8/site-packages/vehicle_networking-0.0.0-py3.8.egg-info' (and everything under it)
[8.974s] Copying ../../build/vehicle_networking/vehicle_networking.egg-info to /home/ethanreynolds/vscode/robot-rover-2025/code/system/ros2/install/vehicle_networking/lib/python3.8/site-packages/vehicle_networking-0.0.0-py3.8.egg-info
[8.977s] running install_scripts
[9.007s] Installing control_serial_interface script to /home/ethanreynolds/vscode/robot-rover-2025/code/system/ros2/install/vehicle_networking/lib/vehicle_networking
[9.007s] Installing get_device_info_tool script to /home/ethanreynolds/vscode/robot-rover-2025/code/system/ros2/install/vehicle_networking/lib/vehicle_networking
[9.007s] Installing sensor_serial_interface script to /home/ethanreynolds/vscode/robot-rover-2025/code/system/ros2/install/vehicle_networking/lib/vehicle_networking
[9.008s] Installing serial_manager script to /home/ethanreynolds/vscode/robot-rover-2025/code/system/ros2/install/vehicle_networking/lib/vehicle_networking
[9.008s] writing list of installed files to '/home/ethanreynolds/vscode/robot-rover-2025/code/system/ros2/build/vehicle_networking/install.log'
[9.045s] Invoked command in '/home/ethanreynolds/vscode/robot-rover-2025/code/system/ros2/src/vehicle_networking' returned '0': PYTHONPATH=/home/ethanreynolds/vscode/robot-rover-2025/code/system/ros2/build/vehicle_networking/prefix_override:/usr/lib/python3/dist-packages/colcon_core/task/python/colcon_distutils_commands:/home/ethanreynolds/vscode/robot-rover-2025/code/system/ros2/install/vehicle_networking/lib/python3.8/site-packages:${PYTHONPATH} /usr/bin/python3 -W ignore:setup.py install is deprecated -W ignore:easy_install command is deprecated setup.py egg_info --egg-base ../../build/vehicle_networking build --build-base /home/ethanreynolds/vscode/robot-rover-2025/code/system/ros2/build/vehicle_networking/build install --record /home/ethanreynolds/vscode/robot-rover-2025/code/system/ros2/build/vehicle_networking/install.log --install-scripts $base/lib/vehicle_networking --single-version-externally-managed install_data
