[1.069s] Invoking command in '/home/ethanreynolds/vscode/robot-rover-2025/code/system/ros2/src/vehicle_string_converter': PYTHONPATH=/home/ethanreynolds/vscode/robot-rover-2025/code/system/ros2/build/vehicle_string_converter/prefix_override:/usr/lib/python3/dist-packages/colcon_core/task/python/colcon_distutils_commands:/home/ethanreynolds/vscode/robot-rover-2025/code/system/ros2/install/vehicle_string_converter/lib/python3.8/site-packages:${PYTHONPATH} /usr/bin/python3 -W ignore:setup.py install is deprecated -W ignore:easy_install command is deprecated setup.py egg_info --egg-base ../../build/vehicle_string_converter build --build-base /home/ethanreynolds/vscode/robot-rover-2025/code/system/ros2/build/vehicle_string_converter/build install --record /home/ethanreynolds/vscode/robot-rover-2025/code/system/ros2/build/vehicle_string_converter/install.log --install-scripts $base/lib/vehicle_string_converter --single-version-externally-managed install_data
[1.475s] running egg_info
[1.477s] creating ../../build/vehicle_string_converter/vehicle_string_converter.egg-info
[1.478s] writing ../../build/vehicle_string_converter/vehicle_string_converter.egg-info/PKG-INFO
[1.478s] writing dependency_links to ../../build/vehicle_string_converter/vehicle_string_converter.egg-info/dependency_links.txt
[1.479s] writing entry points to ../../build/vehicle_string_converter/vehicle_string_converter.egg-info/entry_points.txt
[1.480s] writing requirements to ../../build/vehicle_string_converter/vehicle_string_converter.egg-info/requires.txt
[1.480s] writing top-level names to ../../build/vehicle_string_converter/vehicle_string_converter.egg-info/top_level.txt
[1.484s] writing manifest file '../../build/vehicle_string_converter/vehicle_string_converter.egg-info/SOURCES.txt'
[1.560s] reading manifest file '../../build/vehicle_string_converter/vehicle_string_converter.egg-info/SOURCES.txt'
[1.562s] writing manifest file '../../build/vehicle_string_converter/vehicle_string_converter.egg-info/SOURCES.txt'
[1.562s] running build
[1.563s] running build_py
[1.563s] creating /home/ethanreynolds/vscode/robot-rover-2025/code/system/ros2/build/vehicle_string_converter/build
[1.563s] creating /home/ethanreynolds/vscode/robot-rover-2025/code/system/ros2/build/vehicle_string_converter/build/lib
[1.563s] creating /home/ethanreynolds/vscode/robot-rover-2025/code/system/ros2/build/vehicle_string_converter/build/lib/vehicle_string_converter
[1.563s] copying vehicle_string_converter/control_string_parser.py -> /home/ethanreynolds/vscode/robot-rover-2025/code/system/ros2/build/vehicle_string_converter/build/lib/vehicle_string_converter
[1.578s] copying vehicle_string_converter/control_string_builder.py -> /home/ethanreynolds/vscode/robot-rover-2025/code/system/ros2/build/vehicle_string_converter/build/lib/vehicle_string_converter
[1.600s] copying vehicle_string_converter/__init__.py -> /home/ethanreynolds/vscode/robot-rover-2025/code/system/ros2/build/vehicle_string_converter/build/lib/vehicle_string_converter
[1.601s] copying vehicle_string_converter/sensor_string_parser.py -> /home/ethanreynolds/vscode/robot-rover-2025/code/system/ros2/build/vehicle_string_converter/build/lib/vehicle_string_converter
[1.601s] copying vehicle_string_converter/sensor_string_builder.py -> /home/ethanreynolds/vscode/robot-rover-2025/code/system/ros2/build/vehicle_string_converter/build/lib/vehicle_string_converter
[1.620s] running install
[1.622s] running install_lib
[1.624s] creating /home/ethanreynolds/vscode/robot-rover-2025/code/system/ros2/install/vehicle_string_converter/lib/python3.8/site-packages/vehicle_string_converter
[1.624s] copying /home/ethanreynolds/vscode/robot-rover-2025/code/system/ros2/build/vehicle_string_converter/build/lib/vehicle_string_converter/control_string_parser.py -> /home/ethanreynolds/vscode/robot-rover-2025/code/system/ros2/install/vehicle_string_converter/lib/python3.8/site-packages/vehicle_string_converter
[1.624s] copying /home/ethanreynolds/vscode/robot-rover-2025/code/system/ros2/build/vehicle_string_converter/build/lib/vehicle_string_converter/control_string_builder.py -> /home/ethanreynolds/vscode/robot-rover-2025/code/system/ros2/install/vehicle_string_converter/lib/python3.8/site-packages/vehicle_string_converter
[1.624s] copying /home/ethanreynolds/vscode/robot-rover-2025/code/system/ros2/build/vehicle_string_converter/build/lib/vehicle_string_converter/__init__.py -> /home/ethanreynolds/vscode/robot-rover-2025/code/system/ros2/install/vehicle_string_converter/lib/python3.8/site-packages/vehicle_string_converter
[1.625s] copying /home/ethanreynolds/vscode/robot-rover-2025/code/system/ros2/build/vehicle_string_converter/build/lib/vehicle_string_converter/sensor_string_parser.py -> /home/ethanreynolds/vscode/robot-rover-2025/code/system/ros2/install/vehicle_string_converter/lib/python3.8/site-packages/vehicle_string_converter
[1.625s] copying /home/ethanreynolds/vscode/robot-rover-2025/code/system/ros2/build/vehicle_string_converter/build/lib/vehicle_string_converter/sensor_string_builder.py -> /home/ethanreynolds/vscode/robot-rover-2025/code/system/ros2/install/vehicle_string_converter/lib/python3.8/site-packages/vehicle_string_converter
[1.626s] byte-compiling /home/ethanreynolds/vscode/robot-rover-2025/code/system/ros2/install/vehicle_string_converter/lib/python3.8/site-packages/vehicle_string_converter/control_string_parser.py to control_string_parser.cpython-38.pyc
[1.630s] byte-compiling /home/ethanreynolds/vscode/robot-rover-2025/code/system/ros2/install/vehicle_string_converter/lib/python3.8/site-packages/vehicle_string_converter/control_string_builder.py to control_string_builder.cpython-38.pyc
[1.631s] byte-compiling /home/ethanreynolds/vscode/robot-rover-2025/code/system/ros2/install/vehicle_string_converter/lib/python3.8/site-packages/vehicle_string_converter/__init__.py to __init__.cpython-38.pyc
[1.632s] byte-compiling /home/ethanreynolds/vscode/robot-rover-2025/code/system/ros2/install/vehicle_string_converter/lib/python3.8/site-packages/vehicle_string_converter/sensor_string_parser.py to sensor_string_parser.cpython-38.pyc
[1.636s] byte-compiling /home/ethanreynolds/vscode/robot-rover-2025/code/system/ros2/install/vehicle_string_converter/lib/python3.8/site-packages/vehicle_string_converter/sensor_string_builder.py to sensor_string_builder.cpython-38.pyc
[1.637s] running install_data
[1.637s] creating /home/ethanreynolds/vscode/robot-rover-2025/code/system/ros2/install/vehicle_string_converter/share/ament_index
[1.637s] creating /home/ethanreynolds/vscode/robot-rover-2025/code/system/ros2/install/vehicle_string_converter/share/ament_index/resource_index
[1.637s] creating /home/ethanreynolds/vscode/robot-rover-2025/code/system/ros2/install/vehicle_string_converter/share/ament_index/resource_index/packages
[1.637s] copying resource/vehicle_string_converter -> /home/ethanreynolds/vscode/robot-rover-2025/code/system/ros2/install/vehicle_string_converter/share/ament_index/resource_index/packages
[1.637s] copying package.xml -> /home/ethanreynolds/vscode/robot-rover-2025/code/system/ros2/install/vehicle_string_converter/share/vehicle_string_converter
[1.638s] creating /home/ethanreynolds/vscode/robot-rover-2025/code/system/ros2/install/vehicle_string_converter/share/vehicle_string_converter/config
[1.638s] copying config/control_codes.yaml -> /home/ethanreynolds/vscode/robot-rover-2025/code/system/ros2/install/vehicle_string_converter/share/vehicle_string_converter/config
[1.638s] copying config/sensor_fields.yaml -> /home/ethanreynolds/vscode/robot-rover-2025/code/system/ros2/install/vehicle_string_converter/share/vehicle_string_converter/config
[1.638s] copying config/sensor_codes.yaml -> /home/ethanreynolds/vscode/robot-rover-2025/code/system/ros2/install/vehicle_string_converter/share/vehicle_string_converter/config
[1.638s] copying config/sensor_names.yaml -> /home/ethanreynolds/vscode/robot-rover-2025/code/system/ros2/install/vehicle_string_converter/share/vehicle_string_converter/config
[1.638s] copying config/delimiters.yaml -> /home/ethanreynolds/vscode/robot-rover-2025/code/system/ros2/install/vehicle_string_converter/share/vehicle_string_converter/config
[1.656s] copying config/sensor_encoding.yaml -> /home/ethanreynolds/vscode/robot-rover-2025/code/system/ros2/install/vehicle_string_converter/share/vehicle_string_converter/config
[1.656s] running install_egg_info
[1.658s] Copying ../../build/vehicle_string_converter/vehicle_string_converter.egg-info to /home/ethanreynolds/vscode/robot-rover-2025/code/system/ros2/install/vehicle_string_converter/lib/python3.8/site-packages/vehicle_string_converter-0.0.0-py3.8.egg-info
[1.660s] running install_scripts
[1.682s] Installing control_string_builder script to /home/ethanreynolds/vscode/robot-rover-2025/code/system/ros2/install/vehicle_string_converter/lib/vehicle_string_converter
[1.682s] Installing control_string_parser script to /home/ethanreynolds/vscode/robot-rover-2025/code/system/ros2/install/vehicle_string_converter/lib/vehicle_string_converter
[1.683s] Installing sensor_string_parser script to /home/ethanreynolds/vscode/robot-rover-2025/code/system/ros2/install/vehicle_string_converter/lib/vehicle_string_converter
[1.683s] writing list of installed files to '/home/ethanreynolds/vscode/robot-rover-2025/code/system/ros2/build/vehicle_string_converter/install.log'
[1.716s] Invoked command in '/home/ethanreynolds/vscode/robot-rover-2025/code/system/ros2/src/vehicle_string_converter' returned '0': PYTHONPATH=/home/ethanreynolds/vscode/robot-rover-2025/code/system/ros2/build/vehicle_string_converter/prefix_override:/usr/lib/python3/dist-packages/colcon_core/task/python/colcon_distutils_commands:/home/ethanreynolds/vscode/robot-rover-2025/code/system/ros2/install/vehicle_string_converter/lib/python3.8/site-packages:${PYTHONPATH} /usr/bin/python3 -W ignore:setup.py install is deprecated -W ignore:easy_install command is deprecated setup.py egg_info --egg-base ../../build/vehicle_string_converter build --build-base /home/ethanreynolds/vscode/robot-rover-2025/code/system/ros2/build/vehicle_string_converter/build install --record /home/ethanreynolds/vscode/robot-rover-2025/code/system/ros2/build/vehicle_string_converter/install.log --install-scripts $base/lib/vehicle_string_converter --single-version-externally-managed install_data
