running egg_info
creating ../build/vehicle_simulation/vehicle_simulation.egg-info
writing ../build/vehicle_simulation/vehicle_simulation.egg-info/PKG-INFO
writing dependency_links to ../build/vehicle_simulation/vehicle_simulation.egg-info/dependency_links.txt
writing entry points to ../build/vehicle_simulation/vehicle_simulation.egg-info/entry_points.txt
writing requirements to ../build/vehicle_simulation/vehicle_simulation.egg-info/requires.txt
writing top-level names to ../build/vehicle_simulation/vehicle_simulation.egg-info/top_level.txt
writing manifest file '../build/vehicle_simulation/vehicle_simulation.egg-info/SOURCES.txt'
reading manifest file '../build/vehicle_simulation/vehicle_simulation.egg-info/SOURCES.txt'
writing manifest file '../build/vehicle_simulation/vehicle_simulation.egg-info/SOURCES.txt'
running build
running build_py
creating /root/src/build/vehicle_simulation/build
creating /root/src/build/vehicle_simulation/build/lib
creating /root/src/build/vehicle_simulation/build/lib/vehicle_simulation
copying vehicle_simulation/vehicle_sensor_sim.py -> /root/src/build/vehicle_simulation/build/lib/vehicle_simulation
copying vehicle_simulation/vehicle_control_sim.py -> /root/src/build/vehicle_simulation/build/lib/vehicle_simulation
copying vehicle_simulation/__init__.py -> /root/src/build/vehicle_simulation/build/lib/vehicle_simulation
running install
running install_lib
creating /root/src/install/vehicle_simulation/lib/python3.8/site-packages/vehicle_simulation
copying /root/src/build/vehicle_simulation/build/lib/vehicle_simulation/vehicle_sensor_sim.py -> /root/src/install/vehicle_simulation/lib/python3.8/site-packages/vehicle_simulation
copying /root/src/build/vehicle_simulation/build/lib/vehicle_simulation/vehicle_control_sim.py -> /root/src/install/vehicle_simulation/lib/python3.8/site-packages/vehicle_simulation
copying /root/src/build/vehicle_simulation/build/lib/vehicle_simulation/__init__.py -> /root/src/install/vehicle_simulation/lib/python3.8/site-packages/vehicle_simulation
byte-compiling /root/src/install/vehicle_simulation/lib/python3.8/site-packages/vehicle_simulation/vehicle_sensor_sim.py to vehicle_sensor_sim.cpython-38.pyc
byte-compiling /root/src/install/vehicle_simulation/lib/python3.8/site-packages/vehicle_simulation/vehicle_control_sim.py to vehicle_control_sim.cpython-38.pyc
byte-compiling /root/src/install/vehicle_simulation/lib/python3.8/site-packages/vehicle_simulation/__init__.py to __init__.cpython-38.pyc
running install_data
creating /root/src/install/vehicle_simulation/share/ament_index
creating /root/src/install/vehicle_simulation/share/ament_index/resource_index
creating /root/src/install/vehicle_simulation/share/ament_index/resource_index/packages
copying resource/vehicle_simulation -> /root/src/install/vehicle_simulation/share/ament_index/resource_index/packages
copying package.xml -> /root/src/install/vehicle_simulation/share/vehicle_simulation
running install_egg_info
Copying ../build/vehicle_simulation/vehicle_simulation.egg-info to /root/src/install/vehicle_simulation/lib/python3.8/site-packages/vehicle_simulation-0.0.0-py3.8.egg-info
running install_scripts
Installing vehicle_control_sim script to /root/src/install/vehicle_simulation/lib/vehicle_simulation
writing list of installed files to '/root/src/build/vehicle_simulation/install.log'
