[0.967s] Invoking command in '/root/src/vehicle_simulation': PYTHONPATH=/root/src/build/vehicle_simulation/prefix_override:/root/src/install/vehicle_simulation/lib/python3.8/site-packages:${PYTHONPATH} /usr/bin/python3 setup.py egg_info --egg-base ../build/vehicle_simulation build --build-base /root/src/build/vehicle_simulation/build install --record /root/src/build/vehicle_simulation/install.log --install-scripts $base/lib/vehicle_simulation --single-version-externally-managed
[1.343s] running egg_info
[1.344s] creating ../build/vehicle_simulation/vehicle_simulation.egg-info
[1.344s] writing ../build/vehicle_simulation/vehicle_simulation.egg-info/PKG-INFO
[1.344s] writing dependency_links to ../build/vehicle_simulation/vehicle_simulation.egg-info/dependency_links.txt
[1.344s] writing entry points to ../build/vehicle_simulation/vehicle_simulation.egg-info/entry_points.txt
[1.345s] writing requirements to ../build/vehicle_simulation/vehicle_simulation.egg-info/requires.txt
[1.345s] writing top-level names to ../build/vehicle_simulation/vehicle_simulation.egg-info/top_level.txt
[1.349s] writing manifest file '../build/vehicle_simulation/vehicle_simulation.egg-info/SOURCES.txt'
[1.406s] reading manifest file '../build/vehicle_simulation/vehicle_simulation.egg-info/SOURCES.txt'
[1.407s] writing manifest file '../build/vehicle_simulation/vehicle_simulation.egg-info/SOURCES.txt'
[1.407s] running build
[1.407s] running build_py
[1.408s] creating /root/src/build/vehicle_simulation/build
[1.408s] creating /root/src/build/vehicle_simulation/build/lib
[1.408s] creating /root/src/build/vehicle_simulation/build/lib/vehicle_simulation
[1.408s] copying vehicle_simulation/vehicle_sensor_sim.py -> /root/src/build/vehicle_simulation/build/lib/vehicle_simulation
[1.409s] copying vehicle_simulation/vehicle_control_sim.py -> /root/src/build/vehicle_simulation/build/lib/vehicle_simulation
[1.409s] copying vehicle_simulation/__init__.py -> /root/src/build/vehicle_simulation/build/lib/vehicle_simulation
[1.410s] running install
[1.411s] running install_lib
[1.412s] creating /root/src/install/vehicle_simulation/lib/python3.8/site-packages/vehicle_simulation
[1.412s] copying /root/src/build/vehicle_simulation/build/lib/vehicle_simulation/vehicle_sensor_sim.py -> /root/src/install/vehicle_simulation/lib/python3.8/site-packages/vehicle_simulation
[1.412s] copying /root/src/build/vehicle_simulation/build/lib/vehicle_simulation/vehicle_control_sim.py -> /root/src/install/vehicle_simulation/lib/python3.8/site-packages/vehicle_simulation
[1.413s] copying /root/src/build/vehicle_simulation/build/lib/vehicle_simulation/__init__.py -> /root/src/install/vehicle_simulation/lib/python3.8/site-packages/vehicle_simulation
[1.413s] byte-compiling /root/src/install/vehicle_simulation/lib/python3.8/site-packages/vehicle_simulation/vehicle_sensor_sim.py to vehicle_sensor_sim.cpython-38.pyc
[1.415s] byte-compiling /root/src/install/vehicle_simulation/lib/python3.8/site-packages/vehicle_simulation/vehicle_control_sim.py to vehicle_control_sim.cpython-38.pyc
[1.417s] byte-compiling /root/src/install/vehicle_simulation/lib/python3.8/site-packages/vehicle_simulation/__init__.py to __init__.cpython-38.pyc
[1.417s] running install_data
[1.418s] creating /root/src/install/vehicle_simulation/share/ament_index
[1.418s] creating /root/src/install/vehicle_simulation/share/ament_index/resource_index
[1.418s] creating /root/src/install/vehicle_simulation/share/ament_index/resource_index/packages
[1.418s] copying resource/vehicle_simulation -> /root/src/install/vehicle_simulation/share/ament_index/resource_index/packages
[1.419s] copying package.xml -> /root/src/install/vehicle_simulation/share/vehicle_simulation
[1.419s] running install_egg_info
[1.422s] Copying ../build/vehicle_simulation/vehicle_simulation.egg-info to /root/src/install/vehicle_simulation/lib/python3.8/site-packages/vehicle_simulation-0.0.0-py3.8.egg-info
[1.424s] running install_scripts
[1.463s] Installing vehicle_control_sim script to /root/src/install/vehicle_simulation/lib/vehicle_simulation
[1.464s] writing list of installed files to '/root/src/build/vehicle_simulation/install.log'
[1.505s] Invoked command in '/root/src/vehicle_simulation' returned '0': PYTHONPATH=/root/src/build/vehicle_simulation/prefix_override:/root/src/install/vehicle_simulation/lib/python3.8/site-packages:${PYTHONPATH} /usr/bin/python3 setup.py egg_info --egg-base ../build/vehicle_simulation build --build-base /root/src/build/vehicle_simulation/build install --record /root/src/build/vehicle_simulation/install.log --install-scripts $base/lib/vehicle_simulation --single-version-externally-managed
