[0.000000] (-) TimerEvent: {}
[0.000256] (-) JobUnselected: {'identifier': 'vehicle_interfaces'}
[0.000339] (-) JobUnselected: {'identifier': 'vehicle_navigation'}
[0.000396] (-) JobUnselected: {'identifier': 'vehicle_networking'}
[0.000566] (-) JobUnselected: {'identifier': 'vehicle_simulation'}
[0.000903] (vehicle_string_converter) JobQueued: {'identifier': 'vehicle_string_converter', 'dependencies': OrderedDict()}
[0.002308] (vehicle_string_converter) JobStarted: {'identifier': 'vehicle_string_converter'}
[0.099675] (-) TimerEvent: {}
[0.200145] (-) TimerEvent: {}
[0.300525] (-) TimerEvent: {}
[0.400894] (-) TimerEvent: {}
[0.501324] (-) TimerEvent: {}
[0.601798] (-) TimerEvent: {}
[0.702194] (-) TimerEvent: {}
[0.803012] (-) TimerEvent: {}
[0.903308] (-) TimerEvent: {}
[1.003593] (-) TimerEvent: {}
[1.032677] (vehicle_string_converter) Command: {'cmd': ['/usr/bin/python3', 'setup.py', 'egg_info', '--egg-base', '../../build/vehicle_string_converter', 'build', '--build-base', '/root/build/vehicle_string_converter/build', 'install', '--record', '/root/build/vehicle_string_converter/install.log', '--install-scripts', '$base/lib/vehicle_string_converter', '--single-version-externally-managed'], 'cwd': '/root/src/vehicle_string_converter', 'env': {'HOSTNAME': 'e76f9b831d7a', 'SHLVL': '1', 'LD_LIBRARY_PATH': '/root/install/vehicle_interfaces/lib:/opt/ros/foxy/opt/yaml_cpp_vendor/lib:/opt/ros/foxy/opt/rviz_ogre_vendor/lib:/opt/ros/foxy/lib/x86_64-linux-gnu:/opt/ros/foxy/lib', 'HOME': '/root', 'OLDPWD': '/', 'ROS_PYTHON_VERSION': '3', 'COLCON_PREFIX_PATH': '/root/install', 'ROS_DISTRO': 'foxy', '_': '/usr/bin/colcon', 'ROS_VERSION': '2', 'TERM': 'xterm', 'ROS_LOCALHOST_ONLY': '0', 'QT_X11_NO_MITSHM': '1', 'PATH': '/opt/ros/foxy/bin:/usr/local/sbin:/usr/local/bin:/usr/sbin:/usr/bin:/sbin:/bin', 'DISPLAY': ':0.0', 'LANG': 'C.UTF-8', 'AMENT_PREFIX_PATH': '/root/install/vehicle_string_converter:/root/install/vehicle_simulation:/root/install/vehicle_networking:/root/install/vehicle_interfaces:/opt/ros/foxy', 'DEBIAN_FRONTEND': 'noninteractive', 'PWD': '/root/build/vehicle_string_converter', 'LC_ALL': 'C.UTF-8', 'PYTHONPATH': '/root/build/vehicle_string_converter/prefix_override:/root/install/vehicle_string_converter/lib/python3.8/site-packages:/root/install/vehicle_string_converter/lib/python3.8/site-packages:/root/install/vehicle_simulation/lib/python3.8/site-packages:/root/install/vehicle_networking/lib/python3.8/site-packages:/root/install/vehicle_interfaces/lib/python3.8/site-packages:/opt/ros/foxy/lib/python3.8/site-packages', 'COLCON': '1', 'CMAKE_PREFIX_PATH': '/root/install/vehicle_interfaces'}, 'shell': False}
[1.103760] (-) TimerEvent: {}
[1.204179] (-) TimerEvent: {}
[1.304478] (-) TimerEvent: {}
[1.309173] (vehicle_string_converter) StdoutLine: {'line': b'running egg_info\n'}
[1.310037] (vehicle_string_converter) StdoutLine: {'line': b'writing ../../build/vehicle_string_converter/vehicle_string_converter.egg-info/PKG-INFO\n'}
[1.310401] (vehicle_string_converter) StdoutLine: {'line': b'writing dependency_links to ../../build/vehicle_string_converter/vehicle_string_converter.egg-info/dependency_links.txt\n'}
[1.311178] (vehicle_string_converter) StdoutLine: {'line': b'writing entry points to ../../build/vehicle_string_converter/vehicle_string_converter.egg-info/entry_points.txt\n'}
[1.311930] (vehicle_string_converter) StdoutLine: {'line': b'writing requirements to ../../build/vehicle_string_converter/vehicle_string_converter.egg-info/requires.txt\n'}
[1.312227] (vehicle_string_converter) StdoutLine: {'line': b'writing top-level names to ../../build/vehicle_string_converter/vehicle_string_converter.egg-info/top_level.txt\n'}
[1.367926] (vehicle_string_converter) StdoutLine: {'line': b"reading manifest file '../../build/vehicle_string_converter/vehicle_string_converter.egg-info/SOURCES.txt'\n"}
[1.369173] (vehicle_string_converter) StdoutLine: {'line': b"writing manifest file '../../build/vehicle_string_converter/vehicle_string_converter.egg-info/SOURCES.txt'\n"}
[1.369419] (vehicle_string_converter) StdoutLine: {'line': b'running build\n'}
[1.369550] (vehicle_string_converter) StdoutLine: {'line': b'running build_py\n'}
[1.369697] (vehicle_string_converter) StdoutLine: {'line': b'copying vehicle_string_converter/vehicle_control_string_parser.py -> /root/build/vehicle_string_converter/build/lib/vehicle_string_converter\n'}
[1.370724] (vehicle_string_converter) StdoutLine: {'line': b'running install\n'}
[1.372253] (vehicle_string_converter) StdoutLine: {'line': b'running install_lib\n'}
[1.374041] (vehicle_string_converter) StdoutLine: {'line': b'copying /root/build/vehicle_string_converter/build/lib/vehicle_string_converter/vehicle_control_string_parser.py -> /root/install/vehicle_string_converter/lib/python3.8/site-packages/vehicle_string_converter\n'}
[1.375273] (vehicle_string_converter) StdoutLine: {'line': b'byte-compiling /root/install/vehicle_string_converter/lib/python3.8/site-packages/vehicle_string_converter/vehicle_control_string_parser.py to vehicle_control_string_parser.cpython-38.pyc\n'}
[1.379531] (vehicle_string_converter) StdoutLine: {'line': b'running install_data\n'}
[1.380590] (vehicle_string_converter) StdoutLine: {'line': b'running install_egg_info\n'}
[1.383675] (vehicle_string_converter) StdoutLine: {'line': b"removing '/root/install/vehicle_string_converter/lib/python3.8/site-packages/vehicle_string_converter-0.0.0-py3.8.egg-info' (and everything under it)\n"}
[1.384187] (vehicle_string_converter) StdoutLine: {'line': b'Copying ../../build/vehicle_string_converter/vehicle_string_converter.egg-info to /root/install/vehicle_string_converter/lib/python3.8/site-packages/vehicle_string_converter-0.0.0-py3.8.egg-info\n'}
[1.386037] (vehicle_string_converter) StdoutLine: {'line': b'running install_scripts\n'}
[1.404574] (-) TimerEvent: {}
[1.414773] (vehicle_string_converter) StdoutLine: {'line': b'Installing vehicle_control_string_builder script to /root/install/vehicle_string_converter/lib/vehicle_string_converter\n'}
[1.415460] (vehicle_string_converter) StdoutLine: {'line': b'Installing vehicle_control_string_parser script to /root/install/vehicle_string_converter/lib/vehicle_string_converter\n'}
[1.415874] (vehicle_string_converter) StdoutLine: {'line': b"writing list of installed files to '/root/build/vehicle_string_converter/install.log'\n"}
[1.457394] (vehicle_string_converter) CommandEnded: {'returncode': 0}
[1.482662] (vehicle_string_converter) JobEnded: {'identifier': 'vehicle_string_converter', 'rc': 0}
[1.483870] (-) EventReactorShutdown: {}
