[3.304s] Invoking command in '/home/ethanreynolds/vscode/robot-rover-2025/code/system/ros2/src/vehicle_navigation': PYTHONPATH=/home/ethanreynolds/vscode/robot-rover-2025/code/system/ros2/build/vehicle_navigation/prefix_override:/usr/lib/python3/dist-packages/colcon_core/task/python/colcon_distutils_commands:/home/ethanreynolds/vscode/robot-rover-2025/code/system/ros2/install/vehicle_navigation/lib/python3.8/site-packages:${PYTHONPATH} /usr/bin/python3 -W ignore:setup.py install is deprecated -W ignore:easy_install command is deprecated setup.py egg_info --egg-base ../../build/vehicle_navigation build --build-base /home/ethanreynolds/vscode/robot-rover-2025/code/system/ros2/build/vehicle_navigation/build install --record /home/ethanreynolds/vscode/robot-rover-2025/code/system/ros2/build/vehicle_navigation/install.log --install-scripts $base/lib/vehicle_navigation --single-version-externally-managed install_data
[3.904s] running egg_info
[3.905s] writing ../../build/vehicle_navigation/vehicle_navigation.egg-info/PKG-INFO
[3.906s] writing dependency_links to ../../build/vehicle_navigation/vehicle_navigation.egg-info/dependency_links.txt
[3.906s] writing entry points to ../../build/vehicle_navigation/vehicle_navigation.egg-info/entry_points.txt
[3.907s] writing requirements to ../../build/vehicle_navigation/vehicle_navigation.egg-info/requires.txt
[3.907s] writing top-level names to ../../build/vehicle_navigation/vehicle_navigation.egg-info/top_level.txt
[4.013s] reading manifest file '../../build/vehicle_navigation/vehicle_navigation.egg-info/SOURCES.txt'
[4.015s] writing manifest file '../../build/vehicle_navigation/vehicle_navigation.egg-info/SOURCES.txt'
[4.015s] running build
[4.015s] running build_py
[4.016s] running install
[4.018s] running install_lib
[4.021s] running install_data
[4.021s] running install_egg_info
[4.025s] removing '/home/ethanreynolds/vscode/robot-rover-2025/code/system/ros2/install/vehicle_navigation/lib/python3.8/site-packages/vehicle_navigation-0.0.0-py3.8.egg-info' (and everything under it)
[4.026s] Copying ../../build/vehicle_navigation/vehicle_navigation.egg-info to /home/ethanreynolds/vscode/robot-rover-2025/code/system/ros2/install/vehicle_navigation/lib/python3.8/site-packages/vehicle_navigation-0.0.0-py3.8.egg-info
[4.028s] running install_scripts
[4.097s] writing list of installed files to '/home/ethanreynolds/vscode/robot-rover-2025/code/system/ros2/build/vehicle_navigation/install.log'
[4.189s] Invoked command in '/home/ethanreynolds/vscode/robot-rover-2025/code/system/ros2/src/vehicle_navigation' returned '0': PYTHONPATH=/home/ethanreynolds/vscode/robot-rover-2025/code/system/ros2/build/vehicle_navigation/prefix_override:/usr/lib/python3/dist-packages/colcon_core/task/python/colcon_distutils_commands:/home/ethanreynolds/vscode/robot-rover-2025/code/system/ros2/install/vehicle_navigation/lib/python3.8/site-packages:${PYTHONPATH} /usr/bin/python3 -W ignore:setup.py install is deprecated -W ignore:easy_install command is deprecated setup.py egg_info --egg-base ../../build/vehicle_navigation build --build-base /home/ethanreynolds/vscode/robot-rover-2025/code/system/ros2/build/vehicle_navigation/build install --record /home/ethanreynolds/vscode/robot-rover-2025/code/system/ros2/build/vehicle_navigation/install.log --install-scripts $base/lib/vehicle_navigation --single-version-externally-managed install_data
