running egg_info
writing ../../build/vehicle_networking/vehicle_networking.egg-info/PKG-INFO
writing dependency_links to ../../build/vehicle_networking/vehicle_networking.egg-info/dependency_links.txt
writing entry points to ../../build/vehicle_networking/vehicle_networking.egg-info/entry_points.txt
writing requirements to ../../build/vehicle_networking/vehicle_networking.egg-info/requires.txt
writing top-level names to ../../build/vehicle_networking/vehicle_networking.egg-info/top_level.txt
reading manifest file '../../build/vehicle_networking/vehicle_networking.egg-info/SOURCES.txt'
writing manifest file '../../build/vehicle_networking/vehicle_networking.egg-info/SOURCES.txt'
running build
running build_py
running install
running install_lib
running install_data
running install_egg_info
removing '/home/ethanreynolds/vscode/robot-rover-2025/code/system/ros2/install/vehicle_networking/lib/python3.8/site-packages/vehicle_networking-0.0.0-py3.8.egg-info' (and everything under it)
Copying ../../build/vehicle_networking/vehicle_networking.egg-info to /home/ethanreynolds/vscode/robot-rover-2025/code/system/ros2/install/vehicle_networking/lib/python3.8/site-packages/vehicle_networking-0.0.0-py3.8.egg-info
running install_scripts
Installing control_serial_interface script to /home/ethanreynolds/vscode/robot-rover-2025/code/system/ros2/install/vehicle_networking/lib/vehicle_networking
Installing get_device_info_tool script to /home/ethanreynolds/vscode/robot-rover-2025/code/system/ros2/install/vehicle_networking/lib/vehicle_networking
Installing sensor_serial_interface script to /home/ethanreynolds/vscode/robot-rover-2025/code/system/ros2/install/vehicle_networking/lib/vehicle_networking
Installing serial_manager script to /home/ethanreynolds/vscode/robot-rover-2025/code/system/ros2/install/vehicle_networking/lib/vehicle_networking
writing list of installed files to '/home/ethanreynolds/vscode/robot-rover-2025/code/system/ros2/build/vehicle_networking/install.log'
