[0.036s] Invoking command in '/root/build/vehicle_interfaces': CMAKE_PREFIX_PATH=/root/install/vehicle_string_converter:/root/install/vehicle_simulation:/opt/ros/foxy /usr/bin/cmake --build /root/build/vehicle_interfaces -- -j4 -l4
[0.108s] -- Found ament_cmake: 0.9.12 (/opt/ros/foxy/share/ament_cmake/cmake)
[0.148s] -- Found PythonInterp: /usr/bin/python3 (found suitable version "3.8.10", minimum required is "3") 
[0.148s] -- Using PYTHON_EXECUTABLE: /usr/bin/python3
[0.386s] -- Found rosidl_default_generators: 1.0.1 (/opt/ros/foxy/share/rosidl_default_generators/cmake)
[0.389s] -- Using all available rosidl_typesupport_c: rosidl_typesupport_fastrtps_c;rosidl_typesupport_introspection_c
[0.395s] -- Found rosidl_adapter: 1.3.1 (/opt/ros/foxy/share/rosidl_adapter/cmake)
[0.644s] -- Using all available rosidl_typesupport_cpp: rosidl_typesupport_fastrtps_cpp;rosidl_typesupport_introspection_cpp
[0.717s] -- Found PythonInterp: /usr/bin/python3 (found version "3.8.10") 
[0.842s] CMake Error at /opt/ros/foxy/share/rosidl_adapter/cmake/rosidl_adapt_interfaces.cmake:60 (message):
[0.842s]   execute_process(/usr/bin/python3 -m rosidl_adapter --package-name
[0.842s]   vehicle_interfaces --arguments-file
[0.842s]   /root/build/vehicle_interfaces/rosidl_adapter__arguments__vehicle_interfaces.json
[0.842s]   --output-dir
[0.843s]   /root/build/vehicle_interfaces/rosidl_adapter/vehicle_interfaces
[0.843s]   --output-file
[0.843s]   /root/build/vehicle_interfaces/rosidl_adapter/vehicle_interfaces.idls)
[0.843s]   returned error code 1:
[0.843s] 
[0.843s]   Error processing 'sensor_msgs/msg/NavSatFix position' of
[0.843s]   'vehicle_interfaces/GPSData': 'sensor_msgs/msg/NavSatFix'
[0.843s] 
[0.844s]   Traceback (most recent call last):
[0.844s] 
[0.844s]     File "/usr/lib/python3.8/runpy.py", line 194, in _run_module_as_main
[0.844s]       return _run_code(code, main_globals, None,
[0.844s]     File "/usr/lib/python3.8/runpy.py", line 87, in _run_code
[0.844s]       exec(code, run_globals)
[0.844s]     File "/opt/ros/foxy/lib/python3.8/site-packages/rosidl_adapter/__main__.py", line 19, in <module>
[0.844s]       sys.exit(main())
[0.845s]     File "/opt/ros/foxy/lib/python3.8/site-packages/rosidl_adapter/main.py", line 53, in main
[0.845s]       abs_idl_file = convert_to_idl(
[0.845s]     File "/opt/ros/foxy/lib/python3.8/site-packages/rosidl_adapter/__init__.py", line 19, in convert_to_idl
[0.845s]       return convert_msg_to_idl(
[0.845s]     File "/opt/ros/foxy/lib/python3.8/site-packages/rosidl_adapter/msg/__init__.py", line 28, in convert_msg_to_idl
[0.845s]       msg = parse_message_string(package_name, input_file.stem, content)
[0.845s]     File "/opt/ros/foxy/lib/python3.8/site-packages/rosidl_adapter/parser.py", line 516, in parse_message_string
[0.846s]       Type(type_string, context_package_name=pkg_name),
[0.846s]     File "/opt/ros/foxy/lib/python3.8/site-packages/rosidl_adapter/parser.py", line 276, in __init__
[0.846s]       super(Type, self).__init__(
[0.846s]     File "/opt/ros/foxy/lib/python3.8/site-packages/rosidl_adapter/parser.py", line 189, in __init__
[0.846s]       raise InvalidResourceName(type_string)
[0.846s] 
[0.846s]   rosidl_adapter.parser.InvalidResourceName: sensor_msgs/msg/NavSatFix
[0.846s] 
[0.847s] Call Stack (most recent call first):
[0.847s]   /opt/ros/foxy/share/rosidl_cmake/cmake/rosidl_generate_interfaces.cmake:130 (rosidl_adapt_interfaces)
[0.847s]   CMakeLists.txt:25 (rosidl_generate_interfaces)
[0.847s] 
[0.847s] 
[0.847s] -- Configuring incomplete, errors occurred!
[0.847s] See also "/root/build/vehicle_interfaces/CMakeFiles/CMakeOutput.log".
[0.853s] make: *** [Makefile:1468: cmake_check_build_system] Error 1
[0.856s] Invoked command in '/root/build/vehicle_interfaces' returned '2': CMAKE_PREFIX_PATH=/root/install/vehicle_string_converter:/root/install/vehicle_simulation:/opt/ros/foxy /usr/bin/cmake --build /root/build/vehicle_interfaces -- -j4 -l4
