running egg_info
writing ../../build/vehicle_simulation/vehicle_simulation.egg-info/PKG-INFO
writing dependency_links to ../../build/vehicle_simulation/vehicle_simulation.egg-info/dependency_links.txt
writing entry points to ../../build/vehicle_simulation/vehicle_simulation.egg-info/entry_points.txt
writing requirements to ../../build/vehicle_simulation/vehicle_simulation.egg-info/requires.txt
writing top-level names to ../../build/vehicle_simulation/vehicle_simulation.egg-info/top_level.txt
reading manifest file '../../build/vehicle_simulation/vehicle_simulation.egg-info/SOURCES.txt'
writing manifest file '../../build/vehicle_simulation/vehicle_simulation.egg-info/SOURCES.txt'
running build
running build_py
copying vehicle_simulation/vehicle_sensor_sim.py -> /root/build/vehicle_simulation/build/lib/vehicle_simulation
running install
running install_lib
copying /root/build/vehicle_simulation/build/lib/vehicle_simulation/vehicle_sensor_sim.py -> /root/install/vehicle_simulation/lib/python3.8/site-packages/vehicle_simulation
byte-compiling /root/install/vehicle_simulation/lib/python3.8/site-packages/vehicle_simulation/vehicle_sensor_sim.py to vehicle_sensor_sim.cpython-38.pyc
running install_data
running install_egg_info
removing '/root/install/vehicle_simulation/lib/python3.8/site-packages/vehicle_simulation-0.0.0-py3.8.egg-info' (and everything under it)
Copying ../../build/vehicle_simulation/vehicle_simulation.egg-info to /root/install/vehicle_simulation/lib/python3.8/site-packages/vehicle_simulation-0.0.0-py3.8.egg-info
running install_scripts
Installing vehicle_control_sim script to /root/install/vehicle_simulation/lib/vehicle_simulation
Installing vehicle_sensor_sim script to /root/install/vehicle_simulation/lib/vehicle_simulation
writing list of installed files to '/root/build/vehicle_simulation/install.log'
