In file included from [01m[K/root/build/vehicle_interfaces/rosidl_generator_c/vehicle_interfaces/msg/detail/sensor_data__functions.h:19[m[K,
                 from [01m[K/root/build/vehicle_interfaces/rosidl_generator_c/vehicle_interfaces/msg/detail/sensor_data__functions.c:4[m[K:
[01m[K/root/build/vehicle_interfaces/rosidl_generator_c/vehicle_interfaces/msg/detail/sensor_data__struct.h:24:10:[m[K [01;31m[Kfatal error: [m[Kvehicle_interfaces/msg/detail/mpu_data__struct.h: No such file or directory
   24 | #include [01;31m[K"vehicle_interfaces/msg/detail/mpu_data__struct.h"[m[K
      |          [01;31m[K^~~~~~~~~~~~~~~~~~~~~~~~~~~~~~~~~~~~~~~~~~~~~~~~~~[m[K
compilation terminated.
make[2]: *** [CMakeFiles/vehicle_interfaces__rosidl_generator_c.dir/build.make:179: CMakeFiles/vehicle_interfaces__rosidl_generator_c.dir/rosidl_generator_c/vehicle_interfaces/msg/detail/sensor_data__functions.c.o] Error 1
make[1]: *** [CMakeFiles/Makefile2:241: CMakeFiles/vehicle_interfaces__rosidl_generator_c.dir/all] Error 2
make[1]: *** Waiting for unfinished jobs....
In file included from [01m[K/root/build/vehicle_interfaces/rosidl_typesupport_cpp/vehicle_interfaces/msg/sensor_data__type_support.cpp:7[m[K:
[01m[K/root/build/vehicle_interfaces/rosidl_generator_cpp/vehicle_interfaces/msg/detail/sensor_data__struct.hpp:21:10:[m[K [01;31m[Kfatal error: [m[Kvehicle_interfaces/msg/detail/mpu_data__struct.hpp: No such file or directory
   21 | #include [01;31m[K"vehicle_interfaces/msg/detail/mpu_data__struct.hpp"[m[K
      |          [01;31m[K^~~~~~~~~~~~~~~~~~~~~~~~~~~~~~~~~~~~~~~~~~~~~~~~~~~~[m[K
compilation terminated.
make[2]: *** [CMakeFiles/vehicle_interfaces__rosidl_typesupport_cpp.dir/build.make:124: CMakeFiles/vehicle_interfaces__rosidl_typesupport_cpp.dir/rosidl_typesupport_cpp/vehicle_interfaces/msg/sensor_data__type_support.cpp.o] Error 1
make[1]: *** [CMakeFiles/Makefile2:526: CMakeFiles/vehicle_interfaces__rosidl_typesupport_cpp.dir/all] Error 2
In file included from [01m[K/root/build/vehicle_interfaces/rosidl_typesupport_introspection_cpp/vehicle_interfaces/msg/detail/sensor_data__type_support.cpp:12[m[K:
[01m[K/root/build/vehicle_interfaces/rosidl_generator_cpp/vehicle_interfaces/msg/detail/sensor_data__struct.hpp:21:10:[m[K [01;31m[Kfatal error: [m[Kvehicle_interfaces/msg/detail/mpu_data__struct.hpp: No such file or directory
   21 | #include [01;31m[K"vehicle_interfaces/msg/detail/mpu_data__struct.hpp"[m[K
      |          [01;31m[K^~~~~~~~~~~~~~~~~~~~~~~~~~~~~~~~~~~~~~~~~~~~~~~~~~~~[m[K
compilation terminated.
make[2]: *** [CMakeFiles/vehicle_interfaces__rosidl_typesupport_introspection_cpp.dir/build.make:138: CMakeFiles/vehicle_interfaces__rosidl_typesupport_introspection_cpp.dir/rosidl_typesupport_introspection_cpp/vehicle_interfaces/msg/detail/sensor_data__type_support.cpp.o] Error 1
make[2]: *** Waiting for unfinished jobs....
In file included from [01m[K/root/build/vehicle_interfaces/rosidl_typesupport_fastrtps_cpp/vehicle_interfaces/msg/detail/sensor_data__rosidl_typesupport_fastrtps_cpp.hpp:11[m[K,
                 from [01m[K/root/build/vehicle_interfaces/rosidl_typesupport_fastrtps_cpp/vehicle_interfaces/msg/detail/dds_fastrtps/sensor_data__type_support.cpp:4[m[K:
[01m[K/root/build/vehicle_interfaces/rosidl_generator_cpp/vehicle_interfaces/msg/detail/sensor_data__struct.hpp:21:10:[m[K [01;31m[Kfatal error: [m[Kvehicle_interfaces/msg/detail/mpu_data__struct.hpp: No such file or directory
   21 | #include [01;31m[K"vehicle_interfaces/msg/detail/mpu_data__struct.hpp"[m[K
      |          [01;31m[K^~~~~~~~~~~~~~~~~~~~~~~~~~~~~~~~~~~~~~~~~~~~~~~~~~~~[m[K
compilation terminated.
make[2]: *** [CMakeFiles/vehicle_interfaces__rosidl_typesupport_fastrtps_cpp.dir/build.make:138: CMakeFiles/vehicle_interfaces__rosidl_typesupport_fastrtps_cpp.dir/rosidl_typesupport_fastrtps_cpp/vehicle_interfaces/msg/detail/dds_fastrtps/sensor_data__type_support.cpp.o] Error 1
make[2]: *** Waiting for unfinished jobs....
make[1]: *** [CMakeFiles/Makefile2:499: CMakeFiles/vehicle_interfaces__rosidl_typesupport_introspection_cpp.dir/all] Error 2
make[1]: *** [CMakeFiles/Makefile2:295: CMakeFiles/vehicle_interfaces__rosidl_typesupport_fastrtps_cpp.dir/all] Error 2
make: *** [Makefile:141: all] Error 2
