[0.028s] Invoking command in '/root/build/vehicle_interfaces': CMAKE_PREFIX_PATH=/root/install/vehicle_string_converter:/root/install/vehicle_simulation:/opt/ros/foxy /usr/bin/cmake /root/src/vehicle_interfaces -DCMAKE_INSTALL_PREFIX=/root/install/vehicle_interfaces
[0.535s] -- The C compiler identification is GNU 9.4.0
[0.691s] -- The CXX compiler identification is GNU 9.4.0
[0.700s] -- Check for working C compiler: /usr/bin/cc
[0.820s] -- Check for working C compiler: /usr/bin/cc -- works
[0.822s] -- Detecting C compiler ABI info
[0.932s] -- Detecting C compiler ABI info - done
[0.947s] -- Detecting C compile features
[0.947s] -- Detecting C compile features - done
[0.951s] -- Check for working CXX compiler: /usr/bin/c++
[1.066s] -- Check for working CXX compiler: /usr/bin/c++ -- works
[1.068s] -- Detecting CXX compiler ABI info
[1.184s] -- Detecting CXX compiler ABI info - done
[1.202s] -- Detecting CXX compile features
[1.203s] -- Detecting CXX compile features - done
[1.207s] -- Found ament_cmake: 0.9.12 (/opt/ros/foxy/share/ament_cmake/cmake)
[1.256s] -- Found PythonInterp: /usr/bin/python3 (found suitable version "3.8.10", minimum required is "3") 
[1.257s] -- Using PYTHON_EXECUTABLE: /usr/bin/python3
[1.517s] -- Found rosidl_default_generators: 1.0.1 (/opt/ros/foxy/share/rosidl_default_generators/cmake)
[1.527s] -- Using all available rosidl_typesupport_c: rosidl_typesupport_fastrtps_c;rosidl_typesupport_introspection_c
[1.539s] -- Found rosidl_adapter: 1.3.1 (/opt/ros/foxy/share/rosidl_adapter/cmake)
[1.704s] -- Found OpenSSL: /usr/lib/x86_64-linux-gnu/libcrypto.so (found version "1.1.1f")  
[1.751s] -- Found FastRTPS: /opt/ros/foxy/include  
[1.876s] -- Using all available rosidl_typesupport_cpp: rosidl_typesupport_fastrtps_cpp;rosidl_typesupport_introspection_cpp
[1.952s] -- Found PythonInterp: /usr/bin/python3 (found version "3.8.10") 
[2.173s] -- Found ament_cmake_ros: 0.9.2 (/opt/ros/foxy/share/ament_cmake_ros/cmake)
[2.333s] -- Using all available rosidl_typesupport_c: rosidl_typesupport_fastrtps_c;rosidl_typesupport_introspection_c
[2.348s] -- Using all available rosidl_typesupport_cpp: rosidl_typesupport_fastrtps_cpp;rosidl_typesupport_introspection_cpp
[2.379s] -- Found PythonInterp: /usr/bin/python3 (found suitable version "3.8.10", minimum required is "3.5") 
[2.383s] -- Found python_cmake_module: 0.8.1 (/opt/ros/foxy/share/python_cmake_module/cmake)
[2.422s] -- Found PythonLibs: /usr/lib/x86_64-linux-gnu/libpython3.8.so (found suitable version "3.8.10", minimum required is "3.5") 
[2.422s] -- Using PYTHON_EXECUTABLE: /usr/bin/python3
[2.422s] -- Using PYTHON_INCLUDE_DIRS: /usr/include/python3.8
[2.423s] -- Using PYTHON_LIBRARIES: /usr/lib/x86_64-linux-gnu/libpython3.8.so
[2.454s] -- Found PythonExtra: .so  
[2.512s] -- Found ament_lint_auto: 0.9.8 (/opt/ros/foxy/share/ament_lint_auto/cmake)
[2.562s] -- Added test 'copyright' to check source files copyright and LICENSE
[2.567s] -- Added test 'lint_cmake' to check CMake code style
[2.570s] -- Added test 'xmllint' to check XML markup files
[2.579s] -- Configuring done
[2.652s] -- Generating done
[2.655s] -- Build files have been written to: /root/build/vehicle_interfaces
[2.663s] Invoked command in '/root/build/vehicle_interfaces' returned '0': CMAKE_PREFIX_PATH=/root/install/vehicle_string_converter:/root/install/vehicle_simulation:/opt/ros/foxy /usr/bin/cmake /root/src/vehicle_interfaces -DCMAKE_INSTALL_PREFIX=/root/install/vehicle_interfaces
[2.668s] Invoking command in '/root/build/vehicle_interfaces': CMAKE_PREFIX_PATH=/root/install/vehicle_string_converter:/root/install/vehicle_simulation:/opt/ros/foxy /usr/bin/cmake --build /root/build/vehicle_interfaces -- -j4 -l4
[2.744s] [35m[1mScanning dependencies of target vehicle_interfaces__cpp[0m
[2.745s] [  1%] [34m[1mGenerating C code for ROS interfaces[0m
[2.767s] [  3%] [34m[1mGenerating C++ code for ROS interfaces[0m
[3.984s] [  3%] Built target vehicle_interfaces__cpp
[4.007s] [  9%] [34m[1mGenerating C++ introspection for ROS interfaces[0m
[4.007s] [  9%] [34m[1mGenerating C++ type support for eProsima Fast-RTPS[0m
[4.009s] [  9%] [34m[1mGenerating C++ type support dispatch for ROS interfaces[0m
[4.498s] [35m[1mScanning dependencies of target vehicle_interfaces__rosidl_generator_c[0m
[4.582s] [ 10%] [32mBuilding C object CMakeFiles/vehicle_interfaces__rosidl_generator_c.dir/rosidl_generator_c/vehicle_interfaces/srv/detail/get_serial_port__functions.c.o[0m
[4.772s] [ 12%] [32mBuilding C object CMakeFiles/vehicle_interfaces__rosidl_generator_c.dir/rosidl_generator_c/vehicle_interfaces/srv/detail/reset_serial_port__functions.c.o[0m
[5.014s] [ 14%] [32mBuilding C object CMakeFiles/vehicle_interfaces__rosidl_generator_c.dir/rosidl_generator_c/vehicle_interfaces/srv/detail/get_device_status__functions.c.o[0m
[5.199s] [ 16%] [32mBuilding C object CMakeFiles/vehicle_interfaces__rosidl_generator_c.dir/rosidl_generator_c/vehicle_interfaces/msg/detail/sensor_data__functions.c.o[0m
[5.223s] In file included from [01m[K/root/build/vehicle_interfaces/rosidl_generator_c/vehicle_interfaces/msg/detail/sensor_data__functions.h:19[m[K,
[5.224s]                  from [01m[K/root/build/vehicle_interfaces/rosidl_generator_c/vehicle_interfaces/msg/detail/sensor_data__functions.c:4[m[K:
[5.226s] [01m[K/root/build/vehicle_interfaces/rosidl_generator_c/vehicle_interfaces/msg/detail/sensor_data__struct.h:24:10:[m[K [01;31m[Kfatal error: [m[Kvehicle_interfaces/msg/detail/mpu_data__struct.h: No such file or directory
[5.227s]    24 | #include [01;31m[K"vehicle_interfaces/msg/detail/mpu_data__struct.h"[m[K
[5.228s]       |          [01;31m[K^~~~~~~~~~~~~~~~~~~~~~~~~~~~~~~~~~~~~~~~~~~~~~~~~~[m[K
[5.230s] compilation terminated.
[5.231s] make[2]: *** [CMakeFiles/vehicle_interfaces__rosidl_generator_c.dir/build.make:179: CMakeFiles/vehicle_interfaces__rosidl_generator_c.dir/rosidl_generator_c/vehicle_interfaces/msg/detail/sensor_data__functions.c.o] Error 1
[5.233s] make[1]: *** [CMakeFiles/Makefile2:241: CMakeFiles/vehicle_interfaces__rosidl_generator_c.dir/all] Error 2
[5.234s] make[1]: *** Waiting for unfinished jobs....
[5.334s] [35m[1mScanning dependencies of target vehicle_interfaces__rosidl_typesupport_cpp[0m
[5.368s] [ 18%] [32mBuilding CXX object CMakeFiles/vehicle_interfaces__rosidl_typesupport_cpp.dir/rosidl_typesupport_cpp/vehicle_interfaces/srv/reset_serial_port__type_support.cpp.o[0m
[5.410s] [ 20%] [32mBuilding CXX object CMakeFiles/vehicle_interfaces__rosidl_typesupport_cpp.dir/rosidl_typesupport_cpp/vehicle_interfaces/srv/get_serial_port__type_support.cpp.o[0m
[5.796s] [35m[1mScanning dependencies of target vehicle_interfaces__rosidl_typesupport_fastrtps_cpp[0m
[5.876s] [ 21%] [32mBuilding CXX object CMakeFiles/vehicle_interfaces__rosidl_typesupport_fastrtps_cpp.dir/rosidl_typesupport_fastrtps_cpp/vehicle_interfaces/srv/detail/dds_fastrtps/get_serial_port__type_support.cpp.o[0m
[5.971s] [35m[1mScanning dependencies of target vehicle_interfaces__rosidl_typesupport_introspection_cpp[0m
[6.063s] [ 23%] [32mBuilding CXX object CMakeFiles/vehicle_interfaces__rosidl_typesupport_introspection_cpp.dir/rosidl_typesupport_introspection_cpp/vehicle_interfaces/srv/detail/get_serial_port__type_support.cpp.o[0m
[6.426s] [ 25%] [32mBuilding CXX object CMakeFiles/vehicle_interfaces__rosidl_typesupport_cpp.dir/rosidl_typesupport_cpp/vehicle_interfaces/srv/get_device_status__type_support.cpp.o[0m
[6.433s] [ 27%] [32mBuilding CXX object CMakeFiles/vehicle_interfaces__rosidl_typesupport_introspection_cpp.dir/rosidl_typesupport_introspection_cpp/vehicle_interfaces/srv/detail/reset_serial_port__type_support.cpp.o[0m
[7.338s] [ 29%] [32mBuilding CXX object CMakeFiles/vehicle_interfaces__rosidl_typesupport_cpp.dir/rosidl_typesupport_cpp/vehicle_interfaces/msg/sensor_data__type_support.cpp.o[0m
[7.458s] [ 30%] [32mBuilding CXX object CMakeFiles/vehicle_interfaces__rosidl_typesupport_fastrtps_cpp.dir/rosidl_typesupport_fastrtps_cpp/vehicle_interfaces/srv/detail/dds_fastrtps/reset_serial_port__type_support.cpp.o[0m
[7.492s] In file included from [01m[K/root/build/vehicle_interfaces/rosidl_typesupport_cpp/vehicle_interfaces/msg/sensor_data__type_support.cpp:7[m[K:
[7.492s] [01m[K/root/build/vehicle_interfaces/rosidl_generator_cpp/vehicle_interfaces/msg/detail/sensor_data__struct.hpp:21:10:[m[K [01;31m[Kfatal error: [m[Kvehicle_interfaces/msg/detail/mpu_data__struct.hpp: No such file or directory
[7.492s]    21 | #include [01;31m[K"vehicle_interfaces/msg/detail/mpu_data__struct.hpp"[m[K
[7.492s]       |          [01;31m[K^~~~~~~~~~~~~~~~~~~~~~~~~~~~~~~~~~~~~~~~~~~~~~~~~~~~[m[K
[7.493s] compilation terminated.
[7.495s] make[2]: *** [CMakeFiles/vehicle_interfaces__rosidl_typesupport_cpp.dir/build.make:124: CMakeFiles/vehicle_interfaces__rosidl_typesupport_cpp.dir/rosidl_typesupport_cpp/vehicle_interfaces/msg/sensor_data__type_support.cpp.o] Error 1
[7.495s] make[1]: *** [CMakeFiles/Makefile2:526: CMakeFiles/vehicle_interfaces__rosidl_typesupport_cpp.dir/all] Error 2
[7.528s] [ 32%] [32mBuilding CXX object CMakeFiles/vehicle_interfaces__rosidl_typesupport_introspection_cpp.dir/rosidl_typesupport_introspection_cpp/vehicle_interfaces/srv/detail/get_device_status__type_support.cpp.o[0m
[7.582s] [ 34%] [32mBuilding CXX object CMakeFiles/vehicle_interfaces__rosidl_typesupport_introspection_cpp.dir/rosidl_typesupport_introspection_cpp/vehicle_interfaces/msg/detail/sensor_data__type_support.cpp.o[0m
[7.698s] In file included from [01m[K/root/build/vehicle_interfaces/rosidl_typesupport_introspection_cpp/vehicle_interfaces/msg/detail/sensor_data__type_support.cpp:12[m[K:
[7.698s] [01m[K/root/build/vehicle_interfaces/rosidl_generator_cpp/vehicle_interfaces/msg/detail/sensor_data__struct.hpp:21:10:[m[K [01;31m[Kfatal error: [m[Kvehicle_interfaces/msg/detail/mpu_data__struct.hpp: No such file or directory
[7.698s]    21 | #include [01;31m[K"vehicle_interfaces/msg/detail/mpu_data__struct.hpp"[m[K
[7.698s]       |          [01;31m[K^~~~~~~~~~~~~~~~~~~~~~~~~~~~~~~~~~~~~~~~~~~~~~~~~~~~[m[K
[7.699s] compilation terminated.
[7.706s] make[2]: *** [CMakeFiles/vehicle_interfaces__rosidl_typesupport_introspection_cpp.dir/build.make:138: CMakeFiles/vehicle_interfaces__rosidl_typesupport_introspection_cpp.dir/rosidl_typesupport_introspection_cpp/vehicle_interfaces/msg/detail/sensor_data__type_support.cpp.o] Error 1
[7.714s] make[2]: *** Waiting for unfinished jobs....
[7.796s] [ 36%] [32mBuilding CXX object CMakeFiles/vehicle_interfaces__rosidl_typesupport_fastrtps_cpp.dir/rosidl_typesupport_fastrtps_cpp/vehicle_interfaces/srv/detail/dds_fastrtps/get_device_status__type_support.cpp.o[0m
[7.799s] [ 38%] [32mBuilding CXX object CMakeFiles/vehicle_interfaces__rosidl_typesupport_fastrtps_cpp.dir/rosidl_typesupport_fastrtps_cpp/vehicle_interfaces/msg/detail/dds_fastrtps/sensor_data__type_support.cpp.o[0m
[8.001s] In file included from [01m[K/root/build/vehicle_interfaces/rosidl_typesupport_fastrtps_cpp/vehicle_interfaces/msg/detail/sensor_data__rosidl_typesupport_fastrtps_cpp.hpp:11[m[K,
[8.001s]                  from [01m[K/root/build/vehicle_interfaces/rosidl_typesupport_fastrtps_cpp/vehicle_interfaces/msg/detail/dds_fastrtps/sensor_data__type_support.cpp:4[m[K:
[8.002s] [01m[K/root/build/vehicle_interfaces/rosidl_generator_cpp/vehicle_interfaces/msg/detail/sensor_data__struct.hpp:21:10:[m[K [01;31m[Kfatal error: [m[Kvehicle_interfaces/msg/detail/mpu_data__struct.hpp: No such file or directory
[8.002s]    21 | #include [01;31m[K"vehicle_interfaces/msg/detail/mpu_data__struct.hpp"[m[K
[8.002s]       |          [01;31m[K^~~~~~~~~~~~~~~~~~~~~~~~~~~~~~~~~~~~~~~~~~~~~~~~~~~~[m[K
[8.002s] compilation terminated.
[8.022s] make[2]: *** [CMakeFiles/vehicle_interfaces__rosidl_typesupport_fastrtps_cpp.dir/build.make:138: CMakeFiles/vehicle_interfaces__rosidl_typesupport_fastrtps_cpp.dir/rosidl_typesupport_fastrtps_cpp/vehicle_interfaces/msg/detail/dds_fastrtps/sensor_data__type_support.cpp.o] Error 1
[8.024s] make[2]: *** Waiting for unfinished jobs....
[8.581s] make[1]: *** [CMakeFiles/Makefile2:499: CMakeFiles/vehicle_interfaces__rosidl_typesupport_introspection_cpp.dir/all] Error 2
[8.911s] make[1]: *** [CMakeFiles/Makefile2:295: CMakeFiles/vehicle_interfaces__rosidl_typesupport_fastrtps_cpp.dir/all] Error 2
[8.914s] make: *** [Makefile:141: all] Error 2
[8.923s] Invoked command in '/root/build/vehicle_interfaces' returned '2': CMAKE_PREFIX_PATH=/root/install/vehicle_string_converter:/root/install/vehicle_simulation:/opt/ros/foxy /usr/bin/cmake --build /root/build/vehicle_interfaces -- -j4 -l4
