[0.885s] Invoking command in '/root/src/vehicle_simulation': PYTHONPATH=/root/build/vehicle_simulation/prefix_override:/root/install/vehicle_simulation/lib/python3.8/site-packages:${PYTHONPATH} /usr/bin/python3 setup.py egg_info --egg-base ../../build/vehicle_simulation build --build-base /root/build/vehicle_simulation/build install --record /root/build/vehicle_simulation/install.log --install-scripts $base/lib/vehicle_simulation --single-version-externally-managed
[1.136s] running egg_info
[1.136s] creating ../../build/vehicle_simulation/vehicle_simulation.egg-info
[1.137s] writing ../../build/vehicle_simulation/vehicle_simulation.egg-info/PKG-INFO
[1.137s] writing dependency_links to ../../build/vehicle_simulation/vehicle_simulation.egg-info/dependency_links.txt
[1.137s] writing entry points to ../../build/vehicle_simulation/vehicle_simulation.egg-info/entry_points.txt
[1.137s] writing requirements to ../../build/vehicle_simulation/vehicle_simulation.egg-info/requires.txt
[1.137s] writing top-level names to ../../build/vehicle_simulation/vehicle_simulation.egg-info/top_level.txt
[1.143s] writing manifest file '../../build/vehicle_simulation/vehicle_simulation.egg-info/SOURCES.txt'
[1.183s] reading manifest file '../../build/vehicle_simulation/vehicle_simulation.egg-info/SOURCES.txt'
[1.184s] writing manifest file '../../build/vehicle_simulation/vehicle_simulation.egg-info/SOURCES.txt'
[1.184s] running build
[1.184s] running build_py
[1.184s] creating /root/build/vehicle_simulation/build
[1.185s] creating /root/build/vehicle_simulation/build/lib
[1.185s] creating /root/build/vehicle_simulation/build/lib/vehicle_simulation
[1.185s] copying vehicle_simulation/vehicle_sensor_sim.py -> /root/build/vehicle_simulation/build/lib/vehicle_simulation
[1.185s] copying vehicle_simulation/vehicle_control_sim.py -> /root/build/vehicle_simulation/build/lib/vehicle_simulation
[1.185s] copying vehicle_simulation/__init__.py -> /root/build/vehicle_simulation/build/lib/vehicle_simulation
[1.185s] running install
[1.186s] running install_lib
[1.187s] creating /root/install/vehicle_simulation/lib/python3.8/site-packages/vehicle_simulation
[1.188s] copying /root/build/vehicle_simulation/build/lib/vehicle_simulation/vehicle_sensor_sim.py -> /root/install/vehicle_simulation/lib/python3.8/site-packages/vehicle_simulation
[1.188s] copying /root/build/vehicle_simulation/build/lib/vehicle_simulation/vehicle_control_sim.py -> /root/install/vehicle_simulation/lib/python3.8/site-packages/vehicle_simulation
[1.188s] copying /root/build/vehicle_simulation/build/lib/vehicle_simulation/__init__.py -> /root/install/vehicle_simulation/lib/python3.8/site-packages/vehicle_simulation
[1.188s] byte-compiling /root/install/vehicle_simulation/lib/python3.8/site-packages/vehicle_simulation/vehicle_sensor_sim.py to vehicle_sensor_sim.cpython-38.pyc
[1.190s] byte-compiling /root/install/vehicle_simulation/lib/python3.8/site-packages/vehicle_simulation/vehicle_control_sim.py to vehicle_control_sim.cpython-38.pyc
[1.191s] byte-compiling /root/install/vehicle_simulation/lib/python3.8/site-packages/vehicle_simulation/__init__.py to __init__.cpython-38.pyc
[1.191s] running install_data
[1.192s] creating /root/install/vehicle_simulation/share/ament_index
[1.192s] creating /root/install/vehicle_simulation/share/ament_index/resource_index
[1.193s] creating /root/install/vehicle_simulation/share/ament_index/resource_index/packages
[1.193s] copying resource/vehicle_simulation -> /root/install/vehicle_simulation/share/ament_index/resource_index/packages
[1.193s] copying package.xml -> /root/install/vehicle_simulation/share/vehicle_simulation
[1.193s] running install_egg_info
[1.197s] Copying ../../build/vehicle_simulation/vehicle_simulation.egg-info to /root/install/vehicle_simulation/lib/python3.8/site-packages/vehicle_simulation-0.0.0-py3.8.egg-info
[1.198s] running install_scripts
[1.224s] Installing vehicle_control_sim script to /root/install/vehicle_simulation/lib/vehicle_simulation
[1.224s] Installing vehicle_sensor_sim script to /root/install/vehicle_simulation/lib/vehicle_simulation
[1.224s] writing list of installed files to '/root/build/vehicle_simulation/install.log'
[1.255s] Invoked command in '/root/src/vehicle_simulation' returned '0': PYTHONPATH=/root/build/vehicle_simulation/prefix_override:/root/install/vehicle_simulation/lib/python3.8/site-packages:${PYTHONPATH} /usr/bin/python3 setup.py egg_info --egg-base ../../build/vehicle_simulation build --build-base /root/build/vehicle_simulation/build install --record /root/build/vehicle_simulation/install.log --install-scripts $base/lib/vehicle_simulation --single-version-externally-managed
