[0.000000] (-) TimerEvent: {}
[0.000833] (-) JobUnselected: {'identifier': 'vehicle_interfaces'}
[0.000908] (-) JobUnselected: {'identifier': 'vehicle_navigation'}
[0.001264] (-) JobUnselected: {'identifier': 'vehicle_networking'}
[0.001353] (-) JobUnselected: {'identifier': 'vehicle_simulation'}
[0.001403] (vehicle_string_converter) JobQueued: {'identifier': 'vehicle_string_converter', 'dependencies': OrderedDict()}
[0.001465] (vehicle_string_converter) JobStarted: {'identifier': 'vehicle_string_converter'}
[0.099844] (-) TimerEvent: {}
[0.200359] (-) TimerEvent: {}
[0.300759] (-) TimerEvent: {}
[0.401230] (-) TimerEvent: {}
[0.501731] (-) TimerEvent: {}
[0.602140] (-) TimerEvent: {}
[0.702586] (-) TimerEvent: {}
[0.802924] (-) TimerEvent: {}
[0.903275] (-) TimerEvent: {}
[0.946434] (vehicle_string_converter) Command: {'cmd': ['/usr/bin/python3', 'setup.py', 'egg_info', '--egg-base', '../../build/vehicle_string_converter', 'build', '--build-base', '/root/build/vehicle_string_converter/build', 'install', '--record', '/root/build/vehicle_string_converter/install.log', '--install-scripts', '$base/lib/vehicle_string_converter', '--single-version-externally-managed'], 'cwd': '/root/src/vehicle_string_converter', 'env': {'HOSTNAME': '2a33c685da1f', 'SHLVL': '1', 'LD_LIBRARY_PATH': '/root/install/vehicle_interfaces/lib:/opt/ros/foxy/opt/yaml_cpp_vendor/lib:/opt/ros/foxy/opt/rviz_ogre_vendor/lib:/opt/ros/foxy/lib/x86_64-linux-gnu:/opt/ros/foxy/lib', 'HOME': '/root', 'OLDPWD': '/', 'ROS_PYTHON_VERSION': '3', 'COLCON_PREFIX_PATH': '/root/install', 'ROS_DISTRO': 'foxy', '_': '/usr/bin/colcon', 'ROS_VERSION': '2', 'TERM': 'xterm', 'ROS_LOCALHOST_ONLY': '0', 'QT_X11_NO_MITSHM': '1', 'PATH': '/opt/ros/foxy/bin:/usr/local/sbin:/usr/local/bin:/usr/sbin:/usr/bin:/sbin:/bin', 'DISPLAY': ':0.0', 'LANG': 'C.UTF-8', 'AMENT_PREFIX_PATH': '/root/install/vehicle_interfaces:/root/install/vehicle_string_converter:/root/install/vehicle_simulation:/opt/ros/foxy', 'DEBIAN_FRONTEND': 'noninteractive', 'PWD': '/root/build/vehicle_string_converter', 'LC_ALL': 'C.UTF-8', 'PYTHONPATH': '/root/build/vehicle_string_converter/prefix_override:/root/install/vehicle_string_converter/lib/python3.8/site-packages:/root/install/vehicle_interfaces/lib/python3.8/site-packages:/root/install/vehicle_string_converter/lib/python3.8/site-packages:/root/install/vehicle_simulation/lib/python3.8/site-packages:/opt/ros/foxy/lib/python3.8/site-packages', 'COLCON': '1', 'CMAKE_PREFIX_PATH': '/root/install/vehicle_interfaces'}, 'shell': False}
[1.003430] (-) TimerEvent: {}
[1.103914] (-) TimerEvent: {}
[1.204294] (-) TimerEvent: {}
[1.205475] (vehicle_string_converter) StdoutLine: {'line': b'running egg_info\n'}
[1.206435] (vehicle_string_converter) StdoutLine: {'line': b'writing ../../build/vehicle_string_converter/vehicle_string_converter.egg-info/PKG-INFO\n'}
[1.206832] (vehicle_string_converter) StdoutLine: {'line': b'writing dependency_links to ../../build/vehicle_string_converter/vehicle_string_converter.egg-info/dependency_links.txt\n'}
[1.207060] (vehicle_string_converter) StdoutLine: {'line': b'writing entry points to ../../build/vehicle_string_converter/vehicle_string_converter.egg-info/entry_points.txt\n'}
[1.207265] (vehicle_string_converter) StdoutLine: {'line': b'writing requirements to ../../build/vehicle_string_converter/vehicle_string_converter.egg-info/requires.txt\n'}
[1.207490] (vehicle_string_converter) StdoutLine: {'line': b'writing top-level names to ../../build/vehicle_string_converter/vehicle_string_converter.egg-info/top_level.txt\n'}
[1.263519] (vehicle_string_converter) StdoutLine: {'line': b"reading manifest file '../../build/vehicle_string_converter/vehicle_string_converter.egg-info/SOURCES.txt'\n"}
[1.264707] (vehicle_string_converter) StdoutLine: {'line': b"writing manifest file '../../build/vehicle_string_converter/vehicle_string_converter.egg-info/SOURCES.txt'\n"}
[1.265008] (vehicle_string_converter) StdoutLine: {'line': b'running build\n'}
[1.265189] (vehicle_string_converter) StdoutLine: {'line': b'running build_py\n'}
[1.265664] (vehicle_string_converter) StdoutLine: {'line': b'running install\n'}
[1.266758] (vehicle_string_converter) StdoutLine: {'line': b'running install_lib\n'}
[1.268761] (vehicle_string_converter) StdoutLine: {'line': b'running install_data\n'}
[1.269295] (vehicle_string_converter) StdoutLine: {'line': b'running install_egg_info\n'}
[1.271622] (vehicle_string_converter) StdoutLine: {'line': b"removing '/root/install/vehicle_string_converter/lib/python3.8/site-packages/vehicle_string_converter-0.0.0-py3.8.egg-info' (and everything under it)\n"}
[1.272097] (vehicle_string_converter) StdoutLine: {'line': b'Copying ../../build/vehicle_string_converter/vehicle_string_converter.egg-info to /root/install/vehicle_string_converter/lib/python3.8/site-packages/vehicle_string_converter-0.0.0-py3.8.egg-info\n'}
[1.273470] (vehicle_string_converter) StdoutLine: {'line': b'running install_scripts\n'}
[1.295677] (vehicle_string_converter) StdoutLine: {'line': b'Installing vehicle_control_string_builder script to /root/install/vehicle_string_converter/lib/vehicle_string_converter\n'}
[1.296175] (vehicle_string_converter) StdoutLine: {'line': b"writing list of installed files to '/root/build/vehicle_string_converter/install.log'\n"}
[1.304431] (-) TimerEvent: {}
[1.336676] (vehicle_string_converter) CommandEnded: {'returncode': 0}
[1.357639] (vehicle_string_converter) JobEnded: {'identifier': 'vehicle_string_converter', 'rc': 0}
[1.358749] (-) EventReactorShutdown: {}
