[1.097s] Invoking command in '/root/build/vehicle_networking': PYTHONPATH=/root/build/vehicle_networking/prefix_override:/root/install/vehicle_networking/lib/python3.8/site-packages:/root/install/vehicle_networking_interfaces/lib/python3.8/site-packages:/root/install/vehicle_networking/lib/python3.8/site-packages:/opt/ros/foxy/lib/python3.8/site-packages /usr/bin/python3 setup.py develop --uninstall --editable --build-directory /root/build/vehicle_networking/build
[1.377s] running develop
[1.537s] Invoked command in '/root/build/vehicle_networking' returned '0': PYTHONPATH=/root/build/vehicle_networking/prefix_override:/root/install/vehicle_networking/lib/python3.8/site-packages:/root/install/vehicle_networking_interfaces/lib/python3.8/site-packages:/root/install/vehicle_networking/lib/python3.8/site-packages:/opt/ros/foxy/lib/python3.8/site-packages /usr/bin/python3 setup.py develop --uninstall --editable --build-directory /root/build/vehicle_networking/build
[1.540s] Invoking command in '/root/src/vehicle_networking': PYTHONPATH=/root/build/vehicle_networking/prefix_override:/root/install/vehicle_networking/lib/python3.8/site-packages:/root/install/vehicle_networking_interfaces/lib/python3.8/site-packages:/root/install/vehicle_networking/lib/python3.8/site-packages:/opt/ros/foxy/lib/python3.8/site-packages /usr/bin/python3 setup.py egg_info --egg-base ../../build/vehicle_networking build --build-base /root/build/vehicle_networking/build install --record /root/build/vehicle_networking/install.log --install-scripts $base/lib/vehicle_networking --single-version-externally-managed
[1.799s] running egg_info
[1.800s] writing ../../build/vehicle_networking/vehicle_networking.egg-info/PKG-INFO
[1.800s] writing dependency_links to ../../build/vehicle_networking/vehicle_networking.egg-info/dependency_links.txt
[1.800s] writing entry points to ../../build/vehicle_networking/vehicle_networking.egg-info/entry_points.txt
[1.801s] writing requirements to ../../build/vehicle_networking/vehicle_networking.egg-info/requires.txt
[1.801s] writing top-level names to ../../build/vehicle_networking/vehicle_networking.egg-info/top_level.txt
[1.851s] reading manifest file '../../build/vehicle_networking/vehicle_networking.egg-info/SOURCES.txt'
[1.852s] writing manifest file '../../build/vehicle_networking/vehicle_networking.egg-info/SOURCES.txt'
[1.853s] running build
[1.853s] running build_py
[1.853s] copying vehicle_networking/serial_manager.py -> /root/build/vehicle_networking/build/lib/vehicle_networking
[1.854s] running install
[1.855s] running install_lib
[1.856s] copying /root/build/vehicle_networking/build/lib/vehicle_networking/serial_manager.py -> /root/install/vehicle_networking/lib/python3.8/site-packages/vehicle_networking
[1.857s] byte-compiling /root/install/vehicle_networking/lib/python3.8/site-packages/vehicle_networking/serial_manager.py to serial_manager.cpython-38.pyc
[1.860s] running install_data
[1.860s] running install_egg_info
[1.862s] removing '/root/install/vehicle_networking/lib/python3.8/site-packages/vehicle_networking-0.0.0-py3.8.egg-info' (and everything under it)
[1.863s] Copying ../../build/vehicle_networking/vehicle_networking.egg-info to /root/install/vehicle_networking/lib/python3.8/site-packages/vehicle_networking-0.0.0-py3.8.egg-info
[1.864s] running install_scripts
[1.886s] Installing control_serial_interface script to /root/install/vehicle_networking/lib/vehicle_networking
[1.887s] Installing serial_manager script to /root/install/vehicle_networking/lib/vehicle_networking
[1.887s] writing list of installed files to '/root/build/vehicle_networking/install.log'
[1.925s] Invoked command in '/root/src/vehicle_networking' returned '0': PYTHONPATH=/root/build/vehicle_networking/prefix_override:/root/install/vehicle_networking/lib/python3.8/site-packages:/root/install/vehicle_networking_interfaces/lib/python3.8/site-packages:/root/install/vehicle_networking/lib/python3.8/site-packages:/opt/ros/foxy/lib/python3.8/site-packages /usr/bin/python3 setup.py egg_info --egg-base ../../build/vehicle_networking build --build-base /root/build/vehicle_networking/build install --record /root/build/vehicle_networking/install.log --install-scripts $base/lib/vehicle_networking --single-version-externally-managed
