[-1774021932403805696.000s] DEBUG:colcon:Command line arguments: ['/usr/bin/colcon', 'build', '--packages-select', 'vehicle_networking']
[-1774021932403805696.000s] DEBUG:colcon:Parsed command line arguments: Namespace(log_base=None, log_level=None, verb_name='build', build_base='build', install_base='install', merge_install=False, symlink_install=False, test_result_base=None, continue_on_error=False, executor='parallel', parallel_workers=4, event_handlers=None, ignore_user_meta=False, metas=['./colcon.meta'], base_paths=['.'], packages_ignore=None, packages_ignore_regex=None, paths=None, packages_up_to=None, packages_up_to_regex=None, packages_above=None, packages_above_and_dependencies=None, packages_above_depth=None, packages_select_by_dep=None, packages_skip_by_dep=None, packages_skip_up_to=None, packages_select_build_failed=False, packages_skip_build_finished=False, packages_select_test_failures=False, packages_skip_test_passed=False, packages_select=['vehicle_networking'], packages_skip=None, packages_select_regex=None, packages_skip_regex=None, packages_start=None, packages_end=None, cmake_args=None, cmake_target=None, cmake_target_skip_unavailable=False, cmake_clean_cache=False, cmake_clean_first=False, cmake_force_configure=False, ament_cmake_args=None, catkin_cmake_args=None, catkin_skip_building_tests=False, verb_parser=<colcon_defaults.argument_parser.defaults.DefaultArgumentsDecorator object at 0x72596b716850>, verb_extension=<colcon_core.verb.build.BuildVerb object at 0x72596b798ad0>, main=<bound method BuildVerb.main of <colcon_core.verb.build.BuildVerb object at 0x72596b798ad0>>)
[-1774021932403805696.000s] Level 1:colcon.colcon_core.package_discovery:discover_packages(colcon_meta) check parameters
[-1774021932403805696.000s] Level 1:colcon.colcon_core.package_discovery:discover_packages(recursive) check parameters
[-1774021932403805696.000s] Level 1:colcon.colcon_core.package_discovery:discover_packages(ignore) check parameters
[-1774021932403805696.000s] Level 1:colcon.colcon_core.package_discovery:discover_packages(path) check parameters
[-1774021932403805696.000s] Level 1:colcon.colcon_core.package_discovery:discover_packages(colcon_meta) discover
[-1774021932403805696.000s] Level 1:colcon.colcon_core.package_discovery:discover_packages(recursive) discover
[-1774021932403805696.000s] INFO:colcon.colcon_core.package_discovery:Crawling recursively for packages in '/home/ethan-reynolds/github/robot-rover-2025/code/system/ros2'
[-1774021932403805696.000s] Level 1:colcon.colcon_core.package_identification:_identify(.) by extensions ['ignore', 'ignore_ament_install']
[-1774021932403805696.000s] Level 1:colcon.colcon_core.package_identification:_identify(.) by extension 'ignore'
[-1774021932403805696.000s] Level 1:colcon.colcon_core.package_identification:_identify(.) by extension 'ignore_ament_install'
[-1774021932403805696.000s] Level 1:colcon.colcon_core.package_identification:_identify(.) by extensions ['colcon_pkg']
[-1774021932403805696.000s] Level 1:colcon.colcon_core.package_identification:_identify(.) by extension 'colcon_pkg'
[-1774021932403805696.000s] Level 1:colcon.colcon_core.package_identification:_identify(.) by extensions ['colcon_meta']
[-1774021932403805696.000s] Level 1:colcon.colcon_core.package_identification:_identify(.) by extension 'colcon_meta'
[-1774021932403805696.000s] Level 1:colcon.colcon_core.package_identification:_identify(.) by extensions ['ros']
[-1774021932403805696.000s] Level 1:colcon.colcon_core.package_identification:_identify(.) by extension 'ros'
[-1774021932403805696.000s] Level 1:colcon.colcon_core.package_identification:_identify(.) by extensions ['cmake', 'python']
[-1774021932403805696.000s] Level 1:colcon.colcon_core.package_identification:_identify(.) by extension 'cmake'
[-1774021932403805696.000s] Level 1:colcon.colcon_core.package_identification:_identify(.) by extension 'python'
[-1774021932403805696.000s] Level 1:colcon.colcon_core.package_identification:_identify(.) by extensions ['python_setup_py']
[-1774021932403805696.000s] Level 1:colcon.colcon_core.package_identification:_identify(.) by extension 'python_setup_py'
[-1774021932403805696.000s] Level 1:colcon.colcon_core.package_identification:_identify(build) by extensions ['ignore', 'ignore_ament_install']
[-1774021932403805696.000s] Level 1:colcon.colcon_core.package_identification:_identify(build) by extension 'ignore'
[-1774021932403805696.000s] Level 1:colcon.colcon_core.package_identification:_identify(build) ignored
[-1774021932403805696.000s] Level 1:colcon.colcon_core.package_identification:_identify(install) by extensions ['ignore', 'ignore_ament_install']
[-1774021932403805696.000s] Level 1:colcon.colcon_core.package_identification:_identify(install) by extension 'ignore'
[-1774021932403805696.000s] Level 1:colcon.colcon_core.package_identification:_identify(install) ignored
[-1774021932403805696.000s] Level 1:colcon.colcon_core.package_identification:_identify(log) by extensions ['ignore', 'ignore_ament_install']
[-1774021932403805696.000s] Level 1:colcon.colcon_core.package_identification:_identify(log) by extension 'ignore'
[-1774021932403805696.000s] Level 1:colcon.colcon_core.package_identification:_identify(log) ignored
[-1774021932403805696.000s] Level 1:colcon.colcon_core.package_identification:_identify(src) by extensions ['ignore', 'ignore_ament_install']
[-1774021932403805696.000s] Level 1:colcon.colcon_core.package_identification:_identify(src) by extension 'ignore'
[-1774021932403805696.000s] Level 1:colcon.colcon_core.package_identification:_identify(src) by extension 'ignore_ament_install'
[-1774021932403805696.000s] Level 1:colcon.colcon_core.package_identification:_identify(src) by extensions ['colcon_pkg']
[-1774021932403805696.000s] Level 1:colcon.colcon_core.package_identification:_identify(src) by extension 'colcon_pkg'
[-1774021932403805696.000s] Level 1:colcon.colcon_core.package_identification:_identify(src) by extensions ['colcon_meta']
[-1774021932403805696.000s] Level 1:colcon.colcon_core.package_identification:_identify(src) by extension 'colcon_meta'
[-1774021932403805696.000s] Level 1:colcon.colcon_core.package_identification:_identify(src) by extensions ['ros']
[-1774021932403805696.000s] Level 1:colcon.colcon_core.package_identification:_identify(src) by extension 'ros'
[-1774021932403805696.000s] Level 1:colcon.colcon_core.package_identification:_identify(src) by extensions ['cmake', 'python']
[-1774021932403805696.000s] Level 1:colcon.colcon_core.package_identification:_identify(src) by extension 'cmake'
[-1774021932403805696.000s] Level 1:colcon.colcon_core.package_identification:_identify(src) by extension 'python'
[-1774021932403805696.000s] Level 1:colcon.colcon_core.package_identification:_identify(src) by extensions ['python_setup_py']
[-1774021932403805696.000s] Level 1:colcon.colcon_core.package_identification:_identify(src) by extension 'python_setup_py'
[-1774021932403805696.000s] Level 1:colcon.colcon_core.package_identification:_identify(src/vehicle_control) by extensions ['ignore', 'ignore_ament_install']
[-1774021932403805696.000s] Level 1:colcon.colcon_core.package_identification:_identify(src/vehicle_control) by extension 'ignore'
[-1774021932403805696.000s] Level 1:colcon.colcon_core.package_identification:_identify(src/vehicle_control) by extension 'ignore_ament_install'
[-1774021932403805696.000s] Level 1:colcon.colcon_core.package_identification:_identify(src/vehicle_control) by extensions ['colcon_pkg']
[-1774021932403805696.000s] Level 1:colcon.colcon_core.package_identification:_identify(src/vehicle_control) by extension 'colcon_pkg'
[-1774021932403805696.000s] Level 1:colcon.colcon_core.package_identification:_identify(src/vehicle_control) by extensions ['colcon_meta']
[-1774021932403805696.000s] Level 1:colcon.colcon_core.package_identification:_identify(src/vehicle_control) by extension 'colcon_meta'
[-1774021932403805696.000s] Level 1:colcon.colcon_core.package_identification:_identify(src/vehicle_control) by extensions ['ros']
[-1774021932403805696.000s] Level 1:colcon.colcon_core.package_identification:_identify(src/vehicle_control) by extension 'ros'
[-1774021932403805696.000s] DEBUG:colcon.colcon_core.package_identification:Package 'src/vehicle_control' with type 'ros.ament_python' and name 'vehicle_control'
[-1774021932403805696.000s] Level 1:colcon.colcon_core.package_identification:_identify(src/vehicle_navigation) by extensions ['ignore', 'ignore_ament_install']
[-1774021932403805696.000s] Level 1:colcon.colcon_core.package_identification:_identify(src/vehicle_navigation) by extension 'ignore'
[-1774021932403805696.000s] Level 1:colcon.colcon_core.package_identification:_identify(src/vehicle_navigation) by extension 'ignore_ament_install'
[-1774021932403805696.000s] Level 1:colcon.colcon_core.package_identification:_identify(src/vehicle_navigation) by extensions ['colcon_pkg']
[-1774021932403805696.000s] Level 1:colcon.colcon_core.package_identification:_identify(src/vehicle_navigation) by extension 'colcon_pkg'
[-1774021932403805696.000s] Level 1:colcon.colcon_core.package_identification:_identify(src/vehicle_navigation) by extensions ['colcon_meta']
[-1774021932403805696.000s] Level 1:colcon.colcon_core.package_identification:_identify(src/vehicle_navigation) by extension 'colcon_meta'
[-1774021932403805696.000s] Level 1:colcon.colcon_core.package_identification:_identify(src/vehicle_navigation) by extensions ['ros']
[-1774021932403805696.000s] Level 1:colcon.colcon_core.package_identification:_identify(src/vehicle_navigation) by extension 'ros'
[-1774021932403805696.000s] DEBUG:colcon.colcon_core.package_identification:Package 'src/vehicle_navigation' with type 'ros.ament_python' and name 'vehicle_navigation'
[-1774021932403805696.000s] Level 1:colcon.colcon_core.package_identification:_identify(src/vehicle_networking) by extensions ['ignore', 'ignore_ament_install']
[-1774021932403805696.000s] Level 1:colcon.colcon_core.package_identification:_identify(src/vehicle_networking) by extension 'ignore'
[-1774021932403805696.000s] Level 1:colcon.colcon_core.package_identification:_identify(src/vehicle_networking) by extension 'ignore_ament_install'
[-1774021932403805696.000s] Level 1:colcon.colcon_core.package_identification:_identify(src/vehicle_networking) by extensions ['colcon_pkg']
[-1774021932403805696.000s] Level 1:colcon.colcon_core.package_identification:_identify(src/vehicle_networking) by extension 'colcon_pkg'
[-1774021932403805696.000s] Level 1:colcon.colcon_core.package_identification:_identify(src/vehicle_networking) by extensions ['colcon_meta']
[-1774021932403805696.000s] Level 1:colcon.colcon_core.package_identification:_identify(src/vehicle_networking) by extension 'colcon_meta'
[-1774021932403805696.000s] Level 1:colcon.colcon_core.package_identification:_identify(src/vehicle_networking) by extensions ['ros']
[-1774021932403805696.000s] Level 1:colcon.colcon_core.package_identification:_identify(src/vehicle_networking) by extension 'ros'
[-1774021932403805696.000s] DEBUG:colcon.colcon_core.package_identification:Package 'src/vehicle_networking' with type 'ros.ament_python' and name 'vehicle_networking'
[-1774021932403805696.000s] Level 1:colcon.colcon_core.package_identification:_identify(src/vehicle_sensor) by extensions ['ignore', 'ignore_ament_install']
[-1774021932403805696.000s] Level 1:colcon.colcon_core.package_identification:_identify(src/vehicle_sensor) by extension 'ignore'
[-1774021932403805696.000s] Level 1:colcon.colcon_core.package_identification:_identify(src/vehicle_sensor) by extension 'ignore_ament_install'
[-1774021932403805696.000s] Level 1:colcon.colcon_core.package_identification:_identify(src/vehicle_sensor) by extensions ['colcon_pkg']
[-1774021932403805696.000s] Level 1:colcon.colcon_core.package_identification:_identify(src/vehicle_sensor) by extension 'colcon_pkg'
[-1774021932403805696.000s] Level 1:colcon.colcon_core.package_identification:_identify(src/vehicle_sensor) by extensions ['colcon_meta']
[-1774021932403805696.000s] Level 1:colcon.colcon_core.package_identification:_identify(src/vehicle_sensor) by extension 'colcon_meta'
[-1774021932403805696.000s] Level 1:colcon.colcon_core.package_identification:_identify(src/vehicle_sensor) by extensions ['ros']
[-1774021932403805696.000s] Level 1:colcon.colcon_core.package_identification:_identify(src/vehicle_sensor) by extension 'ros'
[-1774021932403805696.000s] DEBUG:colcon.colcon_core.package_identification:Package 'src/vehicle_sensor' with type 'ros.ament_python' and name 'vehicle_sensor'
[-1774021932403805696.000s] Level 1:colcon.colcon_core.package_discovery:discover_packages(recursive) using defaults
[-1774021932403805696.000s] Level 1:colcon.colcon_core.package_discovery:discover_packages(ignore) discover
[-1774021932403805696.000s] Level 1:colcon.colcon_core.package_discovery:discover_packages(ignore) using defaults
[-1774021932403805696.000s] Level 1:colcon.colcon_core.package_discovery:discover_packages(path) discover
[-1774021932403805696.000s] Level 1:colcon.colcon_core.package_discovery:discover_packages(path) using defaults
[-1774021932403805696.000s] INFO:colcon.colcon_core.package_selection:Skipping not selected package 'vehicle_control' in 'src/vehicle_control'
[-1774021932403805696.000s] INFO:colcon.colcon_core.package_selection:Skipping not selected package 'vehicle_navigation' in 'src/vehicle_navigation'
[-1774021932403805696.000s] INFO:colcon.colcon_core.package_selection:Skipping not selected package 'vehicle_sensor' in 'src/vehicle_sensor'
[-1774021932403805696.000s] Level 5:colcon.colcon_core.verb:set package 'vehicle_networking' build argument 'cmake_args' from command line to 'None'
[-1774021932403805696.000s] Level 5:colcon.colcon_core.verb:set package 'vehicle_networking' build argument 'cmake_target' from command line to 'None'
[-1774021932403805696.000s] Level 5:colcon.colcon_core.verb:set package 'vehicle_networking' build argument 'cmake_target_skip_unavailable' from command line to 'False'
[-1774021932403805696.000s] Level 5:colcon.colcon_core.verb:set package 'vehicle_networking' build argument 'cmake_clean_cache' from command line to 'False'
[-1774021932403805696.000s] Level 5:colcon.colcon_core.verb:set package 'vehicle_networking' build argument 'cmake_clean_first' from command line to 'False'
[-1774021932403805696.000s] Level 5:colcon.colcon_core.verb:set package 'vehicle_networking' build argument 'cmake_force_configure' from command line to 'False'
[-1774021932403805696.000s] Level 5:colcon.colcon_core.verb:set package 'vehicle_networking' build argument 'ament_cmake_args' from command line to 'None'
[-1774021932403805696.000s] Level 5:colcon.colcon_core.verb:set package 'vehicle_networking' build argument 'catkin_cmake_args' from command line to 'None'
[-1774021932403805696.000s] Level 5:colcon.colcon_core.verb:set package 'vehicle_networking' build argument 'catkin_skip_building_tests' from command line to 'False'
[-1774021932403805696.000s] DEBUG:colcon.colcon_core.verb:Building package 'vehicle_networking' with the following arguments: {'ament_cmake_args': None, 'build_base': '/home/ethan-reynolds/github/robot-rover-2025/code/system/ros2/build/vehicle_networking', 'catkin_cmake_args': None, 'catkin_skip_building_tests': False, 'cmake_args': None, 'cmake_clean_cache': False, 'cmake_clean_first': False, 'cmake_force_configure': False, 'cmake_target': None, 'cmake_target_skip_unavailable': False, 'install_base': '/home/ethan-reynolds/github/robot-rover-2025/code/system/ros2/install/vehicle_networking', 'merge_install': False, 'path': '/home/ethan-reynolds/github/robot-rover-2025/code/system/ros2/src/vehicle_networking', 'symlink_install': False, 'test_result_base': None}
[-1774021932403805696.000s] INFO:colcon.colcon_core.executor:Executing jobs using 'parallel' executor
[-1774021932403805696.000s] DEBUG:colcon.colcon_parallel_executor.executor.parallel:run_until_complete
[-1774021932403805696.000s] INFO:colcon.colcon_ros.task.ament_python.build:Building ROS package in '/home/ethan-reynolds/github/robot-rover-2025/code/system/ros2/src/vehicle_networking' with build type 'ament_python'
[-1774021932403805696.000s] Level 1:colcon.colcon_core.shell:create_environment_hook('vehicle_networking', 'ament_prefix_path')
[-1774021932403805696.000s] INFO:colcon.colcon_core.plugin_system:Skipping extension 'colcon_core.shell.bat': Not used on non-Windows systems
[-1774021932403805696.000s] INFO:colcon.colcon_core.shell:Creating environment descriptor '/home/ethan-reynolds/github/robot-rover-2025/code/system/ros2/install/vehicle_networking/share/vehicle_networking/hook/ament_prefix_path.dsv'
[-1774021932403805696.000s] INFO:colcon.colcon_core.shell:Creating environment hook '/home/ethan-reynolds/github/robot-rover-2025/code/system/ros2/install/vehicle_networking/share/vehicle_networking/hook/ament_prefix_path.sh'
[-1774021932403805696.000s] DEBUG:colcon.colcon_core.shell:Skip shell extension 'dsv' for command environment
[-1774021932403805696.000s] INFO:colcon.colcon_core.task.python.build:Building Python package in '/home/ethan-reynolds/github/robot-rover-2025/code/system/ros2/src/vehicle_networking'
[-1774021932403805696.000s] DEBUG:colcon.colcon_core.shell:Skip shell extension 'dsv' for command environment
[-1774021932403805696.000s] DEBUG:colcon.colcon_core.event_handler.log_command:Invoking command in '/home/ethan-reynolds/github/robot-rover-2025/code/system/ros2/src/vehicle_networking': DEBUGINFOD_URLS=https://debuginfod.ubuntu.com PYTHONPATH=/home/ethan-reynolds/github/robot-rover-2025/code/system/ros2/build/vehicle_networking/prefix_override:/usr/lib/python3/dist-packages/colcon_core/task/python/colcon_distutils_commands:/home/ethan-reynolds/github/robot-rover-2025/code/system/ros2/install/vehicle_networking/lib/python3.13/site-packages: /usr/bin/python3 -W ignore:setup.py install is deprecated -W ignore:easy_install command is deprecated setup.py egg_info --egg-base ../../build/vehicle_networking build --build-base /home/ethan-reynolds/github/robot-rover-2025/code/system/ros2/build/vehicle_networking/build install --record /home/ethan-reynolds/github/robot-rover-2025/code/system/ros2/build/vehicle_networking/install.log --install-scripts $base/lib/vehicle_networking --single-version-externally-managed install_data
[-1774021932403805696.000s] DEBUG:colcon.colcon_core.event_handler.log_command:Invoked command in '/home/ethan-reynolds/github/robot-rover-2025/code/system/ros2/src/vehicle_networking' returned '0': DEBUGINFOD_URLS=https://debuginfod.ubuntu.com PYTHONPATH=/home/ethan-reynolds/github/robot-rover-2025/code/system/ros2/build/vehicle_networking/prefix_override:/usr/lib/python3/dist-packages/colcon_core/task/python/colcon_distutils_commands:/home/ethan-reynolds/github/robot-rover-2025/code/system/ros2/install/vehicle_networking/lib/python3.13/site-packages: /usr/bin/python3 -W ignore:setup.py install is deprecated -W ignore:easy_install command is deprecated setup.py egg_info --egg-base ../../build/vehicle_networking build --build-base /home/ethan-reynolds/github/robot-rover-2025/code/system/ros2/build/vehicle_networking/build install --record /home/ethan-reynolds/github/robot-rover-2025/code/system/ros2/build/vehicle_networking/install.log --install-scripts $base/lib/vehicle_networking --single-version-externally-managed install_data
[-1774021932403805696.000s] Level 1:colcon.colcon_core.environment:checking '/home/ethan-reynolds/github/robot-rover-2025/code/system/ros2/install/vehicle_networking' for CMake module files
[-1774021932403805696.000s] Level 1:colcon.colcon_core.environment:checking '/home/ethan-reynolds/github/robot-rover-2025/code/system/ros2/install/vehicle_networking' for CMake config files
[-1774021932403805696.000s] Level 1:colcon.colcon_core.environment:checking '/home/ethan-reynolds/github/robot-rover-2025/code/system/ros2/install/vehicle_networking/lib'
[-1774021932403805696.000s] Level 1:colcon.colcon_core.environment:checking '/home/ethan-reynolds/github/robot-rover-2025/code/system/ros2/install/vehicle_networking/bin'
[-1774021932403805696.000s] Level 1:colcon.colcon_core.environment:checking '/home/ethan-reynolds/github/robot-rover-2025/code/system/ros2/install/vehicle_networking/lib/pkgconfig/vehicle_networking.pc'
[-1774021932403805696.000s] Level 1:colcon.colcon_core.environment:checking '/home/ethan-reynolds/github/robot-rover-2025/code/system/ros2/install/vehicle_networking/lib/python3.13/site-packages'
[-1774021932403805696.000s] Level 1:colcon.colcon_core.shell:create_environment_hook('vehicle_networking', 'pythonpath')
[-1774021932403805696.000s] INFO:colcon.colcon_core.shell:Creating environment descriptor '/home/ethan-reynolds/github/robot-rover-2025/code/system/ros2/install/vehicle_networking/share/vehicle_networking/hook/pythonpath.dsv'
[-1774021932403805696.000s] INFO:colcon.colcon_core.shell:Creating environment hook '/home/ethan-reynolds/github/robot-rover-2025/code/system/ros2/install/vehicle_networking/share/vehicle_networking/hook/pythonpath.sh'
[-1774021932403805696.000s] Level 1:colcon.colcon_core.environment:checking '/home/ethan-reynolds/github/robot-rover-2025/code/system/ros2/install/vehicle_networking/bin'
[-1774021932403805696.000s] Level 1:colcon.colcon_core.environment:create_environment_scripts_only(vehicle_networking)
[-1774021932403805696.000s] INFO:colcon.colcon_core.shell:Creating package descriptor '/home/ethan-reynolds/github/robot-rover-2025/code/system/ros2/install/vehicle_networking/share/vehicle_networking/package.dsv'
[-1774021932403805696.000s] INFO:colcon.colcon_core.shell:Creating package script '/home/ethan-reynolds/github/robot-rover-2025/code/system/ros2/install/vehicle_networking/share/vehicle_networking/package.sh'
[-1774021932403805696.000s] INFO:colcon.colcon_core.shell:Creating package script '/home/ethan-reynolds/github/robot-rover-2025/code/system/ros2/install/vehicle_networking/share/vehicle_networking/package.bash'
[-1774021932403805696.000s] INFO:colcon.colcon_core.shell:Creating package script '/home/ethan-reynolds/github/robot-rover-2025/code/system/ros2/install/vehicle_networking/share/vehicle_networking/package.zsh'
[-1774021932403805696.000s] Level 1:colcon.colcon_core.environment:create_file_with_runtime_dependencies(/home/ethan-reynolds/github/robot-rover-2025/code/system/ros2/install/vehicle_networking/share/colcon-core/packages/vehicle_networking)
[-1774021932403805696.000s] DEBUG:colcon.colcon_parallel_executor.executor.parallel:closing loop
[-1774021932403805696.000s] DEBUG:colcon.colcon_parallel_executor.executor.parallel:loop closed
[-1774021932403805696.000s] DEBUG:colcon.colcon_parallel_executor.executor.parallel:run_until_complete finished with '0'
[-1774021932403805696.000s] DEBUG:colcon.colcon_core.event_reactor:joining thread
[-1774021932403805696.000s] INFO:colcon.colcon_core.plugin_system:Skipping extension 'colcon_notification.desktop_notification.terminal_notifier': Not used on non-Darwin systems
[-1774021932403805696.000s] INFO:colcon.colcon_core.plugin_system:Skipping extension 'colcon_notification.desktop_notification.win32': Not used on non-Windows systems
[-1774021932403805696.000s] INFO:colcon.colcon_notification.desktop_notification:Sending desktop notification using 'notify2'
[-1774021932403805696.000s] DEBUG:colcon.colcon_core.event_reactor:joined thread
[-1774021932403805696.000s] INFO:colcon.colcon_core.shell:Creating prefix script '/home/ethan-reynolds/github/robot-rover-2025/code/system/ros2/install/local_setup.sh'
[-1774021932403805696.000s] INFO:colcon.colcon_core.shell:Creating prefix util module '/home/ethan-reynolds/github/robot-rover-2025/code/system/ros2/install/_local_setup_util_sh.py'
[-1774021932403805696.000s] INFO:colcon.colcon_core.shell:Creating prefix chain script '/home/ethan-reynolds/github/robot-rover-2025/code/system/ros2/install/setup.sh'
[-1774021932403805696.000s] INFO:colcon.colcon_core.shell:Creating prefix script '/home/ethan-reynolds/github/robot-rover-2025/code/system/ros2/install/local_setup.bash'
[-1774021932403805696.000s] INFO:colcon.colcon_core.shell:Creating prefix chain script '/home/ethan-reynolds/github/robot-rover-2025/code/system/ros2/install/setup.bash'
[-1774021932403805696.000s] INFO:colcon.colcon_core.shell:Creating prefix script '/home/ethan-reynolds/github/robot-rover-2025/code/system/ros2/install/local_setup.zsh'
[-1774021932403805696.000s] INFO:colcon.colcon_core.shell:Creating prefix chain script '/home/ethan-reynolds/github/robot-rover-2025/code/system/ros2/install/setup.zsh'
