running egg_info
creating ../../build/vehicle_string_converter/vehicle_string_converter.egg-info
writing ../../build/vehicle_string_converter/vehicle_string_converter.egg-info/PKG-INFO
writing dependency_links to ../../build/vehicle_string_converter/vehicle_string_converter.egg-info/dependency_links.txt
writing entry points to ../../build/vehicle_string_converter/vehicle_string_converter.egg-info/entry_points.txt
writing requirements to ../../build/vehicle_string_converter/vehicle_string_converter.egg-info/requires.txt
writing top-level names to ../../build/vehicle_string_converter/vehicle_string_converter.egg-info/top_level.txt
writing manifest file '../../build/vehicle_string_converter/vehicle_string_converter.egg-info/SOURCES.txt'
reading manifest file '../../build/vehicle_string_converter/vehicle_string_converter.egg-info/SOURCES.txt'
writing manifest file '../../build/vehicle_string_converter/vehicle_string_converter.egg-info/SOURCES.txt'
running build
running build_py
creating /root/build/vehicle_string_converter/build
creating /root/build/vehicle_string_converter/build/lib
creating /root/build/vehicle_string_converter/build/lib/vehicle_string_converter
copying vehicle_string_converter/vehicle_control_string_parser.py -> /root/build/vehicle_string_converter/build/lib/vehicle_string_converter
copying vehicle_string_converter/vehicle_sensor_string_parser.py -> /root/build/vehicle_string_converter/build/lib/vehicle_string_converter
copying vehicle_string_converter/vehicle_control_string_builder.py -> /root/build/vehicle_string_converter/build/lib/vehicle_string_converter
copying vehicle_string_converter/__init__.py -> /root/build/vehicle_string_converter/build/lib/vehicle_string_converter
copying vehicle_string_converter/vehicle_sensor_string_builder.py -> /root/build/vehicle_string_converter/build/lib/vehicle_string_converter
running install
running install_lib
creating /root/install/vehicle_string_converter/lib/python3.8/site-packages/vehicle_string_converter
copying /root/build/vehicle_string_converter/build/lib/vehicle_string_converter/vehicle_control_string_parser.py -> /root/install/vehicle_string_converter/lib/python3.8/site-packages/vehicle_string_converter
copying /root/build/vehicle_string_converter/build/lib/vehicle_string_converter/vehicle_sensor_string_parser.py -> /root/install/vehicle_string_converter/lib/python3.8/site-packages/vehicle_string_converter
copying /root/build/vehicle_string_converter/build/lib/vehicle_string_converter/vehicle_control_string_builder.py -> /root/install/vehicle_string_converter/lib/python3.8/site-packages/vehicle_string_converter
copying /root/build/vehicle_string_converter/build/lib/vehicle_string_converter/__init__.py -> /root/install/vehicle_string_converter/lib/python3.8/site-packages/vehicle_string_converter
copying /root/build/vehicle_string_converter/build/lib/vehicle_string_converter/vehicle_sensor_string_builder.py -> /root/install/vehicle_string_converter/lib/python3.8/site-packages/vehicle_string_converter
byte-compiling /root/install/vehicle_string_converter/lib/python3.8/site-packages/vehicle_string_converter/vehicle_control_string_parser.py to vehicle_control_string_parser.cpython-38.pyc
byte-compiling /root/install/vehicle_string_converter/lib/python3.8/site-packages/vehicle_string_converter/vehicle_sensor_string_parser.py to vehicle_sensor_string_parser.cpython-38.pyc
byte-compiling /root/install/vehicle_string_converter/lib/python3.8/site-packages/vehicle_string_converter/vehicle_control_string_builder.py to vehicle_control_string_builder.cpython-38.pyc
byte-compiling /root/install/vehicle_string_converter/lib/python3.8/site-packages/vehicle_string_converter/__init__.py to __init__.cpython-38.pyc
byte-compiling /root/install/vehicle_string_converter/lib/python3.8/site-packages/vehicle_string_converter/vehicle_sensor_string_builder.py to vehicle_sensor_string_builder.cpython-38.pyc
running install_data
creating /root/install/vehicle_string_converter/share/ament_index
creating /root/install/vehicle_string_converter/share/ament_index/resource_index
creating /root/install/vehicle_string_converter/share/ament_index/resource_index/packages
copying resource/vehicle_string_converter -> /root/install/vehicle_string_converter/share/ament_index/resource_index/packages
copying package.xml -> /root/install/vehicle_string_converter/share/vehicle_string_converter
running install_egg_info
Copying ../../build/vehicle_string_converter/vehicle_string_converter.egg-info to /root/install/vehicle_string_converter/lib/python3.8/site-packages/vehicle_string_converter-0.0.0-py3.8.egg-info
running install_scripts
Installing vehicle_control_string_builder script to /root/install/vehicle_string_converter/lib/vehicle_string_converter
writing list of installed files to '/root/build/vehicle_string_converter/install.log'
