[1.027s] Invoking command in '/root/src/vehicle_string_converter': PYTHONPATH=/root/build/vehicle_string_converter/prefix_override:/root/install/vehicle_string_converter/lib/python3.8/site-packages:${PYTHONPATH} /usr/bin/python3 setup.py egg_info --egg-base ../../build/vehicle_string_converter build --build-base /root/build/vehicle_string_converter/build install --record /root/build/vehicle_string_converter/install.log --install-scripts $base/lib/vehicle_string_converter --single-version-externally-managed
[1.288s] running egg_info
[1.289s] creating ../../build/vehicle_string_converter/vehicle_string_converter.egg-info
[1.289s] writing ../../build/vehicle_string_converter/vehicle_string_converter.egg-info/PKG-INFO
[1.289s] writing dependency_links to ../../build/vehicle_string_converter/vehicle_string_converter.egg-info/dependency_links.txt
[1.289s] writing entry points to ../../build/vehicle_string_converter/vehicle_string_converter.egg-info/entry_points.txt
[1.290s] writing requirements to ../../build/vehicle_string_converter/vehicle_string_converter.egg-info/requires.txt
[1.290s] writing top-level names to ../../build/vehicle_string_converter/vehicle_string_converter.egg-info/top_level.txt
[1.295s] writing manifest file '../../build/vehicle_string_converter/vehicle_string_converter.egg-info/SOURCES.txt'
[1.346s] reading manifest file '../../build/vehicle_string_converter/vehicle_string_converter.egg-info/SOURCES.txt'
[1.347s] writing manifest file '../../build/vehicle_string_converter/vehicle_string_converter.egg-info/SOURCES.txt'
[1.347s] running build
[1.347s] running build_py
[1.348s] creating /root/build/vehicle_string_converter/build
[1.348s] creating /root/build/vehicle_string_converter/build/lib
[1.348s] creating /root/build/vehicle_string_converter/build/lib/vehicle_string_converter
[1.348s] copying vehicle_string_converter/vehicle_control_string_parser.py -> /root/build/vehicle_string_converter/build/lib/vehicle_string_converter
[1.348s] copying vehicle_string_converter/vehicle_sensor_string_parser.py -> /root/build/vehicle_string_converter/build/lib/vehicle_string_converter
[1.349s] copying vehicle_string_converter/vehicle_control_string_builder.py -> /root/build/vehicle_string_converter/build/lib/vehicle_string_converter
[1.349s] copying vehicle_string_converter/__init__.py -> /root/build/vehicle_string_converter/build/lib/vehicle_string_converter
[1.349s] copying vehicle_string_converter/vehicle_sensor_string_builder.py -> /root/build/vehicle_string_converter/build/lib/vehicle_string_converter
[1.350s] running install
[1.351s] running install_lib
[1.353s] creating /root/install/vehicle_string_converter/lib/python3.8/site-packages/vehicle_string_converter
[1.353s] copying /root/build/vehicle_string_converter/build/lib/vehicle_string_converter/vehicle_control_string_parser.py -> /root/install/vehicle_string_converter/lib/python3.8/site-packages/vehicle_string_converter
[1.353s] copying /root/build/vehicle_string_converter/build/lib/vehicle_string_converter/vehicle_sensor_string_parser.py -> /root/install/vehicle_string_converter/lib/python3.8/site-packages/vehicle_string_converter
[1.354s] copying /root/build/vehicle_string_converter/build/lib/vehicle_string_converter/vehicle_control_string_builder.py -> /root/install/vehicle_string_converter/lib/python3.8/site-packages/vehicle_string_converter
[1.354s] copying /root/build/vehicle_string_converter/build/lib/vehicle_string_converter/__init__.py -> /root/install/vehicle_string_converter/lib/python3.8/site-packages/vehicle_string_converter
[1.354s] copying /root/build/vehicle_string_converter/build/lib/vehicle_string_converter/vehicle_sensor_string_builder.py -> /root/install/vehicle_string_converter/lib/python3.8/site-packages/vehicle_string_converter
[1.354s] byte-compiling /root/install/vehicle_string_converter/lib/python3.8/site-packages/vehicle_string_converter/vehicle_control_string_parser.py to vehicle_control_string_parser.cpython-38.pyc
[1.357s] byte-compiling /root/install/vehicle_string_converter/lib/python3.8/site-packages/vehicle_string_converter/vehicle_sensor_string_parser.py to vehicle_sensor_string_parser.cpython-38.pyc
[1.357s] byte-compiling /root/install/vehicle_string_converter/lib/python3.8/site-packages/vehicle_string_converter/vehicle_control_string_builder.py to vehicle_control_string_builder.cpython-38.pyc
[1.358s] byte-compiling /root/install/vehicle_string_converter/lib/python3.8/site-packages/vehicle_string_converter/__init__.py to __init__.cpython-38.pyc
[1.359s] byte-compiling /root/install/vehicle_string_converter/lib/python3.8/site-packages/vehicle_string_converter/vehicle_sensor_string_builder.py to vehicle_sensor_string_builder.cpython-38.pyc
[1.359s] running install_data
[1.359s] creating /root/install/vehicle_string_converter/share/ament_index
[1.360s] creating /root/install/vehicle_string_converter/share/ament_index/resource_index
[1.360s] creating /root/install/vehicle_string_converter/share/ament_index/resource_index/packages
[1.360s] copying resource/vehicle_string_converter -> /root/install/vehicle_string_converter/share/ament_index/resource_index/packages
[1.360s] copying package.xml -> /root/install/vehicle_string_converter/share/vehicle_string_converter
[1.361s] running install_egg_info
[1.363s] Copying ../../build/vehicle_string_converter/vehicle_string_converter.egg-info to /root/install/vehicle_string_converter/lib/python3.8/site-packages/vehicle_string_converter-0.0.0-py3.8.egg-info
[1.365s] running install_scripts
[1.392s] Installing vehicle_control_string_builder script to /root/install/vehicle_string_converter/lib/vehicle_string_converter
[1.392s] writing list of installed files to '/root/build/vehicle_string_converter/install.log'
[1.430s] Invoked command in '/root/src/vehicle_string_converter' returned '0': PYTHONPATH=/root/build/vehicle_string_converter/prefix_override:/root/install/vehicle_string_converter/lib/python3.8/site-packages:${PYTHONPATH} /usr/bin/python3 setup.py egg_info --egg-base ../../build/vehicle_string_converter build --build-base /root/build/vehicle_string_converter/build install --record /root/build/vehicle_string_converter/install.log --install-scripts $base/lib/vehicle_string_converter --single-version-externally-managed
