[2.406s] Invoking command in '/home/ethanreynolds/vscode/robot-rover-2025/code/system/ros2/src/vehicle_packet_manager': PYTHONPATH=/home/ethanreynolds/vscode/robot-rover-2025/code/system/ros2/build/vehicle_packet_manager/prefix_override:/usr/lib/python3/dist-packages/colcon_core/task/python/colcon_distutils_commands:/home/ethanreynolds/vscode/robot-rover-2025/code/system/ros2/install/vehicle_packet_manager/lib/python3.8/site-packages:${PYTHONPATH} /usr/bin/python3 -W ignore:setup.py install is deprecated -W ignore:easy_install command is deprecated setup.py egg_info --egg-base ../../build/vehicle_packet_manager build --build-base /home/ethanreynolds/vscode/robot-rover-2025/code/system/ros2/build/vehicle_packet_manager/build install --record /home/ethanreynolds/vscode/robot-rover-2025/code/system/ros2/build/vehicle_packet_manager/install.log --install-scripts $base/lib/vehicle_packet_manager --single-version-externally-managed install_data
[2.958s] running egg_info
[2.960s] writing ../../build/vehicle_packet_manager/vehicle_packet_manager.egg-info/PKG-INFO
[2.960s] writing dependency_links to ../../build/vehicle_packet_manager/vehicle_packet_manager.egg-info/dependency_links.txt
[2.961s] writing entry points to ../../build/vehicle_packet_manager/vehicle_packet_manager.egg-info/entry_points.txt
[2.961s] writing requirements to ../../build/vehicle_packet_manager/vehicle_packet_manager.egg-info/requires.txt
[2.961s] writing top-level names to ../../build/vehicle_packet_manager/vehicle_packet_manager.egg-info/top_level.txt
[3.056s] reading manifest file '../../build/vehicle_packet_manager/vehicle_packet_manager.egg-info/SOURCES.txt'
[3.058s] writing manifest file '../../build/vehicle_packet_manager/vehicle_packet_manager.egg-info/SOURCES.txt'
[3.058s] running build
[3.059s] running build_py
[3.059s] running install
[3.061s] running install_lib
[3.064s] running install_data
[3.065s] running install_egg_info
[3.069s] removing '/home/ethanreynolds/vscode/robot-rover-2025/code/system/ros2/install/vehicle_packet_manager/lib/python3.8/site-packages/vehicle_packet_manager-0.0.0-py3.8.egg-info' (and everything under it)
[3.081s] Copying ../../build/vehicle_packet_manager/vehicle_packet_manager.egg-info to /home/ethanreynolds/vscode/robot-rover-2025/code/system/ros2/install/vehicle_packet_manager/lib/python3.8/site-packages/vehicle_packet_manager-0.0.0-py3.8.egg-info
[3.082s] running install_scripts
[3.122s] writing list of installed files to '/home/ethanreynolds/vscode/robot-rover-2025/code/system/ros2/build/vehicle_packet_manager/install.log'
[3.201s] Invoked command in '/home/ethanreynolds/vscode/robot-rover-2025/code/system/ros2/src/vehicle_packet_manager' returned '0': PYTHONPATH=/home/ethanreynolds/vscode/robot-rover-2025/code/system/ros2/build/vehicle_packet_manager/prefix_override:/usr/lib/python3/dist-packages/colcon_core/task/python/colcon_distutils_commands:/home/ethanreynolds/vscode/robot-rover-2025/code/system/ros2/install/vehicle_packet_manager/lib/python3.8/site-packages:${PYTHONPATH} /usr/bin/python3 -W ignore:setup.py install is deprecated -W ignore:easy_install command is deprecated setup.py egg_info --egg-base ../../build/vehicle_packet_manager build --build-base /home/ethanreynolds/vscode/robot-rover-2025/code/system/ros2/build/vehicle_packet_manager/build install --record /home/ethanreynolds/vscode/robot-rover-2025/code/system/ros2/build/vehicle_packet_manager/install.log --install-scripts $base/lib/vehicle_packet_manager --single-version-externally-managed install_data
