/root/install/vehicle_string_converter/lib/python3.8/site-packages/vehicle_string_converter/vehicle_control_string_parser.py
/root/install/vehicle_string_converter/lib/python3.8/site-packages/vehicle_string_converter/vehicle_sensor_string_parser.py
/root/install/vehicle_string_converter/lib/python3.8/site-packages/vehicle_string_converter/vehicle_control_string_builder.py
/root/install/vehicle_string_converter/lib/python3.8/site-packages/vehicle_string_converter/__init__.py
/root/install/vehicle_string_converter/lib/python3.8/site-packages/vehicle_string_converter/vehicle_sensor_string_builder.py
/root/install/vehicle_string_converter/lib/python3.8/site-packages/vehicle_string_converter/__pycache__/vehicle_control_string_parser.cpython-38.pyc
/root/install/vehicle_string_converter/lib/python3.8/site-packages/vehicle_string_converter/__pycache__/vehicle_sensor_string_parser.cpython-38.pyc
/root/install/vehicle_string_converter/lib/python3.8/site-packages/vehicle_string_converter/__pycache__/vehicle_control_string_builder.cpython-38.pyc
/root/install/vehicle_string_converter/lib/python3.8/site-packages/vehicle_string_converter/__pycache__/__init__.cpython-38.pyc
/root/install/vehicle_string_converter/lib/python3.8/site-packages/vehicle_string_converter/__pycache__/vehicle_sensor_string_builder.cpython-38.pyc
/root/install/vehicle_string_converter/share/ament_index/resource_index/packages/vehicle_string_converter
/root/install/vehicle_string_converter/share/vehicle_string_converter/package.xml
/root/install/vehicle_string_converter/lib/python3.8/site-packages/vehicle_string_converter-0.0.0-py3.8.egg-info/SOURCES.txt
/root/install/vehicle_string_converter/lib/python3.8/site-packages/vehicle_string_converter-0.0.0-py3.8.egg-info/top_level.txt
/root/install/vehicle_string_converter/lib/python3.8/site-packages/vehicle_string_converter-0.0.0-py3.8.egg-info/PKG-INFO
/root/install/vehicle_string_converter/lib/python3.8/site-packages/vehicle_string_converter-0.0.0-py3.8.egg-info/dependency_links.txt
/root/install/vehicle_string_converter/lib/python3.8/site-packages/vehicle_string_converter-0.0.0-py3.8.egg-info/entry_points.txt
/root/install/vehicle_string_converter/lib/python3.8/site-packages/vehicle_string_converter-0.0.0-py3.8.egg-info/zip-safe
/root/install/vehicle_string_converter/lib/python3.8/site-packages/vehicle_string_converter-0.0.0-py3.8.egg-info/requires.txt
/root/install/vehicle_string_converter/lib/vehicle_string_converter/vehicle_control_string_builder
