[1.102s] Invoking command in '/root/src/vehicle_string_converter': PYTHONPATH=/root/build/vehicle_string_converter/prefix_override:/root/install/vehicle_string_converter/lib/python3.8/site-packages:${PYTHONPATH} /usr/bin/python3 setup.py egg_info --egg-base ../../build/vehicle_string_converter build --build-base /root/build/vehicle_string_converter/build install --record /root/build/vehicle_string_converter/install.log --install-scripts $base/lib/vehicle_string_converter --single-version-externally-managed
[1.565s] running egg_info
[1.566s] writing ../../build/vehicle_string_converter/vehicle_string_converter.egg-info/PKG-INFO
[1.567s] writing dependency_links to ../../build/vehicle_string_converter/vehicle_string_converter.egg-info/dependency_links.txt
[1.568s] writing entry points to ../../build/vehicle_string_converter/vehicle_string_converter.egg-info/entry_points.txt
[1.568s] writing requirements to ../../build/vehicle_string_converter/vehicle_string_converter.egg-info/requires.txt
[1.569s] writing top-level names to ../../build/vehicle_string_converter/vehicle_string_converter.egg-info/top_level.txt
[1.663s] reading manifest file '../../build/vehicle_string_converter/vehicle_string_converter.egg-info/SOURCES.txt'
[1.665s] writing manifest file '../../build/vehicle_string_converter/vehicle_string_converter.egg-info/SOURCES.txt'
[1.666s] running build
[1.666s] running build_py
[1.666s] copying vehicle_string_converter/vehicle_control_string_builder.py -> /root/build/vehicle_string_converter/build/lib/vehicle_string_converter
[1.667s] running install
[1.669s] running install_lib
[1.671s] copying /root/build/vehicle_string_converter/build/lib/vehicle_string_converter/vehicle_control_string_builder.py -> /root/install/vehicle_string_converter/lib/python3.8/site-packages/vehicle_string_converter
[1.672s] byte-compiling /root/install/vehicle_string_converter/lib/python3.8/site-packages/vehicle_string_converter/vehicle_control_string_builder.py to vehicle_control_string_builder.cpython-38.pyc
[1.676s] running install_data
[1.677s] running install_egg_info
[1.681s] removing '/root/install/vehicle_string_converter/lib/python3.8/site-packages/vehicle_string_converter-0.0.0-py3.8.egg-info' (and everything under it)
[1.681s] Copying ../../build/vehicle_string_converter/vehicle_string_converter.egg-info to /root/install/vehicle_string_converter/lib/python3.8/site-packages/vehicle_string_converter-0.0.0-py3.8.egg-info
[1.683s] running install_scripts
[1.719s] Installing vehicle_control_string_builder script to /root/install/vehicle_string_converter/lib/vehicle_string_converter
[1.720s] writing list of installed files to '/root/build/vehicle_string_converter/install.log'
[1.776s] Invoked command in '/root/src/vehicle_string_converter' returned '0': PYTHONPATH=/root/build/vehicle_string_converter/prefix_override:/root/install/vehicle_string_converter/lib/python3.8/site-packages:${PYTHONPATH} /usr/bin/python3 setup.py egg_info --egg-base ../../build/vehicle_string_converter build --build-base /root/build/vehicle_string_converter/build install --record /root/build/vehicle_string_converter/install.log --install-scripts $base/lib/vehicle_string_converter --single-version-externally-managed
