[0.000000] (-) TimerEvent: {}
[0.000882] (-) JobUnselected: {'identifier': 'vehicle_navigation'}
[0.001193] (-) JobUnselected: {'identifier': 'vehicle_networking'}
[0.001520] (-) JobUnselected: {'identifier': 'vehicle_simulation'}
[0.001612] (-) JobUnselected: {'identifier': 'vehicle_string_converter'}
[0.001658] (vehicle_interfaces) JobQueued: {'identifier': 'vehicle_interfaces', 'dependencies': OrderedDict()}
[0.001702] (vehicle_interfaces) JobStarted: {'identifier': 'vehicle_interfaces'}
[0.029246] (vehicle_interfaces) JobProgress: {'identifier': 'vehicle_interfaces', 'progress': 'cmake'}
[0.029403] (vehicle_interfaces) Command: {'cmd': ['/usr/bin/cmake', '/root/src/vehicle_interfaces', '-DCMAKE_INSTALL_PREFIX=/root/install/vehicle_interfaces'], 'cwd': '/root/build/vehicle_interfaces', 'env': OrderedDict([('HOSTNAME', '2a33c685da1f'), ('SHLVL', '1'), ('LD_LIBRARY_PATH', '/opt/ros/foxy/opt/yaml_cpp_vendor/lib:/opt/ros/foxy/opt/rviz_ogre_vendor/lib:/opt/ros/foxy/lib/x86_64-linux-gnu:/opt/ros/foxy/lib'), ('HOME', '/root'), ('OLDPWD', '/'), ('ROS_PYTHON_VERSION', '3'), ('COLCON_PREFIX_PATH', '/root/install'), ('ROS_DISTRO', 'foxy'), ('_', '/usr/bin/colcon'), ('ROS_VERSION', '2'), ('TERM', 'xterm'), ('ROS_LOCALHOST_ONLY', '0'), ('QT_X11_NO_MITSHM', '1'), ('PATH', '/opt/ros/foxy/bin:/usr/local/sbin:/usr/local/bin:/usr/sbin:/usr/bin:/sbin:/bin'), ('DISPLAY', ':0.0'), ('LANG', 'C.UTF-8'), ('AMENT_PREFIX_PATH', '/root/install/vehicle_string_converter:/root/install/vehicle_simulation:/opt/ros/foxy'), ('DEBIAN_FRONTEND', 'noninteractive'), ('PWD', '/root/build/vehicle_interfaces'), ('LC_ALL', 'C.UTF-8'), ('PYTHONPATH', '/root/install/vehicle_string_converter/lib/python3.8/site-packages:/root/install/vehicle_simulation/lib/python3.8/site-packages:/opt/ros/foxy/lib/python3.8/site-packages'), ('COLCON', '1'), ('CMAKE_PREFIX_PATH', '/root/install/vehicle_string_converter:/root/install/vehicle_simulation:/opt/ros/foxy')]), 'shell': False}
[0.100034] (-) TimerEvent: {}
[0.200846] (-) TimerEvent: {}
[0.301201] (-) TimerEvent: {}
[0.401588] (-) TimerEvent: {}
[0.502128] (-) TimerEvent: {}
[0.536396] (vehicle_interfaces) StdoutLine: {'line': b'-- The C compiler identification is GNU 9.4.0\n'}
[0.602249] (-) TimerEvent: {}
[0.692808] (vehicle_interfaces) StdoutLine: {'line': b'-- The CXX compiler identification is GNU 9.4.0\n'}
[0.701809] (vehicle_interfaces) StdoutLine: {'line': b'-- Check for working C compiler: /usr/bin/cc\n'}
[0.702313] (-) TimerEvent: {}
[0.802588] (-) TimerEvent: {}
[0.821322] (vehicle_interfaces) StdoutLine: {'line': b'-- Check for working C compiler: /usr/bin/cc -- works\n'}
[0.823121] (vehicle_interfaces) StdoutLine: {'line': b'-- Detecting C compiler ABI info\n'}
[0.902689] (-) TimerEvent: {}
[0.933835] (vehicle_interfaces) StdoutLine: {'line': b'-- Detecting C compiler ABI info - done\n'}
[0.948220] (vehicle_interfaces) StdoutLine: {'line': b'-- Detecting C compile features\n'}
[0.948765] (vehicle_interfaces) StdoutLine: {'line': b'-- Detecting C compile features - done\n'}
[0.952412] (vehicle_interfaces) StdoutLine: {'line': b'-- Check for working CXX compiler: /usr/bin/c++\n'}
[1.002802] (-) TimerEvent: {}
[1.067292] (vehicle_interfaces) StdoutLine: {'line': b'-- Check for working CXX compiler: /usr/bin/c++ -- works\n'}
[1.069339] (vehicle_interfaces) StdoutLine: {'line': b'-- Detecting CXX compiler ABI info\n'}
[1.102912] (-) TimerEvent: {}
[1.185970] (vehicle_interfaces) StdoutLine: {'line': b'-- Detecting CXX compiler ABI info - done\n'}
[1.203025] (-) TimerEvent: {}
[1.203335] (vehicle_interfaces) StdoutLine: {'line': b'-- Detecting CXX compile features\n'}
[1.204346] (vehicle_interfaces) StdoutLine: {'line': b'-- Detecting CXX compile features - done\n'}
[1.208818] (vehicle_interfaces) StdoutLine: {'line': b'-- Found ament_cmake: 0.9.12 (/opt/ros/foxy/share/ament_cmake/cmake)\n'}
[1.257902] (vehicle_interfaces) StdoutLine: {'line': b'-- Found PythonInterp: /usr/bin/python3 (found suitable version "3.8.10", minimum required is "3") \n'}
[1.258177] (vehicle_interfaces) StdoutLine: {'line': b'-- Using PYTHON_EXECUTABLE: /usr/bin/python3\n'}
[1.303067] (-) TimerEvent: {}
[1.403415] (-) TimerEvent: {}
[1.503783] (-) TimerEvent: {}
[1.518516] (vehicle_interfaces) StdoutLine: {'line': b'-- Found rosidl_default_generators: 1.0.1 (/opt/ros/foxy/share/rosidl_default_generators/cmake)\n'}
[1.527799] (vehicle_interfaces) StdoutLine: {'line': b'-- Using all available rosidl_typesupport_c: rosidl_typesupport_fastrtps_c;rosidl_typesupport_introspection_c\n'}
[1.540476] (vehicle_interfaces) StdoutLine: {'line': b'-- Found rosidl_adapter: 1.3.1 (/opt/ros/foxy/share/rosidl_adapter/cmake)\n'}
[1.603906] (-) TimerEvent: {}
[1.704338] (-) TimerEvent: {}
[1.705452] (vehicle_interfaces) StdoutLine: {'line': b'-- Found OpenSSL: /usr/lib/x86_64-linux-gnu/libcrypto.so (found version "1.1.1f")  \n'}
[1.752849] (vehicle_interfaces) StdoutLine: {'line': b'-- Found FastRTPS: /opt/ros/foxy/include  \n'}
[1.804422] (-) TimerEvent: {}
[1.877101] (vehicle_interfaces) StdoutLine: {'line': b'-- Using all available rosidl_typesupport_cpp: rosidl_typesupport_fastrtps_cpp;rosidl_typesupport_introspection_cpp\n'}
[1.904534] (-) TimerEvent: {}
[1.953221] (vehicle_interfaces) StdoutLine: {'line': b'-- Found PythonInterp: /usr/bin/python3 (found version "3.8.10") \n'}
[2.004633] (-) TimerEvent: {}
[2.104942] (-) TimerEvent: {}
[2.174097] (vehicle_interfaces) StdoutLine: {'line': b'-- Found ament_cmake_ros: 0.9.2 (/opt/ros/foxy/share/ament_cmake_ros/cmake)\n'}
[2.205082] (-) TimerEvent: {}
[2.305517] (-) TimerEvent: {}
[2.333719] (vehicle_interfaces) StdoutLine: {'line': b'-- Using all available rosidl_typesupport_c: rosidl_typesupport_fastrtps_c;rosidl_typesupport_introspection_c\n'}
[2.349081] (vehicle_interfaces) StdoutLine: {'line': b'-- Using all available rosidl_typesupport_cpp: rosidl_typesupport_fastrtps_cpp;rosidl_typesupport_introspection_cpp\n'}
[2.380195] (vehicle_interfaces) StdoutLine: {'line': b'-- Found PythonInterp: /usr/bin/python3 (found suitable version "3.8.10", minimum required is "3.5") \n'}
[2.384406] (vehicle_interfaces) StdoutLine: {'line': b'-- Found python_cmake_module: 0.8.1 (/opt/ros/foxy/share/python_cmake_module/cmake)\n'}
[2.405618] (-) TimerEvent: {}
[2.423340] (vehicle_interfaces) StdoutLine: {'line': b'-- Found PythonLibs: /usr/lib/x86_64-linux-gnu/libpython3.8.so (found suitable version "3.8.10", minimum required is "3.5") \n'}
[2.423776] (vehicle_interfaces) StdoutLine: {'line': b'-- Using PYTHON_EXECUTABLE: /usr/bin/python3\n'}
[2.423966] (vehicle_interfaces) StdoutLine: {'line': b'-- Using PYTHON_INCLUDE_DIRS: /usr/include/python3.8\n'}
[2.424145] (vehicle_interfaces) StdoutLine: {'line': b'-- Using PYTHON_LIBRARIES: /usr/lib/x86_64-linux-gnu/libpython3.8.so\n'}
[2.455350] (vehicle_interfaces) StdoutLine: {'line': b'-- Found PythonExtra: .so  \n'}
[2.505734] (-) TimerEvent: {}
[2.513281] (vehicle_interfaces) StdoutLine: {'line': b'-- Found ament_lint_auto: 0.9.8 (/opt/ros/foxy/share/ament_lint_auto/cmake)\n'}
[2.563194] (vehicle_interfaces) StdoutLine: {'line': b"-- Added test 'copyright' to check source files copyright and LICENSE\n"}
[2.568970] (vehicle_interfaces) StdoutLine: {'line': b"-- Added test 'lint_cmake' to check CMake code style\n"}
[2.571750] (vehicle_interfaces) StdoutLine: {'line': b"-- Added test 'xmllint' to check XML markup files\n"}
[2.580400] (vehicle_interfaces) StdoutLine: {'line': b'-- Configuring done\n'}
[2.605849] (-) TimerEvent: {}
[2.653469] (vehicle_interfaces) StdoutLine: {'line': b'-- Generating done\n'}
[2.656860] (vehicle_interfaces) StdoutLine: {'line': b'-- Build files have been written to: /root/build/vehicle_interfaces\n'}
[2.664550] (vehicle_interfaces) CommandEnded: {'returncode': 0}
[2.665388] (vehicle_interfaces) JobProgress: {'identifier': 'vehicle_interfaces', 'progress': 'build'}
[2.667064] (vehicle_interfaces) Command: {'cmd': ['/usr/bin/cmake', '--build', '/root/build/vehicle_interfaces', '--', '-j4', '-l4'], 'cwd': '/root/build/vehicle_interfaces', 'env': OrderedDict([('HOSTNAME', '2a33c685da1f'), ('SHLVL', '1'), ('LD_LIBRARY_PATH', '/opt/ros/foxy/opt/yaml_cpp_vendor/lib:/opt/ros/foxy/opt/rviz_ogre_vendor/lib:/opt/ros/foxy/lib/x86_64-linux-gnu:/opt/ros/foxy/lib'), ('HOME', '/root'), ('OLDPWD', '/'), ('ROS_PYTHON_VERSION', '3'), ('COLCON_PREFIX_PATH', '/root/install'), ('ROS_DISTRO', 'foxy'), ('_', '/usr/bin/colcon'), ('ROS_VERSION', '2'), ('TERM', 'xterm'), ('ROS_LOCALHOST_ONLY', '0'), ('QT_X11_NO_MITSHM', '1'), ('PATH', '/opt/ros/foxy/bin:/usr/local/sbin:/usr/local/bin:/usr/sbin:/usr/bin:/sbin:/bin'), ('DISPLAY', ':0.0'), ('LANG', 'C.UTF-8'), ('AMENT_PREFIX_PATH', '/root/install/vehicle_string_converter:/root/install/vehicle_simulation:/opt/ros/foxy'), ('DEBIAN_FRONTEND', 'noninteractive'), ('PWD', '/root/build/vehicle_interfaces'), ('LC_ALL', 'C.UTF-8'), ('PYTHONPATH', '/root/install/vehicle_string_converter/lib/python3.8/site-packages:/root/install/vehicle_simulation/lib/python3.8/site-packages:/opt/ros/foxy/lib/python3.8/site-packages'), ('COLCON', '1'), ('CMAKE_PREFIX_PATH', '/root/install/vehicle_string_converter:/root/install/vehicle_simulation:/opt/ros/foxy')]), 'shell': False}
[2.706048] (-) TimerEvent: {}
[2.745294] (vehicle_interfaces) StdoutLine: {'line': b'\x1b[35m\x1b[1mScanning dependencies of target vehicle_interfaces__cpp\x1b[0m\n'}
[2.746371] (vehicle_interfaces) StdoutLine: {'line': b'[  1%] \x1b[34m\x1b[1mGenerating C code for ROS interfaces\x1b[0m\n'}
[2.768183] (vehicle_interfaces) StdoutLine: {'line': b'[  3%] \x1b[34m\x1b[1mGenerating C++ code for ROS interfaces\x1b[0m\n'}
[2.806127] (-) TimerEvent: {}
[2.906603] (-) TimerEvent: {}
[3.006950] (-) TimerEvent: {}
[3.107313] (-) TimerEvent: {}
[3.207673] (-) TimerEvent: {}
[3.307984] (-) TimerEvent: {}
[3.409073] (-) TimerEvent: {}
[3.509445] (-) TimerEvent: {}
[3.610072] (-) TimerEvent: {}
[3.710515] (-) TimerEvent: {}
[3.810964] (-) TimerEvent: {}
[3.914119] (-) TimerEvent: {}
[3.985719] (vehicle_interfaces) StdoutLine: {'line': b'[  3%] Built target vehicle_interfaces__cpp\n'}
[4.008755] (vehicle_interfaces) StdoutLine: {'line': b'[  9%] \x1b[34m\x1b[1mGenerating C++ introspection for ROS interfaces\x1b[0m\n'}
[4.009085] (vehicle_interfaces) StdoutLine: {'line': b'[  9%] \x1b[34m\x1b[1mGenerating C++ type support for eProsima Fast-RTPS\x1b[0m\n'}
[4.010146] (vehicle_interfaces) StdoutLine: {'line': b'[  9%] \x1b[34m\x1b[1mGenerating C++ type support dispatch for ROS interfaces\x1b[0m\n'}
[4.014227] (-) TimerEvent: {}
[4.117075] (-) TimerEvent: {}
[4.217529] (-) TimerEvent: {}
[4.318198] (-) TimerEvent: {}
[4.418864] (-) TimerEvent: {}
[4.498189] (vehicle_interfaces) StdoutLine: {'line': b'\x1b[35m\x1b[1mScanning dependencies of target vehicle_interfaces__rosidl_generator_c\x1b[0m\n'}
[4.539103] (-) TimerEvent: {}
[4.583359] (vehicle_interfaces) StdoutLine: {'line': b'[ 10%] \x1b[32mBuilding C object CMakeFiles/vehicle_interfaces__rosidl_generator_c.dir/rosidl_generator_c/vehicle_interfaces/srv/detail/get_serial_port__functions.c.o\x1b[0m\n'}
[4.639212] (-) TimerEvent: {}
[4.739677] (-) TimerEvent: {}
[4.773214] (vehicle_interfaces) StdoutLine: {'line': b'[ 12%] \x1b[32mBuilding C object CMakeFiles/vehicle_interfaces__rosidl_generator_c.dir/rosidl_generator_c/vehicle_interfaces/srv/detail/reset_serial_port__functions.c.o\x1b[0m\n'}
[4.839787] (-) TimerEvent: {}
[4.940329] (-) TimerEvent: {}
[5.015540] (vehicle_interfaces) StdoutLine: {'line': b'[ 14%] \x1b[32mBuilding C object CMakeFiles/vehicle_interfaces__rosidl_generator_c.dir/rosidl_generator_c/vehicle_interfaces/srv/detail/get_device_status__functions.c.o\x1b[0m\n'}
[5.041070] (-) TimerEvent: {}
[5.141800] (-) TimerEvent: {}
[5.200203] (vehicle_interfaces) StdoutLine: {'line': b'[ 16%] \x1b[32mBuilding C object CMakeFiles/vehicle_interfaces__rosidl_generator_c.dir/rosidl_generator_c/vehicle_interfaces/msg/detail/sensor_data__functions.c.o\x1b[0m\n'}
[5.222952] (vehicle_interfaces) StderrLine: {'line': b'In file included from \x1b[01m\x1b[K/root/build/vehicle_interfaces/rosidl_generator_c/vehicle_interfaces/msg/detail/sensor_data__functions.h:19\x1b[m\x1b[K,\n'}
[5.225160] (vehicle_interfaces) StderrLine: {'line': b'                 from \x1b[01m\x1b[K/root/build/vehicle_interfaces/rosidl_generator_c/vehicle_interfaces/msg/detail/sensor_data__functions.c:4\x1b[m\x1b[K:\n'}
[5.226591] (vehicle_interfaces) StderrLine: {'line': b'\x1b[01m\x1b[K/root/build/vehicle_interfaces/rosidl_generator_c/vehicle_interfaces/msg/detail/sensor_data__struct.h:24:10:\x1b[m\x1b[K \x1b[01;31m\x1b[Kfatal error: \x1b[m\x1b[Kvehicle_interfaces/msg/detail/mpu_data__struct.h: No such file or directory\n'}
[5.227913] (vehicle_interfaces) StderrLine: {'line': b'   24 | #include \x1b[01;31m\x1b[K"vehicle_interfaces/msg/detail/mpu_data__struct.h"\x1b[m\x1b[K\n'}
[5.229229] (vehicle_interfaces) StderrLine: {'line': b'      |          \x1b[01;31m\x1b[K^~~~~~~~~~~~~~~~~~~~~~~~~~~~~~~~~~~~~~~~~~~~~~~~~~\x1b[m\x1b[K\n'}
[5.230544] (vehicle_interfaces) StderrLine: {'line': b'compilation terminated.\n'}
[5.231928] (vehicle_interfaces) StderrLine: {'line': b'make[2]: *** [CMakeFiles/vehicle_interfaces__rosidl_generator_c.dir/build.make:179: CMakeFiles/vehicle_interfaces__rosidl_generator_c.dir/rosidl_generator_c/vehicle_interfaces/msg/detail/sensor_data__functions.c.o] Error 1\n'}
[5.233322] (vehicle_interfaces) StderrLine: {'line': b'make[1]: *** [CMakeFiles/Makefile2:241: CMakeFiles/vehicle_interfaces__rosidl_generator_c.dir/all] Error 2\n'}
[5.234706] (vehicle_interfaces) StderrLine: {'line': b'make[1]: *** Waiting for unfinished jobs....\n'}
[5.241920] (-) TimerEvent: {}
[5.333804] (vehicle_interfaces) StdoutLine: {'line': b'\x1b[35m\x1b[1mScanning dependencies of target vehicle_interfaces__rosidl_typesupport_cpp\x1b[0m\n'}
[5.342066] (-) TimerEvent: {}
[5.369809] (vehicle_interfaces) StdoutLine: {'line': b'[ 18%] \x1b[32mBuilding CXX object CMakeFiles/vehicle_interfaces__rosidl_typesupport_cpp.dir/rosidl_typesupport_cpp/vehicle_interfaces/srv/reset_serial_port__type_support.cpp.o\x1b[0m\n'}
[5.410191] (vehicle_interfaces) StdoutLine: {'line': b'[ 20%] \x1b[32mBuilding CXX object CMakeFiles/vehicle_interfaces__rosidl_typesupport_cpp.dir/rosidl_typesupport_cpp/vehicle_interfaces/srv/get_serial_port__type_support.cpp.o\x1b[0m\n'}
[5.442176] (-) TimerEvent: {}
[5.543345] (-) TimerEvent: {}
[5.646089] (-) TimerEvent: {}
[5.746842] (-) TimerEvent: {}
[5.796934] (vehicle_interfaces) StdoutLine: {'line': b'\x1b[35m\x1b[1mScanning dependencies of target vehicle_interfaces__rosidl_typesupport_fastrtps_cpp\x1b[0m\n'}
[5.877110] (vehicle_interfaces) StdoutLine: {'line': b'[ 21%] \x1b[32mBuilding CXX object CMakeFiles/vehicle_interfaces__rosidl_typesupport_fastrtps_cpp.dir/rosidl_typesupport_fastrtps_cpp/vehicle_interfaces/srv/detail/dds_fastrtps/get_serial_port__type_support.cpp.o\x1b[0m\n'}
[5.877492] (-) TimerEvent: {}
[5.972430] (vehicle_interfaces) StdoutLine: {'line': b'\x1b[35m\x1b[1mScanning dependencies of target vehicle_interfaces__rosidl_typesupport_introspection_cpp\x1b[0m\n'}
[5.977618] (-) TimerEvent: {}
[6.064257] (vehicle_interfaces) StdoutLine: {'line': b'[ 23%] \x1b[32mBuilding CXX object CMakeFiles/vehicle_interfaces__rosidl_typesupport_introspection_cpp.dir/rosidl_typesupport_introspection_cpp/vehicle_interfaces/srv/detail/get_serial_port__type_support.cpp.o\x1b[0m\n'}
[6.077758] (-) TimerEvent: {}
[6.203411] (-) TimerEvent: {}
[6.353094] (-) TimerEvent: {}
[6.426733] (vehicle_interfaces) StdoutLine: {'line': b'[ 25%] \x1b[32mBuilding CXX object CMakeFiles/vehicle_interfaces__rosidl_typesupport_cpp.dir/rosidl_typesupport_cpp/vehicle_interfaces/srv/get_device_status__type_support.cpp.o\x1b[0m\n'}
[6.434750] (vehicle_interfaces) StdoutLine: {'line': b'[ 27%] \x1b[32mBuilding CXX object CMakeFiles/vehicle_interfaces__rosidl_typesupport_introspection_cpp.dir/rosidl_typesupport_introspection_cpp/vehicle_interfaces/srv/detail/reset_serial_port__type_support.cpp.o\x1b[0m\n'}
[6.453249] (-) TimerEvent: {}
[6.554848] (-) TimerEvent: {}
[6.658638] (-) TimerEvent: {}
[6.790473] (-) TimerEvent: {}
[6.899545] (-) TimerEvent: {}
[7.004088] (-) TimerEvent: {}
[7.145688] (-) TimerEvent: {}
[7.246486] (-) TimerEvent: {}
[7.339100] (vehicle_interfaces) StdoutLine: {'line': b'[ 29%] \x1b[32mBuilding CXX object CMakeFiles/vehicle_interfaces__rosidl_typesupport_cpp.dir/rosidl_typesupport_cpp/vehicle_interfaces/msg/sensor_data__type_support.cpp.o\x1b[0m\n'}
[7.346607] (-) TimerEvent: {}
[7.449875] (-) TimerEvent: {}
[7.458094] (vehicle_interfaces) StdoutLine: {'line': b'[ 30%] \x1b[32mBuilding CXX object CMakeFiles/vehicle_interfaces__rosidl_typesupport_fastrtps_cpp.dir/rosidl_typesupport_fastrtps_cpp/vehicle_interfaces/srv/detail/dds_fastrtps/reset_serial_port__type_support.cpp.o\x1b[0m\n'}
[7.493093] (vehicle_interfaces) StderrLine: {'line': b'In file included from \x1b[01m\x1b[K/root/build/vehicle_interfaces/rosidl_typesupport_cpp/vehicle_interfaces/msg/sensor_data__type_support.cpp:7\x1b[m\x1b[K:\n'}
[7.493498] (vehicle_interfaces) StderrLine: {'line': b'\x1b[01m\x1b[K/root/build/vehicle_interfaces/rosidl_generator_cpp/vehicle_interfaces/msg/detail/sensor_data__struct.hpp:21:10:\x1b[m\x1b[K \x1b[01;31m\x1b[Kfatal error: \x1b[m\x1b[Kvehicle_interfaces/msg/detail/mpu_data__struct.hpp: No such file or directory\n'}
[7.493731] (vehicle_interfaces) StderrLine: {'line': b'   21 | #include \x1b[01;31m\x1b[K"vehicle_interfaces/msg/detail/mpu_data__struct.hpp"\x1b[m\x1b[K\n'}
[7.493954] (vehicle_interfaces) StderrLine: {'line': b'      |          \x1b[01;31m\x1b[K^~~~~~~~~~~~~~~~~~~~~~~~~~~~~~~~~~~~~~~~~~~~~~~~~~~~\x1b[m\x1b[K\n'}
[7.494158] (vehicle_interfaces) StderrLine: {'line': b'compilation terminated.\n'}
[7.496356] (vehicle_interfaces) StderrLine: {'line': b'make[2]: *** [CMakeFiles/vehicle_interfaces__rosidl_typesupport_cpp.dir/build.make:124: CMakeFiles/vehicle_interfaces__rosidl_typesupport_cpp.dir/rosidl_typesupport_cpp/vehicle_interfaces/msg/sensor_data__type_support.cpp.o] Error 1\n'}
[7.496716] (vehicle_interfaces) StderrLine: {'line': b'make[1]: *** [CMakeFiles/Makefile2:526: CMakeFiles/vehicle_interfaces__rosidl_typesupport_cpp.dir/all] Error 2\n'}
[7.526249] (vehicle_interfaces) StdoutLine: {'line': b'[ 32%] \x1b[32mBuilding CXX object CMakeFiles/vehicle_interfaces__rosidl_typesupport_introspection_cpp.dir/rosidl_typesupport_introspection_cpp/vehicle_interfaces/srv/detail/get_device_status__type_support.cpp.o\x1b[0m\n'}
[7.553056] (-) TimerEvent: {}
[7.583648] (vehicle_interfaces) StdoutLine: {'line': b'[ 34%] \x1b[32mBuilding CXX object CMakeFiles/vehicle_interfaces__rosidl_typesupport_introspection_cpp.dir/rosidl_typesupport_introspection_cpp/vehicle_interfaces/msg/detail/sensor_data__type_support.cpp.o\x1b[0m\n'}
[7.653291] (-) TimerEvent: {}
[7.699243] (vehicle_interfaces) StderrLine: {'line': b'In file included from \x1b[01m\x1b[K/root/build/vehicle_interfaces/rosidl_typesupport_introspection_cpp/vehicle_interfaces/msg/detail/sensor_data__type_support.cpp:12\x1b[m\x1b[K:\n'}
[7.699626] (vehicle_interfaces) StderrLine: {'line': b'\x1b[01m\x1b[K/root/build/vehicle_interfaces/rosidl_generator_cpp/vehicle_interfaces/msg/detail/sensor_data__struct.hpp:21:10:\x1b[m\x1b[K \x1b[01;31m\x1b[Kfatal error: \x1b[m\x1b[Kvehicle_interfaces/msg/detail/mpu_data__struct.hpp: No such file or directory\n'}
[7.699838] (vehicle_interfaces) StderrLine: {'line': b'   21 | #include \x1b[01;31m\x1b[K"vehicle_interfaces/msg/detail/mpu_data__struct.hpp"\x1b[m\x1b[K\n'}
[7.700027] (vehicle_interfaces) StderrLine: {'line': b'      |          \x1b[01;31m\x1b[K^~~~~~~~~~~~~~~~~~~~~~~~~~~~~~~~~~~~~~~~~~~~~~~~~~~~\x1b[m\x1b[K\n'}
[7.700200] (vehicle_interfaces) StderrLine: {'line': b'compilation terminated.\n'}
[7.706698] (vehicle_interfaces) StderrLine: {'line': b'make[2]: *** [CMakeFiles/vehicle_interfaces__rosidl_typesupport_introspection_cpp.dir/build.make:138: CMakeFiles/vehicle_interfaces__rosidl_typesupport_introspection_cpp.dir/rosidl_typesupport_introspection_cpp/vehicle_interfaces/msg/detail/sensor_data__type_support.cpp.o] Error 1\n'}
[7.713049] (vehicle_interfaces) StderrLine: {'line': b'make[2]: *** Waiting for unfinished jobs....\n'}
[7.796761] (vehicle_interfaces) StdoutLine: {'line': b'[ 36%] \x1b[32mBuilding CXX object CMakeFiles/vehicle_interfaces__rosidl_typesupport_fastrtps_cpp.dir/rosidl_typesupport_fastrtps_cpp/vehicle_interfaces/srv/detail/dds_fastrtps/get_device_status__type_support.cpp.o\x1b[0m\n'}
[7.798357] (-) TimerEvent: {}
[7.799526] (vehicle_interfaces) StdoutLine: {'line': b'[ 38%] \x1b[32mBuilding CXX object CMakeFiles/vehicle_interfaces__rosidl_typesupport_fastrtps_cpp.dir/rosidl_typesupport_fastrtps_cpp/vehicle_interfaces/msg/detail/dds_fastrtps/sensor_data__type_support.cpp.o\x1b[0m\n'}
[7.899091] (-) TimerEvent: {}
[8.001222] (-) TimerEvent: {}
[8.002502] (vehicle_interfaces) StderrLine: {'line': b'In file included from \x1b[01m\x1b[K/root/build/vehicle_interfaces/rosidl_typesupport_fastrtps_cpp/vehicle_interfaces/msg/detail/sensor_data__rosidl_typesupport_fastrtps_cpp.hpp:11\x1b[m\x1b[K,\n'}
[8.003053] (vehicle_interfaces) StderrLine: {'line': b'                 from \x1b[01m\x1b[K/root/build/vehicle_interfaces/rosidl_typesupport_fastrtps_cpp/vehicle_interfaces/msg/detail/dds_fastrtps/sensor_data__type_support.cpp:4\x1b[m\x1b[K:\n'}
[8.003284] (vehicle_interfaces) StderrLine: {'line': b'\x1b[01m\x1b[K/root/build/vehicle_interfaces/rosidl_generator_cpp/vehicle_interfaces/msg/detail/sensor_data__struct.hpp:21:10:\x1b[m\x1b[K \x1b[01;31m\x1b[Kfatal error: \x1b[m\x1b[Kvehicle_interfaces/msg/detail/mpu_data__struct.hpp: No such file or directory\n'}
[8.003499] (vehicle_interfaces) StderrLine: {'line': b'   21 | #include \x1b[01;31m\x1b[K"vehicle_interfaces/msg/detail/mpu_data__struct.hpp"\x1b[m\x1b[K\n'}
[8.003703] (vehicle_interfaces) StderrLine: {'line': b'      |          \x1b[01;31m\x1b[K^~~~~~~~~~~~~~~~~~~~~~~~~~~~~~~~~~~~~~~~~~~~~~~~~~~~\x1b[m\x1b[K\n'}
[8.003896] (vehicle_interfaces) StderrLine: {'line': b'compilation terminated.\n'}
[8.021968] (vehicle_interfaces) StderrLine: {'line': b'make[2]: *** [CMakeFiles/vehicle_interfaces__rosidl_typesupport_fastrtps_cpp.dir/build.make:138: CMakeFiles/vehicle_interfaces__rosidl_typesupport_fastrtps_cpp.dir/rosidl_typesupport_fastrtps_cpp/vehicle_interfaces/msg/detail/dds_fastrtps/sensor_data__type_support.cpp.o] Error 1\n'}
[8.024144] (vehicle_interfaces) StderrLine: {'line': b'make[2]: *** Waiting for unfinished jobs....\n'}
[8.102095] (-) TimerEvent: {}
[8.203304] (-) TimerEvent: {}
[8.305090] (-) TimerEvent: {}
[8.406780] (-) TimerEvent: {}
[8.507557] (-) TimerEvent: {}
[8.582199] (vehicle_interfaces) StderrLine: {'line': b'make[1]: *** [CMakeFiles/Makefile2:499: CMakeFiles/vehicle_interfaces__rosidl_typesupport_introspection_cpp.dir/all] Error 2\n'}
[8.607696] (-) TimerEvent: {}
[8.708579] (-) TimerEvent: {}
[8.808970] (-) TimerEvent: {}
[8.912104] (vehicle_interfaces) StderrLine: {'line': b'make[1]: *** [CMakeFiles/Makefile2:295: CMakeFiles/vehicle_interfaces__rosidl_typesupport_fastrtps_cpp.dir/all] Error 2\n'}
[8.912742] (-) TimerEvent: {}
[8.914459] (vehicle_interfaces) StderrLine: {'line': b'make: *** [Makefile:141: all] Error 2\n'}
[8.918944] (vehicle_interfaces) CommandEnded: {'returncode': 2}
[9.012963] (-) TimerEvent: {}
[9.115081] (-) TimerEvent: {}
[9.216099] (-) TimerEvent: {}
[9.282471] (vehicle_interfaces) JobEnded: {'identifier': 'vehicle_interfaces', 'rc': 2}
[9.294333] (-) EventReactorShutdown: {}
