-- The C compiler identification is GNU 9.4.0
-- The CXX compiler identification is GNU 9.4.0
-- Check for working C compiler: /usr/bin/cc
-- Check for working C compiler: /usr/bin/cc -- works
-- Detecting C compiler ABI info
-- Detecting C compiler ABI info - done
-- Detecting C compile features
-- Detecting C compile features - done
-- Check for working CXX compiler: /usr/bin/c++
-- Check for working CXX compiler: /usr/bin/c++ -- works
-- Detecting CXX compiler ABI info
-- Detecting CXX compiler ABI info - done
-- Detecting CXX compile features
-- Detecting CXX compile features - done
-- Found ament_cmake: 0.9.12 (/opt/ros/foxy/share/ament_cmake/cmake)
-- Found PythonInterp: /usr/bin/python3 (found suitable version "3.8.10", minimum required is "3") 
-- Using PYTHON_EXECUTABLE: /usr/bin/python3
-- Found rosidl_default_generators: 1.0.1 (/opt/ros/foxy/share/rosidl_default_generators/cmake)
-- Using all available rosidl_typesupport_c: rosidl_typesupport_fastrtps_c;rosidl_typesupport_introspection_c
-- Found rosidl_adapter: 1.3.1 (/opt/ros/foxy/share/rosidl_adapter/cmake)
-- Found OpenSSL: /usr/lib/x86_64-linux-gnu/libcrypto.so (found version "1.1.1f")  
-- Found FastRTPS: /opt/ros/foxy/include  
-- Using all available rosidl_typesupport_cpp: rosidl_typesupport_fastrtps_cpp;rosidl_typesupport_introspection_cpp
-- Found PythonInterp: /usr/bin/python3 (found version "3.8.10") 
-- Found ament_cmake_ros: 0.9.2 (/opt/ros/foxy/share/ament_cmake_ros/cmake)
-- Using all available rosidl_typesupport_c: rosidl_typesupport_fastrtps_c;rosidl_typesupport_introspection_c
-- Using all available rosidl_typesupport_cpp: rosidl_typesupport_fastrtps_cpp;rosidl_typesupport_introspection_cpp
-- Found PythonInterp: /usr/bin/python3 (found suitable version "3.8.10", minimum required is "3.5") 
-- Found python_cmake_module: 0.8.1 (/opt/ros/foxy/share/python_cmake_module/cmake)
-- Found PythonLibs: /usr/lib/x86_64-linux-gnu/libpython3.8.so (found suitable version "3.8.10", minimum required is "3.5") 
-- Using PYTHON_EXECUTABLE: /usr/bin/python3
-- Using PYTHON_INCLUDE_DIRS: /usr/include/python3.8
-- Using PYTHON_LIBRARIES: /usr/lib/x86_64-linux-gnu/libpython3.8.so
-- Found PythonExtra: .so  
-- Found ament_lint_auto: 0.9.8 (/opt/ros/foxy/share/ament_lint_auto/cmake)
-- Added test 'copyright' to check source files copyright and LICENSE
-- Added test 'lint_cmake' to check CMake code style
-- Added test 'xmllint' to check XML markup files
-- Configuring done
-- Generating done
-- Build files have been written to: /root/build/vehicle_networking_interfaces
[35m[1mScanning dependencies of target vehicle_networking_interfaces__cpp[0m
[  2%] [34m[1mGenerating C++ code for ROS interfaces[0m
[  2%] Built target vehicle_networking_interfaces__cpp
[  5%] [34m[1mGenerating C code for ROS interfaces[0m
[35m[1mScanning dependencies of target vehicle_networking_interfaces__rosidl_generator_c[0m
[  7%] [32mBuilding C object CMakeFiles/vehicle_networking_interfaces__rosidl_generator_c.dir/rosidl_generator_c/vehicle_networking_interfaces/srv/detail/get_serial_port__functions.c.o[0m
[ 10%] [32mBuilding C object CMakeFiles/vehicle_networking_interfaces__rosidl_generator_c.dir/rosidl_generator_c/vehicle_networking_interfaces/srv/detail/reset_serial_port__functions.c.o[0m
[ 12%] [32m[1mLinking C shared library libvehicle_networking_interfaces__rosidl_generator_c.so[0m
[ 12%] Built target vehicle_networking_interfaces__rosidl_generator_c
[ 15%] [34m[1mGenerating C++ type support dispatch for ROS interfaces[0m
[35m[1mScanning dependencies of target vehicle_networking_interfaces__rosidl_typesupport_cpp[0m
[ 17%] [32mBuilding CXX object CMakeFiles/vehicle_networking_interfaces__rosidl_typesupport_cpp.dir/rosidl_typesupport_cpp/vehicle_networking_interfaces/srv/get_serial_port__type_support.cpp.o[0m
[ 20%] [32mBuilding CXX object CMakeFiles/vehicle_networking_interfaces__rosidl_typesupport_cpp.dir/rosidl_typesupport_cpp/vehicle_networking_interfaces/srv/reset_serial_port__type_support.cpp.o[0m
[ 23%] [32m[1mLinking CXX shared library libvehicle_networking_interfaces__rosidl_typesupport_cpp.so[0m
[ 23%] Built target vehicle_networking_interfaces__rosidl_typesupport_cpp
[ 25%] [34m[1mGenerating C introspection for ROS interfaces[0m
[35m[1mScanning dependencies of target vehicle_networking_interfaces__rosidl_typesupport_introspection_c[0m
[ 28%] [32mBuilding C object CMakeFiles/vehicle_networking_interfaces__rosidl_typesupport_introspection_c.dir/rosidl_typesupport_introspection_c/vehicle_networking_interfaces/srv/detail/get_serial_port__type_support.c.o[0m
[ 30%] [32mBuilding C object CMakeFiles/vehicle_networking_interfaces__rosidl_typesupport_introspection_c.dir/rosidl_typesupport_introspection_c/vehicle_networking_interfaces/srv/detail/reset_serial_port__type_support.c.o[0m
[ 33%] [32m[1mLinking C shared library libvehicle_networking_interfaces__rosidl_typesupport_introspection_c.so[0m
[ 33%] Built target vehicle_networking_interfaces__rosidl_typesupport_introspection_c
[ 35%] [34m[1mGenerating C type support dispatch for ROS interfaces[0m
[35m[1mScanning dependencies of target vehicle_networking_interfaces__rosidl_typesupport_c[0m
[ 38%] [32mBuilding CXX object CMakeFiles/vehicle_networking_interfaces__rosidl_typesupport_c.dir/rosidl_typesupport_c/vehicle_networking_interfaces/srv/get_serial_port__type_support.cpp.o[0m
[ 41%] [32mBuilding CXX object CMakeFiles/vehicle_networking_interfaces__rosidl_typesupport_c.dir/rosidl_typesupport_c/vehicle_networking_interfaces/srv/reset_serial_port__type_support.cpp.o[0m
[ 43%] [32m[1mLinking CXX shared library libvehicle_networking_interfaces__rosidl_typesupport_c.so[0m
[ 43%] Built target vehicle_networking_interfaces__rosidl_typesupport_c
[ 46%] [34m[1mGenerating C++ introspection for ROS interfaces[0m
[35m[1mScanning dependencies of target vehicle_networking_interfaces__rosidl_typesupport_introspection_cpp[0m
[ 48%] [32mBuilding CXX object CMakeFiles/vehicle_networking_interfaces__rosidl_typesupport_introspection_cpp.dir/rosidl_typesupport_introspection_cpp/vehicle_networking_interfaces/srv/detail/get_serial_port__type_support.cpp.o[0m
[ 51%] [32mBuilding CXX object CMakeFiles/vehicle_networking_interfaces__rosidl_typesupport_introspection_cpp.dir/rosidl_typesupport_introspection_cpp/vehicle_networking_interfaces/srv/detail/reset_serial_port__type_support.cpp.o[0m
[ 53%] [32m[1mLinking CXX shared library libvehicle_networking_interfaces__rosidl_typesupport_introspection_cpp.so[0m
[ 53%] Built target vehicle_networking_interfaces__rosidl_typesupport_introspection_cpp
[ 56%] [34m[1mGenerating C++ type support for eProsima Fast-RTPS[0m
[35m[1mScanning dependencies of target vehicle_networking_interfaces__rosidl_typesupport_fastrtps_cpp[0m
[ 58%] [32mBuilding CXX object CMakeFiles/vehicle_networking_interfaces__rosidl_typesupport_fastrtps_cpp.dir/rosidl_typesupport_fastrtps_cpp/vehicle_networking_interfaces/srv/detail/dds_fastrtps/get_serial_port__type_support.cpp.o[0m
[ 61%] [32mBuilding CXX object CMakeFiles/vehicle_networking_interfaces__rosidl_typesupport_fastrtps_cpp.dir/rosidl_typesupport_fastrtps_cpp/vehicle_networking_interfaces/srv/detail/dds_fastrtps/reset_serial_port__type_support.cpp.o[0m
[ 64%] [32m[1mLinking CXX shared library libvehicle_networking_interfaces__rosidl_typesupport_fastrtps_cpp.so[0m
[ 64%] Built target vehicle_networking_interfaces__rosidl_typesupport_fastrtps_cpp
[ 66%] [34m[1mGenerating C type support for eProsima Fast-RTPS[0m
[35m[1mScanning dependencies of target vehicle_networking_interfaces__rosidl_typesupport_fastrtps_c[0m
[ 69%] [32mBuilding CXX object CMakeFiles/vehicle_networking_interfaces__rosidl_typesupport_fastrtps_c.dir/rosidl_typesupport_fastrtps_c/vehicle_networking_interfaces/srv/detail/get_serial_port__type_support_c.cpp.o[0m
[ 71%] [32mBuilding CXX object CMakeFiles/vehicle_networking_interfaces__rosidl_typesupport_fastrtps_c.dir/rosidl_typesupport_fastrtps_c/vehicle_networking_interfaces/srv/detail/reset_serial_port__type_support_c.cpp.o[0m
[ 74%] [32m[1mLinking CXX shared library libvehicle_networking_interfaces__rosidl_typesupport_fastrtps_c.so[0m
[ 74%] Built target vehicle_networking_interfaces__rosidl_typesupport_fastrtps_c
[35m[1mScanning dependencies of target vehicle_networking_interfaces[0m
[ 74%] Built target vehicle_networking_interfaces
[35m[1mScanning dependencies of target vehicle_networking_interfaces__py[0m
[ 76%] [34m[1mGenerating Python code for ROS interfaces[0m
[ 76%] Built target vehicle_networking_interfaces__py
[35m[1mScanning dependencies of target vehicle_networking_interfaces__python[0m
[ 79%] [32mBuilding C object CMakeFiles/vehicle_networking_interfaces__python.dir/rosidl_generator_py/vehicle_networking_interfaces/srv/_get_serial_port_s.c.o[0m
[ 82%] [32mBuilding C object CMakeFiles/vehicle_networking_interfaces__python.dir/rosidl_generator_py/vehicle_networking_interfaces/srv/_reset_serial_port_s.c.o[0m
[ 84%] [32m[1mLinking C shared library rosidl_generator_py/vehicle_networking_interfaces/libvehicle_networking_interfaces__python.so[0m
[ 84%] Built target vehicle_networking_interfaces__python
[35m[1mScanning dependencies of target vehicle_networking_interfaces__rosidl_typesupport_c__pyext[0m
[ 87%] [32mBuilding C object CMakeFiles/vehicle_networking_interfaces__rosidl_typesupport_c__pyext.dir/rosidl_generator_py/vehicle_networking_interfaces/_vehicle_networking_interfaces_s.ep.rosidl_typesupport_c.c.o[0m
[ 89%] [32m[1mLinking C shared library rosidl_generator_py/vehicle_networking_interfaces/vehicle_networking_interfaces_s__rosidl_typesupport_c.cpython-38-x86_64-linux-gnu.so[0m
[ 89%] Built target vehicle_networking_interfaces__rosidl_typesupport_c__pyext
[35m[1mScanning dependencies of target vehicle_networking_interfaces__rosidl_typesupport_fastrtps_c__pyext[0m
[ 92%] [32mBuilding C object CMakeFiles/vehicle_networking_interfaces__rosidl_typesupport_fastrtps_c__pyext.dir/rosidl_generator_py/vehicle_networking_interfaces/_vehicle_networking_interfaces_s.ep.rosidl_typesupport_fastrtps_c.c.o[0m
[ 94%] [32m[1mLinking CXX shared library rosidl_generator_py/vehicle_networking_interfaces/vehicle_networking_interfaces_s__rosidl_typesupport_fastrtps_c.cpython-38-x86_64-linux-gnu.so[0m
[ 94%] Built target vehicle_networking_interfaces__rosidl_typesupport_fastrtps_c__pyext
[35m[1mScanning dependencies of target vehicle_networking_interfaces__rosidl_typesupport_introspection_c__pyext[0m
[ 97%] [32mBuilding C object CMakeFiles/vehicle_networking_interfaces__rosidl_typesupport_introspection_c__pyext.dir/rosidl_generator_py/vehicle_networking_interfaces/_vehicle_networking_interfaces_s.ep.rosidl_typesupport_introspection_c.c.o[0m
[100%] [32m[1mLinking C shared library rosidl_generator_py/vehicle_networking_interfaces/vehicle_networking_interfaces_s__rosidl_typesupport_introspection_c.cpython-38-x86_64-linux-gnu.so[0m
[100%] Built target vehicle_networking_interfaces__rosidl_typesupport_introspection_c__pyext
-- Install configuration: ""
-- Installing: /root/install/vehicle_networking_interfaces/share/ament_index/resource_index/rosidl_interfaces/vehicle_networking_interfaces
-- Installing: /root/install/vehicle_networking_interfaces/include/vehicle_networking_interfaces
-- Installing: /root/install/vehicle_networking_interfaces/include/vehicle_networking_interfaces/msg
-- Installing: /root/install/vehicle_networking_interfaces/include/vehicle_networking_interfaces/msg/rosidl_generator_c__visibility_control.h
-- Installing: /root/install/vehicle_networking_interfaces/include/vehicle_networking_interfaces/srv
-- Installing: /root/install/vehicle_networking_interfaces/include/vehicle_networking_interfaces/srv/reset_serial_port.h
-- Installing: /root/install/vehicle_networking_interfaces/include/vehicle_networking_interfaces/srv/get_serial_port.h
-- Installing: /root/install/vehicle_networking_interfaces/include/vehicle_networking_interfaces/srv/detail
-- Installing: /root/install/vehicle_networking_interfaces/include/vehicle_networking_interfaces/srv/detail/reset_serial_port__functions.c
-- Installing: /root/install/vehicle_networking_interfaces/include/vehicle_networking_interfaces/srv/detail/get_serial_port__functions.c
-- Installing: /root/install/vehicle_networking_interfaces/include/vehicle_networking_interfaces/srv/detail/reset_serial_port__type_support.h
-- Installing: /root/install/vehicle_networking_interfaces/include/vehicle_networking_interfaces/srv/detail/get_serial_port__functions.h
-- Installing: /root/install/vehicle_networking_interfaces/include/vehicle_networking_interfaces/srv/detail/reset_serial_port__functions.h
-- Installing: /root/install/vehicle_networking_interfaces/include/vehicle_networking_interfaces/srv/detail/get_serial_port__type_support.h
-- Installing: /root/install/vehicle_networking_interfaces/include/vehicle_networking_interfaces/srv/detail/get_serial_port__struct.h
-- Installing: /root/install/vehicle_networking_interfaces/include/vehicle_networking_interfaces/srv/detail/reset_serial_port__struct.h
-- Installing: /root/install/vehicle_networking_interfaces/share/vehicle_networking_interfaces/environment/library_path.sh
-- Installing: /root/install/vehicle_networking_interfaces/share/vehicle_networking_interfaces/environment/library_path.dsv
-- Installing: /root/install/vehicle_networking_interfaces/lib/libvehicle_networking_interfaces__rosidl_generator_c.so
-- Set runtime path of "/root/install/vehicle_networking_interfaces/lib/libvehicle_networking_interfaces__rosidl_generator_c.so" to ""
-- Up-to-date: /root/install/vehicle_networking_interfaces/include/vehicle_networking_interfaces
-- Up-to-date: /root/install/vehicle_networking_interfaces/include/vehicle_networking_interfaces/msg
-- Installing: /root/install/vehicle_networking_interfaces/include/vehicle_networking_interfaces/msg/rosidl_typesupport_fastrtps_c__visibility_control.h
-- Up-to-date: /root/install/vehicle_networking_interfaces/include/vehicle_networking_interfaces/srv
-- Up-to-date: /root/install/vehicle_networking_interfaces/include/vehicle_networking_interfaces/srv/detail
-- Installing: /root/install/vehicle_networking_interfaces/include/vehicle_networking_interfaces/srv/detail/reset_serial_port__rosidl_typesupport_fastrtps_c.h
-- Installing: /root/install/vehicle_networking_interfaces/include/vehicle_networking_interfaces/srv/detail/get_serial_port__rosidl_typesupport_fastrtps_c.h
-- Installing: /root/install/vehicle_networking_interfaces/lib/libvehicle_networking_interfaces__rosidl_typesupport_fastrtps_c.so
-- Set runtime path of "/root/install/vehicle_networking_interfaces/lib/libvehicle_networking_interfaces__rosidl_typesupport_fastrtps_c.so" to ""
-- Up-to-date: /root/install/vehicle_networking_interfaces/include/vehicle_networking_interfaces
-- Up-to-date: /root/install/vehicle_networking_interfaces/include/vehicle_networking_interfaces/msg
-- Installing: /root/install/vehicle_networking_interfaces/include/vehicle_networking_interfaces/msg/rosidl_typesupport_fastrtps_cpp__visibility_control.h
-- Up-to-date: /root/install/vehicle_networking_interfaces/include/vehicle_networking_interfaces/srv
-- Up-to-date: /root/install/vehicle_networking_interfaces/include/vehicle_networking_interfaces/srv/detail
-- Installing: /root/install/vehicle_networking_interfaces/include/vehicle_networking_interfaces/srv/detail/get_serial_port__rosidl_typesupport_fastrtps_cpp.hpp
-- Installing: /root/install/vehicle_networking_interfaces/include/vehicle_networking_interfaces/srv/detail/reset_serial_port__rosidl_typesupport_fastrtps_cpp.hpp
-- Installing: /root/install/vehicle_networking_interfaces/include/vehicle_networking_interfaces/srv/detail/dds_fastrtps
-- Installing: /root/install/vehicle_networking_interfaces/lib/libvehicle_networking_interfaces__rosidl_typesupport_fastrtps_cpp.so
-- Set runtime path of "/root/install/vehicle_networking_interfaces/lib/libvehicle_networking_interfaces__rosidl_typesupport_fastrtps_cpp.so" to ""
-- Up-to-date: /root/install/vehicle_networking_interfaces/include/vehicle_networking_interfaces
-- Up-to-date: /root/install/vehicle_networking_interfaces/include/vehicle_networking_interfaces/msg
-- Installing: /root/install/vehicle_networking_interfaces/include/vehicle_networking_interfaces/msg/rosidl_typesupport_introspection_c__visibility_control.h
-- Up-to-date: /root/install/vehicle_networking_interfaces/include/vehicle_networking_interfaces/srv
-- Up-to-date: /root/install/vehicle_networking_interfaces/include/vehicle_networking_interfaces/srv/detail
-- Installing: /root/install/vehicle_networking_interfaces/include/vehicle_networking_interfaces/srv/detail/get_serial_port__type_support.c
-- Installing: /root/install/vehicle_networking_interfaces/include/vehicle_networking_interfaces/srv/detail/reset_serial_port__rosidl_typesupport_introspection_c.h
-- Installing: /root/install/vehicle_networking_interfaces/include/vehicle_networking_interfaces/srv/detail/reset_serial_port__type_support.c
-- Installing: /root/install/vehicle_networking_interfaces/include/vehicle_networking_interfaces/srv/detail/get_serial_port__rosidl_typesupport_introspection_c.h
-- Installing: /root/install/vehicle_networking_interfaces/lib/libvehicle_networking_interfaces__rosidl_typesupport_introspection_c.so
-- Set runtime path of "/root/install/vehicle_networking_interfaces/lib/libvehicle_networking_interfaces__rosidl_typesupport_introspection_c.so" to ""
-- Installing: /root/install/vehicle_networking_interfaces/lib/libvehicle_networking_interfaces__rosidl_typesupport_c.so
-- Set runtime path of "/root/install/vehicle_networking_interfaces/lib/libvehicle_networking_interfaces__rosidl_typesupport_c.so" to ""
-- Up-to-date: /root/install/vehicle_networking_interfaces/include/vehicle_networking_interfaces
-- Up-to-date: /root/install/vehicle_networking_interfaces/include/vehicle_networking_interfaces/msg
-- Installing: /root/install/vehicle_networking_interfaces/include/vehicle_networking_interfaces/msg/rosidl_generator_cpp__visibility_control.hpp
-- Up-to-date: /root/install/vehicle_networking_interfaces/include/vehicle_networking_interfaces/srv
-- Installing: /root/install/vehicle_networking_interfaces/include/vehicle_networking_interfaces/srv/get_serial_port.hpp
-- Installing: /root/install/vehicle_networking_interfaces/include/vehicle_networking_interfaces/srv/reset_serial_port.hpp
-- Up-to-date: /root/install/vehicle_networking_interfaces/include/vehicle_networking_interfaces/srv/detail
-- Installing: /root/install/vehicle_networking_interfaces/include/vehicle_networking_interfaces/srv/detail/get_serial_port__type_support.hpp
-- Installing: /root/install/vehicle_networking_interfaces/include/vehicle_networking_interfaces/srv/detail/get_serial_port__traits.hpp
-- Installing: /root/install/vehicle_networking_interfaces/include/vehicle_networking_interfaces/srv/detail/get_serial_port__struct.hpp
-- Installing: /root/install/vehicle_networking_interfaces/include/vehicle_networking_interfaces/srv/detail/reset_serial_port__traits.hpp
-- Installing: /root/install/vehicle_networking_interfaces/include/vehicle_networking_interfaces/srv/detail/get_serial_port__builder.hpp
-- Installing: /root/install/vehicle_networking_interfaces/include/vehicle_networking_interfaces/srv/detail/reset_serial_port__struct.hpp
-- Installing: /root/install/vehicle_networking_interfaces/include/vehicle_networking_interfaces/srv/detail/reset_serial_port__builder.hpp
-- Installing: /root/install/vehicle_networking_interfaces/include/vehicle_networking_interfaces/srv/detail/reset_serial_port__type_support.hpp
-- Up-to-date: /root/install/vehicle_networking_interfaces/include/vehicle_networking_interfaces
-- Up-to-date: /root/install/vehicle_networking_interfaces/include/vehicle_networking_interfaces/srv
-- Up-to-date: /root/install/vehicle_networking_interfaces/include/vehicle_networking_interfaces/srv/detail
-- Installing: /root/install/vehicle_networking_interfaces/include/vehicle_networking_interfaces/srv/detail/get_serial_port__rosidl_typesupport_introspection_cpp.hpp
-- Installing: /root/install/vehicle_networking_interfaces/include/vehicle_networking_interfaces/srv/detail/reset_serial_port__rosidl_typesupport_introspection_cpp.hpp
-- Installing: /root/install/vehicle_networking_interfaces/include/vehicle_networking_interfaces/srv/detail/reset_serial_port__type_support.cpp
-- Installing: /root/install/vehicle_networking_interfaces/include/vehicle_networking_interfaces/srv/detail/get_serial_port__type_support.cpp
-- Installing: /root/install/vehicle_networking_interfaces/lib/libvehicle_networking_interfaces__rosidl_typesupport_introspection_cpp.so
-- Set runtime path of "/root/install/vehicle_networking_interfaces/lib/libvehicle_networking_interfaces__rosidl_typesupport_introspection_cpp.so" to ""
-- Installing: /root/install/vehicle_networking_interfaces/lib/libvehicle_networking_interfaces__rosidl_typesupport_cpp.so
-- Set runtime path of "/root/install/vehicle_networking_interfaces/lib/libvehicle_networking_interfaces__rosidl_typesupport_cpp.so" to ""
-- Installing: /root/install/vehicle_networking_interfaces/share/vehicle_networking_interfaces/environment/pythonpath.sh
-- Installing: /root/install/vehicle_networking_interfaces/share/vehicle_networking_interfaces/environment/pythonpath.dsv
-- Installing: /root/install/vehicle_networking_interfaces/lib/python3.8/site-packages/vehicle_networking_interfaces/__init__.py
Compiling '/root/install/vehicle_networking_interfaces/lib/python3.8/site-packages/vehicle_networking_interfaces/__init__.py'...
-- Installing: /root/install/vehicle_networking_interfaces/lib/python3.8/site-packages/vehicle_networking_interfaces/srv
-- Installing: /root/install/vehicle_networking_interfaces/lib/python3.8/site-packages/vehicle_networking_interfaces/srv/_reset_serial_port_s.c
-- Installing: /root/install/vehicle_networking_interfaces/lib/python3.8/site-packages/vehicle_networking_interfaces/srv/_reset_serial_port.py
-- Installing: /root/install/vehicle_networking_interfaces/lib/python3.8/site-packages/vehicle_networking_interfaces/srv/_get_serial_port_s.c
-- Installing: /root/install/vehicle_networking_interfaces/lib/python3.8/site-packages/vehicle_networking_interfaces/srv/__init__.py
-- Installing: /root/install/vehicle_networking_interfaces/lib/python3.8/site-packages/vehicle_networking_interfaces/srv/_get_serial_port.py
-- Installing: /root/install/vehicle_networking_interfaces/lib/python3.8/site-packages/vehicle_networking_interfaces/vehicle_networking_interfaces_s__rosidl_typesupport_fastrtps_c.cpython-38-x86_64-linux-gnu.so
-- Set runtime path of "/root/install/vehicle_networking_interfaces/lib/python3.8/site-packages/vehicle_networking_interfaces/vehicle_networking_interfaces_s__rosidl_typesupport_fastrtps_c.cpython-38-x86_64-linux-gnu.so" to ""
-- Installing: /root/install/vehicle_networking_interfaces/lib/python3.8/site-packages/vehicle_networking_interfaces/vehicle_networking_interfaces_s__rosidl_typesupport_introspection_c.cpython-38-x86_64-linux-gnu.so
-- Set runtime path of "/root/install/vehicle_networking_interfaces/lib/python3.8/site-packages/vehicle_networking_interfaces/vehicle_networking_interfaces_s__rosidl_typesupport_introspection_c.cpython-38-x86_64-linux-gnu.so" to ""
-- Installing: /root/install/vehicle_networking_interfaces/lib/python3.8/site-packages/vehicle_networking_interfaces/vehicle_networking_interfaces_s__rosidl_typesupport_c.cpython-38-x86_64-linux-gnu.so
-- Set runtime path of "/root/install/vehicle_networking_interfaces/lib/python3.8/site-packages/vehicle_networking_interfaces/vehicle_networking_interfaces_s__rosidl_typesupport_c.cpython-38-x86_64-linux-gnu.so" to ""
-- Installing: /root/install/vehicle_networking_interfaces/lib/libvehicle_networking_interfaces__python.so
-- Set runtime path of "/root/install/vehicle_networking_interfaces/lib/libvehicle_networking_interfaces__python.so" to ""
-- Installing: /root/install/vehicle_networking_interfaces/share/vehicle_networking_interfaces/srv/GetSerialPort.idl
-- Installing: /root/install/vehicle_networking_interfaces/share/vehicle_networking_interfaces/srv/ResetSerialPort.idl
-- Installing: /root/install/vehicle_networking_interfaces/share/vehicle_networking_interfaces/srv/GetSerialPort.srv
-- Installing: /root/install/vehicle_networking_interfaces/share/vehicle_networking_interfaces/srv/GetSerialPort_Request.msg
-- Installing: /root/install/vehicle_networking_interfaces/share/vehicle_networking_interfaces/srv/GetSerialPort_Response.msg
-- Installing: /root/install/vehicle_networking_interfaces/share/vehicle_networking_interfaces/srv/ResetSerialPort.srv
-- Installing: /root/install/vehicle_networking_interfaces/share/vehicle_networking_interfaces/srv/ResetSerialPort_Request.msg
-- Installing: /root/install/vehicle_networking_interfaces/share/vehicle_networking_interfaces/srv/ResetSerialPort_Response.msg
-- Installing: /root/install/vehicle_networking_interfaces/share/ament_index/resource_index/package_run_dependencies/vehicle_networking_interfaces
-- Installing: /root/install/vehicle_networking_interfaces/share/ament_index/resource_index/parent_prefix_path/vehicle_networking_interfaces
-- Installing: /root/install/vehicle_networking_interfaces/share/vehicle_networking_interfaces/environment/ament_prefix_path.sh
-- Installing: /root/install/vehicle_networking_interfaces/share/vehicle_networking_interfaces/environment/ament_prefix_path.dsv
-- Installing: /root/install/vehicle_networking_interfaces/share/vehicle_networking_interfaces/environment/path.sh
-- Installing: /root/install/vehicle_networking_interfaces/share/vehicle_networking_interfaces/environment/path.dsv
-- Installing: /root/install/vehicle_networking_interfaces/share/vehicle_networking_interfaces/local_setup.bash
-- Installing: /root/install/vehicle_networking_interfaces/share/vehicle_networking_interfaces/local_setup.sh
-- Installing: /root/install/vehicle_networking_interfaces/share/vehicle_networking_interfaces/local_setup.zsh
-- Installing: /root/install/vehicle_networking_interfaces/share/vehicle_networking_interfaces/local_setup.dsv
-- Installing: /root/install/vehicle_networking_interfaces/share/vehicle_networking_interfaces/package.dsv
-- Installing: /root/install/vehicle_networking_interfaces/share/ament_index/resource_index/packages/vehicle_networking_interfaces
-- Installing: /root/install/vehicle_networking_interfaces/share/vehicle_networking_interfaces/cmake/vehicle_networking_interfaces__rosidl_generator_cExport.cmake
-- Installing: /root/install/vehicle_networking_interfaces/share/vehicle_networking_interfaces/cmake/vehicle_networking_interfaces__rosidl_generator_cExport-noconfig.cmake
-- Installing: /root/install/vehicle_networking_interfaces/share/vehicle_networking_interfaces/cmake/vehicle_networking_interfaces__rosidl_typesupport_introspection_cExport.cmake
-- Installing: /root/install/vehicle_networking_interfaces/share/vehicle_networking_interfaces/cmake/vehicle_networking_interfaces__rosidl_typesupport_introspection_cExport-noconfig.cmake
-- Installing: /root/install/vehicle_networking_interfaces/share/vehicle_networking_interfaces/cmake/vehicle_networking_interfaces__rosidl_typesupport_cExport.cmake
-- Installing: /root/install/vehicle_networking_interfaces/share/vehicle_networking_interfaces/cmake/vehicle_networking_interfaces__rosidl_typesupport_cExport-noconfig.cmake
-- Installing: /root/install/vehicle_networking_interfaces/share/vehicle_networking_interfaces/cmake/vehicle_networking_interfaces__rosidl_generator_cppExport.cmake
-- Installing: /root/install/vehicle_networking_interfaces/share/vehicle_networking_interfaces/cmake/vehicle_networking_interfaces__rosidl_typesupport_introspection_cppExport.cmake
-- Installing: /root/install/vehicle_networking_interfaces/share/vehicle_networking_interfaces/cmake/vehicle_networking_interfaces__rosidl_typesupport_introspection_cppExport-noconfig.cmake
-- Installing: /root/install/vehicle_networking_interfaces/share/vehicle_networking_interfaces/cmake/vehicle_networking_interfaces__rosidl_typesupport_cppExport.cmake
-- Installing: /root/install/vehicle_networking_interfaces/share/vehicle_networking_interfaces/cmake/vehicle_networking_interfaces__rosidl_typesupport_cppExport-noconfig.cmake
-- Installing: /root/install/vehicle_networking_interfaces/share/vehicle_networking_interfaces/cmake/rosidl_cmake-extras.cmake
-- Installing: /root/install/vehicle_networking_interfaces/share/vehicle_networking_interfaces/cmake/ament_cmake_export_dependencies-extras.cmake
-- Installing: /root/install/vehicle_networking_interfaces/share/vehicle_networking_interfaces/cmake/ament_cmake_export_libraries-extras.cmake
-- Installing: /root/install/vehicle_networking_interfaces/share/vehicle_networking_interfaces/cmake/ament_cmake_export_targets-extras.cmake
-- Installing: /root/install/vehicle_networking_interfaces/share/vehicle_networking_interfaces/cmake/ament_cmake_export_include_directories-extras.cmake
-- Installing: /root/install/vehicle_networking_interfaces/share/vehicle_networking_interfaces/cmake/rosidl_cmake_export_typesupport_libraries-extras.cmake
-- Installing: /root/install/vehicle_networking_interfaces/share/vehicle_networking_interfaces/cmake/rosidl_cmake_export_typesupport_targets-extras.cmake
-- Installing: /root/install/vehicle_networking_interfaces/share/vehicle_networking_interfaces/cmake/vehicle_networking_interfacesConfig.cmake
-- Installing: /root/install/vehicle_networking_interfaces/share/vehicle_networking_interfaces/cmake/vehicle_networking_interfacesConfig-version.cmake
-- Installing: /root/install/vehicle_networking_interfaces/share/vehicle_networking_interfaces/package.xml
