[0.052s] Invoking command in '/root/build/vehicle_networking_interfaces': CMAKE_PREFIX_PATH=/root/install/vehicle_networking:/opt/ros/foxy /usr/bin/cmake /root/src/vehicle_networking_interfaces -DCMAKE_INSTALL_PREFIX=/root/install/vehicle_networking_interfaces
[0.368s] -- The C compiler identification is GNU 9.4.0
[0.548s] -- The CXX compiler identification is GNU 9.4.0
[0.559s] -- Check for working C compiler: /usr/bin/cc
[0.694s] -- Check for working C compiler: /usr/bin/cc -- works
[0.696s] -- Detecting C compiler ABI info
[0.801s] -- Detecting C compiler ABI info - done
[0.823s] -- Detecting C compile features
[0.824s] -- Detecting C compile features - done
[0.833s] -- Check for working CXX compiler: /usr/bin/c++
[0.961s] -- Check for working CXX compiler: /usr/bin/c++ -- works
[0.963s] -- Detecting CXX compiler ABI info
[1.091s] -- Detecting CXX compiler ABI info - done
[1.111s] -- Detecting CXX compile features
[1.112s] -- Detecting CXX compile features - done
[1.118s] -- Found ament_cmake: 0.9.12 (/opt/ros/foxy/share/ament_cmake/cmake)
[1.168s] -- Found PythonInterp: /usr/bin/python3 (found suitable version "3.8.10", minimum required is "3") 
[1.168s] -- Using PYTHON_EXECUTABLE: /usr/bin/python3
[1.461s] -- Found rosidl_default_generators: 1.0.1 (/opt/ros/foxy/share/rosidl_default_generators/cmake)
[1.468s] -- Using all available rosidl_typesupport_c: rosidl_typesupport_fastrtps_c;rosidl_typesupport_introspection_c
[1.481s] -- Found rosidl_adapter: 1.3.1 (/opt/ros/foxy/share/rosidl_adapter/cmake)
[1.670s] -- Found OpenSSL: /usr/lib/x86_64-linux-gnu/libcrypto.so (found version "1.1.1f")  
[1.714s] -- Found FastRTPS: /opt/ros/foxy/include  
[1.863s] -- Using all available rosidl_typesupport_cpp: rosidl_typesupport_fastrtps_cpp;rosidl_typesupport_introspection_cpp
[1.960s] -- Found PythonInterp: /usr/bin/python3 (found version "3.8.10") 
[2.144s] -- Found ament_cmake_ros: 0.9.2 (/opt/ros/foxy/share/ament_cmake_ros/cmake)
[2.300s] -- Using all available rosidl_typesupport_c: rosidl_typesupport_fastrtps_c;rosidl_typesupport_introspection_c
[2.314s] -- Using all available rosidl_typesupport_cpp: rosidl_typesupport_fastrtps_cpp;rosidl_typesupport_introspection_cpp
[2.353s] -- Found PythonInterp: /usr/bin/python3 (found suitable version "3.8.10", minimum required is "3.5") 
[2.356s] -- Found python_cmake_module: 0.8.1 (/opt/ros/foxy/share/python_cmake_module/cmake)
[2.392s] -- Found PythonLibs: /usr/lib/x86_64-linux-gnu/libpython3.8.so (found suitable version "3.8.10", minimum required is "3.5") 
[2.392s] -- Using PYTHON_EXECUTABLE: /usr/bin/python3
[2.392s] -- Using PYTHON_INCLUDE_DIRS: /usr/include/python3.8
[2.392s] -- Using PYTHON_LIBRARIES: /usr/lib/x86_64-linux-gnu/libpython3.8.so
[2.426s] -- Found PythonExtra: .so  
[2.486s] -- Found ament_lint_auto: 0.9.8 (/opt/ros/foxy/share/ament_lint_auto/cmake)
[2.529s] -- Added test 'copyright' to check source files copyright and LICENSE
[2.535s] -- Added test 'lint_cmake' to check CMake code style
[2.539s] -- Added test 'xmllint' to check XML markup files
[2.549s] -- Configuring done
[2.618s] -- Generating done
[2.621s] -- Build files have been written to: /root/build/vehicle_networking_interfaces
[2.645s] Invoked command in '/root/build/vehicle_networking_interfaces' returned '0': CMAKE_PREFIX_PATH=/root/install/vehicle_networking:/opt/ros/foxy /usr/bin/cmake /root/src/vehicle_networking_interfaces -DCMAKE_INSTALL_PREFIX=/root/install/vehicle_networking_interfaces
[2.650s] Invoking command in '/root/build/vehicle_networking_interfaces': CMAKE_PREFIX_PATH=/root/install/vehicle_networking:/opt/ros/foxy /usr/bin/cmake --build /root/build/vehicle_networking_interfaces -- -j4 -l4
[2.714s] [35m[1mScanning dependencies of target vehicle_networking_interfaces__cpp[0m
[2.736s] [  2%] [34m[1mGenerating C++ code for ROS interfaces[0m
[3.451s] [  2%] Built target vehicle_networking_interfaces__cpp
[3.466s] [  5%] [34m[1mGenerating C code for ROS interfaces[0m
[4.047s] [35m[1mScanning dependencies of target vehicle_networking_interfaces__rosidl_generator_c[0m
[4.080s] [  7%] [32mBuilding C object CMakeFiles/vehicle_networking_interfaces__rosidl_generator_c.dir/rosidl_generator_c/vehicle_networking_interfaces/srv/detail/get_serial_port__functions.c.o[0m
[4.196s] [ 10%] [32mBuilding C object CMakeFiles/vehicle_networking_interfaces__rosidl_generator_c.dir/rosidl_generator_c/vehicle_networking_interfaces/srv/detail/reset_serial_port__functions.c.o[0m
[4.320s] [ 12%] [32m[1mLinking C shared library libvehicle_networking_interfaces__rosidl_generator_c.so[0m
[4.397s] [ 12%] Built target vehicle_networking_interfaces__rosidl_generator_c
[4.414s] [ 15%] [34m[1mGenerating C++ type support dispatch for ROS interfaces[0m
[4.921s] [35m[1mScanning dependencies of target vehicle_networking_interfaces__rosidl_typesupport_cpp[0m
[4.949s] [ 17%] [32mBuilding CXX object CMakeFiles/vehicle_networking_interfaces__rosidl_typesupport_cpp.dir/rosidl_typesupport_cpp/vehicle_networking_interfaces/srv/get_serial_port__type_support.cpp.o[0m
[5.427s] [ 20%] [32mBuilding CXX object CMakeFiles/vehicle_networking_interfaces__rosidl_typesupport_cpp.dir/rosidl_typesupport_cpp/vehicle_networking_interfaces/srv/reset_serial_port__type_support.cpp.o[0m
[5.870s] [ 23%] [32m[1mLinking CXX shared library libvehicle_networking_interfaces__rosidl_typesupport_cpp.so[0m
[5.926s] [ 23%] Built target vehicle_networking_interfaces__rosidl_typesupport_cpp
[5.948s] [ 25%] [34m[1mGenerating C introspection for ROS interfaces[0m
[6.410s] [35m[1mScanning dependencies of target vehicle_networking_interfaces__rosidl_typesupport_introspection_c[0m
[6.431s] [ 28%] [32mBuilding C object CMakeFiles/vehicle_networking_interfaces__rosidl_typesupport_introspection_c.dir/rosidl_typesupport_introspection_c/vehicle_networking_interfaces/srv/detail/get_serial_port__type_support.c.o[0m
[6.489s] [ 30%] [32mBuilding C object CMakeFiles/vehicle_networking_interfaces__rosidl_typesupport_introspection_c.dir/rosidl_typesupport_introspection_c/vehicle_networking_interfaces/srv/detail/reset_serial_port__type_support.c.o[0m
[6.542s] [ 33%] [32m[1mLinking C shared library libvehicle_networking_interfaces__rosidl_typesupport_introspection_c.so[0m
[6.591s] [ 33%] Built target vehicle_networking_interfaces__rosidl_typesupport_introspection_c
[6.605s] [ 35%] [34m[1mGenerating C type support dispatch for ROS interfaces[0m
[6.980s] [35m[1mScanning dependencies of target vehicle_networking_interfaces__rosidl_typesupport_c[0m
[7.004s] [ 38%] [32mBuilding CXX object CMakeFiles/vehicle_networking_interfaces__rosidl_typesupport_c.dir/rosidl_typesupport_c/vehicle_networking_interfaces/srv/get_serial_port__type_support.cpp.o[0m
[7.065s] [ 41%] [32mBuilding CXX object CMakeFiles/vehicle_networking_interfaces__rosidl_typesupport_c.dir/rosidl_typesupport_c/vehicle_networking_interfaces/srv/reset_serial_port__type_support.cpp.o[0m
[7.111s] [ 43%] [32m[1mLinking CXX shared library libvehicle_networking_interfaces__rosidl_typesupport_c.so[0m
[7.176s] [ 43%] Built target vehicle_networking_interfaces__rosidl_typesupport_c
[7.195s] [ 46%] [34m[1mGenerating C++ introspection for ROS interfaces[0m
[7.649s] [35m[1mScanning dependencies of target vehicle_networking_interfaces__rosidl_typesupport_introspection_cpp[0m
[7.673s] [ 48%] [32mBuilding CXX object CMakeFiles/vehicle_networking_interfaces__rosidl_typesupport_introspection_cpp.dir/rosidl_typesupport_introspection_cpp/vehicle_networking_interfaces/srv/detail/get_serial_port__type_support.cpp.o[0m
[8.104s] [ 51%] [32mBuilding CXX object CMakeFiles/vehicle_networking_interfaces__rosidl_typesupport_introspection_cpp.dir/rosidl_typesupport_introspection_cpp/vehicle_networking_interfaces/srv/detail/reset_serial_port__type_support.cpp.o[0m
[8.523s] [ 53%] [32m[1mLinking CXX shared library libvehicle_networking_interfaces__rosidl_typesupport_introspection_cpp.so[0m
[8.641s] [ 53%] Built target vehicle_networking_interfaces__rosidl_typesupport_introspection_cpp
[8.660s] [ 56%] [34m[1mGenerating C++ type support for eProsima Fast-RTPS[0m
[9.127s] [35m[1mScanning dependencies of target vehicle_networking_interfaces__rosidl_typesupport_fastrtps_cpp[0m
[9.174s] [ 58%] [32mBuilding CXX object CMakeFiles/vehicle_networking_interfaces__rosidl_typesupport_fastrtps_cpp.dir/rosidl_typesupport_fastrtps_cpp/vehicle_networking_interfaces/srv/detail/dds_fastrtps/get_serial_port__type_support.cpp.o[0m
[10.007s] [ 61%] [32mBuilding CXX object CMakeFiles/vehicle_networking_interfaces__rosidl_typesupport_fastrtps_cpp.dir/rosidl_typesupport_fastrtps_cpp/vehicle_networking_interfaces/srv/detail/dds_fastrtps/reset_serial_port__type_support.cpp.o[0m
[10.679s] [ 64%] [32m[1mLinking CXX shared library libvehicle_networking_interfaces__rosidl_typesupport_fastrtps_cpp.so[0m
[10.816s] [ 64%] Built target vehicle_networking_interfaces__rosidl_typesupport_fastrtps_cpp
[10.831s] [ 66%] [34m[1mGenerating C type support for eProsima Fast-RTPS[0m
[11.339s] [35m[1mScanning dependencies of target vehicle_networking_interfaces__rosidl_typesupport_fastrtps_c[0m
[11.383s] [ 69%] [32mBuilding CXX object CMakeFiles/vehicle_networking_interfaces__rosidl_typesupport_fastrtps_c.dir/rosidl_typesupport_fastrtps_c/vehicle_networking_interfaces/srv/detail/get_serial_port__type_support_c.cpp.o[0m
[11.929s] [ 71%] [32mBuilding CXX object CMakeFiles/vehicle_networking_interfaces__rosidl_typesupport_fastrtps_c.dir/rosidl_typesupport_fastrtps_c/vehicle_networking_interfaces/srv/detail/reset_serial_port__type_support_c.cpp.o[0m
[12.476s] [ 74%] [32m[1mLinking CXX shared library libvehicle_networking_interfaces__rosidl_typesupport_fastrtps_c.so[0m
[12.609s] [ 74%] Built target vehicle_networking_interfaces__rosidl_typesupport_fastrtps_c
[12.625s] [35m[1mScanning dependencies of target vehicle_networking_interfaces[0m
[12.641s] [ 74%] Built target vehicle_networking_interfaces
[12.658s] [35m[1mScanning dependencies of target vehicle_networking_interfaces__py[0m
[12.681s] [ 76%] [34m[1mGenerating Python code for ROS interfaces[0m
[13.822s] [ 76%] Built target vehicle_networking_interfaces__py
[13.839s] [35m[1mScanning dependencies of target vehicle_networking_interfaces__python[0m
[13.889s] [ 79%] [32mBuilding C object CMakeFiles/vehicle_networking_interfaces__python.dir/rosidl_generator_py/vehicle_networking_interfaces/srv/_get_serial_port_s.c.o[0m
[14.080s] [ 82%] [32mBuilding C object CMakeFiles/vehicle_networking_interfaces__python.dir/rosidl_generator_py/vehicle_networking_interfaces/srv/_reset_serial_port_s.c.o[0m
[14.225s] [ 84%] [32m[1mLinking C shared library rosidl_generator_py/vehicle_networking_interfaces/libvehicle_networking_interfaces__python.so[0m
[14.288s] [ 84%] Built target vehicle_networking_interfaces__python
[14.303s] [35m[1mScanning dependencies of target vehicle_networking_interfaces__rosidl_typesupport_c__pyext[0m
[14.333s] [ 87%] [32mBuilding C object CMakeFiles/vehicle_networking_interfaces__rosidl_typesupport_c__pyext.dir/rosidl_generator_py/vehicle_networking_interfaces/_vehicle_networking_interfaces_s.ep.rosidl_typesupport_c.c.o[0m
[14.500s] [ 89%] [32m[1mLinking C shared library rosidl_generator_py/vehicle_networking_interfaces/vehicle_networking_interfaces_s__rosidl_typesupport_c.cpython-38-x86_64-linux-gnu.so[0m
[14.550s] [ 89%] Built target vehicle_networking_interfaces__rosidl_typesupport_c__pyext
[14.568s] [35m[1mScanning dependencies of target vehicle_networking_interfaces__rosidl_typesupport_fastrtps_c__pyext[0m
[14.609s] [ 92%] [32mBuilding C object CMakeFiles/vehicle_networking_interfaces__rosidl_typesupport_fastrtps_c__pyext.dir/rosidl_generator_py/vehicle_networking_interfaces/_vehicle_networking_interfaces_s.ep.rosidl_typesupport_fastrtps_c.c.o[0m
[14.749s] [ 94%] [32m[1mLinking CXX shared library rosidl_generator_py/vehicle_networking_interfaces/vehicle_networking_interfaces_s__rosidl_typesupport_fastrtps_c.cpython-38-x86_64-linux-gnu.so[0m
[14.845s] [ 94%] Built target vehicle_networking_interfaces__rosidl_typesupport_fastrtps_c__pyext
[14.861s] [35m[1mScanning dependencies of target vehicle_networking_interfaces__rosidl_typesupport_introspection_c__pyext[0m
[14.900s] [ 97%] [32mBuilding C object CMakeFiles/vehicle_networking_interfaces__rosidl_typesupport_introspection_c__pyext.dir/rosidl_generator_py/vehicle_networking_interfaces/_vehicle_networking_interfaces_s.ep.rosidl_typesupport_introspection_c.c.o[0m
[15.035s] [100%] [32m[1mLinking C shared library rosidl_generator_py/vehicle_networking_interfaces/vehicle_networking_interfaces_s__rosidl_typesupport_introspection_c.cpython-38-x86_64-linux-gnu.so[0m
[15.096s] [100%] Built target vehicle_networking_interfaces__rosidl_typesupport_introspection_c__pyext
[15.113s] Invoked command in '/root/build/vehicle_networking_interfaces' returned '0': CMAKE_PREFIX_PATH=/root/install/vehicle_networking:/opt/ros/foxy /usr/bin/cmake --build /root/build/vehicle_networking_interfaces -- -j4 -l4
[15.227s] Invoking command in '/root/build/vehicle_networking_interfaces': CMAKE_PREFIX_PATH=/root/install/vehicle_networking:/opt/ros/foxy /usr/bin/cmake --install /root/build/vehicle_networking_interfaces
[15.239s] -- Install configuration: ""
[15.240s] -- Installing: /root/install/vehicle_networking_interfaces/share/ament_index/resource_index/rosidl_interfaces/vehicle_networking_interfaces
[15.240s] -- Installing: /root/install/vehicle_networking_interfaces/include/vehicle_networking_interfaces
[15.240s] -- Installing: /root/install/vehicle_networking_interfaces/include/vehicle_networking_interfaces/msg
[15.240s] -- Installing: /root/install/vehicle_networking_interfaces/include/vehicle_networking_interfaces/msg/rosidl_generator_c__visibility_control.h
[15.241s] -- Installing: /root/install/vehicle_networking_interfaces/include/vehicle_networking_interfaces/srv
[15.241s] -- Installing: /root/install/vehicle_networking_interfaces/include/vehicle_networking_interfaces/srv/reset_serial_port.h
[15.241s] -- Installing: /root/install/vehicle_networking_interfaces/include/vehicle_networking_interfaces/srv/get_serial_port.h
[15.241s] -- Installing: /root/install/vehicle_networking_interfaces/include/vehicle_networking_interfaces/srv/detail
[15.241s] -- Installing: /root/install/vehicle_networking_interfaces/include/vehicle_networking_interfaces/srv/detail/reset_serial_port__functions.c
[15.242s] -- Installing: /root/install/vehicle_networking_interfaces/include/vehicle_networking_interfaces/srv/detail/get_serial_port__functions.c
[15.242s] -- Installing: /root/install/vehicle_networking_interfaces/include/vehicle_networking_interfaces/srv/detail/reset_serial_port__type_support.h
[15.242s] -- Installing: /root/install/vehicle_networking_interfaces/include/vehicle_networking_interfaces/srv/detail/get_serial_port__functions.h
[15.243s] -- Installing: /root/install/vehicle_networking_interfaces/include/vehicle_networking_interfaces/srv/detail/reset_serial_port__functions.h
[15.243s] -- Installing: /root/install/vehicle_networking_interfaces/include/vehicle_networking_interfaces/srv/detail/get_serial_port__type_support.h
[15.243s] -- Installing: /root/install/vehicle_networking_interfaces/include/vehicle_networking_interfaces/srv/detail/get_serial_port__struct.h
[15.244s] -- Installing: /root/install/vehicle_networking_interfaces/include/vehicle_networking_interfaces/srv/detail/reset_serial_port__struct.h
[15.244s] -- Installing: /root/install/vehicle_networking_interfaces/share/vehicle_networking_interfaces/environment/library_path.sh
[15.244s] -- Installing: /root/install/vehicle_networking_interfaces/share/vehicle_networking_interfaces/environment/library_path.dsv
[15.245s] -- Installing: /root/install/vehicle_networking_interfaces/lib/libvehicle_networking_interfaces__rosidl_generator_c.so
[15.246s] -- Set runtime path of "/root/install/vehicle_networking_interfaces/lib/libvehicle_networking_interfaces__rosidl_generator_c.so" to ""
[15.246s] -- Up-to-date: /root/install/vehicle_networking_interfaces/include/vehicle_networking_interfaces
[15.246s] -- Up-to-date: /root/install/vehicle_networking_interfaces/include/vehicle_networking_interfaces/msg
[15.246s] -- Installing: /root/install/vehicle_networking_interfaces/include/vehicle_networking_interfaces/msg/rosidl_typesupport_fastrtps_c__visibility_control.h
[15.246s] -- Up-to-date: /root/install/vehicle_networking_interfaces/include/vehicle_networking_interfaces/srv
[15.247s] -- Up-to-date: /root/install/vehicle_networking_interfaces/include/vehicle_networking_interfaces/srv/detail
[15.247s] -- Installing: /root/install/vehicle_networking_interfaces/include/vehicle_networking_interfaces/srv/detail/reset_serial_port__rosidl_typesupport_fastrtps_c.h
[15.247s] -- Installing: /root/install/vehicle_networking_interfaces/include/vehicle_networking_interfaces/srv/detail/get_serial_port__rosidl_typesupport_fastrtps_c.h
[15.247s] -- Installing: /root/install/vehicle_networking_interfaces/lib/libvehicle_networking_interfaces__rosidl_typesupport_fastrtps_c.so
[15.248s] -- Set runtime path of "/root/install/vehicle_networking_interfaces/lib/libvehicle_networking_interfaces__rosidl_typesupport_fastrtps_c.so" to ""
[15.248s] -- Up-to-date: /root/install/vehicle_networking_interfaces/include/vehicle_networking_interfaces
[15.248s] -- Up-to-date: /root/install/vehicle_networking_interfaces/include/vehicle_networking_interfaces/msg
[15.248s] -- Installing: /root/install/vehicle_networking_interfaces/include/vehicle_networking_interfaces/msg/rosidl_typesupport_fastrtps_cpp__visibility_control.h
[15.249s] -- Up-to-date: /root/install/vehicle_networking_interfaces/include/vehicle_networking_interfaces/srv
[15.249s] -- Up-to-date: /root/install/vehicle_networking_interfaces/include/vehicle_networking_interfaces/srv/detail
[15.249s] -- Installing: /root/install/vehicle_networking_interfaces/include/vehicle_networking_interfaces/srv/detail/get_serial_port__rosidl_typesupport_fastrtps_cpp.hpp
[15.249s] -- Installing: /root/install/vehicle_networking_interfaces/include/vehicle_networking_interfaces/srv/detail/reset_serial_port__rosidl_typesupport_fastrtps_cpp.hpp
[15.249s] -- Installing: /root/install/vehicle_networking_interfaces/include/vehicle_networking_interfaces/srv/detail/dds_fastrtps
[15.249s] -- Installing: /root/install/vehicle_networking_interfaces/lib/libvehicle_networking_interfaces__rosidl_typesupport_fastrtps_cpp.so
[15.250s] -- Set runtime path of "/root/install/vehicle_networking_interfaces/lib/libvehicle_networking_interfaces__rosidl_typesupport_fastrtps_cpp.so" to ""
[15.250s] -- Up-to-date: /root/install/vehicle_networking_interfaces/include/vehicle_networking_interfaces
[15.251s] -- Up-to-date: /root/install/vehicle_networking_interfaces/include/vehicle_networking_interfaces/msg
[15.251s] -- Installing: /root/install/vehicle_networking_interfaces/include/vehicle_networking_interfaces/msg/rosidl_typesupport_introspection_c__visibility_control.h
[15.251s] -- Up-to-date: /root/install/vehicle_networking_interfaces/include/vehicle_networking_interfaces/srv
[15.251s] -- Up-to-date: /root/install/vehicle_networking_interfaces/include/vehicle_networking_interfaces/srv/detail
[15.251s] -- Installing: /root/install/vehicle_networking_interfaces/include/vehicle_networking_interfaces/srv/detail/get_serial_port__type_support.c
[15.251s] -- Installing: /root/install/vehicle_networking_interfaces/include/vehicle_networking_interfaces/srv/detail/reset_serial_port__rosidl_typesupport_introspection_c.h
[15.251s] -- Installing: /root/install/vehicle_networking_interfaces/include/vehicle_networking_interfaces/srv/detail/reset_serial_port__type_support.c
[15.252s] -- Installing: /root/install/vehicle_networking_interfaces/include/vehicle_networking_interfaces/srv/detail/get_serial_port__rosidl_typesupport_introspection_c.h
[15.252s] -- Installing: /root/install/vehicle_networking_interfaces/lib/libvehicle_networking_interfaces__rosidl_typesupport_introspection_c.so
[15.253s] -- Set runtime path of "/root/install/vehicle_networking_interfaces/lib/libvehicle_networking_interfaces__rosidl_typesupport_introspection_c.so" to ""
[15.253s] -- Installing: /root/install/vehicle_networking_interfaces/lib/libvehicle_networking_interfaces__rosidl_typesupport_c.so
[15.254s] -- Set runtime path of "/root/install/vehicle_networking_interfaces/lib/libvehicle_networking_interfaces__rosidl_typesupport_c.so" to ""
[15.254s] -- Up-to-date: /root/install/vehicle_networking_interfaces/include/vehicle_networking_interfaces
[15.254s] -- Up-to-date: /root/install/vehicle_networking_interfaces/include/vehicle_networking_interfaces/msg
[15.254s] -- Installing: /root/install/vehicle_networking_interfaces/include/vehicle_networking_interfaces/msg/rosidl_generator_cpp__visibility_control.hpp
[15.254s] -- Up-to-date: /root/install/vehicle_networking_interfaces/include/vehicle_networking_interfaces/srv
[15.254s] -- Installing: /root/install/vehicle_networking_interfaces/include/vehicle_networking_interfaces/srv/get_serial_port.hpp
[15.255s] -- Installing: /root/install/vehicle_networking_interfaces/include/vehicle_networking_interfaces/srv/reset_serial_port.hpp
[15.255s] -- Up-to-date: /root/install/vehicle_networking_interfaces/include/vehicle_networking_interfaces/srv/detail
[15.255s] -- Installing: /root/install/vehicle_networking_interfaces/include/vehicle_networking_interfaces/srv/detail/get_serial_port__type_support.hpp
[15.255s] -- Installing: /root/install/vehicle_networking_interfaces/include/vehicle_networking_interfaces/srv/detail/get_serial_port__traits.hpp
[15.255s] -- Installing: /root/install/vehicle_networking_interfaces/include/vehicle_networking_interfaces/srv/detail/get_serial_port__struct.hpp
[15.256s] -- Installing: /root/install/vehicle_networking_interfaces/include/vehicle_networking_interfaces/srv/detail/reset_serial_port__traits.hpp
[15.256s] -- Installing: /root/install/vehicle_networking_interfaces/include/vehicle_networking_interfaces/srv/detail/get_serial_port__builder.hpp
[15.256s] -- Installing: /root/install/vehicle_networking_interfaces/include/vehicle_networking_interfaces/srv/detail/reset_serial_port__struct.hpp
[15.256s] -- Installing: /root/install/vehicle_networking_interfaces/include/vehicle_networking_interfaces/srv/detail/reset_serial_port__builder.hpp
[15.256s] -- Installing: /root/install/vehicle_networking_interfaces/include/vehicle_networking_interfaces/srv/detail/reset_serial_port__type_support.hpp
[15.257s] -- Up-to-date: /root/install/vehicle_networking_interfaces/include/vehicle_networking_interfaces
[15.257s] -- Up-to-date: /root/install/vehicle_networking_interfaces/include/vehicle_networking_interfaces/srv
[15.257s] -- Up-to-date: /root/install/vehicle_networking_interfaces/include/vehicle_networking_interfaces/srv/detail
[15.257s] -- Installing: /root/install/vehicle_networking_interfaces/include/vehicle_networking_interfaces/srv/detail/get_serial_port__rosidl_typesupport_introspection_cpp.hpp
[15.257s] -- Installing: /root/install/vehicle_networking_interfaces/include/vehicle_networking_interfaces/srv/detail/reset_serial_port__rosidl_typesupport_introspection_cpp.hpp
[15.257s] -- Installing: /root/install/vehicle_networking_interfaces/include/vehicle_networking_interfaces/srv/detail/reset_serial_port__type_support.cpp
[15.258s] -- Installing: /root/install/vehicle_networking_interfaces/include/vehicle_networking_interfaces/srv/detail/get_serial_port__type_support.cpp
[15.258s] -- Installing: /root/install/vehicle_networking_interfaces/lib/libvehicle_networking_interfaces__rosidl_typesupport_introspection_cpp.so
[15.259s] -- Set runtime path of "/root/install/vehicle_networking_interfaces/lib/libvehicle_networking_interfaces__rosidl_typesupport_introspection_cpp.so" to ""
[15.259s] -- Installing: /root/install/vehicle_networking_interfaces/lib/libvehicle_networking_interfaces__rosidl_typesupport_cpp.so
[15.260s] -- Set runtime path of "/root/install/vehicle_networking_interfaces/lib/libvehicle_networking_interfaces__rosidl_typesupport_cpp.so" to ""
[15.261s] -- Installing: /root/install/vehicle_networking_interfaces/share/vehicle_networking_interfaces/environment/pythonpath.sh
[15.261s] -- Installing: /root/install/vehicle_networking_interfaces/share/vehicle_networking_interfaces/environment/pythonpath.dsv
[15.261s] -- Installing: /root/install/vehicle_networking_interfaces/lib/python3.8/site-packages/vehicle_networking_interfaces/__init__.py
[15.320s] Compiling '/root/install/vehicle_networking_interfaces/lib/python3.8/site-packages/vehicle_networking_interfaces/__init__.py'...
[15.329s] -- Installing: /root/install/vehicle_networking_interfaces/lib/python3.8/site-packages/vehicle_networking_interfaces/srv
[15.330s] -- Installing: /root/install/vehicle_networking_interfaces/lib/python3.8/site-packages/vehicle_networking_interfaces/srv/_reset_serial_port_s.c
[15.330s] -- Installing: /root/install/vehicle_networking_interfaces/lib/python3.8/site-packages/vehicle_networking_interfaces/srv/_reset_serial_port.py
[15.330s] -- Installing: /root/install/vehicle_networking_interfaces/lib/python3.8/site-packages/vehicle_networking_interfaces/srv/_get_serial_port_s.c
[15.330s] -- Installing: /root/install/vehicle_networking_interfaces/lib/python3.8/site-packages/vehicle_networking_interfaces/srv/__init__.py
[15.330s] -- Installing: /root/install/vehicle_networking_interfaces/lib/python3.8/site-packages/vehicle_networking_interfaces/srv/_get_serial_port.py
[15.331s] -- Installing: /root/install/vehicle_networking_interfaces/lib/python3.8/site-packages/vehicle_networking_interfaces/vehicle_networking_interfaces_s__rosidl_typesupport_fastrtps_c.cpython-38-x86_64-linux-gnu.so
[15.333s] -- Set runtime path of "/root/install/vehicle_networking_interfaces/lib/python3.8/site-packages/vehicle_networking_interfaces/vehicle_networking_interfaces_s__rosidl_typesupport_fastrtps_c.cpython-38-x86_64-linux-gnu.so" to ""
[15.333s] -- Installing: /root/install/vehicle_networking_interfaces/lib/python3.8/site-packages/vehicle_networking_interfaces/vehicle_networking_interfaces_s__rosidl_typesupport_introspection_c.cpython-38-x86_64-linux-gnu.so
[15.333s] -- Set runtime path of "/root/install/vehicle_networking_interfaces/lib/python3.8/site-packages/vehicle_networking_interfaces/vehicle_networking_interfaces_s__rosidl_typesupport_introspection_c.cpython-38-x86_64-linux-gnu.so" to ""
[15.334s] -- Installing: /root/install/vehicle_networking_interfaces/lib/python3.8/site-packages/vehicle_networking_interfaces/vehicle_networking_interfaces_s__rosidl_typesupport_c.cpython-38-x86_64-linux-gnu.so
[15.335s] -- Set runtime path of "/root/install/vehicle_networking_interfaces/lib/python3.8/site-packages/vehicle_networking_interfaces/vehicle_networking_interfaces_s__rosidl_typesupport_c.cpython-38-x86_64-linux-gnu.so" to ""
[15.335s] -- Installing: /root/install/vehicle_networking_interfaces/lib/libvehicle_networking_interfaces__python.so
[15.336s] -- Set runtime path of "/root/install/vehicle_networking_interfaces/lib/libvehicle_networking_interfaces__python.so" to ""
[15.336s] -- Installing: /root/install/vehicle_networking_interfaces/share/vehicle_networking_interfaces/srv/GetSerialPort.idl
[15.336s] -- Installing: /root/install/vehicle_networking_interfaces/share/vehicle_networking_interfaces/srv/ResetSerialPort.idl
[15.336s] -- Installing: /root/install/vehicle_networking_interfaces/share/vehicle_networking_interfaces/srv/GetSerialPort.srv
[15.337s] -- Installing: /root/install/vehicle_networking_interfaces/share/vehicle_networking_interfaces/srv/GetSerialPort_Request.msg
[15.337s] -- Installing: /root/install/vehicle_networking_interfaces/share/vehicle_networking_interfaces/srv/GetSerialPort_Response.msg
[15.338s] -- Installing: /root/install/vehicle_networking_interfaces/share/vehicle_networking_interfaces/srv/ResetSerialPort.srv
[15.338s] -- Installing: /root/install/vehicle_networking_interfaces/share/vehicle_networking_interfaces/srv/ResetSerialPort_Request.msg
[15.338s] -- Installing: /root/install/vehicle_networking_interfaces/share/vehicle_networking_interfaces/srv/ResetSerialPort_Response.msg
[15.339s] -- Installing: /root/install/vehicle_networking_interfaces/share/ament_index/resource_index/package_run_dependencies/vehicle_networking_interfaces
[15.339s] -- Installing: /root/install/vehicle_networking_interfaces/share/ament_index/resource_index/parent_prefix_path/vehicle_networking_interfaces
[15.339s] -- Installing: /root/install/vehicle_networking_interfaces/share/vehicle_networking_interfaces/environment/ament_prefix_path.sh
[15.340s] -- Installing: /root/install/vehicle_networking_interfaces/share/vehicle_networking_interfaces/environment/ament_prefix_path.dsv
[15.340s] -- Installing: /root/install/vehicle_networking_interfaces/share/vehicle_networking_interfaces/environment/path.sh
[15.340s] -- Installing: /root/install/vehicle_networking_interfaces/share/vehicle_networking_interfaces/environment/path.dsv
[15.341s] -- Installing: /root/install/vehicle_networking_interfaces/share/vehicle_networking_interfaces/local_setup.bash
[15.341s] -- Installing: /root/install/vehicle_networking_interfaces/share/vehicle_networking_interfaces/local_setup.sh
[15.341s] -- Installing: /root/install/vehicle_networking_interfaces/share/vehicle_networking_interfaces/local_setup.zsh
[15.342s] -- Installing: /root/install/vehicle_networking_interfaces/share/vehicle_networking_interfaces/local_setup.dsv
[15.342s] -- Installing: /root/install/vehicle_networking_interfaces/share/vehicle_networking_interfaces/package.dsv
[15.342s] -- Installing: /root/install/vehicle_networking_interfaces/share/ament_index/resource_index/packages/vehicle_networking_interfaces
[15.343s] -- Installing: /root/install/vehicle_networking_interfaces/share/vehicle_networking_interfaces/cmake/vehicle_networking_interfaces__rosidl_generator_cExport.cmake
[15.343s] -- Installing: /root/install/vehicle_networking_interfaces/share/vehicle_networking_interfaces/cmake/vehicle_networking_interfaces__rosidl_generator_cExport-noconfig.cmake
[15.343s] -- Installing: /root/install/vehicle_networking_interfaces/share/vehicle_networking_interfaces/cmake/vehicle_networking_interfaces__rosidl_typesupport_introspection_cExport.cmake
[15.344s] -- Installing: /root/install/vehicle_networking_interfaces/share/vehicle_networking_interfaces/cmake/vehicle_networking_interfaces__rosidl_typesupport_introspection_cExport-noconfig.cmake
[15.344s] -- Installing: /root/install/vehicle_networking_interfaces/share/vehicle_networking_interfaces/cmake/vehicle_networking_interfaces__rosidl_typesupport_cExport.cmake
[15.344s] -- Installing: /root/install/vehicle_networking_interfaces/share/vehicle_networking_interfaces/cmake/vehicle_networking_interfaces__rosidl_typesupport_cExport-noconfig.cmake
[15.345s] -- Installing: /root/install/vehicle_networking_interfaces/share/vehicle_networking_interfaces/cmake/vehicle_networking_interfaces__rosidl_generator_cppExport.cmake
[15.345s] -- Installing: /root/install/vehicle_networking_interfaces/share/vehicle_networking_interfaces/cmake/vehicle_networking_interfaces__rosidl_typesupport_introspection_cppExport.cmake
[15.346s] -- Installing: /root/install/vehicle_networking_interfaces/share/vehicle_networking_interfaces/cmake/vehicle_networking_interfaces__rosidl_typesupport_introspection_cppExport-noconfig.cmake
[15.346s] -- Installing: /root/install/vehicle_networking_interfaces/share/vehicle_networking_interfaces/cmake/vehicle_networking_interfaces__rosidl_typesupport_cppExport.cmake
[15.346s] -- Installing: /root/install/vehicle_networking_interfaces/share/vehicle_networking_interfaces/cmake/vehicle_networking_interfaces__rosidl_typesupport_cppExport-noconfig.cmake
[15.347s] -- Installing: /root/install/vehicle_networking_interfaces/share/vehicle_networking_interfaces/cmake/rosidl_cmake-extras.cmake
[15.347s] -- Installing: /root/install/vehicle_networking_interfaces/share/vehicle_networking_interfaces/cmake/ament_cmake_export_dependencies-extras.cmake
[15.347s] -- Installing: /root/install/vehicle_networking_interfaces/share/vehicle_networking_interfaces/cmake/ament_cmake_export_libraries-extras.cmake
[15.348s] -- Installing: /root/install/vehicle_networking_interfaces/share/vehicle_networking_interfaces/cmake/ament_cmake_export_targets-extras.cmake
[15.348s] -- Installing: /root/install/vehicle_networking_interfaces/share/vehicle_networking_interfaces/cmake/ament_cmake_export_include_directories-extras.cmake
[15.348s] -- Installing: /root/install/vehicle_networking_interfaces/share/vehicle_networking_interfaces/cmake/rosidl_cmake_export_typesupport_libraries-extras.cmake
[15.348s] -- Installing: /root/install/vehicle_networking_interfaces/share/vehicle_networking_interfaces/cmake/rosidl_cmake_export_typesupport_targets-extras.cmake
[15.349s] -- Installing: /root/install/vehicle_networking_interfaces/share/vehicle_networking_interfaces/cmake/vehicle_networking_interfacesConfig.cmake
[15.349s] -- Installing: /root/install/vehicle_networking_interfaces/share/vehicle_networking_interfaces/cmake/vehicle_networking_interfacesConfig-version.cmake
[15.349s] -- Installing: /root/install/vehicle_networking_interfaces/share/vehicle_networking_interfaces/package.xml
[15.354s] Invoked command in '/root/build/vehicle_networking_interfaces' returned '0': CMAKE_PREFIX_PATH=/root/install/vehicle_networking:/opt/ros/foxy /usr/bin/cmake --install /root/build/vehicle_networking_interfaces
