[0.929s] Invoking command in '/root/build/vehicle_networking': AMENT_PREFIX_PATH=/root/install/vehicle_networking_interfaces:${AMENT_PREFIX_PATH} CMAKE_PREFIX_PATH=/root/install/vehicle_networking_interfaces LD_LIBRARY_PATH=/root/install/vehicle_networking_interfaces/lib:${LD_LIBRARY_PATH} PYTHONPATH=/root/build/vehicle_networking/prefix_override:/root/install/vehicle_networking/lib/python3.8/site-packages:/root/install/vehicle_networking_interfaces/lib/python3.8/site-packages:${PYTHONPATH} /usr/bin/python3 setup.py develop --uninstall --editable --build-directory /root/build/vehicle_networking/build
[1.234s] running develop
[1.401s] Invoked command in '/root/build/vehicle_networking' returned '0': AMENT_PREFIX_PATH=/root/install/vehicle_networking_interfaces:${AMENT_PREFIX_PATH} CMAKE_PREFIX_PATH=/root/install/vehicle_networking_interfaces LD_LIBRARY_PATH=/root/install/vehicle_networking_interfaces/lib:${LD_LIBRARY_PATH} PYTHONPATH=/root/build/vehicle_networking/prefix_override:/root/install/vehicle_networking/lib/python3.8/site-packages:/root/install/vehicle_networking_interfaces/lib/python3.8/site-packages:${PYTHONPATH} /usr/bin/python3 setup.py develop --uninstall --editable --build-directory /root/build/vehicle_networking/build
[1.404s] Invoking command in '/root/src/vehicle_networking': AMENT_PREFIX_PATH=/root/install/vehicle_networking_interfaces:${AMENT_PREFIX_PATH} CMAKE_PREFIX_PATH=/root/install/vehicle_networking_interfaces LD_LIBRARY_PATH=/root/install/vehicle_networking_interfaces/lib:${LD_LIBRARY_PATH} PYTHONPATH=/root/build/vehicle_networking/prefix_override:/root/install/vehicle_networking/lib/python3.8/site-packages:/root/install/vehicle_networking_interfaces/lib/python3.8/site-packages:${PYTHONPATH} /usr/bin/python3 setup.py egg_info --egg-base ../../build/vehicle_networking build --build-base /root/build/vehicle_networking/build install --record /root/build/vehicle_networking/install.log --install-scripts $base/lib/vehicle_networking --single-version-externally-managed
[1.670s] running egg_info
[1.671s] writing ../../build/vehicle_networking/vehicle_networking.egg-info/PKG-INFO
[1.671s] writing dependency_links to ../../build/vehicle_networking/vehicle_networking.egg-info/dependency_links.txt
[1.671s] writing entry points to ../../build/vehicle_networking/vehicle_networking.egg-info/entry_points.txt
[1.672s] writing requirements to ../../build/vehicle_networking/vehicle_networking.egg-info/requires.txt
[1.672s] writing top-level names to ../../build/vehicle_networking/vehicle_networking.egg-info/top_level.txt
[1.717s] reading manifest file '../../build/vehicle_networking/vehicle_networking.egg-info/SOURCES.txt'
[1.718s] writing manifest file '../../build/vehicle_networking/vehicle_networking.egg-info/SOURCES.txt'
[1.719s] running build
[1.719s] running build_py
[1.720s] copying vehicle_networking/control_serial_interface.py -> /root/build/vehicle_networking/build/lib/vehicle_networking
[1.720s] running install
[1.721s] running install_lib
[1.723s] copying /root/build/vehicle_networking/build/lib/vehicle_networking/control_serial_interface.py -> /root/install/vehicle_networking/lib/python3.8/site-packages/vehicle_networking
[1.724s] byte-compiling /root/install/vehicle_networking/lib/python3.8/site-packages/vehicle_networking/control_serial_interface.py to control_serial_interface.cpython-38.pyc
[1.728s] running install_data
[1.729s] running install_egg_info
[1.732s] removing '/root/install/vehicle_networking/lib/python3.8/site-packages/vehicle_networking-0.0.0-py3.8.egg-info' (and everything under it)
[1.733s] Copying ../../build/vehicle_networking/vehicle_networking.egg-info to /root/install/vehicle_networking/lib/python3.8/site-packages/vehicle_networking-0.0.0-py3.8.egg-info
[1.735s] running install_scripts
[1.761s] Installing control_serial_interface script to /root/install/vehicle_networking/lib/vehicle_networking
[1.761s] Installing serial_manager script to /root/install/vehicle_networking/lib/vehicle_networking
[1.761s] writing list of installed files to '/root/build/vehicle_networking/install.log'
[1.793s] Invoked command in '/root/src/vehicle_networking' returned '0': AMENT_PREFIX_PATH=/root/install/vehicle_networking_interfaces:${AMENT_PREFIX_PATH} CMAKE_PREFIX_PATH=/root/install/vehicle_networking_interfaces LD_LIBRARY_PATH=/root/install/vehicle_networking_interfaces/lib:${LD_LIBRARY_PATH} PYTHONPATH=/root/build/vehicle_networking/prefix_override:/root/install/vehicle_networking/lib/python3.8/site-packages:/root/install/vehicle_networking_interfaces/lib/python3.8/site-packages:${PYTHONPATH} /usr/bin/python3 setup.py egg_info --egg-base ../../build/vehicle_networking build --build-base /root/build/vehicle_networking/build install --record /root/build/vehicle_networking/install.log --install-scripts $base/lib/vehicle_networking --single-version-externally-managed
