[0.000000] (-) TimerEvent: {}
[0.000345] (-) JobUnselected: {'identifier': 'vehicle_interfaces'}
[0.000863] (-) JobUnselected: {'identifier': 'vehicle_navigation'}
[0.001203] (-) JobUnselected: {'identifier': 'vehicle_networking'}
[0.001545] (-) JobUnselected: {'identifier': 'vehicle_simulation'}
[0.001652] (vehicle_string_converter) JobQueued: {'identifier': 'vehicle_string_converter', 'dependencies': OrderedDict()}
[0.001696] (vehicle_string_converter) JobStarted: {'identifier': 'vehicle_string_converter'}
[0.099682] (-) TimerEvent: {}
[0.200105] (-) TimerEvent: {}
[0.300419] (-) TimerEvent: {}
[0.400823] (-) TimerEvent: {}
[0.501311] (-) TimerEvent: {}
[0.601685] (-) TimerEvent: {}
[0.701990] (-) TimerEvent: {}
[0.802302] (-) TimerEvent: {}
[0.902603] (-) TimerEvent: {}
[0.908153] (vehicle_string_converter) Command: {'cmd': ['/usr/bin/python3', 'setup.py', 'egg_info', '--egg-base', '../../build/vehicle_string_converter', 'build', '--build-base', '/root/build/vehicle_string_converter/build', 'install', '--record', '/root/build/vehicle_string_converter/install.log', '--install-scripts', '$base/lib/vehicle_string_converter', '--single-version-externally-managed'], 'cwd': '/root/src/vehicle_string_converter', 'env': {'HOSTNAME': '2a33c685da1f', 'SHLVL': '1', 'LD_LIBRARY_PATH': '/root/install/vehicle_interfaces/lib:/opt/ros/foxy/opt/yaml_cpp_vendor/lib:/opt/ros/foxy/opt/rviz_ogre_vendor/lib:/opt/ros/foxy/lib/x86_64-linux-gnu:/opt/ros/foxy/lib', 'HOME': '/root', 'OLDPWD': '/', 'ROS_PYTHON_VERSION': '3', 'COLCON_PREFIX_PATH': '/root/install', 'ROS_DISTRO': 'foxy', '_': '/usr/bin/colcon', 'ROS_VERSION': '2', 'TERM': 'xterm', 'ROS_LOCALHOST_ONLY': '0', 'QT_X11_NO_MITSHM': '1', 'PATH': '/opt/ros/foxy/bin:/usr/local/sbin:/usr/local/bin:/usr/sbin:/usr/bin:/sbin:/bin', 'DISPLAY': ':0.0', 'LANG': 'C.UTF-8', 'AMENT_PREFIX_PATH': '/root/install/vehicle_interfaces:/root/install/vehicle_string_converter:/root/install/vehicle_simulation:/opt/ros/foxy', 'DEBIAN_FRONTEND': 'noninteractive', 'PWD': '/root/build/vehicle_string_converter', 'LC_ALL': 'C.UTF-8', 'PYTHONPATH': '/root/build/vehicle_string_converter/prefix_override:/root/install/vehicle_string_converter/lib/python3.8/site-packages:/root/install/vehicle_interfaces/lib/python3.8/site-packages:/root/install/vehicle_string_converter/lib/python3.8/site-packages:/root/install/vehicle_simulation/lib/python3.8/site-packages:/opt/ros/foxy/lib/python3.8/site-packages', 'COLCON': '1', 'CMAKE_PREFIX_PATH': '/root/install/vehicle_interfaces'}, 'shell': False}
[1.002758] (-) TimerEvent: {}
[1.103158] (-) TimerEvent: {}
[1.174736] (vehicle_string_converter) StdoutLine: {'line': b'running egg_info\n'}
[1.175690] (vehicle_string_converter) StdoutLine: {'line': b'writing ../../build/vehicle_string_converter/vehicle_string_converter.egg-info/PKG-INFO\n'}
[1.176066] (vehicle_string_converter) StdoutLine: {'line': b'writing dependency_links to ../../build/vehicle_string_converter/vehicle_string_converter.egg-info/dependency_links.txt\n'}
[1.176309] (vehicle_string_converter) StdoutLine: {'line': b'writing entry points to ../../build/vehicle_string_converter/vehicle_string_converter.egg-info/entry_points.txt\n'}
[1.176510] (vehicle_string_converter) StdoutLine: {'line': b'writing requirements to ../../build/vehicle_string_converter/vehicle_string_converter.egg-info/requires.txt\n'}
[1.176696] (vehicle_string_converter) StdoutLine: {'line': b'writing top-level names to ../../build/vehicle_string_converter/vehicle_string_converter.egg-info/top_level.txt\n'}
[1.203274] (-) TimerEvent: {}
[1.228726] (vehicle_string_converter) StdoutLine: {'line': b"reading manifest file '../../build/vehicle_string_converter/vehicle_string_converter.egg-info/SOURCES.txt'\n"}
[1.231376] (vehicle_string_converter) StdoutLine: {'line': b"writing manifest file '../../build/vehicle_string_converter/vehicle_string_converter.egg-info/SOURCES.txt'\n"}
[1.231774] (vehicle_string_converter) StdoutLine: {'line': b'running build\n'}
[1.231995] (vehicle_string_converter) StdoutLine: {'line': b'running build_py\n'}
[1.232198] (vehicle_string_converter) StdoutLine: {'line': b'copying vehicle_string_converter/vehicle_control_string_builder.py -> /root/build/vehicle_string_converter/build/lib/vehicle_string_converter\n'}
[1.232504] (vehicle_string_converter) StdoutLine: {'line': b'running install\n'}
[1.233588] (vehicle_string_converter) StdoutLine: {'line': b'running install_lib\n'}
[1.234820] (vehicle_string_converter) StdoutLine: {'line': b'copying /root/build/vehicle_string_converter/build/lib/vehicle_string_converter/vehicle_control_string_builder.py -> /root/install/vehicle_string_converter/lib/python3.8/site-packages/vehicle_string_converter\n'}
[1.235622] (vehicle_string_converter) StdoutLine: {'line': b'byte-compiling /root/install/vehicle_string_converter/lib/python3.8/site-packages/vehicle_string_converter/vehicle_control_string_builder.py to vehicle_control_string_builder.cpython-38.pyc\n'}
[1.237897] (vehicle_string_converter) StdoutLine: {'line': b'running install_data\n'}
[1.238612] (vehicle_string_converter) StdoutLine: {'line': b'running install_egg_info\n'}
[1.240793] (vehicle_string_converter) StdoutLine: {'line': b"removing '/root/install/vehicle_string_converter/lib/python3.8/site-packages/vehicle_string_converter-0.0.0-py3.8.egg-info' (and everything under it)\n"}
[1.241137] (vehicle_string_converter) StdoutLine: {'line': b'Copying ../../build/vehicle_string_converter/vehicle_string_converter.egg-info to /root/install/vehicle_string_converter/lib/python3.8/site-packages/vehicle_string_converter-0.0.0-py3.8.egg-info\n'}
[1.242392] (vehicle_string_converter) StdoutLine: {'line': b'running install_scripts\n'}
[1.264445] (vehicle_string_converter) StdoutLine: {'line': b'Installing vehicle_control_string_builder script to /root/install/vehicle_string_converter/lib/vehicle_string_converter\n'}
[1.264931] (vehicle_string_converter) StdoutLine: {'line': b"writing list of installed files to '/root/build/vehicle_string_converter/install.log'\n"}
[1.296719] (vehicle_string_converter) CommandEnded: {'returncode': 0}
[1.303777] (-) TimerEvent: {}
[1.330987] (vehicle_string_converter) JobEnded: {'identifier': 'vehicle_string_converter', 'rc': 0}
[1.332275] (-) EventReactorShutdown: {}
