[0.000000] (-) TimerEvent: {}
[0.000696] (-) JobUnselected: {'identifier': 'vehicle_control'}
[0.000803] (-) JobUnselected: {'identifier': 'vehicle_navigation'}
[0.000854] (-) JobUnselected: {'identifier': 'vehicle_networking_interfaces'}
[0.000908] (-) JobUnselected: {'identifier': 'vehicle_sensor'}
[0.000940] (vehicle_networking) JobQueued: {'identifier': 'vehicle_networking', 'dependencies': OrderedDict([('vehicle_networking_interfaces', '/root/install/vehicle_networking_interfaces')])}
[0.000972] (vehicle_networking) JobStarted: {'identifier': 'vehicle_networking'}
[0.099452] (-) TimerEvent: {}
[0.199938] (-) TimerEvent: {}
[0.300299] (-) TimerEvent: {}
[0.400770] (-) TimerEvent: {}
[0.501265] (-) TimerEvent: {}
[0.601935] (-) TimerEvent: {}
[0.702255] (-) TimerEvent: {}
[0.802596] (-) TimerEvent: {}
[0.848597] (vehicle_networking) Command: {'cmd': ['/usr/bin/python3', 'setup.py', 'develop', '--uninstall', '--editable', '--build-directory', '/root/build/vehicle_networking/build'], 'cwd': '/root/build/vehicle_networking', 'env': {'HOSTNAME': '108e4c744f61', 'SHLVL': '1', 'LD_LIBRARY_PATH': '/root/install/vehicle_networking_interfaces/lib:/opt/ros/foxy/opt/yaml_cpp_vendor/lib:/opt/ros/foxy/opt/rviz_ogre_vendor/lib:/opt/ros/foxy/lib/x86_64-linux-gnu:/opt/ros/foxy/lib', 'HOME': '/root', 'OLDPWD': '/', 'ROS_PYTHON_VERSION': '3', 'COLCON_PREFIX_PATH': '/root/install', 'ROS_DISTRO': 'foxy', '_': '/usr/bin/colcon', 'ROS_VERSION': '2', 'TERM': 'xterm', 'ROS_LOCALHOST_ONLY': '0', 'QT_X11_NO_MITSHM': '1', 'PATH': '/opt/ros/foxy/bin:/usr/local/sbin:/usr/local/bin:/usr/sbin:/usr/bin:/sbin:/bin', 'DISPLAY': ':0.0', 'LANG': 'C.UTF-8', 'AMENT_PREFIX_PATH': '/root/install/vehicle_networking:/root/install/vehicle_networking_interfaces:/opt/ros/foxy', 'DEBIAN_FRONTEND': 'noninteractive', 'PWD': '/root/build/vehicle_networking', 'LC_ALL': 'C.UTF-8', 'PYTHONPATH': '/root/build/vehicle_networking/prefix_override:/root/install/vehicle_networking/lib/python3.8/site-packages:/root/install/vehicle_networking_interfaces/lib/python3.8/site-packages:/root/install/vehicle_networking/lib/python3.8/site-packages:/opt/ros/foxy/lib/python3.8/site-packages', 'COLCON': '1', 'CMAKE_PREFIX_PATH': '/root/install/vehicle_networking_interfaces'}, 'shell': False}
[0.902748] (-) TimerEvent: {}
[1.003151] (-) TimerEvent: {}
[1.103511] (-) TimerEvent: {}
[1.132062] (vehicle_networking) StdoutLine: {'line': b'running develop\n'}
[1.203628] (-) TimerEvent: {}
[1.293262] (vehicle_networking) CommandEnded: {'returncode': 0}
[1.294637] (vehicle_networking) Command: {'cmd': ['/usr/bin/python3', 'setup.py', 'egg_info', '--egg-base', '../../build/vehicle_networking', 'build', '--build-base', '/root/build/vehicle_networking/build', 'install', '--record', '/root/build/vehicle_networking/install.log', '--install-scripts', '$base/lib/vehicle_networking', '--single-version-externally-managed'], 'cwd': '/root/src/vehicle_networking', 'env': {'HOSTNAME': '108e4c744f61', 'SHLVL': '1', 'LD_LIBRARY_PATH': '/root/install/vehicle_networking_interfaces/lib:/opt/ros/foxy/opt/yaml_cpp_vendor/lib:/opt/ros/foxy/opt/rviz_ogre_vendor/lib:/opt/ros/foxy/lib/x86_64-linux-gnu:/opt/ros/foxy/lib', 'HOME': '/root', 'OLDPWD': '/', 'ROS_PYTHON_VERSION': '3', 'COLCON_PREFIX_PATH': '/root/install', 'ROS_DISTRO': 'foxy', '_': '/usr/bin/colcon', 'ROS_VERSION': '2', 'TERM': 'xterm', 'ROS_LOCALHOST_ONLY': '0', 'QT_X11_NO_MITSHM': '1', 'PATH': '/opt/ros/foxy/bin:/usr/local/sbin:/usr/local/bin:/usr/sbin:/usr/bin:/sbin:/bin', 'DISPLAY': ':0.0', 'LANG': 'C.UTF-8', 'AMENT_PREFIX_PATH': '/root/install/vehicle_networking:/root/install/vehicle_networking_interfaces:/opt/ros/foxy', 'DEBIAN_FRONTEND': 'noninteractive', 'PWD': '/root/build/vehicle_networking', 'LC_ALL': 'C.UTF-8', 'PYTHONPATH': '/root/build/vehicle_networking/prefix_override:/root/install/vehicle_networking/lib/python3.8/site-packages:/root/install/vehicle_networking_interfaces/lib/python3.8/site-packages:/root/install/vehicle_networking/lib/python3.8/site-packages:/opt/ros/foxy/lib/python3.8/site-packages', 'COLCON': '1', 'CMAKE_PREFIX_PATH': '/root/install/vehicle_networking_interfaces'}, 'shell': False}
[1.303768] (-) TimerEvent: {}
[1.404148] (-) TimerEvent: {}
[1.504497] (-) TimerEvent: {}
[1.550523] (vehicle_networking) StdoutLine: {'line': b'running egg_info\n'}
[1.551644] (vehicle_networking) StdoutLine: {'line': b'writing ../../build/vehicle_networking/vehicle_networking.egg-info/PKG-INFO\n'}
[1.552063] (vehicle_networking) StdoutLine: {'line': b'writing dependency_links to ../../build/vehicle_networking/vehicle_networking.egg-info/dependency_links.txt\n'}
[1.552438] (vehicle_networking) StdoutLine: {'line': b'writing entry points to ../../build/vehicle_networking/vehicle_networking.egg-info/entry_points.txt\n'}
[1.552758] (vehicle_networking) StdoutLine: {'line': b'writing requirements to ../../build/vehicle_networking/vehicle_networking.egg-info/requires.txt\n'}
[1.552949] (vehicle_networking) StdoutLine: {'line': b'writing top-level names to ../../build/vehicle_networking/vehicle_networking.egg-info/top_level.txt\n'}
[1.600442] (vehicle_networking) StdoutLine: {'line': b"reading manifest file '../../build/vehicle_networking/vehicle_networking.egg-info/SOURCES.txt'\n"}
[1.601563] (vehicle_networking) StdoutLine: {'line': b"writing manifest file '../../build/vehicle_networking/vehicle_networking.egg-info/SOURCES.txt'\n"}
[1.601788] (vehicle_networking) StdoutLine: {'line': b'running build\n'}
[1.601887] (vehicle_networking) StdoutLine: {'line': b'running build_py\n'}
[1.602035] (vehicle_networking) StdoutLine: {'line': b'copying vehicle_networking/serial_manager.py -> /root/build/vehicle_networking/build/lib/vehicle_networking\n'}
[1.602780] (vehicle_networking) StdoutLine: {'line': b'running install\n'}
[1.604195] (vehicle_networking) StdoutLine: {'line': b'running install_lib\n'}
[1.604562] (-) TimerEvent: {}
[1.605886] (vehicle_networking) StdoutLine: {'line': b'copying /root/build/vehicle_networking/build/lib/vehicle_networking/serial_manager.py -> /root/install/vehicle_networking/lib/python3.8/site-packages/vehicle_networking\n'}
[1.607012] (vehicle_networking) StdoutLine: {'line': b'byte-compiling /root/install/vehicle_networking/lib/python3.8/site-packages/vehicle_networking/serial_manager.py to serial_manager.cpython-38.pyc\n'}
[1.611104] (vehicle_networking) StdoutLine: {'line': b'running install_data\n'}
[1.612046] (vehicle_networking) StdoutLine: {'line': b'running install_egg_info\n'}
[1.615527] (vehicle_networking) StdoutLine: {'line': b"removing '/root/install/vehicle_networking/lib/python3.8/site-packages/vehicle_networking-0.0.0-py3.8.egg-info' (and everything under it)\n"}
[1.616391] (vehicle_networking) StdoutLine: {'line': b'Copying ../../build/vehicle_networking/vehicle_networking.egg-info to /root/install/vehicle_networking/lib/python3.8/site-packages/vehicle_networking-0.0.0-py3.8.egg-info\n'}
[1.618217] (vehicle_networking) StdoutLine: {'line': b'running install_scripts\n'}
[1.648145] (vehicle_networking) StdoutLine: {'line': b'Installing control_serial_interface script to /root/install/vehicle_networking/lib/vehicle_networking\n'}
[1.648713] (vehicle_networking) StdoutLine: {'line': b'Installing serial_manager script to /root/install/vehicle_networking/lib/vehicle_networking\n'}
[1.649451] (vehicle_networking) StdoutLine: {'line': b"writing list of installed files to '/root/build/vehicle_networking/install.log'\n"}
[1.681075] (vehicle_networking) CommandEnded: {'returncode': 0}
[1.700679] (vehicle_networking) JobEnded: {'identifier': 'vehicle_networking', 'rc': 0}
[1.701932] (-) EventReactorShutdown: {}
