[0.091s] Invoking command in '/home/ethanreynolds/vscode/robot-rover-2025/code/system/ros2/build/vehicle_interfaces': CMAKE_PREFIX_PATH=${CMAKE_PREFIX_PATH}:/home/ethanreynolds/vscode/robot-rover-2025/code/system/ros2/install/vehicle_string_converter:/home/ethanreynolds/vscode/robot-rover-2025/code/system/ros2/install/vehicle_simulation:/home/ethanreynolds/vscode/robot-rover-2025/code/system/ros2/install/vehicle_networking:/opt/ros/foxy /usr/bin/cmake --build /home/ethanreynolds/vscode/robot-rover-2025/code/system/ros2/build/vehicle_interfaces -- -j4 -l4
[1.653s] [  0%] Built target vehicle_interfaces__cpp
[1.654s] [ 12%] Built target vehicle_interfaces__rosidl_generator_c
[1.656s] [ 24%] Built target vehicle_interfaces__rosidl_typesupport_introspection_cpp
[1.656s] [ 36%] Built target vehicle_interfaces__rosidl_typesupport_cpp
[1.657s] [ 48%] Built target vehicle_interfaces__rosidl_typesupport_fastrtps_cpp
[1.657s] [ 60%] Built target vehicle_interfaces__rosidl_typesupport_introspection_c
[1.660s] [ 72%] Built target vehicle_interfaces__rosidl_typesupport_c
[1.661s] [ 84%] Built target vehicle_interfaces__rosidl_typesupport_fastrtps_c
[1.661s] [ 84%] Built target vehicle_interfaces
[1.662s] [ 85%] Built target vehicle_interfaces__py
[1.662s] [ 96%] Built target vehicle_interfaces__python
[1.662s] [ 97%] Built target vehicle_interfaces__rosidl_typesupport_c__pyext
[1.662s] [ 99%] Built target vehicle_interfaces__rosidl_typesupport_introspection_c__pyext
[1.663s] [100%] Built target vehicle_interfaces__rosidl_typesupport_fastrtps_c__pyext
[1.663s] Invoked command in '/home/ethanreynolds/vscode/robot-rover-2025/code/system/ros2/build/vehicle_interfaces' returned '0': CMAKE_PREFIX_PATH=${CMAKE_PREFIX_PATH}:/home/ethanreynolds/vscode/robot-rover-2025/code/system/ros2/install/vehicle_string_converter:/home/ethanreynolds/vscode/robot-rover-2025/code/system/ros2/install/vehicle_simulation:/home/ethanreynolds/vscode/robot-rover-2025/code/system/ros2/install/vehicle_networking:/opt/ros/foxy /usr/bin/cmake --build /home/ethanreynolds/vscode/robot-rover-2025/code/system/ros2/build/vehicle_interfaces -- -j4 -l4
[1.679s] Invoking command in '/home/ethanreynolds/vscode/robot-rover-2025/code/system/ros2/build/vehicle_interfaces': CMAKE_PREFIX_PATH=${CMAKE_PREFIX_PATH}:/home/ethanreynolds/vscode/robot-rover-2025/code/system/ros2/install/vehicle_string_converter:/home/ethanreynolds/vscode/robot-rover-2025/code/system/ros2/install/vehicle_simulation:/home/ethanreynolds/vscode/robot-rover-2025/code/system/ros2/install/vehicle_networking:/opt/ros/foxy /usr/bin/cmake --install /home/ethanreynolds/vscode/robot-rover-2025/code/system/ros2/build/vehicle_interfaces
[1.694s] -- Install configuration: ""
[1.695s] -- Up-to-date: /home/ethanreynolds/vscode/robot-rover-2025/code/system/ros2/install/vehicle_interfaces/share/ament_index/resource_index/rosidl_interfaces/vehicle_interfaces
[1.695s] -- Up-to-date: /home/ethanreynolds/vscode/robot-rover-2025/code/system/ros2/install/vehicle_interfaces/include/vehicle_interfaces
[1.695s] -- Up-to-date: /home/ethanreynolds/vscode/robot-rover-2025/code/system/ros2/install/vehicle_interfaces/include/vehicle_interfaces/msg
[1.695s] -- Up-to-date: /home/ethanreynolds/vscode/robot-rover-2025/code/system/ros2/install/vehicle_interfaces/include/vehicle_interfaces/msg/qmc_data.h
[1.696s] -- Up-to-date: /home/ethanreynolds/vscode/robot-rover-2025/code/system/ros2/install/vehicle_interfaces/include/vehicle_interfaces/msg/control_data.h
[1.696s] -- Up-to-date: /home/ethanreynolds/vscode/robot-rover-2025/code/system/ros2/install/vehicle_interfaces/include/vehicle_interfaces/msg/ir_data.h
[1.696s] -- Up-to-date: /home/ethanreynolds/vscode/robot-rover-2025/code/system/ros2/install/vehicle_interfaces/include/vehicle_interfaces/msg/gps_data.h
[1.696s] -- Up-to-date: /home/ethanreynolds/vscode/robot-rover-2025/code/system/ros2/install/vehicle_interfaces/include/vehicle_interfaces/msg/sensor_data.h
[1.696s] -- Up-to-date: /home/ethanreynolds/vscode/robot-rover-2025/code/system/ros2/install/vehicle_interfaces/include/vehicle_interfaces/msg/ultrasonic_data.h
[1.697s] -- Up-to-date: /home/ethanreynolds/vscode/robot-rover-2025/code/system/ros2/install/vehicle_interfaces/include/vehicle_interfaces/msg/detail
[1.697s] -- Up-to-date: /home/ethanreynolds/vscode/robot-rover-2025/code/system/ros2/install/vehicle_interfaces/include/vehicle_interfaces/msg/detail/ultrasonic_data__type_support.h
[1.697s] -- Up-to-date: /home/ethanreynolds/vscode/robot-rover-2025/code/system/ros2/install/vehicle_interfaces/include/vehicle_interfaces/msg/detail/to_f_data__type_support.h
[1.697s] -- Up-to-date: /home/ethanreynolds/vscode/robot-rover-2025/code/system/ros2/install/vehicle_interfaces/include/vehicle_interfaces/msg/detail/qmc_data__functions.c
[1.697s] -- Up-to-date: /home/ethanreynolds/vscode/robot-rover-2025/code/system/ros2/install/vehicle_interfaces/include/vehicle_interfaces/msg/detail/sensor_data__type_support.h
[1.698s] -- Up-to-date: /home/ethanreynolds/vscode/robot-rover-2025/code/system/ros2/install/vehicle_interfaces/include/vehicle_interfaces/msg/detail/temperature_data__struct.h
[1.698s] -- Up-to-date: /home/ethanreynolds/vscode/robot-rover-2025/code/system/ros2/install/vehicle_interfaces/include/vehicle_interfaces/msg/detail/ultrasonic_data__functions.h
[1.699s] -- Up-to-date: /home/ethanreynolds/vscode/robot-rover-2025/code/system/ros2/install/vehicle_interfaces/include/vehicle_interfaces/msg/detail/gps_data__functions.h
[1.699s] -- Up-to-date: /home/ethanreynolds/vscode/robot-rover-2025/code/system/ros2/install/vehicle_interfaces/include/vehicle_interfaces/msg/detail/temperature_data__functions.h
[1.699s] -- Up-to-date: /home/ethanreynolds/vscode/robot-rover-2025/code/system/ros2/install/vehicle_interfaces/include/vehicle_interfaces/msg/detail/sensor_data__struct.h
[1.699s] -- Up-to-date: /home/ethanreynolds/vscode/robot-rover-2025/code/system/ros2/install/vehicle_interfaces/include/vehicle_interfaces/msg/detail/to_f_data__struct.h
[1.699s] -- Up-to-date: /home/ethanreynolds/vscode/robot-rover-2025/code/system/ros2/install/vehicle_interfaces/include/vehicle_interfaces/msg/detail/ir_data__functions.c
[1.700s] -- Up-to-date: /home/ethanreynolds/vscode/robot-rover-2025/code/system/ros2/install/vehicle_interfaces/include/vehicle_interfaces/msg/detail/mpu_data__functions.h
[1.700s] -- Up-to-date: /home/ethanreynolds/vscode/robot-rover-2025/code/system/ros2/install/vehicle_interfaces/include/vehicle_interfaces/msg/detail/qmc_data__type_support.h
[1.700s] -- Up-to-date: /home/ethanreynolds/vscode/robot-rover-2025/code/system/ros2/install/vehicle_interfaces/include/vehicle_interfaces/msg/detail/ir_data__type_support.h
[1.700s] -- Up-to-date: /home/ethanreynolds/vscode/robot-rover-2025/code/system/ros2/install/vehicle_interfaces/include/vehicle_interfaces/msg/detail/gps_data__type_support.h
[1.700s] -- Up-to-date: /home/ethanreynolds/vscode/robot-rover-2025/code/system/ros2/install/vehicle_interfaces/include/vehicle_interfaces/msg/detail/gps_data__functions.c
[1.701s] -- Up-to-date: /home/ethanreynolds/vscode/robot-rover-2025/code/system/ros2/install/vehicle_interfaces/include/vehicle_interfaces/msg/detail/control_data__struct.h
[1.701s] -- Up-to-date: /home/ethanreynolds/vscode/robot-rover-2025/code/system/ros2/install/vehicle_interfaces/include/vehicle_interfaces/msg/detail/temperature_data__type_support.h
[1.701s] -- Up-to-date: /home/ethanreynolds/vscode/robot-rover-2025/code/system/ros2/install/vehicle_interfaces/include/vehicle_interfaces/msg/detail/encoder_data__functions.c
[1.701s] -- Up-to-date: /home/ethanreynolds/vscode/robot-rover-2025/code/system/ros2/install/vehicle_interfaces/include/vehicle_interfaces/msg/detail/ir_data__struct.h
[1.702s] -- Up-to-date: /home/ethanreynolds/vscode/robot-rover-2025/code/system/ros2/install/vehicle_interfaces/include/vehicle_interfaces/msg/detail/control_data__functions.c
[1.702s] -- Up-to-date: /home/ethanreynolds/vscode/robot-rover-2025/code/system/ros2/install/vehicle_interfaces/include/vehicle_interfaces/msg/detail/to_f_data__functions.c
[1.703s] -- Up-to-date: /home/ethanreynolds/vscode/robot-rover-2025/code/system/ros2/install/vehicle_interfaces/include/vehicle_interfaces/msg/detail/sensor_data__functions.c
[1.703s] -- Up-to-date: /home/ethanreynolds/vscode/robot-rover-2025/code/system/ros2/install/vehicle_interfaces/include/vehicle_interfaces/msg/detail/ir_data__functions.h
[1.703s] -- Up-to-date: /home/ethanreynolds/vscode/robot-rover-2025/code/system/ros2/install/vehicle_interfaces/include/vehicle_interfaces/msg/detail/mpu_data__functions.c
[1.704s] -- Up-to-date: /home/ethanreynolds/vscode/robot-rover-2025/code/system/ros2/install/vehicle_interfaces/include/vehicle_interfaces/msg/detail/gps_data__struct.h
[1.704s] -- Up-to-date: /home/ethanreynolds/vscode/robot-rover-2025/code/system/ros2/install/vehicle_interfaces/include/vehicle_interfaces/msg/detail/qmc_data__struct.h
[1.704s] -- Up-to-date: /home/ethanreynolds/vscode/robot-rover-2025/code/system/ros2/install/vehicle_interfaces/include/vehicle_interfaces/msg/detail/ultrasonic_data__functions.c
[1.706s] -- Up-to-date: /home/ethanreynolds/vscode/robot-rover-2025/code/system/ros2/install/vehicle_interfaces/include/vehicle_interfaces/msg/detail/qmc_data__functions.h
[1.707s] -- Up-to-date: /home/ethanreynolds/vscode/robot-rover-2025/code/system/ros2/install/vehicle_interfaces/include/vehicle_interfaces/msg/detail/control_data__functions.h
[1.707s] -- Up-to-date: /home/ethanreynolds/vscode/robot-rover-2025/code/system/ros2/install/vehicle_interfaces/include/vehicle_interfaces/msg/detail/temperature_data__functions.c
[1.707s] -- Up-to-date: /home/ethanreynolds/vscode/robot-rover-2025/code/system/ros2/install/vehicle_interfaces/include/vehicle_interfaces/msg/detail/encoder_data__type_support.h
[1.707s] -- Up-to-date: /home/ethanreynolds/vscode/robot-rover-2025/code/system/ros2/install/vehicle_interfaces/include/vehicle_interfaces/msg/detail/mpu_data__struct.h
[1.710s] -- Up-to-date: /home/ethanreynolds/vscode/robot-rover-2025/code/system/ros2/install/vehicle_interfaces/include/vehicle_interfaces/msg/detail/to_f_data__functions.h
[1.711s] -- Up-to-date: /home/ethanreynolds/vscode/robot-rover-2025/code/system/ros2/install/vehicle_interfaces/include/vehicle_interfaces/msg/detail/control_data__type_support.h
[1.712s] -- Up-to-date: /home/ethanreynolds/vscode/robot-rover-2025/code/system/ros2/install/vehicle_interfaces/include/vehicle_interfaces/msg/detail/sensor_data__functions.h
[1.718s] -- Up-to-date: /home/ethanreynolds/vscode/robot-rover-2025/code/system/ros2/install/vehicle_interfaces/include/vehicle_interfaces/msg/detail/encoder_data__functions.h
[1.719s] -- Up-to-date: /home/ethanreynolds/vscode/robot-rover-2025/code/system/ros2/install/vehicle_interfaces/include/vehicle_interfaces/msg/detail/encoder_data__struct.h
[1.719s] -- Up-to-date: /home/ethanreynolds/vscode/robot-rover-2025/code/system/ros2/install/vehicle_interfaces/include/vehicle_interfaces/msg/detail/ultrasonic_data__struct.h
[1.719s] -- Up-to-date: /home/ethanreynolds/vscode/robot-rover-2025/code/system/ros2/install/vehicle_interfaces/include/vehicle_interfaces/msg/detail/mpu_data__type_support.h
[1.720s] -- Up-to-date: /home/ethanreynolds/vscode/robot-rover-2025/code/system/ros2/install/vehicle_interfaces/include/vehicle_interfaces/msg/temperature_data.h
[1.720s] -- Up-to-date: /home/ethanreynolds/vscode/robot-rover-2025/code/system/ros2/install/vehicle_interfaces/include/vehicle_interfaces/msg/to_f_data.h
[1.720s] -- Up-to-date: /home/ethanreynolds/vscode/robot-rover-2025/code/system/ros2/install/vehicle_interfaces/include/vehicle_interfaces/msg/encoder_data.h
[1.726s] -- Up-to-date: /home/ethanreynolds/vscode/robot-rover-2025/code/system/ros2/install/vehicle_interfaces/include/vehicle_interfaces/msg/rosidl_generator_c__visibility_control.h
[1.727s] -- Up-to-date: /home/ethanreynolds/vscode/robot-rover-2025/code/system/ros2/install/vehicle_interfaces/include/vehicle_interfaces/msg/mpu_data.h
[1.727s] -- Up-to-date: /home/ethanreynolds/vscode/robot-rover-2025/code/system/ros2/install/vehicle_interfaces/include/vehicle_interfaces/srv
[1.727s] -- Up-to-date: /home/ethanreynolds/vscode/robot-rover-2025/code/system/ros2/install/vehicle_interfaces/include/vehicle_interfaces/srv/get_serial_port.h
[1.727s] -- Up-to-date: /home/ethanreynolds/vscode/robot-rover-2025/code/system/ros2/install/vehicle_interfaces/include/vehicle_interfaces/srv/reset_serial_port.h
[1.727s] -- Up-to-date: /home/ethanreynolds/vscode/robot-rover-2025/code/system/ros2/install/vehicle_interfaces/include/vehicle_interfaces/srv/detail
[1.728s] -- Up-to-date: /home/ethanreynolds/vscode/robot-rover-2025/code/system/ros2/install/vehicle_interfaces/include/vehicle_interfaces/srv/detail/reset_serial_port__functions.c
[1.728s] -- Up-to-date: /home/ethanreynolds/vscode/robot-rover-2025/code/system/ros2/install/vehicle_interfaces/include/vehicle_interfaces/srv/detail/get_serial_port__functions.h
[1.728s] -- Up-to-date: /home/ethanreynolds/vscode/robot-rover-2025/code/system/ros2/install/vehicle_interfaces/include/vehicle_interfaces/srv/detail/get_serial_port__functions.c
[1.728s] -- Up-to-date: /home/ethanreynolds/vscode/robot-rover-2025/code/system/ros2/install/vehicle_interfaces/include/vehicle_interfaces/srv/detail/get_serial_device_status__type_support.h
[1.728s] -- Up-to-date: /home/ethanreynolds/vscode/robot-rover-2025/code/system/ros2/install/vehicle_interfaces/include/vehicle_interfaces/srv/detail/reset_serial_port__struct.h
[1.729s] -- Up-to-date: /home/ethanreynolds/vscode/robot-rover-2025/code/system/ros2/install/vehicle_interfaces/include/vehicle_interfaces/srv/detail/get_serial_device_status__functions.c
[1.730s] -- Up-to-date: /home/ethanreynolds/vscode/robot-rover-2025/code/system/ros2/install/vehicle_interfaces/include/vehicle_interfaces/srv/detail/get_serial_device_status__struct.h
[1.730s] -- Up-to-date: /home/ethanreynolds/vscode/robot-rover-2025/code/system/ros2/install/vehicle_interfaces/include/vehicle_interfaces/srv/detail/reset_serial_port__functions.h
[1.730s] -- Up-to-date: /home/ethanreynolds/vscode/robot-rover-2025/code/system/ros2/install/vehicle_interfaces/include/vehicle_interfaces/srv/detail/reset_serial_port__type_support.h
[1.730s] -- Up-to-date: /home/ethanreynolds/vscode/robot-rover-2025/code/system/ros2/install/vehicle_interfaces/include/vehicle_interfaces/srv/detail/get_serial_port__type_support.h
[1.730s] -- Up-to-date: /home/ethanreynolds/vscode/robot-rover-2025/code/system/ros2/install/vehicle_interfaces/include/vehicle_interfaces/srv/detail/get_serial_port__struct.h
[1.731s] -- Up-to-date: /home/ethanreynolds/vscode/robot-rover-2025/code/system/ros2/install/vehicle_interfaces/include/vehicle_interfaces/srv/detail/get_serial_device_status__functions.h
[1.731s] -- Up-to-date: /home/ethanreynolds/vscode/robot-rover-2025/code/system/ros2/install/vehicle_interfaces/include/vehicle_interfaces/srv/get_serial_device_status.h
[1.731s] -- Up-to-date: /home/ethanreynolds/vscode/robot-rover-2025/code/system/ros2/install/vehicle_interfaces/share/vehicle_interfaces/environment/library_path.sh
[1.731s] -- Up-to-date: /home/ethanreynolds/vscode/robot-rover-2025/code/system/ros2/install/vehicle_interfaces/share/vehicle_interfaces/environment/library_path.dsv
[1.732s] -- Up-to-date: /home/ethanreynolds/vscode/robot-rover-2025/code/system/ros2/install/vehicle_interfaces/lib/libvehicle_interfaces__rosidl_generator_c.so
[1.732s] -- Up-to-date: /home/ethanreynolds/vscode/robot-rover-2025/code/system/ros2/install/vehicle_interfaces/include/vehicle_interfaces
[1.732s] -- Up-to-date: /home/ethanreynolds/vscode/robot-rover-2025/code/system/ros2/install/vehicle_interfaces/include/vehicle_interfaces/msg
[1.732s] -- Up-to-date: /home/ethanreynolds/vscode/robot-rover-2025/code/system/ros2/install/vehicle_interfaces/include/vehicle_interfaces/msg/rosidl_typesupport_fastrtps_c__visibility_control.h
[1.732s] -- Up-to-date: /home/ethanreynolds/vscode/robot-rover-2025/code/system/ros2/install/vehicle_interfaces/include/vehicle_interfaces/msg/detail
[1.733s] -- Up-to-date: /home/ethanreynolds/vscode/robot-rover-2025/code/system/ros2/install/vehicle_interfaces/include/vehicle_interfaces/msg/detail/ir_data__rosidl_typesupport_fastrtps_c.h
[1.733s] -- Up-to-date: /home/ethanreynolds/vscode/robot-rover-2025/code/system/ros2/install/vehicle_interfaces/include/vehicle_interfaces/msg/detail/qmc_data__rosidl_typesupport_fastrtps_c.h
[1.733s] -- Up-to-date: /home/ethanreynolds/vscode/robot-rover-2025/code/system/ros2/install/vehicle_interfaces/include/vehicle_interfaces/msg/detail/gps_data__rosidl_typesupport_fastrtps_c.h
[1.733s] -- Up-to-date: /home/ethanreynolds/vscode/robot-rover-2025/code/system/ros2/install/vehicle_interfaces/include/vehicle_interfaces/msg/detail/mpu_data__rosidl_typesupport_fastrtps_c.h
[1.733s] -- Up-to-date: /home/ethanreynolds/vscode/robot-rover-2025/code/system/ros2/install/vehicle_interfaces/include/vehicle_interfaces/msg/detail/ultrasonic_data__rosidl_typesupport_fastrtps_c.h
[1.750s] -- Up-to-date: /home/ethanreynolds/vscode/robot-rover-2025/code/system/ros2/install/vehicle_interfaces/include/vehicle_interfaces/msg/detail/encoder_data__rosidl_typesupport_fastrtps_c.h
[1.750s] -- Up-to-date: /home/ethanreynolds/vscode/robot-rover-2025/code/system/ros2/install/vehicle_interfaces/include/vehicle_interfaces/msg/detail/sensor_data__rosidl_typesupport_fastrtps_c.h
[1.750s] -- Up-to-date: /home/ethanreynolds/vscode/robot-rover-2025/code/system/ros2/install/vehicle_interfaces/include/vehicle_interfaces/msg/detail/control_data__rosidl_typesupport_fastrtps_c.h
[1.751s] -- Up-to-date: /home/ethanreynolds/vscode/robot-rover-2025/code/system/ros2/install/vehicle_interfaces/include/vehicle_interfaces/msg/detail/to_f_data__rosidl_typesupport_fastrtps_c.h
[1.751s] -- Up-to-date: /home/ethanreynolds/vscode/robot-rover-2025/code/system/ros2/install/vehicle_interfaces/include/vehicle_interfaces/msg/detail/temperature_data__rosidl_typesupport_fastrtps_c.h
[1.751s] -- Up-to-date: /home/ethanreynolds/vscode/robot-rover-2025/code/system/ros2/install/vehicle_interfaces/include/vehicle_interfaces/srv
[1.751s] -- Up-to-date: /home/ethanreynolds/vscode/robot-rover-2025/code/system/ros2/install/vehicle_interfaces/include/vehicle_interfaces/srv/detail
[1.751s] -- Up-to-date: /home/ethanreynolds/vscode/robot-rover-2025/code/system/ros2/install/vehicle_interfaces/include/vehicle_interfaces/srv/detail/get_serial_device_status__rosidl_typesupport_fastrtps_c.h
[1.752s] -- Up-to-date: /home/ethanreynolds/vscode/robot-rover-2025/code/system/ros2/install/vehicle_interfaces/include/vehicle_interfaces/srv/detail/reset_serial_port__rosidl_typesupport_fastrtps_c.h
[1.752s] -- Up-to-date: /home/ethanreynolds/vscode/robot-rover-2025/code/system/ros2/install/vehicle_interfaces/include/vehicle_interfaces/srv/detail/get_serial_port__rosidl_typesupport_fastrtps_c.h
[1.752s] -- Up-to-date: /home/ethanreynolds/vscode/robot-rover-2025/code/system/ros2/install/vehicle_interfaces/lib/libvehicle_interfaces__rosidl_typesupport_fastrtps_c.so
[1.752s] -- Up-to-date: /home/ethanreynolds/vscode/robot-rover-2025/code/system/ros2/install/vehicle_interfaces/include/vehicle_interfaces
[1.752s] -- Up-to-date: /home/ethanreynolds/vscode/robot-rover-2025/code/system/ros2/install/vehicle_interfaces/include/vehicle_interfaces/msg
[1.753s] -- Up-to-date: /home/ethanreynolds/vscode/robot-rover-2025/code/system/ros2/install/vehicle_interfaces/include/vehicle_interfaces/msg/detail
[1.753s] -- Up-to-date: /home/ethanreynolds/vscode/robot-rover-2025/code/system/ros2/install/vehicle_interfaces/include/vehicle_interfaces/msg/detail/control_data__rosidl_typesupport_fastrtps_cpp.hpp
[1.753s] -- Up-to-date: /home/ethanreynolds/vscode/robot-rover-2025/code/system/ros2/install/vehicle_interfaces/include/vehicle_interfaces/msg/detail/ir_data__rosidl_typesupport_fastrtps_cpp.hpp
[1.753s] -- Up-to-date: /home/ethanreynolds/vscode/robot-rover-2025/code/system/ros2/install/vehicle_interfaces/include/vehicle_interfaces/msg/detail/qmc_data__rosidl_typesupport_fastrtps_cpp.hpp
[1.753s] -- Up-to-date: /home/ethanreynolds/vscode/robot-rover-2025/code/system/ros2/install/vehicle_interfaces/include/vehicle_interfaces/msg/detail/gps_data__rosidl_typesupport_fastrtps_cpp.hpp
[1.762s] -- Up-to-date: /home/ethanreynolds/vscode/robot-rover-2025/code/system/ros2/install/vehicle_interfaces/include/vehicle_interfaces/msg/detail/dds_fastrtps
[1.762s] -- Up-to-date: /home/ethanreynolds/vscode/robot-rover-2025/code/system/ros2/install/vehicle_interfaces/include/vehicle_interfaces/msg/detail/encoder_data__rosidl_typesupport_fastrtps_cpp.hpp
[1.762s] -- Up-to-date: /home/ethanreynolds/vscode/robot-rover-2025/code/system/ros2/install/vehicle_interfaces/include/vehicle_interfaces/msg/detail/temperature_data__rosidl_typesupport_fastrtps_cpp.hpp
[1.763s] -- Up-to-date: /home/ethanreynolds/vscode/robot-rover-2025/code/system/ros2/install/vehicle_interfaces/include/vehicle_interfaces/msg/detail/ultrasonic_data__rosidl_typesupport_fastrtps_cpp.hpp
[1.763s] -- Up-to-date: /home/ethanreynolds/vscode/robot-rover-2025/code/system/ros2/install/vehicle_interfaces/include/vehicle_interfaces/msg/detail/sensor_data__rosidl_typesupport_fastrtps_cpp.hpp
[1.763s] -- Up-to-date: /home/ethanreynolds/vscode/robot-rover-2025/code/system/ros2/install/vehicle_interfaces/include/vehicle_interfaces/msg/detail/to_f_data__rosidl_typesupport_fastrtps_cpp.hpp
[1.763s] -- Up-to-date: /home/ethanreynolds/vscode/robot-rover-2025/code/system/ros2/install/vehicle_interfaces/include/vehicle_interfaces/msg/detail/mpu_data__rosidl_typesupport_fastrtps_cpp.hpp
[1.763s] -- Up-to-date: /home/ethanreynolds/vscode/robot-rover-2025/code/system/ros2/install/vehicle_interfaces/include/vehicle_interfaces/msg/rosidl_typesupport_fastrtps_cpp__visibility_control.h
[1.764s] -- Up-to-date: /home/ethanreynolds/vscode/robot-rover-2025/code/system/ros2/install/vehicle_interfaces/include/vehicle_interfaces/srv
[1.764s] -- Up-to-date: /home/ethanreynolds/vscode/robot-rover-2025/code/system/ros2/install/vehicle_interfaces/include/vehicle_interfaces/srv/detail
[1.764s] -- Up-to-date: /home/ethanreynolds/vscode/robot-rover-2025/code/system/ros2/install/vehicle_interfaces/include/vehicle_interfaces/srv/detail/dds_fastrtps
[1.764s] -- Up-to-date: /home/ethanreynolds/vscode/robot-rover-2025/code/system/ros2/install/vehicle_interfaces/include/vehicle_interfaces/srv/detail/get_serial_port__rosidl_typesupport_fastrtps_cpp.hpp
[1.764s] -- Up-to-date: /home/ethanreynolds/vscode/robot-rover-2025/code/system/ros2/install/vehicle_interfaces/include/vehicle_interfaces/srv/detail/reset_serial_port__rosidl_typesupport_fastrtps_cpp.hpp
[1.765s] -- Up-to-date: /home/ethanreynolds/vscode/robot-rover-2025/code/system/ros2/install/vehicle_interfaces/include/vehicle_interfaces/srv/detail/get_serial_device_status__rosidl_typesupport_fastrtps_cpp.hpp
[1.765s] -- Up-to-date: /home/ethanreynolds/vscode/robot-rover-2025/code/system/ros2/install/vehicle_interfaces/lib/libvehicle_interfaces__rosidl_typesupport_fastrtps_cpp.so
[1.765s] -- Up-to-date: /home/ethanreynolds/vscode/robot-rover-2025/code/system/ros2/install/vehicle_interfaces/include/vehicle_interfaces
[1.765s] -- Up-to-date: /home/ethanreynolds/vscode/robot-rover-2025/code/system/ros2/install/vehicle_interfaces/include/vehicle_interfaces/msg
[1.765s] -- Up-to-date: /home/ethanreynolds/vscode/robot-rover-2025/code/system/ros2/install/vehicle_interfaces/include/vehicle_interfaces/msg/rosidl_typesupport_introspection_c__visibility_control.h
[1.774s] -- Up-to-date: /home/ethanreynolds/vscode/robot-rover-2025/code/system/ros2/install/vehicle_interfaces/include/vehicle_interfaces/msg/detail
[1.774s] -- Up-to-date: /home/ethanreynolds/vscode/robot-rover-2025/code/system/ros2/install/vehicle_interfaces/include/vehicle_interfaces/msg/detail/control_data__rosidl_typesupport_introspection_c.h
[1.774s] -- Up-to-date: /home/ethanreynolds/vscode/robot-rover-2025/code/system/ros2/install/vehicle_interfaces/include/vehicle_interfaces/msg/detail/ir_data__rosidl_typesupport_introspection_c.h
[1.775s] -- Up-to-date: /home/ethanreynolds/vscode/robot-rover-2025/code/system/ros2/install/vehicle_interfaces/include/vehicle_interfaces/msg/detail/to_f_data__type_support.c
[1.775s] -- Up-to-date: /home/ethanreynolds/vscode/robot-rover-2025/code/system/ros2/install/vehicle_interfaces/include/vehicle_interfaces/msg/detail/temperature_data__rosidl_typesupport_introspection_c.h
[1.775s] -- Up-to-date: /home/ethanreynolds/vscode/robot-rover-2025/code/system/ros2/install/vehicle_interfaces/include/vehicle_interfaces/msg/detail/gps_data__rosidl_typesupport_introspection_c.h
[1.775s] -- Up-to-date: /home/ethanreynolds/vscode/robot-rover-2025/code/system/ros2/install/vehicle_interfaces/include/vehicle_interfaces/msg/detail/encoder_data__type_support.c
[1.776s] -- Up-to-date: /home/ethanreynolds/vscode/robot-rover-2025/code/system/ros2/install/vehicle_interfaces/include/vehicle_interfaces/msg/detail/qmc_data__rosidl_typesupport_introspection_c.h
[1.776s] -- Up-to-date: /home/ethanreynolds/vscode/robot-rover-2025/code/system/ros2/install/vehicle_interfaces/include/vehicle_interfaces/msg/detail/ultrasonic_data__rosidl_typesupport_introspection_c.h
[1.776s] -- Up-to-date: /home/ethanreynolds/vscode/robot-rover-2025/code/system/ros2/install/vehicle_interfaces/include/vehicle_interfaces/msg/detail/mpu_data__rosidl_typesupport_introspection_c.h
[1.776s] -- Up-to-date: /home/ethanreynolds/vscode/robot-rover-2025/code/system/ros2/install/vehicle_interfaces/include/vehicle_interfaces/msg/detail/ir_data__type_support.c
[1.776s] -- Up-to-date: /home/ethanreynolds/vscode/robot-rover-2025/code/system/ros2/install/vehicle_interfaces/include/vehicle_interfaces/msg/detail/sensor_data__type_support.c
[1.777s] -- Up-to-date: /home/ethanreynolds/vscode/robot-rover-2025/code/system/ros2/install/vehicle_interfaces/include/vehicle_interfaces/msg/detail/sensor_data__rosidl_typesupport_introspection_c.h
[1.777s] -- Up-to-date: /home/ethanreynolds/vscode/robot-rover-2025/code/system/ros2/install/vehicle_interfaces/include/vehicle_interfaces/msg/detail/ultrasonic_data__type_support.c
[1.777s] -- Up-to-date: /home/ethanreynolds/vscode/robot-rover-2025/code/system/ros2/install/vehicle_interfaces/include/vehicle_interfaces/msg/detail/gps_data__type_support.c
[1.777s] -- Up-to-date: /home/ethanreynolds/vscode/robot-rover-2025/code/system/ros2/install/vehicle_interfaces/include/vehicle_interfaces/msg/detail/qmc_data__type_support.c
[1.777s] -- Up-to-date: /home/ethanreynolds/vscode/robot-rover-2025/code/system/ros2/install/vehicle_interfaces/include/vehicle_interfaces/msg/detail/encoder_data__rosidl_typesupport_introspection_c.h
[1.778s] -- Up-to-date: /home/ethanreynolds/vscode/robot-rover-2025/code/system/ros2/install/vehicle_interfaces/include/vehicle_interfaces/msg/detail/mpu_data__type_support.c
[1.778s] -- Up-to-date: /home/ethanreynolds/vscode/robot-rover-2025/code/system/ros2/install/vehicle_interfaces/include/vehicle_interfaces/msg/detail/to_f_data__rosidl_typesupport_introspection_c.h
[1.778s] -- Up-to-date: /home/ethanreynolds/vscode/robot-rover-2025/code/system/ros2/install/vehicle_interfaces/include/vehicle_interfaces/msg/detail/temperature_data__type_support.c
[1.778s] -- Up-to-date: /home/ethanreynolds/vscode/robot-rover-2025/code/system/ros2/install/vehicle_interfaces/include/vehicle_interfaces/msg/detail/control_data__type_support.c
[1.778s] -- Up-to-date: /home/ethanreynolds/vscode/robot-rover-2025/code/system/ros2/install/vehicle_interfaces/include/vehicle_interfaces/srv
[1.779s] -- Up-to-date: /home/ethanreynolds/vscode/robot-rover-2025/code/system/ros2/install/vehicle_interfaces/include/vehicle_interfaces/srv/detail
[1.779s] -- Up-to-date: /home/ethanreynolds/vscode/robot-rover-2025/code/system/ros2/install/vehicle_interfaces/include/vehicle_interfaces/srv/detail/get_serial_port__rosidl_typesupport_introspection_c.h
[1.779s] -- Up-to-date: /home/ethanreynolds/vscode/robot-rover-2025/code/system/ros2/install/vehicle_interfaces/include/vehicle_interfaces/srv/detail/get_serial_device_status__type_support.c
[1.779s] -- Up-to-date: /home/ethanreynolds/vscode/robot-rover-2025/code/system/ros2/install/vehicle_interfaces/include/vehicle_interfaces/srv/detail/get_serial_port__type_support.c
[1.779s] -- Up-to-date: /home/ethanreynolds/vscode/robot-rover-2025/code/system/ros2/install/vehicle_interfaces/include/vehicle_interfaces/srv/detail/reset_serial_port__type_support.c
[1.780s] -- Up-to-date: /home/ethanreynolds/vscode/robot-rover-2025/code/system/ros2/install/vehicle_interfaces/include/vehicle_interfaces/srv/detail/get_serial_device_status__rosidl_typesupport_introspection_c.h
[1.780s] -- Up-to-date: /home/ethanreynolds/vscode/robot-rover-2025/code/system/ros2/install/vehicle_interfaces/include/vehicle_interfaces/srv/detail/reset_serial_port__rosidl_typesupport_introspection_c.h
[1.780s] -- Up-to-date: /home/ethanreynolds/vscode/robot-rover-2025/code/system/ros2/install/vehicle_interfaces/lib/libvehicle_interfaces__rosidl_typesupport_introspection_c.so
[1.780s] -- Up-to-date: /home/ethanreynolds/vscode/robot-rover-2025/code/system/ros2/install/vehicle_interfaces/lib/libvehicle_interfaces__rosidl_typesupport_c.so
[1.780s] -- Up-to-date: /home/ethanreynolds/vscode/robot-rover-2025/code/system/ros2/install/vehicle_interfaces/include/vehicle_interfaces
[1.781s] -- Up-to-date: /home/ethanreynolds/vscode/robot-rover-2025/code/system/ros2/install/vehicle_interfaces/include/vehicle_interfaces/msg
[1.781s] -- Up-to-date: /home/ethanreynolds/vscode/robot-rover-2025/code/system/ros2/install/vehicle_interfaces/include/vehicle_interfaces/msg/encoder_data.hpp
[1.781s] -- Up-to-date: /home/ethanreynolds/vscode/robot-rover-2025/code/system/ros2/install/vehicle_interfaces/include/vehicle_interfaces/msg/control_data.hpp
[1.781s] -- Up-to-date: /home/ethanreynolds/vscode/robot-rover-2025/code/system/ros2/install/vehicle_interfaces/include/vehicle_interfaces/msg/to_f_data.hpp
[1.781s] -- Up-to-date: /home/ethanreynolds/vscode/robot-rover-2025/code/system/ros2/install/vehicle_interfaces/include/vehicle_interfaces/msg/qmc_data.hpp
[1.794s] -- Up-to-date: /home/ethanreynolds/vscode/robot-rover-2025/code/system/ros2/install/vehicle_interfaces/include/vehicle_interfaces/msg/ultrasonic_data.hpp
[1.794s] -- Up-to-date: /home/ethanreynolds/vscode/robot-rover-2025/code/system/ros2/install/vehicle_interfaces/include/vehicle_interfaces/msg/temperature_data.hpp
[1.794s] -- Up-to-date: /home/ethanreynolds/vscode/robot-rover-2025/code/system/ros2/install/vehicle_interfaces/include/vehicle_interfaces/msg/ir_data.hpp
[1.794s] -- Up-to-date: /home/ethanreynolds/vscode/robot-rover-2025/code/system/ros2/install/vehicle_interfaces/include/vehicle_interfaces/msg/mpu_data.hpp
[1.795s] -- Up-to-date: /home/ethanreynolds/vscode/robot-rover-2025/code/system/ros2/install/vehicle_interfaces/include/vehicle_interfaces/msg/sensor_data.hpp
[1.795s] -- Up-to-date: /home/ethanreynolds/vscode/robot-rover-2025/code/system/ros2/install/vehicle_interfaces/include/vehicle_interfaces/msg/gps_data.hpp
[1.795s] -- Up-to-date: /home/ethanreynolds/vscode/robot-rover-2025/code/system/ros2/install/vehicle_interfaces/include/vehicle_interfaces/msg/detail
[1.795s] -- Up-to-date: /home/ethanreynolds/vscode/robot-rover-2025/code/system/ros2/install/vehicle_interfaces/include/vehicle_interfaces/msg/detail/qmc_data__builder.hpp
[1.795s] -- Up-to-date: /home/ethanreynolds/vscode/robot-rover-2025/code/system/ros2/install/vehicle_interfaces/include/vehicle_interfaces/msg/detail/control_data__type_support.hpp
[1.796s] -- Up-to-date: /home/ethanreynolds/vscode/robot-rover-2025/code/system/ros2/install/vehicle_interfaces/include/vehicle_interfaces/msg/detail/control_data__traits.hpp
[1.796s] -- Up-to-date: /home/ethanreynolds/vscode/robot-rover-2025/code/system/ros2/install/vehicle_interfaces/include/vehicle_interfaces/msg/detail/control_data__builder.hpp
[1.796s] -- Up-to-date: /home/ethanreynolds/vscode/robot-rover-2025/code/system/ros2/install/vehicle_interfaces/include/vehicle_interfaces/msg/detail/to_f_data__struct.hpp
[1.796s] -- Up-to-date: /home/ethanreynolds/vscode/robot-rover-2025/code/system/ros2/install/vehicle_interfaces/include/vehicle_interfaces/msg/detail/to_f_data__builder.hpp
[1.796s] -- Up-to-date: /home/ethanreynolds/vscode/robot-rover-2025/code/system/ros2/install/vehicle_interfaces/include/vehicle_interfaces/msg/detail/ultrasonic_data__traits.hpp
[1.797s] -- Up-to-date: /home/ethanreynolds/vscode/robot-rover-2025/code/system/ros2/install/vehicle_interfaces/include/vehicle_interfaces/msg/detail/ultrasonic_data__type_support.hpp
[1.797s] -- Up-to-date: /home/ethanreynolds/vscode/robot-rover-2025/code/system/ros2/install/vehicle_interfaces/include/vehicle_interfaces/msg/detail/ir_data__struct.hpp
[1.797s] -- Up-to-date: /home/ethanreynolds/vscode/robot-rover-2025/code/system/ros2/install/vehicle_interfaces/include/vehicle_interfaces/msg/detail/mpu_data__builder.hpp
[1.797s] -- Up-to-date: /home/ethanreynolds/vscode/robot-rover-2025/code/system/ros2/install/vehicle_interfaces/include/vehicle_interfaces/msg/detail/ultrasonic_data__builder.hpp
[1.797s] -- Up-to-date: /home/ethanreynolds/vscode/robot-rover-2025/code/system/ros2/install/vehicle_interfaces/include/vehicle_interfaces/msg/detail/gps_data__builder.hpp
[1.806s] -- Up-to-date: /home/ethanreynolds/vscode/robot-rover-2025/code/system/ros2/install/vehicle_interfaces/include/vehicle_interfaces/msg/detail/gps_data__traits.hpp
[1.806s] -- Up-to-date: /home/ethanreynolds/vscode/robot-rover-2025/code/system/ros2/install/vehicle_interfaces/include/vehicle_interfaces/msg/detail/qmc_data__struct.hpp
[1.806s] -- Up-to-date: /home/ethanreynolds/vscode/robot-rover-2025/code/system/ros2/install/vehicle_interfaces/include/vehicle_interfaces/msg/detail/ultrasonic_data__struct.hpp
[1.806s] -- Up-to-date: /home/ethanreynolds/vscode/robot-rover-2025/code/system/ros2/install/vehicle_interfaces/include/vehicle_interfaces/msg/detail/gps_data__struct.hpp
[1.807s] -- Up-to-date: /home/ethanreynolds/vscode/robot-rover-2025/code/system/ros2/install/vehicle_interfaces/include/vehicle_interfaces/msg/detail/mpu_data__type_support.hpp
[1.807s] -- Up-to-date: /home/ethanreynolds/vscode/robot-rover-2025/code/system/ros2/install/vehicle_interfaces/include/vehicle_interfaces/msg/detail/gps_data__type_support.hpp
[1.807s] -- Up-to-date: /home/ethanreynolds/vscode/robot-rover-2025/code/system/ros2/install/vehicle_interfaces/include/vehicle_interfaces/msg/detail/encoder_data__struct.hpp
[1.807s] -- Up-to-date: /home/ethanreynolds/vscode/robot-rover-2025/code/system/ros2/install/vehicle_interfaces/include/vehicle_interfaces/msg/detail/temperature_data__type_support.hpp
[1.807s] -- Up-to-date: /home/ethanreynolds/vscode/robot-rover-2025/code/system/ros2/install/vehicle_interfaces/include/vehicle_interfaces/msg/detail/encoder_data__type_support.hpp
[1.808s] -- Up-to-date: /home/ethanreynolds/vscode/robot-rover-2025/code/system/ros2/install/vehicle_interfaces/include/vehicle_interfaces/msg/detail/encoder_data__builder.hpp
[1.808s] -- Up-to-date: /home/ethanreynolds/vscode/robot-rover-2025/code/system/ros2/install/vehicle_interfaces/include/vehicle_interfaces/msg/detail/sensor_data__traits.hpp
[1.808s] -- Up-to-date: /home/ethanreynolds/vscode/robot-rover-2025/code/system/ros2/install/vehicle_interfaces/include/vehicle_interfaces/msg/detail/qmc_data__traits.hpp
[1.808s] -- Up-to-date: /home/ethanreynolds/vscode/robot-rover-2025/code/system/ros2/install/vehicle_interfaces/include/vehicle_interfaces/msg/detail/mpu_data__struct.hpp
[1.808s] -- Up-to-date: /home/ethanreynolds/vscode/robot-rover-2025/code/system/ros2/install/vehicle_interfaces/include/vehicle_interfaces/msg/detail/mpu_data__traits.hpp
[1.809s] -- Up-to-date: /home/ethanreynolds/vscode/robot-rover-2025/code/system/ros2/install/vehicle_interfaces/include/vehicle_interfaces/msg/detail/temperature_data__builder.hpp
[1.809s] -- Up-to-date: /home/ethanreynolds/vscode/robot-rover-2025/code/system/ros2/install/vehicle_interfaces/include/vehicle_interfaces/msg/detail/sensor_data__type_support.hpp
[1.809s] -- Up-to-date: /home/ethanreynolds/vscode/robot-rover-2025/code/system/ros2/install/vehicle_interfaces/include/vehicle_interfaces/msg/detail/sensor_data__builder.hpp
[1.809s] -- Up-to-date: /home/ethanreynolds/vscode/robot-rover-2025/code/system/ros2/install/vehicle_interfaces/include/vehicle_interfaces/msg/detail/ir_data__builder.hpp
[1.809s] -- Up-to-date: /home/ethanreynolds/vscode/robot-rover-2025/code/system/ros2/install/vehicle_interfaces/include/vehicle_interfaces/msg/detail/to_f_data__traits.hpp
[1.816s] -- Up-to-date: /home/ethanreynolds/vscode/robot-rover-2025/code/system/ros2/install/vehicle_interfaces/include/vehicle_interfaces/msg/detail/control_data__struct.hpp
[1.816s] -- Up-to-date: /home/ethanreynolds/vscode/robot-rover-2025/code/system/ros2/install/vehicle_interfaces/include/vehicle_interfaces/msg/detail/encoder_data__traits.hpp
[1.817s] -- Up-to-date: /home/ethanreynolds/vscode/robot-rover-2025/code/system/ros2/install/vehicle_interfaces/include/vehicle_interfaces/msg/detail/temperature_data__traits.hpp
[1.817s] -- Up-to-date: /home/ethanreynolds/vscode/robot-rover-2025/code/system/ros2/install/vehicle_interfaces/include/vehicle_interfaces/msg/detail/ir_data__traits.hpp
[1.817s] -- Up-to-date: /home/ethanreynolds/vscode/robot-rover-2025/code/system/ros2/install/vehicle_interfaces/include/vehicle_interfaces/msg/detail/sensor_data__struct.hpp
[1.817s] -- Up-to-date: /home/ethanreynolds/vscode/robot-rover-2025/code/system/ros2/install/vehicle_interfaces/include/vehicle_interfaces/msg/detail/qmc_data__type_support.hpp
[1.817s] -- Up-to-date: /home/ethanreynolds/vscode/robot-rover-2025/code/system/ros2/install/vehicle_interfaces/include/vehicle_interfaces/msg/detail/to_f_data__type_support.hpp
[1.818s] -- Up-to-date: /home/ethanreynolds/vscode/robot-rover-2025/code/system/ros2/install/vehicle_interfaces/include/vehicle_interfaces/msg/detail/temperature_data__struct.hpp
[1.818s] -- Up-to-date: /home/ethanreynolds/vscode/robot-rover-2025/code/system/ros2/install/vehicle_interfaces/include/vehicle_interfaces/msg/detail/ir_data__type_support.hpp
[1.818s] -- Up-to-date: /home/ethanreynolds/vscode/robot-rover-2025/code/system/ros2/install/vehicle_interfaces/include/vehicle_interfaces/msg/rosidl_generator_cpp__visibility_control.hpp
[1.818s] -- Up-to-date: /home/ethanreynolds/vscode/robot-rover-2025/code/system/ros2/install/vehicle_interfaces/include/vehicle_interfaces/srv
[1.818s] -- Up-to-date: /home/ethanreynolds/vscode/robot-rover-2025/code/system/ros2/install/vehicle_interfaces/include/vehicle_interfaces/srv/get_serial_port.hpp
[1.819s] -- Up-to-date: /home/ethanreynolds/vscode/robot-rover-2025/code/system/ros2/install/vehicle_interfaces/include/vehicle_interfaces/srv/get_serial_device_status.hpp
[1.819s] -- Up-to-date: /home/ethanreynolds/vscode/robot-rover-2025/code/system/ros2/install/vehicle_interfaces/include/vehicle_interfaces/srv/reset_serial_port.hpp
[1.819s] -- Up-to-date: /home/ethanreynolds/vscode/robot-rover-2025/code/system/ros2/install/vehicle_interfaces/include/vehicle_interfaces/srv/detail
[1.819s] -- Up-to-date: /home/ethanreynolds/vscode/robot-rover-2025/code/system/ros2/install/vehicle_interfaces/include/vehicle_interfaces/srv/detail/reset_serial_port__traits.hpp
[1.820s] -- Up-to-date: /home/ethanreynolds/vscode/robot-rover-2025/code/system/ros2/install/vehicle_interfaces/include/vehicle_interfaces/srv/detail/get_serial_port__traits.hpp
[1.820s] -- Up-to-date: /home/ethanreynolds/vscode/robot-rover-2025/code/system/ros2/install/vehicle_interfaces/include/vehicle_interfaces/srv/detail/get_serial_port__builder.hpp
[1.820s] -- Up-to-date: /home/ethanreynolds/vscode/robot-rover-2025/code/system/ros2/install/vehicle_interfaces/include/vehicle_interfaces/srv/detail/get_serial_device_status__builder.hpp
[1.820s] -- Up-to-date: /home/ethanreynolds/vscode/robot-rover-2025/code/system/ros2/install/vehicle_interfaces/include/vehicle_interfaces/srv/detail/reset_serial_port__builder.hpp
[1.820s] -- Up-to-date: /home/ethanreynolds/vscode/robot-rover-2025/code/system/ros2/install/vehicle_interfaces/include/vehicle_interfaces/srv/detail/get_serial_port__type_support.hpp
[1.821s] -- Up-to-date: /home/ethanreynolds/vscode/robot-rover-2025/code/system/ros2/install/vehicle_interfaces/include/vehicle_interfaces/srv/detail/reset_serial_port__type_support.hpp
[1.821s] -- Up-to-date: /home/ethanreynolds/vscode/robot-rover-2025/code/system/ros2/install/vehicle_interfaces/include/vehicle_interfaces/srv/detail/get_serial_device_status__traits.hpp
[1.821s] -- Up-to-date: /home/ethanreynolds/vscode/robot-rover-2025/code/system/ros2/install/vehicle_interfaces/include/vehicle_interfaces/srv/detail/get_serial_device_status__struct.hpp
[1.821s] -- Up-to-date: /home/ethanreynolds/vscode/robot-rover-2025/code/system/ros2/install/vehicle_interfaces/include/vehicle_interfaces/srv/detail/get_serial_port__struct.hpp
[1.821s] -- Up-to-date: /home/ethanreynolds/vscode/robot-rover-2025/code/system/ros2/install/vehicle_interfaces/include/vehicle_interfaces/srv/detail/get_serial_device_status__type_support.hpp
[1.838s] -- Up-to-date: /home/ethanreynolds/vscode/robot-rover-2025/code/system/ros2/install/vehicle_interfaces/include/vehicle_interfaces/srv/detail/reset_serial_port__struct.hpp
[1.838s] -- Up-to-date: /home/ethanreynolds/vscode/robot-rover-2025/code/system/ros2/install/vehicle_interfaces/include/vehicle_interfaces
[1.839s] -- Up-to-date: /home/ethanreynolds/vscode/robot-rover-2025/code/system/ros2/install/vehicle_interfaces/include/vehicle_interfaces/msg
[1.839s] -- Up-to-date: /home/ethanreynolds/vscode/robot-rover-2025/code/system/ros2/install/vehicle_interfaces/include/vehicle_interfaces/msg/detail
[1.839s] -- Up-to-date: /home/ethanreynolds/vscode/robot-rover-2025/code/system/ros2/install/vehicle_interfaces/include/vehicle_interfaces/msg/detail/mpu_data__rosidl_typesupport_introspection_cpp.hpp
[1.839s] -- Up-to-date: /home/ethanreynolds/vscode/robot-rover-2025/code/system/ros2/install/vehicle_interfaces/include/vehicle_interfaces/msg/detail/sensor_data__type_support.cpp
[1.839s] -- Up-to-date: /home/ethanreynolds/vscode/robot-rover-2025/code/system/ros2/install/vehicle_interfaces/include/vehicle_interfaces/msg/detail/qmc_data__type_support.cpp
[1.840s] -- Up-to-date: /home/ethanreynolds/vscode/robot-rover-2025/code/system/ros2/install/vehicle_interfaces/include/vehicle_interfaces/msg/detail/qmc_data__rosidl_typesupport_introspection_cpp.hpp
[1.840s] -- Up-to-date: /home/ethanreynolds/vscode/robot-rover-2025/code/system/ros2/install/vehicle_interfaces/include/vehicle_interfaces/msg/detail/to_f_data__rosidl_typesupport_introspection_cpp.hpp
[1.840s] -- Up-to-date: /home/ethanreynolds/vscode/robot-rover-2025/code/system/ros2/install/vehicle_interfaces/include/vehicle_interfaces/msg/detail/ir_data__type_support.cpp
[1.840s] -- Up-to-date: /home/ethanreynolds/vscode/robot-rover-2025/code/system/ros2/install/vehicle_interfaces/include/vehicle_interfaces/msg/detail/gps_data__type_support.cpp
[1.840s] -- Up-to-date: /home/ethanreynolds/vscode/robot-rover-2025/code/system/ros2/install/vehicle_interfaces/include/vehicle_interfaces/msg/detail/encoder_data__type_support.cpp
[1.841s] -- Up-to-date: /home/ethanreynolds/vscode/robot-rover-2025/code/system/ros2/install/vehicle_interfaces/include/vehicle_interfaces/msg/detail/to_f_data__type_support.cpp
[1.841s] -- Up-to-date: /home/ethanreynolds/vscode/robot-rover-2025/code/system/ros2/install/vehicle_interfaces/include/vehicle_interfaces/msg/detail/ir_data__rosidl_typesupport_introspection_cpp.hpp
[1.841s] -- Up-to-date: /home/ethanreynolds/vscode/robot-rover-2025/code/system/ros2/install/vehicle_interfaces/include/vehicle_interfaces/msg/detail/temperature_data__rosidl_typesupport_introspection_cpp.hpp
[1.841s] -- Up-to-date: /home/ethanreynolds/vscode/robot-rover-2025/code/system/ros2/install/vehicle_interfaces/include/vehicle_interfaces/msg/detail/control_data__type_support.cpp
[1.841s] -- Up-to-date: /home/ethanreynolds/vscode/robot-rover-2025/code/system/ros2/install/vehicle_interfaces/include/vehicle_interfaces/msg/detail/sensor_data__rosidl_typesupport_introspection_cpp.hpp
[1.842s] -- Up-to-date: /home/ethanreynolds/vscode/robot-rover-2025/code/system/ros2/install/vehicle_interfaces/include/vehicle_interfaces/msg/detail/temperature_data__type_support.cpp
[1.842s] -- Up-to-date: /home/ethanreynolds/vscode/robot-rover-2025/code/system/ros2/install/vehicle_interfaces/include/vehicle_interfaces/msg/detail/control_data__rosidl_typesupport_introspection_cpp.hpp
[1.842s] -- Up-to-date: /home/ethanreynolds/vscode/robot-rover-2025/code/system/ros2/install/vehicle_interfaces/include/vehicle_interfaces/msg/detail/mpu_data__type_support.cpp
[1.842s] -- Up-to-date: /home/ethanreynolds/vscode/robot-rover-2025/code/system/ros2/install/vehicle_interfaces/include/vehicle_interfaces/msg/detail/gps_data__rosidl_typesupport_introspection_cpp.hpp
[1.842s] -- Up-to-date: /home/ethanreynolds/vscode/robot-rover-2025/code/system/ros2/install/vehicle_interfaces/include/vehicle_interfaces/msg/detail/encoder_data__rosidl_typesupport_introspection_cpp.hpp
[1.843s] -- Up-to-date: /home/ethanreynolds/vscode/robot-rover-2025/code/system/ros2/install/vehicle_interfaces/include/vehicle_interfaces/msg/detail/ultrasonic_data__type_support.cpp
[1.843s] -- Up-to-date: /home/ethanreynolds/vscode/robot-rover-2025/code/system/ros2/install/vehicle_interfaces/include/vehicle_interfaces/msg/detail/ultrasonic_data__rosidl_typesupport_introspection_cpp.hpp
[1.843s] -- Up-to-date: /home/ethanreynolds/vscode/robot-rover-2025/code/system/ros2/install/vehicle_interfaces/include/vehicle_interfaces/srv
[1.843s] -- Up-to-date: /home/ethanreynolds/vscode/robot-rover-2025/code/system/ros2/install/vehicle_interfaces/include/vehicle_interfaces/srv/detail
[1.843s] -- Up-to-date: /home/ethanreynolds/vscode/robot-rover-2025/code/system/ros2/install/vehicle_interfaces/include/vehicle_interfaces/srv/detail/get_serial_device_status__type_support.cpp
[1.844s] -- Up-to-date: /home/ethanreynolds/vscode/robot-rover-2025/code/system/ros2/install/vehicle_interfaces/include/vehicle_interfaces/srv/detail/get_serial_port__type_support.cpp
[1.844s] -- Up-to-date: /home/ethanreynolds/vscode/robot-rover-2025/code/system/ros2/install/vehicle_interfaces/include/vehicle_interfaces/srv/detail/get_serial_device_status__rosidl_typesupport_introspection_cpp.hpp
[1.844s] -- Up-to-date: /home/ethanreynolds/vscode/robot-rover-2025/code/system/ros2/install/vehicle_interfaces/include/vehicle_interfaces/srv/detail/get_serial_port__rosidl_typesupport_introspection_cpp.hpp
[1.844s] -- Up-to-date: /home/ethanreynolds/vscode/robot-rover-2025/code/system/ros2/install/vehicle_interfaces/include/vehicle_interfaces/srv/detail/reset_serial_port__type_support.cpp
[1.844s] -- Up-to-date: /home/ethanreynolds/vscode/robot-rover-2025/code/system/ros2/install/vehicle_interfaces/include/vehicle_interfaces/srv/detail/reset_serial_port__rosidl_typesupport_introspection_cpp.hpp
[1.845s] -- Up-to-date: /home/ethanreynolds/vscode/robot-rover-2025/code/system/ros2/install/vehicle_interfaces/lib/libvehicle_interfaces__rosidl_typesupport_introspection_cpp.so
[1.845s] -- Up-to-date: /home/ethanreynolds/vscode/robot-rover-2025/code/system/ros2/install/vehicle_interfaces/lib/libvehicle_interfaces__rosidl_typesupport_cpp.so
[1.845s] -- Up-to-date: /home/ethanreynolds/vscode/robot-rover-2025/code/system/ros2/install/vehicle_interfaces/share/vehicle_interfaces/environment/pythonpath.sh
[1.845s] -- Up-to-date: /home/ethanreynolds/vscode/robot-rover-2025/code/system/ros2/install/vehicle_interfaces/share/vehicle_interfaces/environment/pythonpath.dsv
[1.845s] -- Up-to-date: /home/ethanreynolds/vscode/robot-rover-2025/code/system/ros2/install/vehicle_interfaces/lib/python3.8/site-packages/vehicle_interfaces/__init__.py
[1.972s] -- Up-to-date: /home/ethanreynolds/vscode/robot-rover-2025/code/system/ros2/install/vehicle_interfaces/lib/python3.8/site-packages/vehicle_interfaces/srv
[1.972s] -- Up-to-date: /home/ethanreynolds/vscode/robot-rover-2025/code/system/ros2/install/vehicle_interfaces/lib/python3.8/site-packages/vehicle_interfaces/srv/_reset_serial_port.py
[1.973s] -- Up-to-date: /home/ethanreynolds/vscode/robot-rover-2025/code/system/ros2/install/vehicle_interfaces/lib/python3.8/site-packages/vehicle_interfaces/srv/_get_serial_port.py
[1.973s] -- Up-to-date: /home/ethanreynolds/vscode/robot-rover-2025/code/system/ros2/install/vehicle_interfaces/lib/python3.8/site-packages/vehicle_interfaces/srv/_get_serial_device_status_s.c
[1.973s] -- Up-to-date: /home/ethanreynolds/vscode/robot-rover-2025/code/system/ros2/install/vehicle_interfaces/lib/python3.8/site-packages/vehicle_interfaces/srv/_get_serial_device_status.py
[1.973s] -- Up-to-date: /home/ethanreynolds/vscode/robot-rover-2025/code/system/ros2/install/vehicle_interfaces/lib/python3.8/site-packages/vehicle_interfaces/srv/__init__.py
[1.974s] -- Up-to-date: /home/ethanreynolds/vscode/robot-rover-2025/code/system/ros2/install/vehicle_interfaces/lib/python3.8/site-packages/vehicle_interfaces/srv/_get_serial_port_s.c
[1.974s] -- Up-to-date: /home/ethanreynolds/vscode/robot-rover-2025/code/system/ros2/install/vehicle_interfaces/lib/python3.8/site-packages/vehicle_interfaces/srv/_reset_serial_port_s.c
[1.974s] -- Up-to-date: /home/ethanreynolds/vscode/robot-rover-2025/code/system/ros2/install/vehicle_interfaces/lib/python3.8/site-packages/vehicle_interfaces/msg
[1.974s] -- Up-to-date: /home/ethanreynolds/vscode/robot-rover-2025/code/system/ros2/install/vehicle_interfaces/lib/python3.8/site-packages/vehicle_interfaces/msg/_qmc_data_s.c
[1.975s] -- Up-to-date: /home/ethanreynolds/vscode/robot-rover-2025/code/system/ros2/install/vehicle_interfaces/lib/python3.8/site-packages/vehicle_interfaces/msg/_qmc_data.py
[1.975s] -- Up-to-date: /home/ethanreynolds/vscode/robot-rover-2025/code/system/ros2/install/vehicle_interfaces/lib/python3.8/site-packages/vehicle_interfaces/msg/_sensor_data_s.c
[1.975s] -- Up-to-date: /home/ethanreynolds/vscode/robot-rover-2025/code/system/ros2/install/vehicle_interfaces/lib/python3.8/site-packages/vehicle_interfaces/msg/_ultrasonic_data_s.c
[1.975s] -- Up-to-date: /home/ethanreynolds/vscode/robot-rover-2025/code/system/ros2/install/vehicle_interfaces/lib/python3.8/site-packages/vehicle_interfaces/msg/_ir_data.py
[1.975s] -- Up-to-date: /home/ethanreynolds/vscode/robot-rover-2025/code/system/ros2/install/vehicle_interfaces/lib/python3.8/site-packages/vehicle_interfaces/msg/_control_data_s.c
[1.976s] -- Up-to-date: /home/ethanreynolds/vscode/robot-rover-2025/code/system/ros2/install/vehicle_interfaces/lib/python3.8/site-packages/vehicle_interfaces/msg/_temperature_data.py
[1.976s] -- Up-to-date: /home/ethanreynolds/vscode/robot-rover-2025/code/system/ros2/install/vehicle_interfaces/lib/python3.8/site-packages/vehicle_interfaces/msg/_ir_data_s.c
[1.976s] -- Up-to-date: /home/ethanreynolds/vscode/robot-rover-2025/code/system/ros2/install/vehicle_interfaces/lib/python3.8/site-packages/vehicle_interfaces/msg/_ultrasonic_data.py
[1.976s] -- Up-to-date: /home/ethanreynolds/vscode/robot-rover-2025/code/system/ros2/install/vehicle_interfaces/lib/python3.8/site-packages/vehicle_interfaces/msg/_gps_data_s.c
[1.976s] -- Up-to-date: /home/ethanreynolds/vscode/robot-rover-2025/code/system/ros2/install/vehicle_interfaces/lib/python3.8/site-packages/vehicle_interfaces/msg/_encoder_data.py
[1.977s] -- Up-to-date: /home/ethanreynolds/vscode/robot-rover-2025/code/system/ros2/install/vehicle_interfaces/lib/python3.8/site-packages/vehicle_interfaces/msg/__init__.py
[1.977s] -- Up-to-date: /home/ethanreynolds/vscode/robot-rover-2025/code/system/ros2/install/vehicle_interfaces/lib/python3.8/site-packages/vehicle_interfaces/msg/_mpu_data.py
[1.977s] -- Up-to-date: /home/ethanreynolds/vscode/robot-rover-2025/code/system/ros2/install/vehicle_interfaces/lib/python3.8/site-packages/vehicle_interfaces/msg/_temperature_data_s.c
[1.977s] -- Up-to-date: /home/ethanreynolds/vscode/robot-rover-2025/code/system/ros2/install/vehicle_interfaces/lib/python3.8/site-packages/vehicle_interfaces/msg/_gps_data.py
[1.977s] -- Up-to-date: /home/ethanreynolds/vscode/robot-rover-2025/code/system/ros2/install/vehicle_interfaces/lib/python3.8/site-packages/vehicle_interfaces/msg/_to_f_data.py
[1.978s] -- Up-to-date: /home/ethanreynolds/vscode/robot-rover-2025/code/system/ros2/install/vehicle_interfaces/lib/python3.8/site-packages/vehicle_interfaces/msg/_control_data.py
[1.978s] -- Up-to-date: /home/ethanreynolds/vscode/robot-rover-2025/code/system/ros2/install/vehicle_interfaces/lib/python3.8/site-packages/vehicle_interfaces/msg/_encoder_data_s.c
[1.978s] -- Up-to-date: /home/ethanreynolds/vscode/robot-rover-2025/code/system/ros2/install/vehicle_interfaces/lib/python3.8/site-packages/vehicle_interfaces/msg/_mpu_data_s.c
[1.978s] -- Up-to-date: /home/ethanreynolds/vscode/robot-rover-2025/code/system/ros2/install/vehicle_interfaces/lib/python3.8/site-packages/vehicle_interfaces/msg/_to_f_data_s.c
[1.978s] -- Up-to-date: /home/ethanreynolds/vscode/robot-rover-2025/code/system/ros2/install/vehicle_interfaces/lib/python3.8/site-packages/vehicle_interfaces/msg/_sensor_data.py
[1.979s] -- Up-to-date: /home/ethanreynolds/vscode/robot-rover-2025/code/system/ros2/install/vehicle_interfaces/lib/python3.8/site-packages/vehicle_interfaces/vehicle_interfaces_s__rosidl_typesupport_fastrtps_c.cpython-38-x86_64-linux-gnu.so
[1.986s] -- Up-to-date: /home/ethanreynolds/vscode/robot-rover-2025/code/system/ros2/install/vehicle_interfaces/lib/python3.8/site-packages/vehicle_interfaces/vehicle_interfaces_s__rosidl_typesupport_introspection_c.cpython-38-x86_64-linux-gnu.so
[1.986s] -- Up-to-date: /home/ethanreynolds/vscode/robot-rover-2025/code/system/ros2/install/vehicle_interfaces/lib/python3.8/site-packages/vehicle_interfaces/vehicle_interfaces_s__rosidl_typesupport_c.cpython-38-x86_64-linux-gnu.so
[1.986s] -- Up-to-date: /home/ethanreynolds/vscode/robot-rover-2025/code/system/ros2/install/vehicle_interfaces/lib/libvehicle_interfaces__python.so
[1.987s] -- Up-to-date: /home/ethanreynolds/vscode/robot-rover-2025/code/system/ros2/install/vehicle_interfaces/share/vehicle_interfaces/srv/GetSerialPort.idl
[1.987s] -- Up-to-date: /home/ethanreynolds/vscode/robot-rover-2025/code/system/ros2/install/vehicle_interfaces/share/vehicle_interfaces/srv/ResetSerialPort.idl
[1.987s] -- Up-to-date: /home/ethanreynolds/vscode/robot-rover-2025/code/system/ros2/install/vehicle_interfaces/share/vehicle_interfaces/srv/GetSerialDeviceStatus.idl
[1.987s] -- Up-to-date: /home/ethanreynolds/vscode/robot-rover-2025/code/system/ros2/install/vehicle_interfaces/share/vehicle_interfaces/msg/SensorData.idl
[1.987s] -- Up-to-date: /home/ethanreynolds/vscode/robot-rover-2025/code/system/ros2/install/vehicle_interfaces/share/vehicle_interfaces/msg/ControlData.idl
[1.988s] -- Up-to-date: /home/ethanreynolds/vscode/robot-rover-2025/code/system/ros2/install/vehicle_interfaces/share/vehicle_interfaces/msg/EncoderData.idl
[1.988s] -- Up-to-date: /home/ethanreynolds/vscode/robot-rover-2025/code/system/ros2/install/vehicle_interfaces/share/vehicle_interfaces/msg/GPSData.idl
[1.988s] -- Up-to-date: /home/ethanreynolds/vscode/robot-rover-2025/code/system/ros2/install/vehicle_interfaces/share/vehicle_interfaces/msg/IRData.idl
[1.988s] -- Up-to-date: /home/ethanreynolds/vscode/robot-rover-2025/code/system/ros2/install/vehicle_interfaces/share/vehicle_interfaces/msg/MPUData.idl
[1.989s] -- Up-to-date: /home/ethanreynolds/vscode/robot-rover-2025/code/system/ros2/install/vehicle_interfaces/share/vehicle_interfaces/msg/QMCData.idl
[1.989s] -- Up-to-date: /home/ethanreynolds/vscode/robot-rover-2025/code/system/ros2/install/vehicle_interfaces/share/vehicle_interfaces/msg/TemperatureData.idl
[1.989s] -- Up-to-date: /home/ethanreynolds/vscode/robot-rover-2025/code/system/ros2/install/vehicle_interfaces/share/vehicle_interfaces/msg/ToFData.idl
[1.989s] -- Up-to-date: /home/ethanreynolds/vscode/robot-rover-2025/code/system/ros2/install/vehicle_interfaces/share/vehicle_interfaces/msg/UltrasonicData.idl
[1.989s] -- Up-to-date: /home/ethanreynolds/vscode/robot-rover-2025/code/system/ros2/install/vehicle_interfaces/share/vehicle_interfaces/srv/GetSerialPort.srv
[1.990s] -- Up-to-date: /home/ethanreynolds/vscode/robot-rover-2025/code/system/ros2/install/vehicle_interfaces/share/vehicle_interfaces/srv/GetSerialPort_Request.msg
[1.990s] -- Up-to-date: /home/ethanreynolds/vscode/robot-rover-2025/code/system/ros2/install/vehicle_interfaces/share/vehicle_interfaces/srv/GetSerialPort_Response.msg
[1.990s] -- Up-to-date: /home/ethanreynolds/vscode/robot-rover-2025/code/system/ros2/install/vehicle_interfaces/share/vehicle_interfaces/srv/ResetSerialPort.srv
[1.990s] -- Up-to-date: /home/ethanreynolds/vscode/robot-rover-2025/code/system/ros2/install/vehicle_interfaces/share/vehicle_interfaces/srv/ResetSerialPort_Request.msg
[1.990s] -- Up-to-date: /home/ethanreynolds/vscode/robot-rover-2025/code/system/ros2/install/vehicle_interfaces/share/vehicle_interfaces/srv/ResetSerialPort_Response.msg
[1.991s] -- Up-to-date: /home/ethanreynolds/vscode/robot-rover-2025/code/system/ros2/install/vehicle_interfaces/share/vehicle_interfaces/srv/GetSerialDeviceStatus.srv
[1.991s] -- Up-to-date: /home/ethanreynolds/vscode/robot-rover-2025/code/system/ros2/install/vehicle_interfaces/share/vehicle_interfaces/srv/GetSerialDeviceStatus_Request.msg
[1.991s] -- Up-to-date: /home/ethanreynolds/vscode/robot-rover-2025/code/system/ros2/install/vehicle_interfaces/share/vehicle_interfaces/srv/GetSerialDeviceStatus_Response.msg
[1.991s] -- Up-to-date: /home/ethanreynolds/vscode/robot-rover-2025/code/system/ros2/install/vehicle_interfaces/share/vehicle_interfaces/msg/SensorData.msg
[1.994s] -- Up-to-date: /home/ethanreynolds/vscode/robot-rover-2025/code/system/ros2/install/vehicle_interfaces/share/vehicle_interfaces/msg/ControlData.msg
[1.994s] -- Up-to-date: /home/ethanreynolds/vscode/robot-rover-2025/code/system/ros2/install/vehicle_interfaces/share/vehicle_interfaces/msg/EncoderData.msg
[1.995s] -- Up-to-date: /home/ethanreynolds/vscode/robot-rover-2025/code/system/ros2/install/vehicle_interfaces/share/vehicle_interfaces/msg/GPSData.msg
[1.995s] -- Up-to-date: /home/ethanreynolds/vscode/robot-rover-2025/code/system/ros2/install/vehicle_interfaces/share/vehicle_interfaces/msg/IRData.msg
[1.995s] -- Up-to-date: /home/ethanreynolds/vscode/robot-rover-2025/code/system/ros2/install/vehicle_interfaces/share/vehicle_interfaces/msg/MPUData.msg
[1.996s] -- Up-to-date: /home/ethanreynolds/vscode/robot-rover-2025/code/system/ros2/install/vehicle_interfaces/share/vehicle_interfaces/msg/QMCData.msg
[1.996s] -- Up-to-date: /home/ethanreynolds/vscode/robot-rover-2025/code/system/ros2/install/vehicle_interfaces/share/vehicle_interfaces/msg/TemperatureData.msg
[1.996s] -- Up-to-date: /home/ethanreynolds/vscode/robot-rover-2025/code/system/ros2/install/vehicle_interfaces/share/vehicle_interfaces/msg/ToFData.msg
[1.996s] -- Up-to-date: /home/ethanreynolds/vscode/robot-rover-2025/code/system/ros2/install/vehicle_interfaces/share/vehicle_interfaces/msg/UltrasonicData.msg
[1.997s] -- Up-to-date: /home/ethanreynolds/vscode/robot-rover-2025/code/system/ros2/install/vehicle_interfaces/share/ament_index/resource_index/package_run_dependencies/vehicle_interfaces
[1.997s] -- Up-to-date: /home/ethanreynolds/vscode/robot-rover-2025/code/system/ros2/install/vehicle_interfaces/share/ament_index/resource_index/parent_prefix_path/vehicle_interfaces
[1.997s] -- Up-to-date: /home/ethanreynolds/vscode/robot-rover-2025/code/system/ros2/install/vehicle_interfaces/share/vehicle_interfaces/environment/ament_prefix_path.sh
[1.998s] -- Up-to-date: /home/ethanreynolds/vscode/robot-rover-2025/code/system/ros2/install/vehicle_interfaces/share/vehicle_interfaces/environment/ament_prefix_path.dsv
[1.998s] -- Up-to-date: /home/ethanreynolds/vscode/robot-rover-2025/code/system/ros2/install/vehicle_interfaces/share/vehicle_interfaces/environment/path.sh
[2.006s] -- Up-to-date: /home/ethanreynolds/vscode/robot-rover-2025/code/system/ros2/install/vehicle_interfaces/share/vehicle_interfaces/environment/path.dsv
[2.006s] -- Up-to-date: /home/ethanreynolds/vscode/robot-rover-2025/code/system/ros2/install/vehicle_interfaces/share/vehicle_interfaces/local_setup.bash
[2.007s] -- Up-to-date: /home/ethanreynolds/vscode/robot-rover-2025/code/system/ros2/install/vehicle_interfaces/share/vehicle_interfaces/local_setup.sh
[2.007s] -- Up-to-date: /home/ethanreynolds/vscode/robot-rover-2025/code/system/ros2/install/vehicle_interfaces/share/vehicle_interfaces/local_setup.zsh
[2.007s] -- Up-to-date: /home/ethanreynolds/vscode/robot-rover-2025/code/system/ros2/install/vehicle_interfaces/share/vehicle_interfaces/local_setup.dsv
[2.007s] -- Installing: /home/ethanreynolds/vscode/robot-rover-2025/code/system/ros2/install/vehicle_interfaces/share/vehicle_interfaces/package.dsv
[2.008s] -- Up-to-date: /home/ethanreynolds/vscode/robot-rover-2025/code/system/ros2/install/vehicle_interfaces/share/ament_index/resource_index/packages/vehicle_interfaces
[2.008s] -- Up-to-date: /home/ethanreynolds/vscode/robot-rover-2025/code/system/ros2/install/vehicle_interfaces/share/vehicle_interfaces/cmake/vehicle_interfaces__rosidl_generator_cExport.cmake
[2.008s] -- Up-to-date: /home/ethanreynolds/vscode/robot-rover-2025/code/system/ros2/install/vehicle_interfaces/share/vehicle_interfaces/cmake/vehicle_interfaces__rosidl_generator_cExport-noconfig.cmake
[2.008s] -- Up-to-date: /home/ethanreynolds/vscode/robot-rover-2025/code/system/ros2/install/vehicle_interfaces/share/vehicle_interfaces/cmake/vehicle_interfaces__rosidl_typesupport_introspection_cExport.cmake
[2.008s] -- Up-to-date: /home/ethanreynolds/vscode/robot-rover-2025/code/system/ros2/install/vehicle_interfaces/share/vehicle_interfaces/cmake/vehicle_interfaces__rosidl_typesupport_introspection_cExport-noconfig.cmake
[2.009s] -- Up-to-date: /home/ethanreynolds/vscode/robot-rover-2025/code/system/ros2/install/vehicle_interfaces/share/vehicle_interfaces/cmake/vehicle_interfaces__rosidl_typesupport_cExport.cmake
[2.009s] -- Up-to-date: /home/ethanreynolds/vscode/robot-rover-2025/code/system/ros2/install/vehicle_interfaces/share/vehicle_interfaces/cmake/vehicle_interfaces__rosidl_typesupport_cExport-noconfig.cmake
[2.009s] -- Up-to-date: /home/ethanreynolds/vscode/robot-rover-2025/code/system/ros2/install/vehicle_interfaces/share/vehicle_interfaces/cmake/vehicle_interfaces__rosidl_generator_cppExport.cmake
[2.009s] -- Up-to-date: /home/ethanreynolds/vscode/robot-rover-2025/code/system/ros2/install/vehicle_interfaces/share/vehicle_interfaces/cmake/vehicle_interfaces__rosidl_typesupport_introspection_cppExport.cmake
[2.009s] -- Up-to-date: /home/ethanreynolds/vscode/robot-rover-2025/code/system/ros2/install/vehicle_interfaces/share/vehicle_interfaces/cmake/vehicle_interfaces__rosidl_typesupport_introspection_cppExport-noconfig.cmake
[2.010s] -- Up-to-date: /home/ethanreynolds/vscode/robot-rover-2025/code/system/ros2/install/vehicle_interfaces/share/vehicle_interfaces/cmake/vehicle_interfaces__rosidl_typesupport_cppExport.cmake
[2.010s] -- Up-to-date: /home/ethanreynolds/vscode/robot-rover-2025/code/system/ros2/install/vehicle_interfaces/share/vehicle_interfaces/cmake/vehicle_interfaces__rosidl_typesupport_cppExport-noconfig.cmake
[2.010s] -- Up-to-date: /home/ethanreynolds/vscode/robot-rover-2025/code/system/ros2/install/vehicle_interfaces/share/vehicle_interfaces/cmake/rosidl_cmake-extras.cmake
[2.010s] -- Up-to-date: /home/ethanreynolds/vscode/robot-rover-2025/code/system/ros2/install/vehicle_interfaces/share/vehicle_interfaces/cmake/ament_cmake_export_dependencies-extras.cmake
[2.010s] -- Up-to-date: /home/ethanreynolds/vscode/robot-rover-2025/code/system/ros2/install/vehicle_interfaces/share/vehicle_interfaces/cmake/ament_cmake_export_libraries-extras.cmake
[2.011s] -- Up-to-date: /home/ethanreynolds/vscode/robot-rover-2025/code/system/ros2/install/vehicle_interfaces/share/vehicle_interfaces/cmake/ament_cmake_export_targets-extras.cmake
[2.011s] -- Up-to-date: /home/ethanreynolds/vscode/robot-rover-2025/code/system/ros2/install/vehicle_interfaces/share/vehicle_interfaces/cmake/ament_cmake_export_include_directories-extras.cmake
[2.011s] -- Up-to-date: /home/ethanreynolds/vscode/robot-rover-2025/code/system/ros2/install/vehicle_interfaces/share/vehicle_interfaces/cmake/rosidl_cmake_export_typesupport_libraries-extras.cmake
[2.011s] -- Up-to-date: /home/ethanreynolds/vscode/robot-rover-2025/code/system/ros2/install/vehicle_interfaces/share/vehicle_interfaces/cmake/rosidl_cmake_export_typesupport_targets-extras.cmake
[2.011s] -- Up-to-date: /home/ethanreynolds/vscode/robot-rover-2025/code/system/ros2/install/vehicle_interfaces/share/vehicle_interfaces/cmake/vehicle_interfacesConfig.cmake
[2.012s] -- Up-to-date: /home/ethanreynolds/vscode/robot-rover-2025/code/system/ros2/install/vehicle_interfaces/share/vehicle_interfaces/cmake/vehicle_interfacesConfig-version.cmake
[2.027s] -- Up-to-date: /home/ethanreynolds/vscode/robot-rover-2025/code/system/ros2/install/vehicle_interfaces/share/vehicle_interfaces/package.xml
[2.027s] Invoked command in '/home/ethanreynolds/vscode/robot-rover-2025/code/system/ros2/build/vehicle_interfaces' returned '0': CMAKE_PREFIX_PATH=${CMAKE_PREFIX_PATH}:/home/ethanreynolds/vscode/robot-rover-2025/code/system/ros2/install/vehicle_string_converter:/home/ethanreynolds/vscode/robot-rover-2025/code/system/ros2/install/vehicle_simulation:/home/ethanreynolds/vscode/robot-rover-2025/code/system/ros2/install/vehicle_networking:/opt/ros/foxy /usr/bin/cmake --install /home/ethanreynolds/vscode/robot-rover-2025/code/system/ros2/build/vehicle_interfaces
