running egg_info
creating ../../build/vehicle_networking/vehicle_networking.egg-info
writing ../../build/vehicle_networking/vehicle_networking.egg-info/PKG-INFO
writing dependency_links to ../../build/vehicle_networking/vehicle_networking.egg-info/dependency_links.txt
writing entry points to ../../build/vehicle_networking/vehicle_networking.egg-info/entry_points.txt
writing requirements to ../../build/vehicle_networking/vehicle_networking.egg-info/requires.txt
writing top-level names to ../../build/vehicle_networking/vehicle_networking.egg-info/top_level.txt
writing manifest file '../../build/vehicle_networking/vehicle_networking.egg-info/SOURCES.txt'
reading manifest file '../../build/vehicle_networking/vehicle_networking.egg-info/SOURCES.txt'
writing manifest file '../../build/vehicle_networking/vehicle_networking.egg-info/SOURCES.txt'
running build
running build_py
creating /home/ethanreynolds/vscode/robot-rover-2025/code/system/ros2/build/vehicle_networking/build
creating /home/ethanreynolds/vscode/robot-rover-2025/code/system/ros2/build/vehicle_networking/build/lib
creating /home/ethanreynolds/vscode/robot-rover-2025/code/system/ros2/build/vehicle_networking/build/lib/vehicle_networking
copying vehicle_networking/control_serial_interface.py -> /home/ethanreynolds/vscode/robot-rover-2025/code/system/ros2/build/vehicle_networking/build/lib/vehicle_networking
copying vehicle_networking/serial_manager.py -> /home/ethanreynolds/vscode/robot-rover-2025/code/system/ros2/build/vehicle_networking/build/lib/vehicle_networking
copying vehicle_networking/__init__.py -> /home/ethanreynolds/vscode/robot-rover-2025/code/system/ros2/build/vehicle_networking/build/lib/vehicle_networking
running install
running install_lib
creating /home/ethanreynolds/vscode/robot-rover-2025/code/system/ros2/install/vehicle_networking/lib/python3.8/site-packages/vehicle_networking
copying /home/ethanreynolds/vscode/robot-rover-2025/code/system/ros2/build/vehicle_networking/build/lib/vehicle_networking/control_serial_interface.py -> /home/ethanreynolds/vscode/robot-rover-2025/code/system/ros2/install/vehicle_networking/lib/python3.8/site-packages/vehicle_networking
copying /home/ethanreynolds/vscode/robot-rover-2025/code/system/ros2/build/vehicle_networking/build/lib/vehicle_networking/serial_manager.py -> /home/ethanreynolds/vscode/robot-rover-2025/code/system/ros2/install/vehicle_networking/lib/python3.8/site-packages/vehicle_networking
copying /home/ethanreynolds/vscode/robot-rover-2025/code/system/ros2/build/vehicle_networking/build/lib/vehicle_networking/__init__.py -> /home/ethanreynolds/vscode/robot-rover-2025/code/system/ros2/install/vehicle_networking/lib/python3.8/site-packages/vehicle_networking
byte-compiling /home/ethanreynolds/vscode/robot-rover-2025/code/system/ros2/install/vehicle_networking/lib/python3.8/site-packages/vehicle_networking/control_serial_interface.py to control_serial_interface.cpython-38.pyc
byte-compiling /home/ethanreynolds/vscode/robot-rover-2025/code/system/ros2/install/vehicle_networking/lib/python3.8/site-packages/vehicle_networking/serial_manager.py to serial_manager.cpython-38.pyc
byte-compiling /home/ethanreynolds/vscode/robot-rover-2025/code/system/ros2/install/vehicle_networking/lib/python3.8/site-packages/vehicle_networking/__init__.py to __init__.cpython-38.pyc
running install_data
creating /home/ethanreynolds/vscode/robot-rover-2025/code/system/ros2/install/vehicle_networking/share/ament_index
creating /home/ethanreynolds/vscode/robot-rover-2025/code/system/ros2/install/vehicle_networking/share/ament_index/resource_index
creating /home/ethanreynolds/vscode/robot-rover-2025/code/system/ros2/install/vehicle_networking/share/ament_index/resource_index/packages
copying resource/vehicle_networking -> /home/ethanreynolds/vscode/robot-rover-2025/code/system/ros2/install/vehicle_networking/share/ament_index/resource_index/packages
copying package.xml -> /home/ethanreynolds/vscode/robot-rover-2025/code/system/ros2/install/vehicle_networking/share/vehicle_networking
running install_egg_info
Copying ../../build/vehicle_networking/vehicle_networking.egg-info to /home/ethanreynolds/vscode/robot-rover-2025/code/system/ros2/install/vehicle_networking/lib/python3.8/site-packages/vehicle_networking-0.0.0-py3.8.egg-info
running install_scripts
Installing control_serial_interface script to /home/ethanreynolds/vscode/robot-rover-2025/code/system/ros2/install/vehicle_networking/lib/vehicle_networking
Installing serial_manager script to /home/ethanreynolds/vscode/robot-rover-2025/code/system/ros2/install/vehicle_networking/lib/vehicle_networking
writing list of installed files to '/home/ethanreynolds/vscode/robot-rover-2025/code/system/ros2/build/vehicle_networking/install.log'
