[0.029s] Invoking command in '/root/build/vehicle_interfaces': CMAKE_PREFIX_PATH=${CMAKE_PREFIX_PATH}:/root/install/vehicle_string_converter:/root/install/vehicle_simulation:/opt/ros/foxy /usr/bin/cmake --build /root/build/vehicle_interfaces -- -j4 -l4
[0.073s] -- Found ament_cmake: 0.9.12 (/opt/ros/foxy/share/ament_cmake/cmake)
[0.116s] -- Found PythonInterp: /usr/bin/python3 (found suitable version "3.8.10", minimum required is "3") 
[0.116s] -- Using PYTHON_EXECUTABLE: /usr/bin/python3
[0.355s] -- Found rosidl_default_generators: 1.0.1 (/opt/ros/foxy/share/rosidl_default_generators/cmake)
[0.358s] -- Using all available rosidl_typesupport_c: rosidl_typesupport_fastrtps_c;rosidl_typesupport_introspection_c
[0.364s] -- Found rosidl_adapter: 1.3.1 (/opt/ros/foxy/share/rosidl_adapter/cmake)
[0.600s] -- Using all available rosidl_typesupport_cpp: rosidl_typesupport_fastrtps_cpp;rosidl_typesupport_introspection_cpp
[0.645s] -- Found std_msgs: 2.0.5 (/opt/ros/foxy/share/std_msgs/cmake)
[0.706s] -- Found sensor_msgs: 2.0.5 (/opt/ros/foxy/share/sensor_msgs/cmake)
[0.947s] -- Found PythonInterp: /usr/bin/python3 (found version "3.8.10") 
[1.441s] -- Found ament_cmake_ros: 0.9.2 (/opt/ros/foxy/share/ament_cmake_ros/cmake)
[1.905s] -- Using all available rosidl_typesupport_c: rosidl_typesupport_fastrtps_c;rosidl_typesupport_introspection_c
[2.146s] -- Using all available rosidl_typesupport_cpp: rosidl_typesupport_fastrtps_cpp;rosidl_typesupport_introspection_cpp
[2.181s] -- Found PythonInterp: /usr/bin/python3 (found suitable version "3.8.10", minimum required is "3.5") 
[2.181s] -- Found python_cmake_module: 0.8.1 (/opt/ros/foxy/share/python_cmake_module/cmake)
[2.213s] -- Using PYTHON_EXECUTABLE: /usr/bin/python3
[2.213s] -- Using PYTHON_INCLUDE_DIRS: /usr/include/python3.8
[2.213s] -- Using PYTHON_LIBRARIES: /usr/lib/x86_64-linux-gnu/libpython3.8.so
[2.326s] -- Found ament_lint_auto: 0.9.8 (/opt/ros/foxy/share/ament_lint_auto/cmake)
[2.349s] -- Added test 'copyright' to check source files copyright and LICENSE
[2.353s] -- Added test 'lint_cmake' to check CMake code style
[2.356s] -- Added test 'xmllint' to check XML markup files
[2.363s] -- Configuring done
[2.552s] -- Generating done
[2.558s] -- Build files have been written to: /root/build/vehicle_interfaces
[2.626s] [  0%] Built target vehicle_interfaces__cpp
[2.643s] [  1%] [32m[1mLinking C shared library libvehicle_interfaces__rosidl_generator_c.so[0m
[2.706s] [  3%] [32m[1mLinking CXX shared library libvehicle_interfaces__rosidl_typesupport_introspection_cpp.so[0m
[2.708s] [  3%] [32m[1mLinking CXX shared library libvehicle_interfaces__rosidl_typesupport_cpp.so[0m
[2.710s] [  3%] [32m[1mLinking CXX shared library libvehicle_interfaces__rosidl_typesupport_fastrtps_cpp.so[0m
[2.798s] [ 14%] Built target vehicle_interfaces__rosidl_generator_c
[2.843s] [ 25%] Built target vehicle_interfaces__rosidl_typesupport_cpp
[2.886s] [ 26%] [32m[1mLinking C shared library libvehicle_interfaces__rosidl_typesupport_introspection_c.so[0m
[2.995s] [ 27%] [32m[1mLinking CXX shared library libvehicle_interfaces__rosidl_typesupport_c.so[0m
[3.007s] [ 41%] Built target vehicle_interfaces__rosidl_typesupport_introspection_c
[3.007s] [ 49%] Built target vehicle_interfaces__rosidl_typesupport_introspection_cpp
[3.038s] [ 61%] Built target vehicle_interfaces__rosidl_typesupport_fastrtps_cpp
[3.070s] [35m[1mScanning dependencies of target vehicle_interfaces__rosidl_typesupport_fastrtps_c[0m
[3.082s] [ 72%] Built target vehicle_interfaces__rosidl_typesupport_c
[3.105s] [ 72%] [32mBuilding CXX object CMakeFiles/vehicle_interfaces__rosidl_typesupport_fastrtps_c.dir/rosidl_typesupport_fastrtps_c/vehicle_interfaces/srv/detail/reset_serial_port__type_support_c.cpp.o[0m
[3.109s] [ 74%] [32mBuilding CXX object CMakeFiles/vehicle_interfaces__rosidl_typesupport_fastrtps_c.dir/rosidl_typesupport_fastrtps_c/vehicle_interfaces/srv/detail/get_device_status__type_support_c.cpp.o[0m
[3.109s] [ 74%] [32mBuilding CXX object CMakeFiles/vehicle_interfaces__rosidl_typesupport_fastrtps_c.dir/rosidl_typesupport_fastrtps_c/vehicle_interfaces/srv/detail/get_serial_port__type_support_c.cpp.o[0m
[3.115s] [ 75%] [32mBuilding CXX object CMakeFiles/vehicle_interfaces__rosidl_typesupport_fastrtps_c.dir/rosidl_typesupport_fastrtps_c/vehicle_interfaces/msg/detail/sensor_data__type_support_c.cpp.o[0m
[4.311s] [ 76%] [32mBuilding CXX object CMakeFiles/vehicle_interfaces__rosidl_typesupport_fastrtps_c.dir/rosidl_typesupport_fastrtps_c/vehicle_interfaces/msg/detail/control_data__type_support_c.cpp.o[0m
[4.433s] [ 77%] [32mBuilding CXX object CMakeFiles/vehicle_interfaces__rosidl_typesupport_fastrtps_c.dir/rosidl_typesupport_fastrtps_c/vehicle_interfaces/msg/detail/encoder_data__type_support_c.cpp.o[0m
[4.458s] [ 77%] [32mBuilding CXX object CMakeFiles/vehicle_interfaces__rosidl_typesupport_fastrtps_c.dir/rosidl_typesupport_fastrtps_c/vehicle_interfaces/msg/detail/gps_data__type_support_c.cpp.o[0m
[4.499s] [ 78%] [32mBuilding CXX object CMakeFiles/vehicle_interfaces__rosidl_typesupport_fastrtps_c.dir/rosidl_typesupport_fastrtps_c/vehicle_interfaces/msg/detail/ir_data__type_support_c.cpp.o[0m
[5.378s] [ 80%] [32mBuilding CXX object CMakeFiles/vehicle_interfaces__rosidl_typesupport_fastrtps_c.dir/rosidl_typesupport_fastrtps_c/vehicle_interfaces/msg/detail/qmc_data__type_support_c.cpp.o[0m
[5.379s] [ 80%] [32mBuilding CXX object CMakeFiles/vehicle_interfaces__rosidl_typesupport_fastrtps_c.dir/rosidl_typesupport_fastrtps_c/vehicle_interfaces/msg/detail/mpu_data__type_support_c.cpp.o[0m
[5.549s] [ 81%] [32mBuilding CXX object CMakeFiles/vehicle_interfaces__rosidl_typesupport_fastrtps_c.dir/rosidl_typesupport_fastrtps_c/vehicle_interfaces/msg/detail/temperature_data__type_support_c.cpp.o[0m
[5.595s] [ 81%] [32mBuilding CXX object CMakeFiles/vehicle_interfaces__rosidl_typesupport_fastrtps_c.dir/rosidl_typesupport_fastrtps_c/vehicle_interfaces/msg/detail/to_f_data__type_support_c.cpp.o[0m
[6.326s] [ 82%] [32mBuilding CXX object CMakeFiles/vehicle_interfaces__rosidl_typesupport_fastrtps_c.dir/rosidl_typesupport_fastrtps_c/vehicle_interfaces/msg/detail/ultrasonic_data__type_support_c.cpp.o[0m
[6.888s] [ 83%] [32m[1mLinking CXX shared library libvehicle_interfaces__rosidl_typesupport_fastrtps_c.so[0m
[7.031s] [ 84%] Built target vehicle_interfaces__rosidl_typesupport_fastrtps_c
[7.070s] [ 84%] Built target vehicle_interfaces
[7.109s] [ 85%] Built target vehicle_interfaces__py
[7.163s] [ 86%] [32m[1mLinking C shared library rosidl_generator_py/vehicle_interfaces/libvehicle_interfaces__python.so[0m
[7.243s] [ 96%] Built target vehicle_interfaces__python
[7.265s] [35m[1mScanning dependencies of target vehicle_interfaces__rosidl_typesupport_fastrtps_c__pyext[0m
[7.319s] [ 97%] [32m[1mLinking C shared library rosidl_generator_py/vehicle_interfaces/vehicle_interfaces_s__rosidl_typesupport_introspection_c.cpython-38-x86_64-linux-gnu.so[0m
[7.323s] [ 97%] [32m[1mLinking C shared library rosidl_generator_py/vehicle_interfaces/vehicle_interfaces_s__rosidl_typesupport_c.cpython-38-x86_64-linux-gnu.so[0m
[7.323s] [ 98%] [32mBuilding C object CMakeFiles/vehicle_interfaces__rosidl_typesupport_fastrtps_c__pyext.dir/rosidl_generator_py/vehicle_interfaces/_vehicle_interfaces_s.ep.rosidl_typesupport_fastrtps_c.c.o[0m
[7.430s] [ 99%] Built target vehicle_interfaces__rosidl_typesupport_c__pyext
[7.438s] [100%] Built target vehicle_interfaces__rosidl_typesupport_introspection_c__pyext
[7.627s] [100%] [32m[1mLinking CXX shared library rosidl_generator_py/vehicle_interfaces/vehicle_interfaces_s__rosidl_typesupport_fastrtps_c.cpython-38-x86_64-linux-gnu.so[0m
[7.740s] [100%] Built target vehicle_interfaces__rosidl_typesupport_fastrtps_c__pyext
[7.759s] Invoked command in '/root/build/vehicle_interfaces' returned '0': CMAKE_PREFIX_PATH=${CMAKE_PREFIX_PATH}:/root/install/vehicle_string_converter:/root/install/vehicle_simulation:/opt/ros/foxy /usr/bin/cmake --build /root/build/vehicle_interfaces -- -j4 -l4
[8.134s] Invoking command in '/root/build/vehicle_interfaces': CMAKE_PREFIX_PATH=${CMAKE_PREFIX_PATH}:/root/install/vehicle_string_converter:/root/install/vehicle_simulation:/opt/ros/foxy /usr/bin/cmake --install /root/build/vehicle_interfaces
[8.147s] -- Install configuration: ""
[8.147s] -- Up-to-date: /root/install/vehicle_interfaces/share/ament_index/resource_index/rosidl_interfaces/vehicle_interfaces
[8.148s] -- Up-to-date: /root/install/vehicle_interfaces/include/vehicle_interfaces
[8.148s] -- Up-to-date: /root/install/vehicle_interfaces/include/vehicle_interfaces/msg
[8.148s] -- Up-to-date: /root/install/vehicle_interfaces/include/vehicle_interfaces/msg/ultrasonic_data.h
[8.148s] -- Up-to-date: /root/install/vehicle_interfaces/include/vehicle_interfaces/msg/qmc_data.h
[8.148s] -- Up-to-date: /root/install/vehicle_interfaces/include/vehicle_interfaces/msg/temperature_data.h
[8.148s] -- Up-to-date: /root/install/vehicle_interfaces/include/vehicle_interfaces/msg/mpu_data.h
[8.148s] -- Up-to-date: /root/install/vehicle_interfaces/include/vehicle_interfaces/msg/sensor_data.h
[8.149s] -- Up-to-date: /root/install/vehicle_interfaces/include/vehicle_interfaces/msg/encoder_data.h
[8.149s] -- Up-to-date: /root/install/vehicle_interfaces/include/vehicle_interfaces/msg/rosidl_generator_c__visibility_control.h
[8.149s] -- Up-to-date: /root/install/vehicle_interfaces/include/vehicle_interfaces/msg/gps_data.h
[8.149s] -- Up-to-date: /root/install/vehicle_interfaces/include/vehicle_interfaces/msg/to_f_data.h
[8.150s] -- Up-to-date: /root/install/vehicle_interfaces/include/vehicle_interfaces/msg/control_data.h
[8.150s] -- Up-to-date: /root/install/vehicle_interfaces/include/vehicle_interfaces/msg/ir_data.h
[8.150s] -- Up-to-date: /root/install/vehicle_interfaces/include/vehicle_interfaces/msg/detail
[8.150s] -- Up-to-date: /root/install/vehicle_interfaces/include/vehicle_interfaces/msg/detail/to_f_data__struct.h
[8.150s] -- Up-to-date: /root/install/vehicle_interfaces/include/vehicle_interfaces/msg/detail/temperature_data__functions.h
[8.150s] -- Up-to-date: /root/install/vehicle_interfaces/include/vehicle_interfaces/msg/detail/temperature_data__struct.h
[8.150s] -- Up-to-date: /root/install/vehicle_interfaces/include/vehicle_interfaces/msg/detail/mpu_data__functions.c
[8.151s] -- Up-to-date: /root/install/vehicle_interfaces/include/vehicle_interfaces/msg/detail/ultrasonic_data__type_support.h
[8.151s] -- Up-to-date: /root/install/vehicle_interfaces/include/vehicle_interfaces/msg/detail/control_data__type_support.h
[8.151s] -- Up-to-date: /root/install/vehicle_interfaces/include/vehicle_interfaces/msg/detail/to_f_data__functions.c
[8.151s] -- Up-to-date: /root/install/vehicle_interfaces/include/vehicle_interfaces/msg/detail/qmc_data__type_support.h
[8.151s] -- Up-to-date: /root/install/vehicle_interfaces/include/vehicle_interfaces/msg/detail/ir_data__functions.c
[8.152s] -- Up-to-date: /root/install/vehicle_interfaces/include/vehicle_interfaces/msg/detail/gps_data__struct.h
[8.152s] -- Up-to-date: /root/install/vehicle_interfaces/include/vehicle_interfaces/msg/detail/gps_data__functions.h
[8.152s] -- Up-to-date: /root/install/vehicle_interfaces/include/vehicle_interfaces/msg/detail/sensor_data__struct.h
[8.152s] -- Up-to-date: /root/install/vehicle_interfaces/include/vehicle_interfaces/msg/detail/ir_data__struct.h
[8.152s] -- Up-to-date: /root/install/vehicle_interfaces/include/vehicle_interfaces/msg/detail/sensor_data__functions.c
[8.152s] -- Up-to-date: /root/install/vehicle_interfaces/include/vehicle_interfaces/msg/detail/mpu_data__struct.h
[8.153s] -- Up-to-date: /root/install/vehicle_interfaces/include/vehicle_interfaces/msg/detail/mpu_data__functions.h
[8.153s] -- Up-to-date: /root/install/vehicle_interfaces/include/vehicle_interfaces/msg/detail/temperature_data__type_support.h
[8.153s] -- Up-to-date: /root/install/vehicle_interfaces/include/vehicle_interfaces/msg/detail/ir_data__type_support.h
[8.153s] -- Up-to-date: /root/install/vehicle_interfaces/include/vehicle_interfaces/msg/detail/mpu_data__type_support.h
[8.153s] -- Up-to-date: /root/install/vehicle_interfaces/include/vehicle_interfaces/msg/detail/ultrasonic_data__struct.h
[8.153s] -- Up-to-date: /root/install/vehicle_interfaces/include/vehicle_interfaces/msg/detail/control_data__struct.h
[8.154s] -- Up-to-date: /root/install/vehicle_interfaces/include/vehicle_interfaces/msg/detail/control_data__functions.c
[8.154s] -- Up-to-date: /root/install/vehicle_interfaces/include/vehicle_interfaces/msg/detail/temperature_data__functions.c
[8.154s] -- Up-to-date: /root/install/vehicle_interfaces/include/vehicle_interfaces/msg/detail/gps_data__functions.c
[8.155s] -- Up-to-date: /root/install/vehicle_interfaces/include/vehicle_interfaces/msg/detail/qmc_data__functions.h
[8.155s] -- Up-to-date: /root/install/vehicle_interfaces/include/vehicle_interfaces/msg/detail/sensor_data__type_support.h
[8.155s] -- Up-to-date: /root/install/vehicle_interfaces/include/vehicle_interfaces/msg/detail/control_data__functions.h
[8.155s] -- Up-to-date: /root/install/vehicle_interfaces/include/vehicle_interfaces/msg/detail/ultrasonic_data__functions.c
[8.155s] -- Up-to-date: /root/install/vehicle_interfaces/include/vehicle_interfaces/msg/detail/sensor_data__functions.h
[8.156s] -- Up-to-date: /root/install/vehicle_interfaces/include/vehicle_interfaces/msg/detail/encoder_data__functions.c
[8.156s] -- Up-to-date: /root/install/vehicle_interfaces/include/vehicle_interfaces/msg/detail/gps_data__type_support.h
[8.156s] -- Up-to-date: /root/install/vehicle_interfaces/include/vehicle_interfaces/msg/detail/ir_data__functions.h
[8.156s] -- Up-to-date: /root/install/vehicle_interfaces/include/vehicle_interfaces/msg/detail/to_f_data__functions.h
[8.157s] -- Up-to-date: /root/install/vehicle_interfaces/include/vehicle_interfaces/msg/detail/encoder_data__type_support.h
[8.157s] -- Up-to-date: /root/install/vehicle_interfaces/include/vehicle_interfaces/msg/detail/ultrasonic_data__functions.h
[8.157s] -- Up-to-date: /root/install/vehicle_interfaces/include/vehicle_interfaces/msg/detail/to_f_data__type_support.h
[8.157s] -- Up-to-date: /root/install/vehicle_interfaces/include/vehicle_interfaces/msg/detail/qmc_data__functions.c
[8.157s] -- Up-to-date: /root/install/vehicle_interfaces/include/vehicle_interfaces/msg/detail/qmc_data__struct.h
[8.157s] -- Up-to-date: /root/install/vehicle_interfaces/include/vehicle_interfaces/msg/detail/encoder_data__functions.h
[8.158s] -- Up-to-date: /root/install/vehicle_interfaces/include/vehicle_interfaces/msg/detail/encoder_data__struct.h
[8.158s] -- Up-to-date: /root/install/vehicle_interfaces/include/vehicle_interfaces/srv
[8.158s] -- Up-to-date: /root/install/vehicle_interfaces/include/vehicle_interfaces/srv/get_device_status.h
[8.158s] -- Up-to-date: /root/install/vehicle_interfaces/include/vehicle_interfaces/srv/reset_serial_port.h
[8.158s] -- Up-to-date: /root/install/vehicle_interfaces/include/vehicle_interfaces/srv/get_serial_port.h
[8.158s] -- Up-to-date: /root/install/vehicle_interfaces/include/vehicle_interfaces/srv/detail
[8.158s] -- Up-to-date: /root/install/vehicle_interfaces/include/vehicle_interfaces/srv/detail/reset_serial_port__functions.c
[8.158s] -- Up-to-date: /root/install/vehicle_interfaces/include/vehicle_interfaces/srv/detail/get_serial_port__functions.c
[8.159s] -- Up-to-date: /root/install/vehicle_interfaces/include/vehicle_interfaces/srv/detail/reset_serial_port__type_support.h
[8.159s] -- Up-to-date: /root/install/vehicle_interfaces/include/vehicle_interfaces/srv/detail/get_serial_port__functions.h
[8.159s] -- Up-to-date: /root/install/vehicle_interfaces/include/vehicle_interfaces/srv/detail/get_device_status__struct.h
[8.159s] -- Up-to-date: /root/install/vehicle_interfaces/include/vehicle_interfaces/srv/detail/reset_serial_port__functions.h
[8.159s] -- Up-to-date: /root/install/vehicle_interfaces/include/vehicle_interfaces/srv/detail/get_serial_port__type_support.h
[8.160s] -- Up-to-date: /root/install/vehicle_interfaces/include/vehicle_interfaces/srv/detail/get_device_status__functions.h
[8.160s] -- Up-to-date: /root/install/vehicle_interfaces/include/vehicle_interfaces/srv/detail/get_serial_port__struct.h
[8.160s] -- Up-to-date: /root/install/vehicle_interfaces/include/vehicle_interfaces/srv/detail/get_device_status__functions.c
[8.160s] -- Up-to-date: /root/install/vehicle_interfaces/include/vehicle_interfaces/srv/detail/get_device_status__type_support.h
[8.160s] -- Up-to-date: /root/install/vehicle_interfaces/include/vehicle_interfaces/srv/detail/reset_serial_port__struct.h
[8.160s] -- Up-to-date: /root/install/vehicle_interfaces/share/vehicle_interfaces/environment/library_path.sh
[8.161s] -- Installing: /root/install/vehicle_interfaces/share/vehicle_interfaces/environment/library_path.dsv
[8.161s] -- Installing: /root/install/vehicle_interfaces/lib/libvehicle_interfaces__rosidl_generator_c.so
[8.163s] -- Set runtime path of "/root/install/vehicle_interfaces/lib/libvehicle_interfaces__rosidl_generator_c.so" to ""
[8.164s] -- Up-to-date: /root/install/vehicle_interfaces/include/vehicle_interfaces
[8.164s] -- Up-to-date: /root/install/vehicle_interfaces/include/vehicle_interfaces/msg
[8.164s] -- Up-to-date: /root/install/vehicle_interfaces/include/vehicle_interfaces/msg/detail
[8.164s] -- Up-to-date: /root/install/vehicle_interfaces/include/vehicle_interfaces/msg/detail/encoder_data__rosidl_typesupport_fastrtps_c.h
[8.164s] -- Up-to-date: /root/install/vehicle_interfaces/include/vehicle_interfaces/msg/detail/qmc_data__rosidl_typesupport_fastrtps_c.h
[8.164s] -- Up-to-date: /root/install/vehicle_interfaces/include/vehicle_interfaces/msg/detail/control_data__rosidl_typesupport_fastrtps_c.h
[8.164s] -- Up-to-date: /root/install/vehicle_interfaces/include/vehicle_interfaces/msg/detail/to_f_data__rosidl_typesupport_fastrtps_c.h
[8.165s] -- Up-to-date: /root/install/vehicle_interfaces/include/vehicle_interfaces/msg/detail/ultrasonic_data__rosidl_typesupport_fastrtps_c.h
[8.165s] -- Up-to-date: /root/install/vehicle_interfaces/include/vehicle_interfaces/msg/detail/sensor_data__rosidl_typesupport_fastrtps_c.h
[8.165s] -- Up-to-date: /root/install/vehicle_interfaces/include/vehicle_interfaces/msg/detail/temperature_data__rosidl_typesupport_fastrtps_c.h
[8.165s] -- Up-to-date: /root/install/vehicle_interfaces/include/vehicle_interfaces/msg/detail/ir_data__rosidl_typesupport_fastrtps_c.h
[8.165s] -- Up-to-date: /root/install/vehicle_interfaces/include/vehicle_interfaces/msg/detail/mpu_data__rosidl_typesupport_fastrtps_c.h
[8.165s] -- Up-to-date: /root/install/vehicle_interfaces/include/vehicle_interfaces/msg/detail/gps_data__rosidl_typesupport_fastrtps_c.h
[8.165s] -- Up-to-date: /root/install/vehicle_interfaces/include/vehicle_interfaces/msg/rosidl_typesupport_fastrtps_c__visibility_control.h
[8.166s] -- Up-to-date: /root/install/vehicle_interfaces/include/vehicle_interfaces/srv
[8.166s] -- Up-to-date: /root/install/vehicle_interfaces/include/vehicle_interfaces/srv/detail
[8.166s] -- Up-to-date: /root/install/vehicle_interfaces/include/vehicle_interfaces/srv/detail/reset_serial_port__rosidl_typesupport_fastrtps_c.h
[8.166s] -- Up-to-date: /root/install/vehicle_interfaces/include/vehicle_interfaces/srv/detail/get_device_status__rosidl_typesupport_fastrtps_c.h
[8.166s] -- Up-to-date: /root/install/vehicle_interfaces/include/vehicle_interfaces/srv/detail/get_serial_port__rosidl_typesupport_fastrtps_c.h
[8.166s] -- Installing: /root/install/vehicle_interfaces/lib/libvehicle_interfaces__rosidl_typesupport_fastrtps_c.so
[8.166s] -- Set runtime path of "/root/install/vehicle_interfaces/lib/libvehicle_interfaces__rosidl_typesupport_fastrtps_c.so" to ""
[8.167s] -- Up-to-date: /root/install/vehicle_interfaces/include/vehicle_interfaces
[8.167s] -- Up-to-date: /root/install/vehicle_interfaces/include/vehicle_interfaces/msg
[8.167s] -- Up-to-date: /root/install/vehicle_interfaces/include/vehicle_interfaces/msg/rosidl_typesupport_fastrtps_cpp__visibility_control.h
[8.167s] -- Up-to-date: /root/install/vehicle_interfaces/include/vehicle_interfaces/msg/detail
[8.167s] -- Up-to-date: /root/install/vehicle_interfaces/include/vehicle_interfaces/msg/detail/ir_data__rosidl_typesupport_fastrtps_cpp.hpp
[8.168s] -- Up-to-date: /root/install/vehicle_interfaces/include/vehicle_interfaces/msg/detail/encoder_data__rosidl_typesupport_fastrtps_cpp.hpp
[8.168s] -- Up-to-date: /root/install/vehicle_interfaces/include/vehicle_interfaces/msg/detail/mpu_data__rosidl_typesupport_fastrtps_cpp.hpp
[8.168s] -- Up-to-date: /root/install/vehicle_interfaces/include/vehicle_interfaces/msg/detail/qmc_data__rosidl_typesupport_fastrtps_cpp.hpp
[8.168s] -- Up-to-date: /root/install/vehicle_interfaces/include/vehicle_interfaces/msg/detail/ultrasonic_data__rosidl_typesupport_fastrtps_cpp.hpp
[8.168s] -- Up-to-date: /root/install/vehicle_interfaces/include/vehicle_interfaces/msg/detail/sensor_data__rosidl_typesupport_fastrtps_cpp.hpp
[8.168s] -- Up-to-date: /root/install/vehicle_interfaces/include/vehicle_interfaces/msg/detail/control_data__rosidl_typesupport_fastrtps_cpp.hpp
[8.169s] -- Up-to-date: /root/install/vehicle_interfaces/include/vehicle_interfaces/msg/detail/to_f_data__rosidl_typesupport_fastrtps_cpp.hpp
[8.169s] -- Up-to-date: /root/install/vehicle_interfaces/include/vehicle_interfaces/msg/detail/temperature_data__rosidl_typesupport_fastrtps_cpp.hpp
[8.169s] -- Up-to-date: /root/install/vehicle_interfaces/include/vehicle_interfaces/msg/detail/dds_fastrtps
[8.169s] -- Up-to-date: /root/install/vehicle_interfaces/include/vehicle_interfaces/msg/detail/gps_data__rosidl_typesupport_fastrtps_cpp.hpp
[8.169s] -- Up-to-date: /root/install/vehicle_interfaces/include/vehicle_interfaces/srv
[8.169s] -- Up-to-date: /root/install/vehicle_interfaces/include/vehicle_interfaces/srv/detail
[8.169s] -- Up-to-date: /root/install/vehicle_interfaces/include/vehicle_interfaces/srv/detail/get_device_status__rosidl_typesupport_fastrtps_cpp.hpp
[8.170s] -- Up-to-date: /root/install/vehicle_interfaces/include/vehicle_interfaces/srv/detail/get_serial_port__rosidl_typesupport_fastrtps_cpp.hpp
[8.170s] -- Up-to-date: /root/install/vehicle_interfaces/include/vehicle_interfaces/srv/detail/reset_serial_port__rosidl_typesupport_fastrtps_cpp.hpp
[8.170s] -- Up-to-date: /root/install/vehicle_interfaces/include/vehicle_interfaces/srv/detail/dds_fastrtps
[8.170s] -- Installing: /root/install/vehicle_interfaces/lib/libvehicle_interfaces__rosidl_typesupport_fastrtps_cpp.so
[8.170s] -- Set runtime path of "/root/install/vehicle_interfaces/lib/libvehicle_interfaces__rosidl_typesupport_fastrtps_cpp.so" to ""
[8.170s] -- Up-to-date: /root/install/vehicle_interfaces/include/vehicle_interfaces
[8.170s] -- Up-to-date: /root/install/vehicle_interfaces/include/vehicle_interfaces/msg
[8.171s] -- Up-to-date: /root/install/vehicle_interfaces/include/vehicle_interfaces/msg/rosidl_typesupport_introspection_c__visibility_control.h
[8.171s] -- Up-to-date: /root/install/vehicle_interfaces/include/vehicle_interfaces/msg/detail
[8.171s] -- Up-to-date: /root/install/vehicle_interfaces/include/vehicle_interfaces/msg/detail/gps_data__rosidl_typesupport_introspection_c.h
[8.171s] -- Up-to-date: /root/install/vehicle_interfaces/include/vehicle_interfaces/msg/detail/mpu_data__type_support.c
[8.171s] -- Up-to-date: /root/install/vehicle_interfaces/include/vehicle_interfaces/msg/detail/qmc_data__rosidl_typesupport_introspection_c.h
[8.171s] -- Up-to-date: /root/install/vehicle_interfaces/include/vehicle_interfaces/msg/detail/ultrasonic_data__rosidl_typesupport_introspection_c.h
[8.171s] -- Up-to-date: /root/install/vehicle_interfaces/include/vehicle_interfaces/msg/detail/gps_data__type_support.c
[8.172s] -- Up-to-date: /root/install/vehicle_interfaces/include/vehicle_interfaces/msg/detail/control_data__rosidl_typesupport_introspection_c.h
[8.172s] -- Up-to-date: /root/install/vehicle_interfaces/include/vehicle_interfaces/msg/detail/control_data__type_support.c
[8.172s] -- Up-to-date: /root/install/vehicle_interfaces/include/vehicle_interfaces/msg/detail/ir_data__rosidl_typesupport_introspection_c.h
[8.172s] -- Up-to-date: /root/install/vehicle_interfaces/include/vehicle_interfaces/msg/detail/to_f_data__rosidl_typesupport_introspection_c.h
[8.172s] -- Up-to-date: /root/install/vehicle_interfaces/include/vehicle_interfaces/msg/detail/mpu_data__rosidl_typesupport_introspection_c.h
[8.172s] -- Up-to-date: /root/install/vehicle_interfaces/include/vehicle_interfaces/msg/detail/ir_data__type_support.c
[8.172s] -- Up-to-date: /root/install/vehicle_interfaces/include/vehicle_interfaces/msg/detail/temperature_data__rosidl_typesupport_introspection_c.h
[8.172s] -- Up-to-date: /root/install/vehicle_interfaces/include/vehicle_interfaces/msg/detail/encoder_data__rosidl_typesupport_introspection_c.h
[8.173s] -- Up-to-date: /root/install/vehicle_interfaces/include/vehicle_interfaces/msg/detail/ultrasonic_data__type_support.c
[8.173s] -- Up-to-date: /root/install/vehicle_interfaces/include/vehicle_interfaces/msg/detail/encoder_data__type_support.c
[8.173s] -- Up-to-date: /root/install/vehicle_interfaces/include/vehicle_interfaces/msg/detail/temperature_data__type_support.c
[8.173s] -- Up-to-date: /root/install/vehicle_interfaces/include/vehicle_interfaces/msg/detail/qmc_data__type_support.c
[8.173s] -- Up-to-date: /root/install/vehicle_interfaces/include/vehicle_interfaces/msg/detail/to_f_data__type_support.c
[8.173s] -- Up-to-date: /root/install/vehicle_interfaces/include/vehicle_interfaces/msg/detail/sensor_data__rosidl_typesupport_introspection_c.h
[8.173s] -- Up-to-date: /root/install/vehicle_interfaces/include/vehicle_interfaces/msg/detail/sensor_data__type_support.c
[8.173s] -- Up-to-date: /root/install/vehicle_interfaces/include/vehicle_interfaces/srv
[8.174s] -- Up-to-date: /root/install/vehicle_interfaces/include/vehicle_interfaces/srv/detail
[8.174s] -- Up-to-date: /root/install/vehicle_interfaces/include/vehicle_interfaces/srv/detail/get_serial_port__type_support.c
[8.174s] -- Up-to-date: /root/install/vehicle_interfaces/include/vehicle_interfaces/srv/detail/reset_serial_port__rosidl_typesupport_introspection_c.h
[8.174s] -- Up-to-date: /root/install/vehicle_interfaces/include/vehicle_interfaces/srv/detail/reset_serial_port__type_support.c
[8.174s] -- Up-to-date: /root/install/vehicle_interfaces/include/vehicle_interfaces/srv/detail/get_serial_port__rosidl_typesupport_introspection_c.h
[8.174s] -- Up-to-date: /root/install/vehicle_interfaces/include/vehicle_interfaces/srv/detail/get_device_status__rosidl_typesupport_introspection_c.h
[8.175s] -- Up-to-date: /root/install/vehicle_interfaces/include/vehicle_interfaces/srv/detail/get_device_status__type_support.c
[8.175s] -- Installing: /root/install/vehicle_interfaces/lib/libvehicle_interfaces__rosidl_typesupport_introspection_c.so
[8.175s] -- Set runtime path of "/root/install/vehicle_interfaces/lib/libvehicle_interfaces__rosidl_typesupport_introspection_c.so" to ""
[8.175s] -- Installing: /root/install/vehicle_interfaces/lib/libvehicle_interfaces__rosidl_typesupport_c.so
[8.175s] -- Set runtime path of "/root/install/vehicle_interfaces/lib/libvehicle_interfaces__rosidl_typesupport_c.so" to ""
[8.175s] -- Up-to-date: /root/install/vehicle_interfaces/include/vehicle_interfaces
[8.176s] -- Up-to-date: /root/install/vehicle_interfaces/include/vehicle_interfaces/msg
[8.176s] -- Up-to-date: /root/install/vehicle_interfaces/include/vehicle_interfaces/msg/mpu_data.hpp
[8.176s] -- Up-to-date: /root/install/vehicle_interfaces/include/vehicle_interfaces/msg/to_f_data.hpp
[8.176s] -- Up-to-date: /root/install/vehicle_interfaces/include/vehicle_interfaces/msg/ir_data.hpp
[8.176s] -- Up-to-date: /root/install/vehicle_interfaces/include/vehicle_interfaces/msg/control_data.hpp
[8.177s] -- Up-to-date: /root/install/vehicle_interfaces/include/vehicle_interfaces/msg/rosidl_generator_cpp__visibility_control.hpp
[8.177s] -- Up-to-date: /root/install/vehicle_interfaces/include/vehicle_interfaces/msg/ultrasonic_data.hpp
[8.177s] -- Up-to-date: /root/install/vehicle_interfaces/include/vehicle_interfaces/msg/encoder_data.hpp
[8.177s] -- Up-to-date: /root/install/vehicle_interfaces/include/vehicle_interfaces/msg/gps_data.hpp
[8.177s] -- Up-to-date: /root/install/vehicle_interfaces/include/vehicle_interfaces/msg/temperature_data.hpp
[8.177s] -- Up-to-date: /root/install/vehicle_interfaces/include/vehicle_interfaces/msg/qmc_data.hpp
[8.177s] -- Up-to-date: /root/install/vehicle_interfaces/include/vehicle_interfaces/msg/detail
[8.177s] -- Up-to-date: /root/install/vehicle_interfaces/include/vehicle_interfaces/msg/detail/control_data__builder.hpp
[8.178s] -- Up-to-date: /root/install/vehicle_interfaces/include/vehicle_interfaces/msg/detail/mpu_data__type_support.hpp
[8.178s] -- Up-to-date: /root/install/vehicle_interfaces/include/vehicle_interfaces/msg/detail/encoder_data__builder.hpp
[8.178s] -- Up-to-date: /root/install/vehicle_interfaces/include/vehicle_interfaces/msg/detail/ultrasonic_data__traits.hpp
[8.178s] -- Up-to-date: /root/install/vehicle_interfaces/include/vehicle_interfaces/msg/detail/to_f_data__builder.hpp
[8.178s] -- Up-to-date: /root/install/vehicle_interfaces/include/vehicle_interfaces/msg/detail/control_data__type_support.hpp
[8.178s] -- Up-to-date: /root/install/vehicle_interfaces/include/vehicle_interfaces/msg/detail/mpu_data__builder.hpp
[8.178s] -- Up-to-date: /root/install/vehicle_interfaces/include/vehicle_interfaces/msg/detail/gps_data__builder.hpp
[8.178s] -- Up-to-date: /root/install/vehicle_interfaces/include/vehicle_interfaces/msg/detail/sensor_data__traits.hpp
[8.179s] -- Up-to-date: /root/install/vehicle_interfaces/include/vehicle_interfaces/msg/detail/temperature_data__type_support.hpp
[8.179s] -- Up-to-date: /root/install/vehicle_interfaces/include/vehicle_interfaces/msg/detail/ir_data__builder.hpp
[8.179s] -- Up-to-date: /root/install/vehicle_interfaces/include/vehicle_interfaces/msg/detail/sensor_data__builder.hpp
[8.179s] -- Up-to-date: /root/install/vehicle_interfaces/include/vehicle_interfaces/msg/detail/qmc_data__struct.hpp
[8.179s] -- Up-to-date: /root/install/vehicle_interfaces/include/vehicle_interfaces/msg/detail/sensor_data__struct.hpp
[8.179s] -- Up-to-date: /root/install/vehicle_interfaces/include/vehicle_interfaces/msg/detail/temperature_data__struct.hpp
[8.179s] -- Up-to-date: /root/install/vehicle_interfaces/include/vehicle_interfaces/msg/detail/gps_data__type_support.hpp
[8.179s] -- Up-to-date: /root/install/vehicle_interfaces/include/vehicle_interfaces/msg/detail/sensor_data__type_support.hpp
[8.180s] -- Up-to-date: /root/install/vehicle_interfaces/include/vehicle_interfaces/msg/detail/temperature_data__traits.hpp
[8.180s] -- Up-to-date: /root/install/vehicle_interfaces/include/vehicle_interfaces/msg/detail/ir_data__type_support.hpp
[8.180s] -- Up-to-date: /root/install/vehicle_interfaces/include/vehicle_interfaces/msg/detail/mpu_data__traits.hpp
[8.180s] -- Up-to-date: /root/install/vehicle_interfaces/include/vehicle_interfaces/msg/detail/mpu_data__struct.hpp
[8.180s] -- Up-to-date: /root/install/vehicle_interfaces/include/vehicle_interfaces/msg/detail/control_data__struct.hpp
[8.180s] -- Up-to-date: /root/install/vehicle_interfaces/include/vehicle_interfaces/msg/detail/temperature_data__builder.hpp
[8.180s] -- Up-to-date: /root/install/vehicle_interfaces/include/vehicle_interfaces/msg/detail/gps_data__struct.hpp
[8.180s] -- Up-to-date: /root/install/vehicle_interfaces/include/vehicle_interfaces/msg/detail/ir_data__struct.hpp
[8.181s] -- Up-to-date: /root/install/vehicle_interfaces/include/vehicle_interfaces/msg/detail/encoder_data__type_support.hpp
[8.181s] -- Up-to-date: /root/install/vehicle_interfaces/include/vehicle_interfaces/msg/detail/encoder_data__traits.hpp
[8.181s] -- Up-to-date: /root/install/vehicle_interfaces/include/vehicle_interfaces/msg/detail/encoder_data__struct.hpp
[8.182s] -- Up-to-date: /root/install/vehicle_interfaces/include/vehicle_interfaces/msg/detail/to_f_data__traits.hpp
[8.182s] -- Up-to-date: /root/install/vehicle_interfaces/include/vehicle_interfaces/msg/detail/qmc_data__type_support.hpp
[8.182s] -- Up-to-date: /root/install/vehicle_interfaces/include/vehicle_interfaces/msg/detail/control_data__traits.hpp
[8.182s] -- Up-to-date: /root/install/vehicle_interfaces/include/vehicle_interfaces/msg/detail/ir_data__traits.hpp
[8.182s] -- Up-to-date: /root/install/vehicle_interfaces/include/vehicle_interfaces/msg/detail/to_f_data__struct.hpp
[8.182s] -- Up-to-date: /root/install/vehicle_interfaces/include/vehicle_interfaces/msg/detail/gps_data__traits.hpp
[8.182s] -- Up-to-date: /root/install/vehicle_interfaces/include/vehicle_interfaces/msg/detail/ultrasonic_data__struct.hpp
[8.183s] -- Up-to-date: /root/install/vehicle_interfaces/include/vehicle_interfaces/msg/detail/to_f_data__type_support.hpp
[8.183s] -- Up-to-date: /root/install/vehicle_interfaces/include/vehicle_interfaces/msg/detail/ultrasonic_data__type_support.hpp
[8.183s] -- Up-to-date: /root/install/vehicle_interfaces/include/vehicle_interfaces/msg/detail/qmc_data__traits.hpp
[8.183s] -- Up-to-date: /root/install/vehicle_interfaces/include/vehicle_interfaces/msg/detail/qmc_data__builder.hpp
[8.183s] -- Up-to-date: /root/install/vehicle_interfaces/include/vehicle_interfaces/msg/detail/ultrasonic_data__builder.hpp
[8.183s] -- Up-to-date: /root/install/vehicle_interfaces/include/vehicle_interfaces/msg/sensor_data.hpp
[8.183s] -- Up-to-date: /root/install/vehicle_interfaces/include/vehicle_interfaces/srv
[8.184s] -- Up-to-date: /root/install/vehicle_interfaces/include/vehicle_interfaces/srv/get_serial_port.hpp
[8.184s] -- Up-to-date: /root/install/vehicle_interfaces/include/vehicle_interfaces/srv/get_device_status.hpp
[8.184s] -- Up-to-date: /root/install/vehicle_interfaces/include/vehicle_interfaces/srv/reset_serial_port.hpp
[8.184s] -- Up-to-date: /root/install/vehicle_interfaces/include/vehicle_interfaces/srv/detail
[8.184s] -- Up-to-date: /root/install/vehicle_interfaces/include/vehicle_interfaces/srv/detail/get_serial_port__type_support.hpp
[8.184s] -- Up-to-date: /root/install/vehicle_interfaces/include/vehicle_interfaces/srv/detail/get_device_status__traits.hpp
[8.184s] -- Up-to-date: /root/install/vehicle_interfaces/include/vehicle_interfaces/srv/detail/get_serial_port__traits.hpp
[8.184s] -- Up-to-date: /root/install/vehicle_interfaces/include/vehicle_interfaces/srv/detail/get_serial_port__struct.hpp
[8.185s] -- Up-to-date: /root/install/vehicle_interfaces/include/vehicle_interfaces/srv/detail/reset_serial_port__traits.hpp
[8.185s] -- Up-to-date: /root/install/vehicle_interfaces/include/vehicle_interfaces/srv/detail/get_serial_port__builder.hpp
[8.185s] -- Up-to-date: /root/install/vehicle_interfaces/include/vehicle_interfaces/srv/detail/reset_serial_port__struct.hpp
[8.185s] -- Up-to-date: /root/install/vehicle_interfaces/include/vehicle_interfaces/srv/detail/get_device_status__builder.hpp
[8.185s] -- Up-to-date: /root/install/vehicle_interfaces/include/vehicle_interfaces/srv/detail/reset_serial_port__builder.hpp
[8.185s] -- Up-to-date: /root/install/vehicle_interfaces/include/vehicle_interfaces/srv/detail/get_device_status__type_support.hpp
[8.185s] -- Up-to-date: /root/install/vehicle_interfaces/include/vehicle_interfaces/srv/detail/reset_serial_port__type_support.hpp
[8.186s] -- Up-to-date: /root/install/vehicle_interfaces/include/vehicle_interfaces/srv/detail/get_device_status__struct.hpp
[8.186s] -- Up-to-date: /root/install/vehicle_interfaces/include/vehicle_interfaces
[8.186s] -- Up-to-date: /root/install/vehicle_interfaces/include/vehicle_interfaces/msg
[8.186s] -- Up-to-date: /root/install/vehicle_interfaces/include/vehicle_interfaces/msg/detail
[8.186s] -- Up-to-date: /root/install/vehicle_interfaces/include/vehicle_interfaces/msg/detail/temperature_data__rosidl_typesupport_introspection_cpp.hpp
[8.186s] -- Up-to-date: /root/install/vehicle_interfaces/include/vehicle_interfaces/msg/detail/control_data__rosidl_typesupport_introspection_cpp.hpp
[8.187s] -- Up-to-date: /root/install/vehicle_interfaces/include/vehicle_interfaces/msg/detail/mpu_data__rosidl_typesupport_introspection_cpp.hpp
[8.187s] -- Up-to-date: /root/install/vehicle_interfaces/include/vehicle_interfaces/msg/detail/qmc_data__rosidl_typesupport_introspection_cpp.hpp
[8.187s] -- Up-to-date: /root/install/vehicle_interfaces/include/vehicle_interfaces/msg/detail/to_f_data__type_support.cpp
[8.187s] -- Up-to-date: /root/install/vehicle_interfaces/include/vehicle_interfaces/msg/detail/ir_data__rosidl_typesupport_introspection_cpp.hpp
[8.187s] -- Up-to-date: /root/install/vehicle_interfaces/include/vehicle_interfaces/msg/detail/ir_data__type_support.cpp
[8.187s] -- Up-to-date: /root/install/vehicle_interfaces/include/vehicle_interfaces/msg/detail/sensor_data__type_support.cpp
[8.188s] -- Up-to-date: /root/install/vehicle_interfaces/include/vehicle_interfaces/msg/detail/gps_data__type_support.cpp
[8.188s] -- Up-to-date: /root/install/vehicle_interfaces/include/vehicle_interfaces/msg/detail/sensor_data__rosidl_typesupport_introspection_cpp.hpp
[8.188s] -- Up-to-date: /root/install/vehicle_interfaces/include/vehicle_interfaces/msg/detail/ultrasonic_data__rosidl_typesupport_introspection_cpp.hpp
[8.188s] -- Up-to-date: /root/install/vehicle_interfaces/include/vehicle_interfaces/msg/detail/encoder_data__rosidl_typesupport_introspection_cpp.hpp
[8.188s] -- Up-to-date: /root/install/vehicle_interfaces/include/vehicle_interfaces/msg/detail/gps_data__rosidl_typesupport_introspection_cpp.hpp
[8.188s] -- Up-to-date: /root/install/vehicle_interfaces/include/vehicle_interfaces/msg/detail/to_f_data__rosidl_typesupport_introspection_cpp.hpp
[8.189s] -- Up-to-date: /root/install/vehicle_interfaces/include/vehicle_interfaces/msg/detail/control_data__type_support.cpp
[8.189s] -- Up-to-date: /root/install/vehicle_interfaces/include/vehicle_interfaces/msg/detail/mpu_data__type_support.cpp
[8.189s] -- Up-to-date: /root/install/vehicle_interfaces/include/vehicle_interfaces/msg/detail/encoder_data__type_support.cpp
[8.189s] -- Up-to-date: /root/install/vehicle_interfaces/include/vehicle_interfaces/msg/detail/qmc_data__type_support.cpp
[8.189s] -- Up-to-date: /root/install/vehicle_interfaces/include/vehicle_interfaces/msg/detail/temperature_data__type_support.cpp
[8.190s] -- Up-to-date: /root/install/vehicle_interfaces/include/vehicle_interfaces/msg/detail/ultrasonic_data__type_support.cpp
[8.191s] -- Up-to-date: /root/install/vehicle_interfaces/include/vehicle_interfaces/srv
[8.191s] -- Up-to-date: /root/install/vehicle_interfaces/include/vehicle_interfaces/srv/detail
[8.191s] -- Up-to-date: /root/install/vehicle_interfaces/include/vehicle_interfaces/srv/detail/get_serial_port__rosidl_typesupport_introspection_cpp.hpp
[8.191s] -- Up-to-date: /root/install/vehicle_interfaces/include/vehicle_interfaces/srv/detail/get_device_status__type_support.cpp
[8.191s] -- Up-to-date: /root/install/vehicle_interfaces/include/vehicle_interfaces/srv/detail/reset_serial_port__rosidl_typesupport_introspection_cpp.hpp
[8.191s] -- Up-to-date: /root/install/vehicle_interfaces/include/vehicle_interfaces/srv/detail/get_device_status__rosidl_typesupport_introspection_cpp.hpp
[8.192s] -- Up-to-date: /root/install/vehicle_interfaces/include/vehicle_interfaces/srv/detail/reset_serial_port__type_support.cpp
[8.192s] -- Up-to-date: /root/install/vehicle_interfaces/include/vehicle_interfaces/srv/detail/get_serial_port__type_support.cpp
[8.192s] -- Installing: /root/install/vehicle_interfaces/lib/libvehicle_interfaces__rosidl_typesupport_introspection_cpp.so
[8.192s] -- Set runtime path of "/root/install/vehicle_interfaces/lib/libvehicle_interfaces__rosidl_typesupport_introspection_cpp.so" to ""
[8.192s] -- Installing: /root/install/vehicle_interfaces/lib/libvehicle_interfaces__rosidl_typesupport_cpp.so
[8.192s] -- Set runtime path of "/root/install/vehicle_interfaces/lib/libvehicle_interfaces__rosidl_typesupport_cpp.so" to ""
[8.192s] -- Up-to-date: /root/install/vehicle_interfaces/share/vehicle_interfaces/environment/pythonpath.sh
[8.192s] -- Installing: /root/install/vehicle_interfaces/share/vehicle_interfaces/environment/pythonpath.dsv
[8.198s] -- Installing: /root/install/vehicle_interfaces/lib/python3.8/site-packages/vehicle_interfaces/__init__.py
[8.242s] Compiling '/root/install/vehicle_interfaces/lib/python3.8/site-packages/vehicle_interfaces/__init__.py'...
[8.248s] -- Up-to-date: /root/install/vehicle_interfaces/lib/python3.8/site-packages/vehicle_interfaces/srv
[8.249s] -- Up-to-date: /root/install/vehicle_interfaces/lib/python3.8/site-packages/vehicle_interfaces/srv/_reset_serial_port_s.c
[8.249s] -- Up-to-date: /root/install/vehicle_interfaces/lib/python3.8/site-packages/vehicle_interfaces/srv/_reset_serial_port.py
[8.249s] -- Up-to-date: /root/install/vehicle_interfaces/lib/python3.8/site-packages/vehicle_interfaces/srv/_get_serial_port_s.c
[8.249s] -- Up-to-date: /root/install/vehicle_interfaces/lib/python3.8/site-packages/vehicle_interfaces/srv/_get_device_status.py
[8.249s] -- Up-to-date: /root/install/vehicle_interfaces/lib/python3.8/site-packages/vehicle_interfaces/srv/__init__.py
[8.250s] -- Up-to-date: /root/install/vehicle_interfaces/lib/python3.8/site-packages/vehicle_interfaces/srv/_get_device_status_s.c
[8.250s] -- Up-to-date: /root/install/vehicle_interfaces/lib/python3.8/site-packages/vehicle_interfaces/srv/_get_serial_port.py
[8.250s] -- Up-to-date: /root/install/vehicle_interfaces/lib/python3.8/site-packages/vehicle_interfaces/msg
[8.250s] -- Up-to-date: /root/install/vehicle_interfaces/lib/python3.8/site-packages/vehicle_interfaces/msg/_control_data.py
[8.250s] -- Up-to-date: /root/install/vehicle_interfaces/lib/python3.8/site-packages/vehicle_interfaces/msg/_ir_data_s.c
[8.250s] -- Up-to-date: /root/install/vehicle_interfaces/lib/python3.8/site-packages/vehicle_interfaces/msg/_to_f_data_s.c
[8.250s] -- Up-to-date: /root/install/vehicle_interfaces/lib/python3.8/site-packages/vehicle_interfaces/msg/_ultrasonic_data_s.c
[8.250s] -- Up-to-date: /root/install/vehicle_interfaces/lib/python3.8/site-packages/vehicle_interfaces/msg/_to_f_data.py
[8.250s] -- Up-to-date: /root/install/vehicle_interfaces/lib/python3.8/site-packages/vehicle_interfaces/msg/_encoder_data_s.c
[8.250s] -- Up-to-date: /root/install/vehicle_interfaces/lib/python3.8/site-packages/vehicle_interfaces/msg/_mpu_data_s.c
[8.250s] -- Up-to-date: /root/install/vehicle_interfaces/lib/python3.8/site-packages/vehicle_interfaces/msg/_sensor_data.py
[8.251s] -- Up-to-date: /root/install/vehicle_interfaces/lib/python3.8/site-packages/vehicle_interfaces/msg/_encoder_data.py
[8.251s] -- Up-to-date: /root/install/vehicle_interfaces/lib/python3.8/site-packages/vehicle_interfaces/msg/_gps_data.py
[8.251s] -- Up-to-date: /root/install/vehicle_interfaces/lib/python3.8/site-packages/vehicle_interfaces/msg/_ir_data.py
[8.251s] -- Up-to-date: /root/install/vehicle_interfaces/lib/python3.8/site-packages/vehicle_interfaces/msg/_temperature_data_s.c
[8.251s] -- Up-to-date: /root/install/vehicle_interfaces/lib/python3.8/site-packages/vehicle_interfaces/msg/_mpu_data.py
[8.251s] -- Up-to-date: /root/install/vehicle_interfaces/lib/python3.8/site-packages/vehicle_interfaces/msg/_gps_data_s.c
[8.251s] -- Up-to-date: /root/install/vehicle_interfaces/lib/python3.8/site-packages/vehicle_interfaces/msg/_sensor_data_s.c
[8.251s] -- Up-to-date: /root/install/vehicle_interfaces/lib/python3.8/site-packages/vehicle_interfaces/msg/_qmc_data_s.c
[8.251s] -- Up-to-date: /root/install/vehicle_interfaces/lib/python3.8/site-packages/vehicle_interfaces/msg/_control_data_s.c
[8.251s] -- Up-to-date: /root/install/vehicle_interfaces/lib/python3.8/site-packages/vehicle_interfaces/msg/__init__.py
[8.251s] -- Up-to-date: /root/install/vehicle_interfaces/lib/python3.8/site-packages/vehicle_interfaces/msg/_qmc_data.py
[8.251s] -- Up-to-date: /root/install/vehicle_interfaces/lib/python3.8/site-packages/vehicle_interfaces/msg/_temperature_data.py
[8.251s] -- Up-to-date: /root/install/vehicle_interfaces/lib/python3.8/site-packages/vehicle_interfaces/msg/_ultrasonic_data.py
[8.252s] -- Installing: /root/install/vehicle_interfaces/lib/python3.8/site-packages/vehicle_interfaces/vehicle_interfaces_s__rosidl_typesupport_fastrtps_c.cpython-38-x86_64-linux-gnu.so
[8.252s] -- Set runtime path of "/root/install/vehicle_interfaces/lib/python3.8/site-packages/vehicle_interfaces/vehicle_interfaces_s__rosidl_typesupport_fastrtps_c.cpython-38-x86_64-linux-gnu.so" to ""
[8.252s] -- Installing: /root/install/vehicle_interfaces/lib/python3.8/site-packages/vehicle_interfaces/vehicle_interfaces_s__rosidl_typesupport_introspection_c.cpython-38-x86_64-linux-gnu.so
[8.253s] -- Set runtime path of "/root/install/vehicle_interfaces/lib/python3.8/site-packages/vehicle_interfaces/vehicle_interfaces_s__rosidl_typesupport_introspection_c.cpython-38-x86_64-linux-gnu.so" to ""
[8.254s] -- Installing: /root/install/vehicle_interfaces/lib/python3.8/site-packages/vehicle_interfaces/vehicle_interfaces_s__rosidl_typesupport_c.cpython-38-x86_64-linux-gnu.so
[8.255s] -- Set runtime path of "/root/install/vehicle_interfaces/lib/python3.8/site-packages/vehicle_interfaces/vehicle_interfaces_s__rosidl_typesupport_c.cpython-38-x86_64-linux-gnu.so" to ""
[8.255s] -- Installing: /root/install/vehicle_interfaces/lib/libvehicle_interfaces__python.so
[8.256s] -- Set runtime path of "/root/install/vehicle_interfaces/lib/libvehicle_interfaces__python.so" to ""
[8.256s] -- Up-to-date: /root/install/vehicle_interfaces/share/vehicle_interfaces/srv/GetSerialPort.idl
[8.257s] -- Up-to-date: /root/install/vehicle_interfaces/share/vehicle_interfaces/srv/ResetSerialPort.idl
[8.257s] -- Up-to-date: /root/install/vehicle_interfaces/share/vehicle_interfaces/srv/GetDeviceStatus.idl
[8.257s] -- Up-to-date: /root/install/vehicle_interfaces/share/vehicle_interfaces/msg/SensorData.idl
[8.257s] -- Up-to-date: /root/install/vehicle_interfaces/share/vehicle_interfaces/msg/ControlData.idl
[8.257s] -- Up-to-date: /root/install/vehicle_interfaces/share/vehicle_interfaces/msg/EncoderData.idl
[8.258s] -- Up-to-date: /root/install/vehicle_interfaces/share/vehicle_interfaces/msg/GPSData.idl
[8.258s] -- Up-to-date: /root/install/vehicle_interfaces/share/vehicle_interfaces/msg/IRData.idl
[8.258s] -- Up-to-date: /root/install/vehicle_interfaces/share/vehicle_interfaces/msg/MPUData.idl
[8.258s] -- Up-to-date: /root/install/vehicle_interfaces/share/vehicle_interfaces/msg/QMCData.idl
[8.259s] -- Up-to-date: /root/install/vehicle_interfaces/share/vehicle_interfaces/msg/TemperatureData.idl
[8.259s] -- Up-to-date: /root/install/vehicle_interfaces/share/vehicle_interfaces/msg/ToFData.idl
[8.259s] -- Up-to-date: /root/install/vehicle_interfaces/share/vehicle_interfaces/msg/UltrasonicData.idl
[8.259s] -- Up-to-date: /root/install/vehicle_interfaces/share/vehicle_interfaces/srv/GetSerialPort.srv
[8.259s] -- Up-to-date: /root/install/vehicle_interfaces/share/vehicle_interfaces/srv/GetSerialPort_Request.msg
[8.260s] -- Up-to-date: /root/install/vehicle_interfaces/share/vehicle_interfaces/srv/GetSerialPort_Response.msg
[8.260s] -- Up-to-date: /root/install/vehicle_interfaces/share/vehicle_interfaces/srv/ResetSerialPort.srv
[8.260s] -- Up-to-date: /root/install/vehicle_interfaces/share/vehicle_interfaces/srv/ResetSerialPort_Request.msg
[8.260s] -- Up-to-date: /root/install/vehicle_interfaces/share/vehicle_interfaces/srv/ResetSerialPort_Response.msg
[8.260s] -- Up-to-date: /root/install/vehicle_interfaces/share/vehicle_interfaces/srv/GetDeviceStatus.srv
[8.260s] -- Up-to-date: /root/install/vehicle_interfaces/share/vehicle_interfaces/srv/GetDeviceStatus_Request.msg
[8.260s] -- Up-to-date: /root/install/vehicle_interfaces/share/vehicle_interfaces/srv/GetDeviceStatus_Response.msg
[8.261s] -- Up-to-date: /root/install/vehicle_interfaces/share/vehicle_interfaces/msg/SensorData.msg
[8.261s] -- Up-to-date: /root/install/vehicle_interfaces/share/vehicle_interfaces/msg/ControlData.msg
[8.261s] -- Up-to-date: /root/install/vehicle_interfaces/share/vehicle_interfaces/msg/EncoderData.msg
[8.261s] -- Up-to-date: /root/install/vehicle_interfaces/share/vehicle_interfaces/msg/GPSData.msg
[8.261s] -- Up-to-date: /root/install/vehicle_interfaces/share/vehicle_interfaces/msg/IRData.msg
[8.262s] -- Up-to-date: /root/install/vehicle_interfaces/share/vehicle_interfaces/msg/MPUData.msg
[8.262s] -- Up-to-date: /root/install/vehicle_interfaces/share/vehicle_interfaces/msg/QMCData.msg
[8.263s] -- Up-to-date: /root/install/vehicle_interfaces/share/vehicle_interfaces/msg/TemperatureData.msg
[8.263s] -- Up-to-date: /root/install/vehicle_interfaces/share/vehicle_interfaces/msg/ToFData.msg
[8.263s] -- Up-to-date: /root/install/vehicle_interfaces/share/vehicle_interfaces/msg/UltrasonicData.msg
[8.263s] -- Up-to-date: /root/install/vehicle_interfaces/share/ament_index/resource_index/package_run_dependencies/vehicle_interfaces
[8.264s] -- Installing: /root/install/vehicle_interfaces/share/ament_index/resource_index/parent_prefix_path/vehicle_interfaces
[8.264s] -- Up-to-date: /root/install/vehicle_interfaces/share/vehicle_interfaces/environment/ament_prefix_path.sh
[8.264s] -- Installing: /root/install/vehicle_interfaces/share/vehicle_interfaces/environment/ament_prefix_path.dsv
[8.264s] -- Up-to-date: /root/install/vehicle_interfaces/share/vehicle_interfaces/environment/path.sh
[8.264s] -- Installing: /root/install/vehicle_interfaces/share/vehicle_interfaces/environment/path.dsv
[8.265s] -- Up-to-date: /root/install/vehicle_interfaces/share/vehicle_interfaces/local_setup.bash
[8.265s] -- Up-to-date: /root/install/vehicle_interfaces/share/vehicle_interfaces/local_setup.sh
[8.265s] -- Up-to-date: /root/install/vehicle_interfaces/share/vehicle_interfaces/local_setup.zsh
[8.265s] -- Installing: /root/install/vehicle_interfaces/share/vehicle_interfaces/local_setup.dsv
[8.265s] -- Installing: /root/install/vehicle_interfaces/share/vehicle_interfaces/package.dsv
[8.266s] -- Up-to-date: /root/install/vehicle_interfaces/share/ament_index/resource_index/packages/vehicle_interfaces
[8.266s] -- Old export file "/root/install/vehicle_interfaces/share/vehicle_interfaces/cmake/vehicle_interfaces__rosidl_generator_cExport.cmake" will be replaced.  Removing files [/root/install/vehicle_interfaces/share/vehicle_interfaces/cmake/vehicle_interfaces__rosidl_generator_cExport-noconfig.cmake].
[8.266s] -- Installing: /root/install/vehicle_interfaces/share/vehicle_interfaces/cmake/vehicle_interfaces__rosidl_generator_cExport.cmake
[8.267s] -- Installing: /root/install/vehicle_interfaces/share/vehicle_interfaces/cmake/vehicle_interfaces__rosidl_generator_cExport-noconfig.cmake
[8.268s] -- Old export file "/root/install/vehicle_interfaces/share/vehicle_interfaces/cmake/vehicle_interfaces__rosidl_typesupport_introspection_cExport.cmake" will be replaced.  Removing files [/root/install/vehicle_interfaces/share/vehicle_interfaces/cmake/vehicle_interfaces__rosidl_typesupport_introspection_cExport-noconfig.cmake].
[8.268s] -- Installing: /root/install/vehicle_interfaces/share/vehicle_interfaces/cmake/vehicle_interfaces__rosidl_typesupport_introspection_cExport.cmake
[8.268s] -- Installing: /root/install/vehicle_interfaces/share/vehicle_interfaces/cmake/vehicle_interfaces__rosidl_typesupport_introspection_cExport-noconfig.cmake
[8.268s] -- Old export file "/root/install/vehicle_interfaces/share/vehicle_interfaces/cmake/vehicle_interfaces__rosidl_typesupport_cExport.cmake" will be replaced.  Removing files [/root/install/vehicle_interfaces/share/vehicle_interfaces/cmake/vehicle_interfaces__rosidl_typesupport_cExport-noconfig.cmake].
[8.269s] -- Installing: /root/install/vehicle_interfaces/share/vehicle_interfaces/cmake/vehicle_interfaces__rosidl_typesupport_cExport.cmake
[8.269s] -- Installing: /root/install/vehicle_interfaces/share/vehicle_interfaces/cmake/vehicle_interfaces__rosidl_typesupport_cExport-noconfig.cmake
[8.270s] -- Installing: /root/install/vehicle_interfaces/share/vehicle_interfaces/cmake/vehicle_interfaces__rosidl_generator_cppExport.cmake
[8.270s] -- Old export file "/root/install/vehicle_interfaces/share/vehicle_interfaces/cmake/vehicle_interfaces__rosidl_typesupport_introspection_cppExport.cmake" will be replaced.  Removing files [/root/install/vehicle_interfaces/share/vehicle_interfaces/cmake/vehicle_interfaces__rosidl_typesupport_introspection_cppExport-noconfig.cmake].
[8.270s] -- Installing: /root/install/vehicle_interfaces/share/vehicle_interfaces/cmake/vehicle_interfaces__rosidl_typesupport_introspection_cppExport.cmake
[8.270s] -- Installing: /root/install/vehicle_interfaces/share/vehicle_interfaces/cmake/vehicle_interfaces__rosidl_typesupport_introspection_cppExport-noconfig.cmake
[8.270s] -- Old export file "/root/install/vehicle_interfaces/share/vehicle_interfaces/cmake/vehicle_interfaces__rosidl_typesupport_cppExport.cmake" will be replaced.  Removing files [/root/install/vehicle_interfaces/share/vehicle_interfaces/cmake/vehicle_interfaces__rosidl_typesupport_cppExport-noconfig.cmake].
[8.271s] -- Installing: /root/install/vehicle_interfaces/share/vehicle_interfaces/cmake/vehicle_interfaces__rosidl_typesupport_cppExport.cmake
[8.271s] -- Installing: /root/install/vehicle_interfaces/share/vehicle_interfaces/cmake/vehicle_interfaces__rosidl_typesupport_cppExport-noconfig.cmake
[8.271s] -- Up-to-date: /root/install/vehicle_interfaces/share/vehicle_interfaces/cmake/rosidl_cmake-extras.cmake
[8.271s] -- Installing: /root/install/vehicle_interfaces/share/vehicle_interfaces/cmake/ament_cmake_export_dependencies-extras.cmake
[8.273s] -- Up-to-date: /root/install/vehicle_interfaces/share/vehicle_interfaces/cmake/ament_cmake_export_libraries-extras.cmake
[8.273s] -- Up-to-date: /root/install/vehicle_interfaces/share/vehicle_interfaces/cmake/ament_cmake_export_targets-extras.cmake
[8.273s] -- Up-to-date: /root/install/vehicle_interfaces/share/vehicle_interfaces/cmake/ament_cmake_export_include_directories-extras.cmake
[8.273s] -- Up-to-date: /root/install/vehicle_interfaces/share/vehicle_interfaces/cmake/rosidl_cmake_export_typesupport_libraries-extras.cmake
[8.275s] -- Up-to-date: /root/install/vehicle_interfaces/share/vehicle_interfaces/cmake/rosidl_cmake_export_typesupport_targets-extras.cmake
[8.275s] -- Up-to-date: /root/install/vehicle_interfaces/share/vehicle_interfaces/cmake/vehicle_interfacesConfig.cmake
[8.275s] -- Up-to-date: /root/install/vehicle_interfaces/share/vehicle_interfaces/cmake/vehicle_interfacesConfig-version.cmake
[8.275s] -- Up-to-date: /root/install/vehicle_interfaces/share/vehicle_interfaces/package.xml
[8.276s] Invoked command in '/root/build/vehicle_interfaces' returned '0': CMAKE_PREFIX_PATH=${CMAKE_PREFIX_PATH}:/root/install/vehicle_string_converter:/root/install/vehicle_simulation:/opt/ros/foxy /usr/bin/cmake --install /root/build/vehicle_interfaces
