[0.000000] (-) TimerEvent: {}
[0.000666] (-) JobUnselected: {'identifier': 'vehicle_control'}
[0.000754] (-) JobUnselected: {'identifier': 'vehicle_navigation'}
[0.001040] (-) JobUnselected: {'identifier': 'vehicle_networking_interfaces'}
[0.001097] (-) JobUnselected: {'identifier': 'vehicle_sensor'}
[0.001494] (vehicle_networking) JobQueued: {'identifier': 'vehicle_networking', 'dependencies': OrderedDict([('vehicle_networking_interfaces', '/root/install/vehicle_networking_interfaces')])}
[0.001631] (vehicle_networking) JobStarted: {'identifier': 'vehicle_networking'}
[0.099657] (-) TimerEvent: {}
[0.200197] (-) TimerEvent: {}
[0.300565] (-) TimerEvent: {}
[0.401014] (-) TimerEvent: {}
[0.501558] (-) TimerEvent: {}
[0.602225] (-) TimerEvent: {}
[0.702804] (-) TimerEvent: {}
[0.803123] (-) TimerEvent: {}
[0.903537] (-) TimerEvent: {}
[1.004558] (-) TimerEvent: {}
[1.104959] (-) TimerEvent: {}
[1.157038] (vehicle_networking) Command: {'cmd': ['/usr/bin/python3', 'setup.py', 'develop', '--uninstall', '--editable', '--build-directory', '/root/build/vehicle_networking/build'], 'cwd': '/root/build/vehicle_networking', 'env': {'HOSTNAME': '1ac344374424', 'SHLVL': '1', 'LD_LIBRARY_PATH': '/root/install/vehicle_networking_interfaces/lib:/opt/ros/foxy/opt/yaml_cpp_vendor/lib:/opt/ros/foxy/opt/rviz_ogre_vendor/lib:/opt/ros/foxy/lib/x86_64-linux-gnu:/opt/ros/foxy/lib', 'HOME': '/root', 'OLDPWD': '/', 'ROS_PYTHON_VERSION': '3', 'COLCON_PREFIX_PATH': '/root/install', 'ROS_DISTRO': 'foxy', '_': '/usr/bin/colcon', 'ROS_VERSION': '2', 'TERM': 'xterm', 'ROS_LOCALHOST_ONLY': '0', 'QT_X11_NO_MITSHM': '1', 'PATH': '/opt/ros/foxy/bin:/usr/local/sbin:/usr/local/bin:/usr/sbin:/usr/bin:/sbin:/bin', 'DISPLAY': ':0.0', 'LANG': 'C.UTF-8', 'AMENT_PREFIX_PATH': '/root/install/vehicle_networking:/root/install/vehicle_networking_interfaces:/opt/ros/foxy', 'DEBIAN_FRONTEND': 'noninteractive', 'PWD': '/root/build/vehicle_networking', 'LC_ALL': 'C.UTF-8', 'PYTHONPATH': '/root/build/vehicle_networking/prefix_override:/root/install/vehicle_networking/lib/python3.8/site-packages:/root/install/vehicle_networking_interfaces/lib/python3.8/site-packages:/root/install/vehicle_networking/lib/python3.8/site-packages:/opt/ros/foxy/lib/python3.8/site-packages', 'COLCON': '1', 'CMAKE_PREFIX_PATH': '/root/install/vehicle_networking_interfaces'}, 'shell': False}
[1.206232] (-) TimerEvent: {}
[1.307116] (-) TimerEvent: {}
[1.407472] (-) TimerEvent: {}
[1.507804] (-) TimerEvent: {}
[1.528683] (vehicle_networking) StdoutLine: {'line': b'running develop\n'}
[1.607914] (-) TimerEvent: {}
[1.708302] (-) TimerEvent: {}
[1.729530] (vehicle_networking) CommandEnded: {'returncode': 0}
[1.732055] (vehicle_networking) Command: {'cmd': ['/usr/bin/python3', 'setup.py', 'egg_info', '--egg-base', '../../build/vehicle_networking', 'build', '--build-base', '/root/build/vehicle_networking/build', 'install', '--record', '/root/build/vehicle_networking/install.log', '--install-scripts', '$base/lib/vehicle_networking', '--single-version-externally-managed'], 'cwd': '/root/src/vehicle_networking', 'env': {'HOSTNAME': '1ac344374424', 'SHLVL': '1', 'LD_LIBRARY_PATH': '/root/install/vehicle_networking_interfaces/lib:/opt/ros/foxy/opt/yaml_cpp_vendor/lib:/opt/ros/foxy/opt/rviz_ogre_vendor/lib:/opt/ros/foxy/lib/x86_64-linux-gnu:/opt/ros/foxy/lib', 'HOME': '/root', 'OLDPWD': '/', 'ROS_PYTHON_VERSION': '3', 'COLCON_PREFIX_PATH': '/root/install', 'ROS_DISTRO': 'foxy', '_': '/usr/bin/colcon', 'ROS_VERSION': '2', 'TERM': 'xterm', 'ROS_LOCALHOST_ONLY': '0', 'QT_X11_NO_MITSHM': '1', 'PATH': '/opt/ros/foxy/bin:/usr/local/sbin:/usr/local/bin:/usr/sbin:/usr/bin:/sbin:/bin', 'DISPLAY': ':0.0', 'LANG': 'C.UTF-8', 'AMENT_PREFIX_PATH': '/root/install/vehicle_networking:/root/install/vehicle_networking_interfaces:/opt/ros/foxy', 'DEBIAN_FRONTEND': 'noninteractive', 'PWD': '/root/build/vehicle_networking', 'LC_ALL': 'C.UTF-8', 'PYTHONPATH': '/root/build/vehicle_networking/prefix_override:/root/install/vehicle_networking/lib/python3.8/site-packages:/root/install/vehicle_networking_interfaces/lib/python3.8/site-packages:/root/install/vehicle_networking/lib/python3.8/site-packages:/opt/ros/foxy/lib/python3.8/site-packages', 'COLCON': '1', 'CMAKE_PREFIX_PATH': '/root/install/vehicle_networking_interfaces'}, 'shell': False}
[1.808498] (-) TimerEvent: {}
[1.909043] (-) TimerEvent: {}
[2.009444] (-) TimerEvent: {}
[2.036366] (vehicle_networking) StdoutLine: {'line': b'running egg_info\n'}
[2.037858] (vehicle_networking) StdoutLine: {'line': b'writing ../../build/vehicle_networking/vehicle_networking.egg-info/PKG-INFO\n'}
[2.038415] (vehicle_networking) StdoutLine: {'line': b'writing dependency_links to ../../build/vehicle_networking/vehicle_networking.egg-info/dependency_links.txt\n'}
[2.038773] (vehicle_networking) StdoutLine: {'line': b'writing entry points to ../../build/vehicle_networking/vehicle_networking.egg-info/entry_points.txt\n'}
[2.039079] (vehicle_networking) StdoutLine: {'line': b'writing requirements to ../../build/vehicle_networking/vehicle_networking.egg-info/requires.txt\n'}
[2.039324] (vehicle_networking) StdoutLine: {'line': b'writing top-level names to ../../build/vehicle_networking/vehicle_networking.egg-info/top_level.txt\n'}
[2.100222] (vehicle_networking) StdoutLine: {'line': b"reading manifest file '../../build/vehicle_networking/vehicle_networking.egg-info/SOURCES.txt'\n"}
[2.102158] (vehicle_networking) StdoutLine: {'line': b"writing manifest file '../../build/vehicle_networking/vehicle_networking.egg-info/SOURCES.txt'\n"}
[2.102756] (vehicle_networking) StdoutLine: {'line': b'running build\n'}
[2.102951] (vehicle_networking) StdoutLine: {'line': b'running build_py\n'}
[2.103119] (vehicle_networking) StdoutLine: {'line': b'copying vehicle_networking/control_serial_interface.py -> /root/build/vehicle_networking/build/lib/vehicle_networking\n'}
[2.104284] (vehicle_networking) StdoutLine: {'line': b'running install\n'}
[2.105629] (vehicle_networking) StdoutLine: {'line': b'running install_lib\n'}
[2.107765] (vehicle_networking) StdoutLine: {'line': b'copying /root/build/vehicle_networking/build/lib/vehicle_networking/control_serial_interface.py -> /root/install/vehicle_networking/lib/python3.8/site-packages/vehicle_networking\n'}
[2.108111] (vehicle_networking) StdoutLine: {'line': b'byte-compiling /root/install/vehicle_networking/lib/python3.8/site-packages/vehicle_networking/control_serial_interface.py to control_serial_interface.cpython-38.pyc\n'}
[2.109538] (-) TimerEvent: {}
[2.112794] (vehicle_networking) StdoutLine: {'line': b'running install_data\n'}
[2.113337] (vehicle_networking) StdoutLine: {'line': b'running install_egg_info\n'}
[2.116365] (vehicle_networking) StdoutLine: {'line': b"removing '/root/install/vehicle_networking/lib/python3.8/site-packages/vehicle_networking-0.0.0-py3.8.egg-info' (and everything under it)\n"}
[2.117513] (vehicle_networking) StdoutLine: {'line': b'Copying ../../build/vehicle_networking/vehicle_networking.egg-info to /root/install/vehicle_networking/lib/python3.8/site-packages/vehicle_networking-0.0.0-py3.8.egg-info\n'}
[2.119283] (vehicle_networking) StdoutLine: {'line': b'running install_scripts\n'}
[2.144675] (vehicle_networking) StdoutLine: {'line': b'Installing control_serial_interface script to /root/install/vehicle_networking/lib/vehicle_networking\n'}
[2.144940] (vehicle_networking) StdoutLine: {'line': b'Installing serial_manager script to /root/install/vehicle_networking/lib/vehicle_networking\n'}
[2.145482] (vehicle_networking) StdoutLine: {'line': b"writing list of installed files to '/root/build/vehicle_networking/install.log'\n"}
[2.184143] (vehicle_networking) CommandEnded: {'returncode': 0}
[2.210143] (-) TimerEvent: {}
[2.218425] (vehicle_networking) JobEnded: {'identifier': 'vehicle_networking', 'rc': 0}
[2.220047] (-) EventReactorShutdown: {}
