[0.917s] Invoking command in '/root/build/vehicle_networking': AMENT_PREFIX_PATH=/root/install/vehicle_networking_interfaces:${AMENT_PREFIX_PATH} CMAKE_PREFIX_PATH=/root/install/vehicle_networking_interfaces LD_LIBRARY_PATH=/root/install/vehicle_networking_interfaces/lib:${LD_LIBRARY_PATH} PYTHONPATH=/root/build/vehicle_networking/prefix_override:/root/install/vehicle_networking/lib/python3.8/site-packages:/root/install/vehicle_networking_interfaces/lib/python3.8/site-packages:${PYTHONPATH} /usr/bin/python3 setup.py develop --uninstall --editable --build-directory /root/build/vehicle_networking/build
[1.211s] running develop
[1.379s] Invoked command in '/root/build/vehicle_networking' returned '0': AMENT_PREFIX_PATH=/root/install/vehicle_networking_interfaces:${AMENT_PREFIX_PATH} CMAKE_PREFIX_PATH=/root/install/vehicle_networking_interfaces LD_LIBRARY_PATH=/root/install/vehicle_networking_interfaces/lib:${LD_LIBRARY_PATH} PYTHONPATH=/root/build/vehicle_networking/prefix_override:/root/install/vehicle_networking/lib/python3.8/site-packages:/root/install/vehicle_networking_interfaces/lib/python3.8/site-packages:${PYTHONPATH} /usr/bin/python3 setup.py develop --uninstall --editable --build-directory /root/build/vehicle_networking/build
[1.383s] Invoking command in '/root/src/vehicle_networking': AMENT_PREFIX_PATH=/root/install/vehicle_networking_interfaces:${AMENT_PREFIX_PATH} CMAKE_PREFIX_PATH=/root/install/vehicle_networking_interfaces LD_LIBRARY_PATH=/root/install/vehicle_networking_interfaces/lib:${LD_LIBRARY_PATH} PYTHONPATH=/root/build/vehicle_networking/prefix_override:/root/install/vehicle_networking/lib/python3.8/site-packages:/root/install/vehicle_networking_interfaces/lib/python3.8/site-packages:${PYTHONPATH} /usr/bin/python3 setup.py egg_info --egg-base ../../build/vehicle_networking build --build-base /root/build/vehicle_networking/build install --record /root/build/vehicle_networking/install.log --install-scripts $base/lib/vehicle_networking --single-version-externally-managed
[1.623s] running egg_info
[1.624s] writing ../../build/vehicle_networking/vehicle_networking.egg-info/PKG-INFO
[1.627s] writing dependency_links to ../../build/vehicle_networking/vehicle_networking.egg-info/dependency_links.txt
[1.628s] writing entry points to ../../build/vehicle_networking/vehicle_networking.egg-info/entry_points.txt
[1.628s] writing requirements to ../../build/vehicle_networking/vehicle_networking.egg-info/requires.txt
[1.628s] writing top-level names to ../../build/vehicle_networking/vehicle_networking.egg-info/top_level.txt
[1.677s] reading manifest file '../../build/vehicle_networking/vehicle_networking.egg-info/SOURCES.txt'
[1.679s] writing manifest file '../../build/vehicle_networking/vehicle_networking.egg-info/SOURCES.txt'
[1.679s] running build
[1.679s] running build_py
[1.679s] copying vehicle_networking/serial_manager.py -> /root/build/vehicle_networking/build/lib/vehicle_networking
[1.681s] copying vehicle_networking/control_serial_interface.py -> /root/build/vehicle_networking/build/lib/vehicle_networking
[1.681s] running install
[1.682s] running install_lib
[1.684s] copying /root/build/vehicle_networking/build/lib/vehicle_networking/serial_manager.py -> /root/install/vehicle_networking/lib/python3.8/site-packages/vehicle_networking
[1.684s] copying /root/build/vehicle_networking/build/lib/vehicle_networking/control_serial_interface.py -> /root/install/vehicle_networking/lib/python3.8/site-packages/vehicle_networking
[1.685s] byte-compiling /root/install/vehicle_networking/lib/python3.8/site-packages/vehicle_networking/serial_manager.py to serial_manager.cpython-38.pyc
[1.688s] byte-compiling /root/install/vehicle_networking/lib/python3.8/site-packages/vehicle_networking/control_serial_interface.py to control_serial_interface.cpython-38.pyc
[1.690s] running install_data
[1.691s] running install_egg_info
[1.693s] removing '/root/install/vehicle_networking/lib/python3.8/site-packages/vehicle_networking-0.0.0-py3.8.egg-info' (and everything under it)
[1.694s] Copying ../../build/vehicle_networking/vehicle_networking.egg-info to /root/install/vehicle_networking/lib/python3.8/site-packages/vehicle_networking-0.0.0-py3.8.egg-info
[1.696s] running install_scripts
[1.720s] Installing control_serial_interface script to /root/install/vehicle_networking/lib/vehicle_networking
[1.720s] Installing serial_manager script to /root/install/vehicle_networking/lib/vehicle_networking
[1.721s] writing list of installed files to '/root/build/vehicle_networking/install.log'
[1.755s] Invoked command in '/root/src/vehicle_networking' returned '0': AMENT_PREFIX_PATH=/root/install/vehicle_networking_interfaces:${AMENT_PREFIX_PATH} CMAKE_PREFIX_PATH=/root/install/vehicle_networking_interfaces LD_LIBRARY_PATH=/root/install/vehicle_networking_interfaces/lib:${LD_LIBRARY_PATH} PYTHONPATH=/root/build/vehicle_networking/prefix_override:/root/install/vehicle_networking/lib/python3.8/site-packages:/root/install/vehicle_networking_interfaces/lib/python3.8/site-packages:${PYTHONPATH} /usr/bin/python3 setup.py egg_info --egg-base ../../build/vehicle_networking build --build-base /root/build/vehicle_networking/build install --record /root/build/vehicle_networking/install.log --install-scripts $base/lib/vehicle_networking --single-version-externally-managed
