[0.000000] (-) TimerEvent: {}
[0.000609] (-) JobUnselected: {'identifier': 'vehicle_interfaces'}
[0.000964] (-) JobUnselected: {'identifier': 'vehicle_navigation'}
[0.001186] (-) JobUnselected: {'identifier': 'vehicle_networking'}
[0.001516] (-) JobUnselected: {'identifier': 'vehicle_simulation'}
[0.001607] (vehicle_string_converter) JobQueued: {'identifier': 'vehicle_string_converter', 'dependencies': OrderedDict()}
[0.001654] (vehicle_string_converter) JobStarted: {'identifier': 'vehicle_string_converter'}
[0.099796] (-) TimerEvent: {}
[0.200293] (-) TimerEvent: {}
[0.300671] (-) TimerEvent: {}
[0.401243] (-) TimerEvent: {}
[0.501993] (-) TimerEvent: {}
[0.603171] (-) TimerEvent: {}
[0.703967] (-) TimerEvent: {}
[0.804303] (-) TimerEvent: {}
[0.904661] (-) TimerEvent: {}
[1.005562] (-) TimerEvent: {}
[1.102547] (vehicle_string_converter) Command: {'cmd': ['/usr/bin/python3', 'setup.py', 'egg_info', '--egg-base', '../../build/vehicle_string_converter', 'build', '--build-base', '/root/build/vehicle_string_converter/build', 'install', '--record', '/root/build/vehicle_string_converter/install.log', '--install-scripts', '$base/lib/vehicle_string_converter', '--single-version-externally-managed'], 'cwd': '/root/src/vehicle_string_converter', 'env': {'HOSTNAME': '2a33c685da1f', 'SHLVL': '1', 'LD_LIBRARY_PATH': '/root/install/vehicle_interfaces/lib:/opt/ros/foxy/opt/yaml_cpp_vendor/lib:/opt/ros/foxy/opt/rviz_ogre_vendor/lib:/opt/ros/foxy/lib/x86_64-linux-gnu:/opt/ros/foxy/lib', 'HOME': '/root', 'OLDPWD': '/', 'ROS_PYTHON_VERSION': '3', 'COLCON_PREFIX_PATH': '/root/install', 'ROS_DISTRO': 'foxy', '_': '/usr/bin/colcon', 'ROS_VERSION': '2', 'TERM': 'xterm', 'ROS_LOCALHOST_ONLY': '0', 'QT_X11_NO_MITSHM': '1', 'PATH': '/opt/ros/foxy/bin:/usr/local/sbin:/usr/local/bin:/usr/sbin:/usr/bin:/sbin:/bin', 'DISPLAY': ':0.0', 'LANG': 'C.UTF-8', 'AMENT_PREFIX_PATH': '/root/install/vehicle_interfaces:/root/install/vehicle_string_converter:/root/install/vehicle_simulation:/opt/ros/foxy', 'DEBIAN_FRONTEND': 'noninteractive', 'PWD': '/root/build/vehicle_string_converter', 'LC_ALL': 'C.UTF-8', 'PYTHONPATH': '/root/build/vehicle_string_converter/prefix_override:/root/install/vehicle_string_converter/lib/python3.8/site-packages:/root/install/vehicle_interfaces/lib/python3.8/site-packages:/root/install/vehicle_string_converter/lib/python3.8/site-packages:/root/install/vehicle_simulation/lib/python3.8/site-packages:/opt/ros/foxy/lib/python3.8/site-packages', 'COLCON': '1', 'CMAKE_PREFIX_PATH': '/root/install/vehicle_interfaces'}, 'shell': False}
[1.107788] (-) TimerEvent: {}
[1.208185] (-) TimerEvent: {}
[1.309567] (-) TimerEvent: {}
[1.409976] (-) TimerEvent: {}
[1.510381] (-) TimerEvent: {}
[1.566582] (vehicle_string_converter) StdoutLine: {'line': b'running egg_info\n'}
[1.567234] (vehicle_string_converter) StdoutLine: {'line': b'writing ../../build/vehicle_string_converter/vehicle_string_converter.egg-info/PKG-INFO\n'}
[1.568168] (vehicle_string_converter) StdoutLine: {'line': b'writing dependency_links to ../../build/vehicle_string_converter/vehicle_string_converter.egg-info/dependency_links.txt\n'}
[1.569687] (vehicle_string_converter) StdoutLine: {'line': b'writing entry points to ../../build/vehicle_string_converter/vehicle_string_converter.egg-info/entry_points.txt\n'}
[1.569920] (vehicle_string_converter) StdoutLine: {'line': b'writing requirements to ../../build/vehicle_string_converter/vehicle_string_converter.egg-info/requires.txt\n'}
[1.570094] (vehicle_string_converter) StdoutLine: {'line': b'writing top-level names to ../../build/vehicle_string_converter/vehicle_string_converter.egg-info/top_level.txt\n'}
[1.610502] (-) TimerEvent: {}
[1.664386] (vehicle_string_converter) StdoutLine: {'line': b"reading manifest file '../../build/vehicle_string_converter/vehicle_string_converter.egg-info/SOURCES.txt'\n"}
[1.666717] (vehicle_string_converter) StdoutLine: {'line': b"writing manifest file '../../build/vehicle_string_converter/vehicle_string_converter.egg-info/SOURCES.txt'\n"}
[1.667107] (vehicle_string_converter) StdoutLine: {'line': b'running build\n'}
[1.667327] (vehicle_string_converter) StdoutLine: {'line': b'running build_py\n'}
[1.667588] (vehicle_string_converter) StdoutLine: {'line': b'copying vehicle_string_converter/vehicle_control_string_builder.py -> /root/build/vehicle_string_converter/build/lib/vehicle_string_converter\n'}
[1.668332] (vehicle_string_converter) StdoutLine: {'line': b'running install\n'}
[1.670237] (vehicle_string_converter) StdoutLine: {'line': b'running install_lib\n'}
[1.672202] (vehicle_string_converter) StdoutLine: {'line': b'copying /root/build/vehicle_string_converter/build/lib/vehicle_string_converter/vehicle_control_string_builder.py -> /root/install/vehicle_string_converter/lib/python3.8/site-packages/vehicle_string_converter\n'}
[1.673475] (vehicle_string_converter) StdoutLine: {'line': b'byte-compiling /root/install/vehicle_string_converter/lib/python3.8/site-packages/vehicle_string_converter/vehicle_control_string_builder.py to vehicle_control_string_builder.cpython-38.pyc\n'}
[1.677713] (vehicle_string_converter) StdoutLine: {'line': b'running install_data\n'}
[1.678892] (vehicle_string_converter) StdoutLine: {'line': b'running install_egg_info\n'}
[1.682207] (vehicle_string_converter) StdoutLine: {'line': b"removing '/root/install/vehicle_string_converter/lib/python3.8/site-packages/vehicle_string_converter-0.0.0-py3.8.egg-info' (and everything under it)\n"}
[1.682693] (vehicle_string_converter) StdoutLine: {'line': b'Copying ../../build/vehicle_string_converter/vehicle_string_converter.egg-info to /root/install/vehicle_string_converter/lib/python3.8/site-packages/vehicle_string_converter-0.0.0-py3.8.egg-info\n'}
[1.684431] (vehicle_string_converter) StdoutLine: {'line': b'running install_scripts\n'}
[1.710555] (-) TimerEvent: {}
[1.720637] (vehicle_string_converter) StdoutLine: {'line': b'Installing vehicle_control_string_builder script to /root/install/vehicle_string_converter/lib/vehicle_string_converter\n'}
[1.721449] (vehicle_string_converter) StdoutLine: {'line': b"writing list of installed files to '/root/build/vehicle_string_converter/install.log'\n"}
[1.776273] (vehicle_string_converter) CommandEnded: {'returncode': 0}
[1.828972] (-) TimerEvent: {}
[1.831678] (vehicle_string_converter) JobEnded: {'identifier': 'vehicle_string_converter', 'rc': 0}
[1.833126] (-) EventReactorShutdown: {}
