running egg_info
creating ../../build/vehicle_string_converter/vehicle_string_converter.egg-info
writing ../../build/vehicle_string_converter/vehicle_string_converter.egg-info/PKG-INFO
writing dependency_links to ../../build/vehicle_string_converter/vehicle_string_converter.egg-info/dependency_links.txt
writing entry points to ../../build/vehicle_string_converter/vehicle_string_converter.egg-info/entry_points.txt
writing requirements to ../../build/vehicle_string_converter/vehicle_string_converter.egg-info/requires.txt
writing top-level names to ../../build/vehicle_string_converter/vehicle_string_converter.egg-info/top_level.txt
writing manifest file '../../build/vehicle_string_converter/vehicle_string_converter.egg-info/SOURCES.txt'
reading manifest file '../../build/vehicle_string_converter/vehicle_string_converter.egg-info/SOURCES.txt'
writing manifest file '../../build/vehicle_string_converter/vehicle_string_converter.egg-info/SOURCES.txt'
running build
running build_py
creating /home/ethanreynolds/vscode/robot-rover-2025/code/system/ros2/build/vehicle_string_converter/build
creating /home/ethanreynolds/vscode/robot-rover-2025/code/system/ros2/build/vehicle_string_converter/build/lib
creating /home/ethanreynolds/vscode/robot-rover-2025/code/system/ros2/build/vehicle_string_converter/build/lib/vehicle_string_converter
copying vehicle_string_converter/control_string_parser.py -> /home/ethanreynolds/vscode/robot-rover-2025/code/system/ros2/build/vehicle_string_converter/build/lib/vehicle_string_converter
copying vehicle_string_converter/control_string_builder.py -> /home/ethanreynolds/vscode/robot-rover-2025/code/system/ros2/build/vehicle_string_converter/build/lib/vehicle_string_converter
copying vehicle_string_converter/__init__.py -> /home/ethanreynolds/vscode/robot-rover-2025/code/system/ros2/build/vehicle_string_converter/build/lib/vehicle_string_converter
copying vehicle_string_converter/sensor_string_parser.py -> /home/ethanreynolds/vscode/robot-rover-2025/code/system/ros2/build/vehicle_string_converter/build/lib/vehicle_string_converter
copying vehicle_string_converter/sensor_string_builder.py -> /home/ethanreynolds/vscode/robot-rover-2025/code/system/ros2/build/vehicle_string_converter/build/lib/vehicle_string_converter
running install
running install_lib
creating /home/ethanreynolds/vscode/robot-rover-2025/code/system/ros2/install/vehicle_string_converter/lib/python3.8/site-packages/vehicle_string_converter
copying /home/ethanreynolds/vscode/robot-rover-2025/code/system/ros2/build/vehicle_string_converter/build/lib/vehicle_string_converter/control_string_parser.py -> /home/ethanreynolds/vscode/robot-rover-2025/code/system/ros2/install/vehicle_string_converter/lib/python3.8/site-packages/vehicle_string_converter
copying /home/ethanreynolds/vscode/robot-rover-2025/code/system/ros2/build/vehicle_string_converter/build/lib/vehicle_string_converter/control_string_builder.py -> /home/ethanreynolds/vscode/robot-rover-2025/code/system/ros2/install/vehicle_string_converter/lib/python3.8/site-packages/vehicle_string_converter
copying /home/ethanreynolds/vscode/robot-rover-2025/code/system/ros2/build/vehicle_string_converter/build/lib/vehicle_string_converter/__init__.py -> /home/ethanreynolds/vscode/robot-rover-2025/code/system/ros2/install/vehicle_string_converter/lib/python3.8/site-packages/vehicle_string_converter
copying /home/ethanreynolds/vscode/robot-rover-2025/code/system/ros2/build/vehicle_string_converter/build/lib/vehicle_string_converter/sensor_string_parser.py -> /home/ethanreynolds/vscode/robot-rover-2025/code/system/ros2/install/vehicle_string_converter/lib/python3.8/site-packages/vehicle_string_converter
copying /home/ethanreynolds/vscode/robot-rover-2025/code/system/ros2/build/vehicle_string_converter/build/lib/vehicle_string_converter/sensor_string_builder.py -> /home/ethanreynolds/vscode/robot-rover-2025/code/system/ros2/install/vehicle_string_converter/lib/python3.8/site-packages/vehicle_string_converter
byte-compiling /home/ethanreynolds/vscode/robot-rover-2025/code/system/ros2/install/vehicle_string_converter/lib/python3.8/site-packages/vehicle_string_converter/control_string_parser.py to control_string_parser.cpython-38.pyc
byte-compiling /home/ethanreynolds/vscode/robot-rover-2025/code/system/ros2/install/vehicle_string_converter/lib/python3.8/site-packages/vehicle_string_converter/control_string_builder.py to control_string_builder.cpython-38.pyc
byte-compiling /home/ethanreynolds/vscode/robot-rover-2025/code/system/ros2/install/vehicle_string_converter/lib/python3.8/site-packages/vehicle_string_converter/__init__.py to __init__.cpython-38.pyc
byte-compiling /home/ethanreynolds/vscode/robot-rover-2025/code/system/ros2/install/vehicle_string_converter/lib/python3.8/site-packages/vehicle_string_converter/sensor_string_parser.py to sensor_string_parser.cpython-38.pyc
byte-compiling /home/ethanreynolds/vscode/robot-rover-2025/code/system/ros2/install/vehicle_string_converter/lib/python3.8/site-packages/vehicle_string_converter/sensor_string_builder.py to sensor_string_builder.cpython-38.pyc
running install_data
creating /home/ethanreynolds/vscode/robot-rover-2025/code/system/ros2/install/vehicle_string_converter/share/ament_index
creating /home/ethanreynolds/vscode/robot-rover-2025/code/system/ros2/install/vehicle_string_converter/share/ament_index/resource_index
creating /home/ethanreynolds/vscode/robot-rover-2025/code/system/ros2/install/vehicle_string_converter/share/ament_index/resource_index/packages
copying resource/vehicle_string_converter -> /home/ethanreynolds/vscode/robot-rover-2025/code/system/ros2/install/vehicle_string_converter/share/ament_index/resource_index/packages
copying package.xml -> /home/ethanreynolds/vscode/robot-rover-2025/code/system/ros2/install/vehicle_string_converter/share/vehicle_string_converter
creating /home/ethanreynolds/vscode/robot-rover-2025/code/system/ros2/install/vehicle_string_converter/share/vehicle_string_converter/config
copying config/control_codes.yaml -> /home/ethanreynolds/vscode/robot-rover-2025/code/system/ros2/install/vehicle_string_converter/share/vehicle_string_converter/config
copying config/sensor_fields.yaml -> /home/ethanreynolds/vscode/robot-rover-2025/code/system/ros2/install/vehicle_string_converter/share/vehicle_string_converter/config
copying config/sensor_codes.yaml -> /home/ethanreynolds/vscode/robot-rover-2025/code/system/ros2/install/vehicle_string_converter/share/vehicle_string_converter/config
copying config/sensor_names.yaml -> /home/ethanreynolds/vscode/robot-rover-2025/code/system/ros2/install/vehicle_string_converter/share/vehicle_string_converter/config
copying config/delimiters.yaml -> /home/ethanreynolds/vscode/robot-rover-2025/code/system/ros2/install/vehicle_string_converter/share/vehicle_string_converter/config
copying config/sensor_encoding.yaml -> /home/ethanreynolds/vscode/robot-rover-2025/code/system/ros2/install/vehicle_string_converter/share/vehicle_string_converter/config
running install_egg_info
Copying ../../build/vehicle_string_converter/vehicle_string_converter.egg-info to /home/ethanreynolds/vscode/robot-rover-2025/code/system/ros2/install/vehicle_string_converter/lib/python3.8/site-packages/vehicle_string_converter-0.0.0-py3.8.egg-info
running install_scripts
Installing control_string_builder script to /home/ethanreynolds/vscode/robot-rover-2025/code/system/ros2/install/vehicle_string_converter/lib/vehicle_string_converter
Installing control_string_parser script to /home/ethanreynolds/vscode/robot-rover-2025/code/system/ros2/install/vehicle_string_converter/lib/vehicle_string_converter
Installing sensor_string_parser script to /home/ethanreynolds/vscode/robot-rover-2025/code/system/ros2/install/vehicle_string_converter/lib/vehicle_string_converter
writing list of installed files to '/home/ethanreynolds/vscode/robot-rover-2025/code/system/ros2/build/vehicle_string_converter/install.log'
