[0.912s] Invoking command in '/root/src/vehicle_simulation': PYTHONPATH=/root/build/vehicle_simulation/prefix_override:/root/install/vehicle_simulation/lib/python3.8/site-packages:${PYTHONPATH} /usr/bin/python3 setup.py egg_info --egg-base ../../build/vehicle_simulation build --build-base /root/build/vehicle_simulation/build install --record /root/build/vehicle_simulation/install.log --install-scripts $base/lib/vehicle_simulation --single-version-externally-managed
[1.175s] running egg_info
[1.176s] writing ../../build/vehicle_simulation/vehicle_simulation.egg-info/PKG-INFO
[1.176s] writing dependency_links to ../../build/vehicle_simulation/vehicle_simulation.egg-info/dependency_links.txt
[1.176s] writing entry points to ../../build/vehicle_simulation/vehicle_simulation.egg-info/entry_points.txt
[1.176s] writing requirements to ../../build/vehicle_simulation/vehicle_simulation.egg-info/requires.txt
[1.177s] writing top-level names to ../../build/vehicle_simulation/vehicle_simulation.egg-info/top_level.txt
[1.226s] reading manifest file '../../build/vehicle_simulation/vehicle_simulation.egg-info/SOURCES.txt'
[1.229s] writing manifest file '../../build/vehicle_simulation/vehicle_simulation.egg-info/SOURCES.txt'
[1.232s] running build
[1.232s] running build_py
[1.232s] running install
[1.234s] running install_lib
[1.234s] running install_data
[1.235s] running install_egg_info
[1.238s] removing '/root/install/vehicle_simulation/lib/python3.8/site-packages/vehicle_simulation-0.0.0-py3.8.egg-info' (and everything under it)
[1.239s] Copying ../../build/vehicle_simulation/vehicle_simulation.egg-info to /root/install/vehicle_simulation/lib/python3.8/site-packages/vehicle_simulation-0.0.0-py3.8.egg-info
[1.240s] running install_scripts
[1.275s] Installing vehicle_control_sim script to /root/install/vehicle_simulation/lib/vehicle_simulation
[1.276s] Installing vehicle_sensor_sim script to /root/install/vehicle_simulation/lib/vehicle_simulation
[1.276s] writing list of installed files to '/root/build/vehicle_simulation/install.log'
[1.316s] Invoked command in '/root/src/vehicle_simulation' returned '0': PYTHONPATH=/root/build/vehicle_simulation/prefix_override:/root/install/vehicle_simulation/lib/python3.8/site-packages:${PYTHONPATH} /usr/bin/python3 setup.py egg_info --egg-base ../../build/vehicle_simulation build --build-base /root/build/vehicle_simulation/build install --record /root/build/vehicle_simulation/install.log --install-scripts $base/lib/vehicle_simulation --single-version-externally-managed
