[0.371s] DEBUG:colcon:Command line arguments: ['/usr/bin/colcon', 'build', '--packages-select', 'vehicle_interfaces']
[0.372s] DEBUG:colcon:Parsed command line arguments: Namespace(ament_cmake_args=None, base_paths=['.'], build_base='build', catkin_cmake_args=None, catkin_skip_building_tests=False, cmake_args=None, cmake_clean_cache=False, cmake_clean_first=False, cmake_force_configure=False, cmake_target=None, cmake_target_skip_unavailable=False, continue_on_error=False, event_handlers=None, executor='parallel', ignore_user_meta=False, install_base='install', log_base=None, log_level=None, main=<bound method BuildVerb.main of <colcon_core.verb.build.BuildVerb object at 0x738637276160>>, merge_install=False, metas=['./colcon.meta'], mixin=None, mixin_files=None, mixin_verb=('build',), packages_above=None, packages_above_and_dependencies=None, packages_above_depth=None, packages_end=None, packages_ignore=None, packages_ignore_regex=None, packages_select=['vehicle_interfaces'], packages_select_build_failed=False, packages_select_by_dep=None, packages_select_regex=None, packages_select_test_failures=False, packages_skip=None, packages_skip_build_finished=False, packages_skip_by_dep=None, packages_skip_regex=None, packages_skip_test_passed=False, packages_skip_up_to=None, packages_start=None, packages_up_to=None, packages_up_to_regex=None, parallel_workers=4, paths=None, symlink_install=False, test_result_base=None, verb_extension=<colcon_core.verb.build.BuildVerb object at 0x738637276160>, verb_name='build', verb_parser=<colcon_mixin.mixin.mixin_argument.MixinArgumentDecorator object at 0x7386372767c0>)
[0.406s] Level 1:colcon.colcon_core.package_discovery:discover_packages(colcon_meta) check parameters
[0.406s] Level 1:colcon.colcon_core.package_discovery:discover_packages(recursive) check parameters
[0.406s] Level 1:colcon.colcon_core.package_discovery:discover_packages(ignore) check parameters
[0.406s] Level 1:colcon.colcon_core.package_discovery:discover_packages(path) check parameters
[0.406s] Level 1:colcon.colcon_core.package_discovery:discover_packages(colcon_meta) discover
[0.406s] Level 1:colcon.colcon_core.package_discovery:discover_packages(recursive) discover
[0.406s] INFO:colcon.colcon_core.package_discovery:Crawling recursively for packages in '/root'
[0.407s] Level 1:colcon.colcon_core.package_identification:_identify(.) by extensions ['ignore', 'ignore_ament_install']
[0.407s] Level 1:colcon.colcon_core.package_identification:_identify(.) by extension 'ignore'
[0.407s] Level 1:colcon.colcon_core.package_identification:_identify(.) by extension 'ignore_ament_install'
[0.407s] Level 1:colcon.colcon_core.package_identification:_identify(.) by extensions ['colcon_pkg']
[0.407s] Level 1:colcon.colcon_core.package_identification:_identify(.) by extension 'colcon_pkg'
[0.407s] Level 1:colcon.colcon_core.package_identification:_identify(.) by extensions ['colcon_meta']
[0.407s] Level 1:colcon.colcon_core.package_identification:_identify(.) by extension 'colcon_meta'
[0.407s] Level 1:colcon.colcon_core.package_identification:_identify(.) by extensions ['ros']
[0.407s] Level 1:colcon.colcon_core.package_identification:_identify(.) by extension 'ros'
[0.434s] Level 1:colcon.colcon_core.package_identification:_identify(.) by extensions ['cmake', 'python']
[0.434s] Level 1:colcon.colcon_core.package_identification:_identify(.) by extension 'cmake'
[0.434s] Level 1:colcon.colcon_core.package_identification:_identify(.) by extension 'python'
[0.434s] Level 1:colcon.colcon_core.package_identification:_identify(.) by extensions ['python_setup_py']
[0.434s] Level 1:colcon.colcon_core.package_identification:_identify(.) by extension 'python_setup_py'
[0.434s] Level 1:colcon.colcon_core.package_identification:_identify(build) by extensions ['ignore', 'ignore_ament_install']
[0.435s] Level 1:colcon.colcon_core.package_identification:_identify(build) by extension 'ignore'
[0.435s] Level 1:colcon.colcon_core.package_identification:_identify(build) ignored
[0.435s] Level 1:colcon.colcon_core.package_identification:_identify(install) by extensions ['ignore', 'ignore_ament_install']
[0.435s] Level 1:colcon.colcon_core.package_identification:_identify(install) by extension 'ignore'
[0.435s] Level 1:colcon.colcon_core.package_identification:_identify(install) ignored
[0.435s] Level 1:colcon.colcon_core.package_identification:_identify(log) by extensions ['ignore', 'ignore_ament_install']
[0.435s] Level 1:colcon.colcon_core.package_identification:_identify(log) by extension 'ignore'
[0.435s] Level 1:colcon.colcon_core.package_identification:_identify(log) ignored
[0.435s] Level 1:colcon.colcon_core.package_identification:_identify(src) by extensions ['ignore', 'ignore_ament_install']
[0.435s] Level 1:colcon.colcon_core.package_identification:_identify(src) by extension 'ignore'
[0.436s] Level 1:colcon.colcon_core.package_identification:_identify(src) by extension 'ignore_ament_install'
[0.436s] Level 1:colcon.colcon_core.package_identification:_identify(src) by extensions ['colcon_pkg']
[0.436s] Level 1:colcon.colcon_core.package_identification:_identify(src) by extension 'colcon_pkg'
[0.436s] Level 1:colcon.colcon_core.package_identification:_identify(src) by extensions ['colcon_meta']
[0.436s] Level 1:colcon.colcon_core.package_identification:_identify(src) by extension 'colcon_meta'
[0.436s] Level 1:colcon.colcon_core.package_identification:_identify(src) by extensions ['ros']
[0.436s] Level 1:colcon.colcon_core.package_identification:_identify(src) by extension 'ros'
[0.436s] Level 1:colcon.colcon_core.package_identification:_identify(src) by extensions ['cmake', 'python']
[0.436s] Level 1:colcon.colcon_core.package_identification:_identify(src) by extension 'cmake'
[0.436s] Level 1:colcon.colcon_core.package_identification:_identify(src) by extension 'python'
[0.436s] Level 1:colcon.colcon_core.package_identification:_identify(src) by extensions ['python_setup_py']
[0.436s] Level 1:colcon.colcon_core.package_identification:_identify(src) by extension 'python_setup_py'
[0.436s] Level 1:colcon.colcon_core.package_identification:_identify(src/vehicle_interfaces) by extensions ['ignore', 'ignore_ament_install']
[0.436s] Level 1:colcon.colcon_core.package_identification:_identify(src/vehicle_interfaces) by extension 'ignore'
[0.437s] Level 1:colcon.colcon_core.package_identification:_identify(src/vehicle_interfaces) by extension 'ignore_ament_install'
[0.437s] Level 1:colcon.colcon_core.package_identification:_identify(src/vehicle_interfaces) by extensions ['colcon_pkg']
[0.437s] Level 1:colcon.colcon_core.package_identification:_identify(src/vehicle_interfaces) by extension 'colcon_pkg'
[0.437s] Level 1:colcon.colcon_core.package_identification:_identify(src/vehicle_interfaces) by extensions ['colcon_meta']
[0.437s] Level 1:colcon.colcon_core.package_identification:_identify(src/vehicle_interfaces) by extension 'colcon_meta'
[0.437s] Level 1:colcon.colcon_core.package_identification:_identify(src/vehicle_interfaces) by extensions ['ros']
[0.437s] Level 1:colcon.colcon_core.package_identification:_identify(src/vehicle_interfaces) by extension 'ros'
[0.440s] DEBUG:colcon.colcon_core.package_identification:Package 'src/vehicle_interfaces' with type 'ros.ament_cmake' and name 'vehicle_interfaces'
[0.440s] Level 1:colcon.colcon_core.package_identification:_identify(src/vehicle_navigation) by extensions ['ignore', 'ignore_ament_install']
[0.440s] Level 1:colcon.colcon_core.package_identification:_identify(src/vehicle_navigation) by extension 'ignore'
[0.441s] Level 1:colcon.colcon_core.package_identification:_identify(src/vehicle_navigation) by extension 'ignore_ament_install'
[0.441s] Level 1:colcon.colcon_core.package_identification:_identify(src/vehicle_navigation) by extensions ['colcon_pkg']
[0.441s] Level 1:colcon.colcon_core.package_identification:_identify(src/vehicle_navigation) by extension 'colcon_pkg'
[0.441s] Level 1:colcon.colcon_core.package_identification:_identify(src/vehicle_navigation) by extensions ['colcon_meta']
[0.441s] Level 1:colcon.colcon_core.package_identification:_identify(src/vehicle_navigation) by extension 'colcon_meta'
[0.441s] Level 1:colcon.colcon_core.package_identification:_identify(src/vehicle_navigation) by extensions ['ros']
[0.441s] Level 1:colcon.colcon_core.package_identification:_identify(src/vehicle_navigation) by extension 'ros'
[0.442s] DEBUG:colcon.colcon_core.package_identification:Package 'src/vehicle_navigation' with type 'ros.ament_python' and name 'vehicle_navigation'
[0.442s] Level 1:colcon.colcon_core.package_identification:_identify(src/vehicle_networking) by extensions ['ignore', 'ignore_ament_install']
[0.442s] Level 1:colcon.colcon_core.package_identification:_identify(src/vehicle_networking) by extension 'ignore'
[0.442s] Level 1:colcon.colcon_core.package_identification:_identify(src/vehicle_networking) by extension 'ignore_ament_install'
[0.442s] Level 1:colcon.colcon_core.package_identification:_identify(src/vehicle_networking) by extensions ['colcon_pkg']
[0.442s] Level 1:colcon.colcon_core.package_identification:_identify(src/vehicle_networking) by extension 'colcon_pkg'
[0.442s] Level 1:colcon.colcon_core.package_identification:_identify(src/vehicle_networking) by extensions ['colcon_meta']
[0.442s] Level 1:colcon.colcon_core.package_identification:_identify(src/vehicle_networking) by extension 'colcon_meta'
[0.442s] Level 1:colcon.colcon_core.package_identification:_identify(src/vehicle_networking) by extensions ['ros']
[0.442s] Level 1:colcon.colcon_core.package_identification:_identify(src/vehicle_networking) by extension 'ros'
[0.443s] DEBUG:colcon.colcon_core.package_identification:Package 'src/vehicle_networking' with type 'ros.ament_python' and name 'vehicle_networking'
[0.443s] Level 1:colcon.colcon_core.package_identification:_identify(src/vehicle_simulation) by extensions ['ignore', 'ignore_ament_install']
[0.443s] Level 1:colcon.colcon_core.package_identification:_identify(src/vehicle_simulation) by extension 'ignore'
[0.443s] Level 1:colcon.colcon_core.package_identification:_identify(src/vehicle_simulation) by extension 'ignore_ament_install'
[0.444s] Level 1:colcon.colcon_core.package_identification:_identify(src/vehicle_simulation) by extensions ['colcon_pkg']
[0.444s] Level 1:colcon.colcon_core.package_identification:_identify(src/vehicle_simulation) by extension 'colcon_pkg'
[0.444s] Level 1:colcon.colcon_core.package_identification:_identify(src/vehicle_simulation) by extensions ['colcon_meta']
[0.444s] Level 1:colcon.colcon_core.package_identification:_identify(src/vehicle_simulation) by extension 'colcon_meta'
[0.444s] Level 1:colcon.colcon_core.package_identification:_identify(src/vehicle_simulation) by extensions ['ros']
[0.444s] Level 1:colcon.colcon_core.package_identification:_identify(src/vehicle_simulation) by extension 'ros'
[0.444s] DEBUG:colcon.colcon_core.package_identification:Package 'src/vehicle_simulation' with type 'ros.ament_python' and name 'vehicle_simulation'
[0.445s] Level 1:colcon.colcon_core.package_identification:_identify(src/vehicle_string_converter) by extensions ['ignore', 'ignore_ament_install']
[0.445s] Level 1:colcon.colcon_core.package_identification:_identify(src/vehicle_string_converter) by extension 'ignore'
[0.445s] Level 1:colcon.colcon_core.package_identification:_identify(src/vehicle_string_converter) by extension 'ignore_ament_install'
[0.445s] Level 1:colcon.colcon_core.package_identification:_identify(src/vehicle_string_converter) by extensions ['colcon_pkg']
[0.445s] Level 1:colcon.colcon_core.package_identification:_identify(src/vehicle_string_converter) by extension 'colcon_pkg'
[0.445s] Level 1:colcon.colcon_core.package_identification:_identify(src/vehicle_string_converter) by extensions ['colcon_meta']
[0.445s] Level 1:colcon.colcon_core.package_identification:_identify(src/vehicle_string_converter) by extension 'colcon_meta'
[0.445s] Level 1:colcon.colcon_core.package_identification:_identify(src/vehicle_string_converter) by extensions ['ros']
[0.445s] Level 1:colcon.colcon_core.package_identification:_identify(src/vehicle_string_converter) by extension 'ros'
[0.446s] DEBUG:colcon.colcon_core.package_identification:Package 'src/vehicle_string_converter' with type 'ros.ament_python' and name 'vehicle_string_converter'
[0.446s] Level 1:colcon.colcon_core.package_discovery:discover_packages(recursive) using defaults
[0.446s] Level 1:colcon.colcon_core.package_discovery:discover_packages(ignore) discover
[0.446s] Level 1:colcon.colcon_core.package_discovery:discover_packages(ignore) using defaults
[0.446s] Level 1:colcon.colcon_core.package_discovery:discover_packages(path) discover
[0.446s] Level 1:colcon.colcon_core.package_discovery:discover_packages(path) using defaults
[0.471s] INFO:colcon.colcon_core.package_selection:Skipping not selected package 'vehicle_navigation' in 'src/vehicle_navigation'
[0.471s] INFO:colcon.colcon_core.package_selection:Skipping not selected package 'vehicle_networking' in 'src/vehicle_networking'
[0.471s] INFO:colcon.colcon_core.package_selection:Skipping not selected package 'vehicle_simulation' in 'src/vehicle_simulation'
[0.471s] INFO:colcon.colcon_core.package_selection:Skipping not selected package 'vehicle_string_converter' in 'src/vehicle_string_converter'
[0.474s] Level 5:colcon.colcon_core.verb:set package 'vehicle_interfaces' build argument 'cmake_args' from command line to 'None'
[0.474s] Level 5:colcon.colcon_core.verb:set package 'vehicle_interfaces' build argument 'cmake_target' from command line to 'None'
[0.474s] Level 5:colcon.colcon_core.verb:set package 'vehicle_interfaces' build argument 'cmake_target_skip_unavailable' from command line to 'False'
[0.474s] Level 5:colcon.colcon_core.verb:set package 'vehicle_interfaces' build argument 'cmake_clean_cache' from command line to 'False'
[0.474s] Level 5:colcon.colcon_core.verb:set package 'vehicle_interfaces' build argument 'cmake_clean_first' from command line to 'False'
[0.474s] Level 5:colcon.colcon_core.verb:set package 'vehicle_interfaces' build argument 'cmake_force_configure' from command line to 'False'
[0.474s] Level 5:colcon.colcon_core.verb:set package 'vehicle_interfaces' build argument 'ament_cmake_args' from command line to 'None'
[0.474s] Level 5:colcon.colcon_core.verb:set package 'vehicle_interfaces' build argument 'catkin_cmake_args' from command line to 'None'
[0.474s] Level 5:colcon.colcon_core.verb:set package 'vehicle_interfaces' build argument 'catkin_skip_building_tests' from command line to 'False'
[0.474s] DEBUG:colcon.colcon_core.verb:Building package 'vehicle_interfaces' with the following arguments: {'ament_cmake_args': None, 'build_base': '/root/build/vehicle_interfaces', 'catkin_cmake_args': None, 'catkin_skip_building_tests': False, 'cmake_args': None, 'cmake_clean_cache': False, 'cmake_clean_first': False, 'cmake_force_configure': False, 'cmake_target': None, 'cmake_target_skip_unavailable': False, 'install_base': '/root/install/vehicle_interfaces', 'merge_install': False, 'path': '/root/src/vehicle_interfaces', 'symlink_install': False, 'test_result_base': None}
[0.475s] INFO:colcon.colcon_core.executor:Executing jobs using 'parallel' executor
[0.479s] DEBUG:colcon.colcon_parallel_executor.executor.parallel:run_until_complete
[0.480s] INFO:colcon.colcon_ros.task.ament_cmake.build:Building ROS package in '/root/src/vehicle_interfaces' with build type 'ament_cmake'
[0.480s] INFO:colcon.colcon_cmake.task.cmake.build:Building CMake package in '/root/src/vehicle_interfaces'
[0.486s] INFO:colcon.colcon_core.plugin_system:Skipping extension 'colcon_core.shell.bat': Not used on non-Windows systems
[0.487s] INFO:colcon.colcon_core.shell:Skip shell extension 'powershell' for command environment: Not usable outside of PowerShell
[0.487s] DEBUG:colcon.colcon_core.shell:Skip shell extension 'dsv' for command environment
[0.511s] DEBUG:colcon.colcon_core.event_handler.log_command:Invoking command in '/root/build/vehicle_interfaces': CMAKE_PREFIX_PATH=${CMAKE_PREFIX_PATH}:/root/install/vehicle_string_converter:/root/install/vehicle_simulation:/opt/ros/foxy /usr/bin/cmake --build /root/build/vehicle_interfaces -- -j4 -l4
[8.241s] DEBUG:colcon.colcon_core.event_handler.log_command:Invoked command in '/root/build/vehicle_interfaces' returned '0': CMAKE_PREFIX_PATH=${CMAKE_PREFIX_PATH}:/root/install/vehicle_string_converter:/root/install/vehicle_simulation:/opt/ros/foxy /usr/bin/cmake --build /root/build/vehicle_interfaces -- -j4 -l4
[8.617s] DEBUG:colcon.colcon_core.event_handler.log_command:Invoking command in '/root/build/vehicle_interfaces': CMAKE_PREFIX_PATH=${CMAKE_PREFIX_PATH}:/root/install/vehicle_string_converter:/root/install/vehicle_simulation:/opt/ros/foxy /usr/bin/cmake --install /root/build/vehicle_interfaces
[8.756s] Level 1:colcon.colcon_core.environment:create_environment_scripts_only(vehicle_interfaces)
[8.758s] DEBUG:colcon.colcon_core.event_handler.log_command:Invoked command in '/root/build/vehicle_interfaces' returned '0': CMAKE_PREFIX_PATH=${CMAKE_PREFIX_PATH}:/root/install/vehicle_string_converter:/root/install/vehicle_simulation:/opt/ros/foxy /usr/bin/cmake --install /root/build/vehicle_interfaces
[8.770s] Level 1:colcon.colcon_core.environment:checking '/root/install/vehicle_interfaces' for CMake module files
[8.771s] Level 1:colcon.colcon_core.environment:checking '/root/install/vehicle_interfaces' for CMake config files
[8.772s] Level 1:colcon.colcon_core.shell:create_environment_hook('vehicle_interfaces', 'cmake_prefix_path')
[8.774s] INFO:colcon.colcon_core.shell:Creating environment hook '/root/install/vehicle_interfaces/share/vehicle_interfaces/hook/cmake_prefix_path.ps1'
[8.776s] INFO:colcon.colcon_core.shell:Creating environment descriptor '/root/install/vehicle_interfaces/share/vehicle_interfaces/hook/cmake_prefix_path.dsv'
[8.777s] INFO:colcon.colcon_core.shell:Creating environment hook '/root/install/vehicle_interfaces/share/vehicle_interfaces/hook/cmake_prefix_path.sh'
[8.779s] Level 1:colcon.colcon_core.environment:checking '/root/install/vehicle_interfaces/lib'
[8.780s] Level 1:colcon.colcon_core.shell:create_environment_hook('vehicle_interfaces', 'ld_library_path_lib')
[8.782s] INFO:colcon.colcon_core.shell:Creating environment hook '/root/install/vehicle_interfaces/share/vehicle_interfaces/hook/ld_library_path_lib.ps1'
[8.783s] INFO:colcon.colcon_core.shell:Creating environment descriptor '/root/install/vehicle_interfaces/share/vehicle_interfaces/hook/ld_library_path_lib.dsv'
[8.783s] INFO:colcon.colcon_core.shell:Creating environment hook '/root/install/vehicle_interfaces/share/vehicle_interfaces/hook/ld_library_path_lib.sh'
[8.784s] Level 1:colcon.colcon_core.environment:checking '/root/install/vehicle_interfaces/bin'
[8.784s] Level 1:colcon.colcon_core.environment:checking '/root/install/vehicle_interfaces/lib/pkgconfig/vehicle_interfaces.pc'
[8.786s] Level 1:colcon.colcon_core.environment:checking '/root/install/vehicle_interfaces/lib/python3.8/site-packages'
[8.786s] Level 1:colcon.colcon_core.shell:create_environment_hook('vehicle_interfaces', 'pythonpath')
[8.788s] INFO:colcon.colcon_core.shell:Creating environment hook '/root/install/vehicle_interfaces/share/vehicle_interfaces/hook/pythonpath.ps1'
[8.788s] INFO:colcon.colcon_core.shell:Creating environment descriptor '/root/install/vehicle_interfaces/share/vehicle_interfaces/hook/pythonpath.dsv'
[8.789s] INFO:colcon.colcon_core.shell:Creating environment hook '/root/install/vehicle_interfaces/share/vehicle_interfaces/hook/pythonpath.sh'
[8.789s] Level 1:colcon.colcon_core.environment:checking '/root/install/vehicle_interfaces/bin'
[8.791s] INFO:colcon.colcon_core.shell:Creating package script '/root/install/vehicle_interfaces/share/vehicle_interfaces/package.ps1'
[8.792s] INFO:colcon.colcon_core.shell:Creating package descriptor '/root/install/vehicle_interfaces/share/vehicle_interfaces/package.dsv'
[8.793s] INFO:colcon.colcon_core.shell:Creating package script '/root/install/vehicle_interfaces/share/vehicle_interfaces/package.sh'
[8.794s] INFO:colcon.colcon_core.shell:Creating package script '/root/install/vehicle_interfaces/share/vehicle_interfaces/package.bash'
[8.795s] INFO:colcon.colcon_core.shell:Creating package script '/root/install/vehicle_interfaces/share/vehicle_interfaces/package.zsh'
[8.796s] Level 1:colcon.colcon_core.environment:create_file_with_runtime_dependencies(/root/install/vehicle_interfaces/share/colcon-core/packages/vehicle_interfaces)
[9.178s] Level 1:colcon.colcon_core.environment:create_environment_scripts_only(vehicle_interfaces)
[9.180s] Level 1:colcon.colcon_core.environment:checking '/root/install/vehicle_interfaces' for CMake module files
[9.181s] Level 1:colcon.colcon_core.environment:checking '/root/install/vehicle_interfaces' for CMake config files
[9.181s] Level 1:colcon.colcon_core.shell:create_environment_hook('vehicle_interfaces', 'cmake_prefix_path')
[9.183s] INFO:colcon.colcon_core.shell:Creating environment hook '/root/install/vehicle_interfaces/share/vehicle_interfaces/hook/cmake_prefix_path.ps1'
[9.184s] INFO:colcon.colcon_core.shell:Creating environment descriptor '/root/install/vehicle_interfaces/share/vehicle_interfaces/hook/cmake_prefix_path.dsv'
[9.184s] INFO:colcon.colcon_core.shell:Creating environment hook '/root/install/vehicle_interfaces/share/vehicle_interfaces/hook/cmake_prefix_path.sh'
[9.185s] Level 1:colcon.colcon_core.environment:checking '/root/install/vehicle_interfaces/lib'
[9.185s] Level 1:colcon.colcon_core.shell:create_environment_hook('vehicle_interfaces', 'ld_library_path_lib')
[9.187s] INFO:colcon.colcon_core.shell:Creating environment hook '/root/install/vehicle_interfaces/share/vehicle_interfaces/hook/ld_library_path_lib.ps1'
[9.187s] INFO:colcon.colcon_core.shell:Creating environment descriptor '/root/install/vehicle_interfaces/share/vehicle_interfaces/hook/ld_library_path_lib.dsv'
[9.188s] INFO:colcon.colcon_core.shell:Creating environment hook '/root/install/vehicle_interfaces/share/vehicle_interfaces/hook/ld_library_path_lib.sh'
[9.188s] Level 1:colcon.colcon_core.environment:checking '/root/install/vehicle_interfaces/bin'
[9.188s] Level 1:colcon.colcon_core.environment:checking '/root/install/vehicle_interfaces/lib/pkgconfig/vehicle_interfaces.pc'
[9.188s] Level 1:colcon.colcon_core.environment:checking '/root/install/vehicle_interfaces/lib/python3.8/site-packages'
[9.188s] Level 1:colcon.colcon_core.shell:create_environment_hook('vehicle_interfaces', 'pythonpath')
[9.190s] INFO:colcon.colcon_core.shell:Creating environment hook '/root/install/vehicle_interfaces/share/vehicle_interfaces/hook/pythonpath.ps1'
[9.191s] INFO:colcon.colcon_core.shell:Creating environment descriptor '/root/install/vehicle_interfaces/share/vehicle_interfaces/hook/pythonpath.dsv'
[9.191s] INFO:colcon.colcon_core.shell:Creating environment hook '/root/install/vehicle_interfaces/share/vehicle_interfaces/hook/pythonpath.sh'
[9.191s] Level 1:colcon.colcon_core.environment:checking '/root/install/vehicle_interfaces/bin'
[9.193s] INFO:colcon.colcon_core.shell:Creating package script '/root/install/vehicle_interfaces/share/vehicle_interfaces/package.ps1'
[9.194s] INFO:colcon.colcon_core.shell:Creating package descriptor '/root/install/vehicle_interfaces/share/vehicle_interfaces/package.dsv'
[9.195s] INFO:colcon.colcon_core.shell:Creating package script '/root/install/vehicle_interfaces/share/vehicle_interfaces/package.sh'
[9.195s] INFO:colcon.colcon_core.shell:Creating package script '/root/install/vehicle_interfaces/share/vehicle_interfaces/package.bash'
[9.196s] INFO:colcon.colcon_core.shell:Creating package script '/root/install/vehicle_interfaces/share/vehicle_interfaces/package.zsh'
[9.197s] Level 1:colcon.colcon_core.environment:create_file_with_runtime_dependencies(/root/install/vehicle_interfaces/share/colcon-core/packages/vehicle_interfaces)
[9.197s] DEBUG:colcon.colcon_parallel_executor.executor.parallel:closing loop
[9.198s] DEBUG:colcon.colcon_parallel_executor.executor.parallel:loop closed
[9.198s] DEBUG:colcon.colcon_parallel_executor.executor.parallel:run_until_complete finished with '0'
[9.198s] DEBUG:colcon.colcon_core.event_reactor:joining thread
[9.209s] INFO:colcon.colcon_core.plugin_system:Skipping extension 'colcon_notification.desktop_notification.notify_send': Could not find 'notify-send'
[9.209s] INFO:colcon.colcon_core.plugin_system:Skipping extension 'colcon_notification.desktop_notification.terminal_notifier': Not used on non-Darwin systems
[9.209s] INFO:colcon.colcon_core.plugin_system:Skipping extension 'colcon_notification.desktop_notification.win32': Not used on non-Windows systems
[9.210s] INFO:colcon.colcon_notification.desktop_notification:Sending desktop notification using 'notify2'
[9.213s] DEBUG:colcon.colcon_notification.desktop_notification.notify2:Failed to initialize notify2: org.freedesktop.DBus.Error.Spawn.ExecFailed: /usr/bin/dbus-launch terminated abnormally without any error message
[9.213s] DEBUG:colcon.colcon_core.event_reactor:joined thread
[9.216s] INFO:colcon.colcon_core.shell:Creating prefix script '/root/install/local_setup.ps1'
[9.218s] INFO:colcon.colcon_core.shell:Creating prefix util module '/root/install/_local_setup_util_ps1.py'
[9.222s] INFO:colcon.colcon_core.shell:Creating prefix chain script '/root/install/setup.ps1'
[9.225s] INFO:colcon.colcon_core.shell:Creating prefix script '/root/install/local_setup.sh'
[9.227s] INFO:colcon.colcon_core.shell:Creating prefix util module '/root/install/_local_setup_util_sh.py'
[9.228s] INFO:colcon.colcon_core.shell:Creating prefix chain script '/root/install/setup.sh'
[9.231s] INFO:colcon.colcon_core.shell:Creating prefix script '/root/install/local_setup.bash'
[9.232s] INFO:colcon.colcon_core.shell:Creating prefix chain script '/root/install/setup.bash'
[9.236s] INFO:colcon.colcon_core.shell:Creating prefix script '/root/install/local_setup.zsh'
[9.238s] INFO:colcon.colcon_core.shell:Creating prefix chain script '/root/install/setup.zsh'
