[1.137s] Invoking command in '/root/src/vehicle_string_converter': PYTHONPATH=/root/build/vehicle_string_converter/prefix_override:/root/install/vehicle_string_converter/lib/python3.8/site-packages:${PYTHONPATH} /usr/bin/python3 setup.py egg_info --egg-base ../../build/vehicle_string_converter build --build-base /root/build/vehicle_string_converter/build install --record /root/build/vehicle_string_converter/install.log --install-scripts $base/lib/vehicle_string_converter --single-version-externally-managed
[1.434s] running egg_info
[1.434s] writing ../../build/vehicle_string_converter/vehicle_string_converter.egg-info/PKG-INFO
[1.436s] writing dependency_links to ../../build/vehicle_string_converter/vehicle_string_converter.egg-info/dependency_links.txt
[1.436s] writing entry points to ../../build/vehicle_string_converter/vehicle_string_converter.egg-info/entry_points.txt
[1.436s] writing requirements to ../../build/vehicle_string_converter/vehicle_string_converter.egg-info/requires.txt
[1.436s] writing top-level names to ../../build/vehicle_string_converter/vehicle_string_converter.egg-info/top_level.txt
[1.486s] reading manifest file '../../build/vehicle_string_converter/vehicle_string_converter.egg-info/SOURCES.txt'
[1.487s] writing manifest file '../../build/vehicle_string_converter/vehicle_string_converter.egg-info/SOURCES.txt'
[1.487s] running build
[1.487s] running build_py
[1.488s] running install
[1.489s] running install_lib
[1.491s] running install_data
[1.492s] running install_egg_info
[1.494s] removing '/root/install/vehicle_string_converter/lib/python3.8/site-packages/vehicle_string_converter-0.0.0-py3.8.egg-info' (and everything under it)
[1.495s] Copying ../../build/vehicle_string_converter/vehicle_string_converter.egg-info to /root/install/vehicle_string_converter/lib/python3.8/site-packages/vehicle_string_converter-0.0.0-py3.8.egg-info
[1.496s] running install_scripts
[1.519s] Installing vehicle_control_string_builder script to /root/install/vehicle_string_converter/lib/vehicle_string_converter
[1.520s] writing list of installed files to '/root/build/vehicle_string_converter/install.log'
[1.556s] Invoked command in '/root/src/vehicle_string_converter' returned '0': PYTHONPATH=/root/build/vehicle_string_converter/prefix_override:/root/install/vehicle_string_converter/lib/python3.8/site-packages:${PYTHONPATH} /usr/bin/python3 setup.py egg_info --egg-base ../../build/vehicle_string_converter build --build-base /root/build/vehicle_string_converter/build install --record /root/build/vehicle_string_converter/install.log --install-scripts $base/lib/vehicle_string_converter --single-version-externally-managed
