[0.000000] (-) TimerEvent: {}
[0.000863] (-) JobUnselected: {'identifier': 'vehicle_control'}
[0.001130] (-) JobUnselected: {'identifier': 'vehicle_navigation'}
[0.001467] (-) JobUnselected: {'identifier': 'vehicle_networking'}
[0.001562] (-) JobUnselected: {'identifier': 'vehicle_sensor'}
[0.001608] (vehicle_networking_interfaces) JobQueued: {'identifier': 'vehicle_networking_interfaces', 'dependencies': OrderedDict()}
[0.001695] (vehicle_networking_interfaces) JobStarted: {'identifier': 'vehicle_networking_interfaces'}
[0.052239] (vehicle_networking_interfaces) JobProgress: {'identifier': 'vehicle_networking_interfaces', 'progress': 'cmake'}
[0.052429] (vehicle_networking_interfaces) Command: {'cmd': ['/usr/bin/cmake', '/root/src/vehicle_networking_interfaces', '-DCMAKE_INSTALL_PREFIX=/root/install/vehicle_networking_interfaces'], 'cwd': '/root/build/vehicle_networking_interfaces', 'env': OrderedDict([('HOSTNAME', '29a34f11d68e'), ('SHLVL', '1'), ('LD_LIBRARY_PATH', '/opt/ros/foxy/opt/yaml_cpp_vendor/lib:/opt/ros/foxy/opt/rviz_ogre_vendor/lib:/opt/ros/foxy/lib/x86_64-linux-gnu:/opt/ros/foxy/lib'), ('HOME', '/root'), ('OLDPWD', '/'), ('ROS_PYTHON_VERSION', '3'), ('COLCON_PREFIX_PATH', '/root/install'), ('ROS_DISTRO', 'foxy'), ('_', '/usr/bin/colcon'), ('ROS_VERSION', '2'), ('TERM', 'xterm'), ('ROS_LOCALHOST_ONLY', '0'), ('QT_X11_NO_MITSHM', '1'), ('PATH', '/opt/ros/foxy/bin:/usr/local/sbin:/usr/local/bin:/usr/sbin:/usr/bin:/sbin:/bin'), ('DISPLAY', ':0.0'), ('LANG', 'C.UTF-8'), ('AMENT_PREFIX_PATH', '/root/install/vehicle_networking:/opt/ros/foxy'), ('PWD', '/root/build/vehicle_networking_interfaces'), ('LC_ALL', 'C.UTF-8'), ('PYTHONPATH', '/root/build/vehicle_networking:/root/install/vehicle_networking/lib/python3.8/site-packages:/opt/ros/foxy/lib/python3.8/site-packages'), ('COLCON', '1'), ('CMAKE_PREFIX_PATH', '/root/install/vehicle_networking:/opt/ros/foxy')]), 'shell': False}
[0.099200] (-) TimerEvent: {}
[0.201084] (-) TimerEvent: {}
[0.301532] (-) TimerEvent: {}
[0.368876] (vehicle_networking_interfaces) StdoutLine: {'line': b'-- The C compiler identification is GNU 9.4.0\n'}
[0.401683] (-) TimerEvent: {}
[0.502119] (-) TimerEvent: {}
[0.549499] (vehicle_networking_interfaces) StdoutLine: {'line': b'-- The CXX compiler identification is GNU 9.4.0\n'}
[0.560946] (vehicle_networking_interfaces) StdoutLine: {'line': b'-- Check for working C compiler: /usr/bin/cc\n'}
[0.602435] (-) TimerEvent: {}
[0.695103] (vehicle_networking_interfaces) StdoutLine: {'line': b'-- Check for working C compiler: /usr/bin/cc -- works\n'}
[0.697429] (vehicle_networking_interfaces) StdoutLine: {'line': b'-- Detecting C compiler ABI info\n'}
[0.702553] (-) TimerEvent: {}
[0.802281] (vehicle_networking_interfaces) StdoutLine: {'line': b'-- Detecting C compiler ABI info - done\n'}
[0.802565] (-) TimerEvent: {}
[0.824293] (vehicle_networking_interfaces) StdoutLine: {'line': b'-- Detecting C compile features\n'}
[0.825282] (vehicle_networking_interfaces) StdoutLine: {'line': b'-- Detecting C compile features - done\n'}
[0.833966] (vehicle_networking_interfaces) StdoutLine: {'line': b'-- Check for working CXX compiler: /usr/bin/c++\n'}
[0.902718] (-) TimerEvent: {}
[0.962799] (vehicle_networking_interfaces) StdoutLine: {'line': b'-- Check for working CXX compiler: /usr/bin/c++ -- works\n'}
[0.964108] (vehicle_networking_interfaces) StdoutLine: {'line': b'-- Detecting CXX compiler ABI info\n'}
[1.002832] (-) TimerEvent: {}
[1.092054] (vehicle_networking_interfaces) StdoutLine: {'line': b'-- Detecting CXX compiler ABI info - done\n'}
[1.102973] (-) TimerEvent: {}
[1.112633] (vehicle_networking_interfaces) StdoutLine: {'line': b'-- Detecting CXX compile features\n'}
[1.113337] (vehicle_networking_interfaces) StdoutLine: {'line': b'-- Detecting CXX compile features - done\n'}
[1.119397] (vehicle_networking_interfaces) StdoutLine: {'line': b'-- Found ament_cmake: 0.9.12 (/opt/ros/foxy/share/ament_cmake/cmake)\n'}
[1.169695] (vehicle_networking_interfaces) StdoutLine: {'line': b'-- Found PythonInterp: /usr/bin/python3 (found suitable version "3.8.10", minimum required is "3") \n'}
[1.170013] (vehicle_networking_interfaces) StdoutLine: {'line': b'-- Using PYTHON_EXECUTABLE: /usr/bin/python3\n'}
[1.203072] (-) TimerEvent: {}
[1.303421] (-) TimerEvent: {}
[1.403799] (-) TimerEvent: {}
[1.462935] (vehicle_networking_interfaces) StdoutLine: {'line': b'-- Found rosidl_default_generators: 1.0.1 (/opt/ros/foxy/share/rosidl_default_generators/cmake)\n'}
[1.469951] (vehicle_networking_interfaces) StdoutLine: {'line': b'-- Using all available rosidl_typesupport_c: rosidl_typesupport_fastrtps_c;rosidl_typesupport_introspection_c\n'}
[1.482140] (vehicle_networking_interfaces) StdoutLine: {'line': b'-- Found rosidl_adapter: 1.3.1 (/opt/ros/foxy/share/rosidl_adapter/cmake)\n'}
[1.503915] (-) TimerEvent: {}
[1.604317] (-) TimerEvent: {}
[1.671262] (vehicle_networking_interfaces) StdoutLine: {'line': b'-- Found OpenSSL: /usr/lib/x86_64-linux-gnu/libcrypto.so (found version "1.1.1f")  \n'}
[1.704496] (-) TimerEvent: {}
[1.715882] (vehicle_networking_interfaces) StdoutLine: {'line': b'-- Found FastRTPS: /opt/ros/foxy/include  \n'}
[1.804611] (-) TimerEvent: {}
[1.863945] (vehicle_networking_interfaces) StdoutLine: {'line': b'-- Using all available rosidl_typesupport_cpp: rosidl_typesupport_fastrtps_cpp;rosidl_typesupport_introspection_cpp\n'}
[1.904718] (-) TimerEvent: {}
[1.961304] (vehicle_networking_interfaces) StdoutLine: {'line': b'-- Found PythonInterp: /usr/bin/python3 (found version "3.8.10") \n'}
[2.004824] (-) TimerEvent: {}
[2.105160] (-) TimerEvent: {}
[2.145971] (vehicle_networking_interfaces) StdoutLine: {'line': b'-- Found ament_cmake_ros: 0.9.2 (/opt/ros/foxy/share/ament_cmake_ros/cmake)\n'}
[2.205289] (-) TimerEvent: {}
[2.301558] (vehicle_networking_interfaces) StdoutLine: {'line': b'-- Using all available rosidl_typesupport_c: rosidl_typesupport_fastrtps_c;rosidl_typesupport_introspection_c\n'}
[2.305390] (-) TimerEvent: {}
[2.315576] (vehicle_networking_interfaces) StdoutLine: {'line': b'-- Using all available rosidl_typesupport_cpp: rosidl_typesupport_fastrtps_cpp;rosidl_typesupport_introspection_cpp\n'}
[2.354904] (vehicle_networking_interfaces) StdoutLine: {'line': b'-- Found PythonInterp: /usr/bin/python3 (found suitable version "3.8.10", minimum required is "3.5") \n'}
[2.357660] (vehicle_networking_interfaces) StdoutLine: {'line': b'-- Found python_cmake_module: 0.8.1 (/opt/ros/foxy/share/python_cmake_module/cmake)\n'}
[2.392872] (vehicle_networking_interfaces) StdoutLine: {'line': b'-- Found PythonLibs: /usr/lib/x86_64-linux-gnu/libpython3.8.so (found suitable version "3.8.10", minimum required is "3.5") \n'}
[2.393496] (vehicle_networking_interfaces) StdoutLine: {'line': b'-- Using PYTHON_EXECUTABLE: /usr/bin/python3\n'}
[2.393708] (vehicle_networking_interfaces) StdoutLine: {'line': b'-- Using PYTHON_INCLUDE_DIRS: /usr/include/python3.8\n'}
[2.393866] (vehicle_networking_interfaces) StdoutLine: {'line': b'-- Using PYTHON_LIBRARIES: /usr/lib/x86_64-linux-gnu/libpython3.8.so\n'}
[2.405491] (-) TimerEvent: {}
[2.427706] (vehicle_networking_interfaces) StdoutLine: {'line': b'-- Found PythonExtra: .so  \n'}
[2.487617] (vehicle_networking_interfaces) StdoutLine: {'line': b'-- Found ament_lint_auto: 0.9.8 (/opt/ros/foxy/share/ament_lint_auto/cmake)\n'}
[2.505612] (-) TimerEvent: {}
[2.530781] (vehicle_networking_interfaces) StdoutLine: {'line': b"-- Added test 'copyright' to check source files copyright and LICENSE\n"}
[2.536564] (vehicle_networking_interfaces) StdoutLine: {'line': b"-- Added test 'lint_cmake' to check CMake code style\n"}
[2.540524] (vehicle_networking_interfaces) StdoutLine: {'line': b"-- Added test 'xmllint' to check XML markup files\n"}
[2.550498] (vehicle_networking_interfaces) StdoutLine: {'line': b'-- Configuring done\n'}
[2.608160] (-) TimerEvent: {}
[2.619472] (vehicle_networking_interfaces) StdoutLine: {'line': b'-- Generating done\n'}
[2.622341] (vehicle_networking_interfaces) StdoutLine: {'line': b'-- Build files have been written to: /root/build/vehicle_networking_interfaces\n'}
[2.642960] (vehicle_networking_interfaces) CommandEnded: {'returncode': 0}
[2.648631] (vehicle_networking_interfaces) JobProgress: {'identifier': 'vehicle_networking_interfaces', 'progress': 'build'}
[2.651802] (vehicle_networking_interfaces) Command: {'cmd': ['/usr/bin/cmake', '--build', '/root/build/vehicle_networking_interfaces', '--', '-j4', '-l4'], 'cwd': '/root/build/vehicle_networking_interfaces', 'env': OrderedDict([('HOSTNAME', '29a34f11d68e'), ('SHLVL', '1'), ('LD_LIBRARY_PATH', '/opt/ros/foxy/opt/yaml_cpp_vendor/lib:/opt/ros/foxy/opt/rviz_ogre_vendor/lib:/opt/ros/foxy/lib/x86_64-linux-gnu:/opt/ros/foxy/lib'), ('HOME', '/root'), ('OLDPWD', '/'), ('ROS_PYTHON_VERSION', '3'), ('COLCON_PREFIX_PATH', '/root/install'), ('ROS_DISTRO', 'foxy'), ('_', '/usr/bin/colcon'), ('ROS_VERSION', '2'), ('TERM', 'xterm'), ('ROS_LOCALHOST_ONLY', '0'), ('QT_X11_NO_MITSHM', '1'), ('PATH', '/opt/ros/foxy/bin:/usr/local/sbin:/usr/local/bin:/usr/sbin:/usr/bin:/sbin:/bin'), ('DISPLAY', ':0.0'), ('LANG', 'C.UTF-8'), ('AMENT_PREFIX_PATH', '/root/install/vehicle_networking:/opt/ros/foxy'), ('PWD', '/root/build/vehicle_networking_interfaces'), ('LC_ALL', 'C.UTF-8'), ('PYTHONPATH', '/root/build/vehicle_networking:/root/install/vehicle_networking/lib/python3.8/site-packages:/opt/ros/foxy/lib/python3.8/site-packages'), ('COLCON', '1'), ('CMAKE_PREFIX_PATH', '/root/install/vehicle_networking:/opt/ros/foxy')]), 'shell': False}
[2.708288] (-) TimerEvent: {}
[2.715023] (vehicle_networking_interfaces) StdoutLine: {'line': b'\x1b[35m\x1b[1mScanning dependencies of target vehicle_networking_interfaces__cpp\x1b[0m\n'}
[2.737153] (vehicle_networking_interfaces) StdoutLine: {'line': b'[  2%] \x1b[34m\x1b[1mGenerating C++ code for ROS interfaces\x1b[0m\n'}
[2.808388] (-) TimerEvent: {}
[2.908717] (-) TimerEvent: {}
[3.013860] (-) TimerEvent: {}
[3.114241] (-) TimerEvent: {}
[3.214571] (-) TimerEvent: {}
[3.314931] (-) TimerEvent: {}
[3.415353] (-) TimerEvent: {}
[3.452693] (vehicle_networking_interfaces) StdoutLine: {'line': b'[  2%] Built target vehicle_networking_interfaces__cpp\n'}
[3.467364] (vehicle_networking_interfaces) StdoutLine: {'line': b'[  5%] \x1b[34m\x1b[1mGenerating C code for ROS interfaces\x1b[0m\n'}
[3.515459] (-) TimerEvent: {}
[3.615810] (-) TimerEvent: {}
[3.716115] (-) TimerEvent: {}
[3.816401] (-) TimerEvent: {}
[3.916770] (-) TimerEvent: {}
[4.017120] (-) TimerEvent: {}
[4.048738] (vehicle_networking_interfaces) StdoutLine: {'line': b'\x1b[35m\x1b[1mScanning dependencies of target vehicle_networking_interfaces__rosidl_generator_c\x1b[0m\n'}
[4.081784] (vehicle_networking_interfaces) StdoutLine: {'line': b'[  7%] \x1b[32mBuilding C object CMakeFiles/vehicle_networking_interfaces__rosidl_generator_c.dir/rosidl_generator_c/vehicle_networking_interfaces/srv/detail/get_serial_port__functions.c.o\x1b[0m\n'}
[4.117236] (-) TimerEvent: {}
[4.197508] (vehicle_networking_interfaces) StdoutLine: {'line': b'[ 10%] \x1b[32mBuilding C object CMakeFiles/vehicle_networking_interfaces__rosidl_generator_c.dir/rosidl_generator_c/vehicle_networking_interfaces/srv/detail/reset_serial_port__functions.c.o\x1b[0m\n'}
[4.217357] (-) TimerEvent: {}
[4.317716] (-) TimerEvent: {}
[4.321671] (vehicle_networking_interfaces) StdoutLine: {'line': b'[ 12%] \x1b[32m\x1b[1mLinking C shared library libvehicle_networking_interfaces__rosidl_generator_c.so\x1b[0m\n'}
[4.399004] (vehicle_networking_interfaces) StdoutLine: {'line': b'[ 12%] Built target vehicle_networking_interfaces__rosidl_generator_c\n'}
[4.415388] (vehicle_networking_interfaces) StdoutLine: {'line': b'[ 15%] \x1b[34m\x1b[1mGenerating C++ type support dispatch for ROS interfaces\x1b[0m\n'}
[4.417830] (-) TimerEvent: {}
[4.518191] (-) TimerEvent: {}
[4.618541] (-) TimerEvent: {}
[4.718915] (-) TimerEvent: {}
[4.819518] (-) TimerEvent: {}
[4.919888] (-) TimerEvent: {}
[4.922080] (vehicle_networking_interfaces) StdoutLine: {'line': b'\x1b[35m\x1b[1mScanning dependencies of target vehicle_networking_interfaces__rosidl_typesupport_cpp\x1b[0m\n'}
[4.950702] (vehicle_networking_interfaces) StdoutLine: {'line': b'[ 17%] \x1b[32mBuilding CXX object CMakeFiles/vehicle_networking_interfaces__rosidl_typesupport_cpp.dir/rosidl_typesupport_cpp/vehicle_networking_interfaces/srv/get_serial_port__type_support.cpp.o\x1b[0m\n'}
[5.019998] (-) TimerEvent: {}
[5.120618] (-) TimerEvent: {}
[5.221065] (-) TimerEvent: {}
[5.321475] (-) TimerEvent: {}
[5.421932] (-) TimerEvent: {}
[5.428302] (vehicle_networking_interfaces) StdoutLine: {'line': b'[ 20%] \x1b[32mBuilding CXX object CMakeFiles/vehicle_networking_interfaces__rosidl_typesupport_cpp.dir/rosidl_typesupport_cpp/vehicle_networking_interfaces/srv/reset_serial_port__type_support.cpp.o\x1b[0m\n'}
[5.522082] (-) TimerEvent: {}
[5.622538] (-) TimerEvent: {}
[5.722984] (-) TimerEvent: {}
[5.823404] (-) TimerEvent: {}
[5.871305] (vehicle_networking_interfaces) StdoutLine: {'line': b'[ 23%] \x1b[32m\x1b[1mLinking CXX shared library libvehicle_networking_interfaces__rosidl_typesupport_cpp.so\x1b[0m\n'}
[5.923516] (-) TimerEvent: {}
[5.927967] (vehicle_networking_interfaces) StdoutLine: {'line': b'[ 23%] Built target vehicle_networking_interfaces__rosidl_typesupport_cpp\n'}
[5.948996] (vehicle_networking_interfaces) StdoutLine: {'line': b'[ 25%] \x1b[34m\x1b[1mGenerating C introspection for ROS interfaces\x1b[0m\n'}
[6.023626] (-) TimerEvent: {}
[6.123978] (-) TimerEvent: {}
[6.224340] (-) TimerEvent: {}
[6.324674] (-) TimerEvent: {}
[6.411479] (vehicle_networking_interfaces) StdoutLine: {'line': b'\x1b[35m\x1b[1mScanning dependencies of target vehicle_networking_interfaces__rosidl_typesupport_introspection_c\x1b[0m\n'}
[6.424794] (-) TimerEvent: {}
[6.432114] (vehicle_networking_interfaces) StdoutLine: {'line': b'[ 28%] \x1b[32mBuilding C object CMakeFiles/vehicle_networking_interfaces__rosidl_typesupport_introspection_c.dir/rosidl_typesupport_introspection_c/vehicle_networking_interfaces/srv/detail/get_serial_port__type_support.c.o\x1b[0m\n'}
[6.490759] (vehicle_networking_interfaces) StdoutLine: {'line': b'[ 30%] \x1b[32mBuilding C object CMakeFiles/vehicle_networking_interfaces__rosidl_typesupport_introspection_c.dir/rosidl_typesupport_introspection_c/vehicle_networking_interfaces/srv/detail/reset_serial_port__type_support.c.o\x1b[0m\n'}
[6.524908] (-) TimerEvent: {}
[6.543615] (vehicle_networking_interfaces) StdoutLine: {'line': b'[ 33%] \x1b[32m\x1b[1mLinking C shared library libvehicle_networking_interfaces__rosidl_typesupport_introspection_c.so\x1b[0m\n'}
[6.592844] (vehicle_networking_interfaces) StdoutLine: {'line': b'[ 33%] Built target vehicle_networking_interfaces__rosidl_typesupport_introspection_c\n'}
[6.606784] (vehicle_networking_interfaces) StdoutLine: {'line': b'[ 35%] \x1b[34m\x1b[1mGenerating C type support dispatch for ROS interfaces\x1b[0m\n'}
[6.625031] (-) TimerEvent: {}
[6.725501] (-) TimerEvent: {}
[6.825869] (-) TimerEvent: {}
[6.926201] (-) TimerEvent: {}
[6.981547] (vehicle_networking_interfaces) StdoutLine: {'line': b'\x1b[35m\x1b[1mScanning dependencies of target vehicle_networking_interfaces__rosidl_typesupport_c\x1b[0m\n'}
[7.005286] (vehicle_networking_interfaces) StdoutLine: {'line': b'[ 38%] \x1b[32mBuilding CXX object CMakeFiles/vehicle_networking_interfaces__rosidl_typesupport_c.dir/rosidl_typesupport_c/vehicle_networking_interfaces/srv/get_serial_port__type_support.cpp.o\x1b[0m\n'}
[7.026299] (-) TimerEvent: {}
[7.066280] (vehicle_networking_interfaces) StdoutLine: {'line': b'[ 41%] \x1b[32mBuilding CXX object CMakeFiles/vehicle_networking_interfaces__rosidl_typesupport_c.dir/rosidl_typesupport_c/vehicle_networking_interfaces/srv/reset_serial_port__type_support.cpp.o\x1b[0m\n'}
[7.112629] (vehicle_networking_interfaces) StdoutLine: {'line': b'[ 43%] \x1b[32m\x1b[1mLinking CXX shared library libvehicle_networking_interfaces__rosidl_typesupport_c.so\x1b[0m\n'}
[7.126419] (-) TimerEvent: {}
[7.177591] (vehicle_networking_interfaces) StdoutLine: {'line': b'[ 43%] Built target vehicle_networking_interfaces__rosidl_typesupport_c\n'}
[7.196219] (vehicle_networking_interfaces) StdoutLine: {'line': b'[ 46%] \x1b[34m\x1b[1mGenerating C++ introspection for ROS interfaces\x1b[0m\n'}
[7.226511] (-) TimerEvent: {}
[7.327704] (-) TimerEvent: {}
[7.428070] (-) TimerEvent: {}
[7.528408] (-) TimerEvent: {}
[7.628779] (-) TimerEvent: {}
[7.650764] (vehicle_networking_interfaces) StdoutLine: {'line': b'\x1b[35m\x1b[1mScanning dependencies of target vehicle_networking_interfaces__rosidl_typesupport_introspection_cpp\x1b[0m\n'}
[7.674523] (vehicle_networking_interfaces) StdoutLine: {'line': b'[ 48%] \x1b[32mBuilding CXX object CMakeFiles/vehicle_networking_interfaces__rosidl_typesupport_introspection_cpp.dir/rosidl_typesupport_introspection_cpp/vehicle_networking_interfaces/srv/detail/get_serial_port__type_support.cpp.o\x1b[0m\n'}
[7.728876] (-) TimerEvent: {}
[7.829319] (-) TimerEvent: {}
[7.929721] (-) TimerEvent: {}
[8.030084] (-) TimerEvent: {}
[8.106031] (vehicle_networking_interfaces) StdoutLine: {'line': b'[ 51%] \x1b[32mBuilding CXX object CMakeFiles/vehicle_networking_interfaces__rosidl_typesupport_introspection_cpp.dir/rosidl_typesupport_introspection_cpp/vehicle_networking_interfaces/srv/detail/reset_serial_port__type_support.cpp.o\x1b[0m\n'}
[8.130178] (-) TimerEvent: {}
[8.230527] (-) TimerEvent: {}
[8.330928] (-) TimerEvent: {}
[8.431303] (-) TimerEvent: {}
[8.524603] (vehicle_networking_interfaces) StdoutLine: {'line': b'[ 53%] \x1b[32m\x1b[1mLinking CXX shared library libvehicle_networking_interfaces__rosidl_typesupport_introspection_cpp.so\x1b[0m\n'}
[8.531407] (-) TimerEvent: {}
[8.631806] (-) TimerEvent: {}
[8.642310] (vehicle_networking_interfaces) StdoutLine: {'line': b'[ 53%] Built target vehicle_networking_interfaces__rosidl_typesupport_introspection_cpp\n'}
[8.661741] (vehicle_networking_interfaces) StdoutLine: {'line': b'[ 56%] \x1b[34m\x1b[1mGenerating C++ type support for eProsima Fast-RTPS\x1b[0m\n'}
[8.731916] (-) TimerEvent: {}
[8.832225] (-) TimerEvent: {}
[8.932579] (-) TimerEvent: {}
[9.032909] (-) TimerEvent: {}
[9.128108] (vehicle_networking_interfaces) StdoutLine: {'line': b'\x1b[35m\x1b[1mScanning dependencies of target vehicle_networking_interfaces__rosidl_typesupport_fastrtps_cpp\x1b[0m\n'}
[9.133025] (-) TimerEvent: {}
[9.175284] (vehicle_networking_interfaces) StdoutLine: {'line': b'[ 58%] \x1b[32mBuilding CXX object CMakeFiles/vehicle_networking_interfaces__rosidl_typesupport_fastrtps_cpp.dir/rosidl_typesupport_fastrtps_cpp/vehicle_networking_interfaces/srv/detail/dds_fastrtps/get_serial_port__type_support.cpp.o\x1b[0m\n'}
[9.233138] (-) TimerEvent: {}
[9.333524] (-) TimerEvent: {}
[9.434240] (-) TimerEvent: {}
[9.534871] (-) TimerEvent: {}
[9.635842] (-) TimerEvent: {}
[9.736297] (-) TimerEvent: {}
[9.837469] (-) TimerEvent: {}
[9.937945] (-) TimerEvent: {}
[10.008060] (vehicle_networking_interfaces) StdoutLine: {'line': b'[ 61%] \x1b[32mBuilding CXX object CMakeFiles/vehicle_networking_interfaces__rosidl_typesupport_fastrtps_cpp.dir/rosidl_typesupport_fastrtps_cpp/vehicle_networking_interfaces/srv/detail/dds_fastrtps/reset_serial_port__type_support.cpp.o\x1b[0m\n'}
[10.038056] (-) TimerEvent: {}
[10.138652] (-) TimerEvent: {}
[10.239009] (-) TimerEvent: {}
[10.339362] (-) TimerEvent: {}
[10.439764] (-) TimerEvent: {}
[10.540184] (-) TimerEvent: {}
[10.640522] (-) TimerEvent: {}
[10.679379] (vehicle_networking_interfaces) StdoutLine: {'line': b'[ 64%] \x1b[32m\x1b[1mLinking CXX shared library libvehicle_networking_interfaces__rosidl_typesupport_fastrtps_cpp.so\x1b[0m\n'}
[10.740697] (-) TimerEvent: {}
[10.817624] (vehicle_networking_interfaces) StdoutLine: {'line': b'[ 64%] Built target vehicle_networking_interfaces__rosidl_typesupport_fastrtps_cpp\n'}
[10.832479] (vehicle_networking_interfaces) StdoutLine: {'line': b'[ 66%] \x1b[34m\x1b[1mGenerating C type support for eProsima Fast-RTPS\x1b[0m\n'}
[10.840793] (-) TimerEvent: {}
[10.941152] (-) TimerEvent: {}
[11.041477] (-) TimerEvent: {}
[11.141806] (-) TimerEvent: {}
[11.242147] (-) TimerEvent: {}
[11.340911] (vehicle_networking_interfaces) StdoutLine: {'line': b'\x1b[35m\x1b[1mScanning dependencies of target vehicle_networking_interfaces__rosidl_typesupport_fastrtps_c\x1b[0m\n'}
[11.342237] (-) TimerEvent: {}
[11.384580] (vehicle_networking_interfaces) StdoutLine: {'line': b'[ 69%] \x1b[32mBuilding CXX object CMakeFiles/vehicle_networking_interfaces__rosidl_typesupport_fastrtps_c.dir/rosidl_typesupport_fastrtps_c/vehicle_networking_interfaces/srv/detail/get_serial_port__type_support_c.cpp.o\x1b[0m\n'}
[11.442364] (-) TimerEvent: {}
[11.542707] (-) TimerEvent: {}
[11.643081] (-) TimerEvent: {}
[11.743441] (-) TimerEvent: {}
[11.843820] (-) TimerEvent: {}
[11.930740] (vehicle_networking_interfaces) StdoutLine: {'line': b'[ 71%] \x1b[32mBuilding CXX object CMakeFiles/vehicle_networking_interfaces__rosidl_typesupport_fastrtps_c.dir/rosidl_typesupport_fastrtps_c/vehicle_networking_interfaces/srv/detail/reset_serial_port__type_support_c.cpp.o\x1b[0m\n'}
[11.943946] (-) TimerEvent: {}
[12.044329] (-) TimerEvent: {}
[12.144717] (-) TimerEvent: {}
[12.245098] (-) TimerEvent: {}
[12.345470] (-) TimerEvent: {}
[12.445891] (-) TimerEvent: {}
[12.477535] (vehicle_networking_interfaces) StdoutLine: {'line': b'[ 74%] \x1b[32m\x1b[1mLinking CXX shared library libvehicle_networking_interfaces__rosidl_typesupport_fastrtps_c.so\x1b[0m\n'}
[12.546001] (-) TimerEvent: {}
[12.610857] (vehicle_networking_interfaces) StdoutLine: {'line': b'[ 74%] Built target vehicle_networking_interfaces__rosidl_typesupport_fastrtps_c\n'}
[12.626714] (vehicle_networking_interfaces) StdoutLine: {'line': b'\x1b[35m\x1b[1mScanning dependencies of target vehicle_networking_interfaces\x1b[0m\n'}
[12.642162] (vehicle_networking_interfaces) StdoutLine: {'line': b'[ 74%] Built target vehicle_networking_interfaces\n'}
[12.646116] (-) TimerEvent: {}
[12.658598] (vehicle_networking_interfaces) StdoutLine: {'line': b'\x1b[35m\x1b[1mScanning dependencies of target vehicle_networking_interfaces__py\x1b[0m\n'}
[12.682803] (vehicle_networking_interfaces) StdoutLine: {'line': b'[ 76%] \x1b[34m\x1b[1mGenerating Python code for ROS interfaces\x1b[0m\n'}
[12.746219] (-) TimerEvent: {}
[12.846931] (-) TimerEvent: {}
[12.947290] (-) TimerEvent: {}
[13.047616] (-) TimerEvent: {}
[13.147962] (-) TimerEvent: {}
[13.248314] (-) TimerEvent: {}
[13.348709] (-) TimerEvent: {}
[13.449124] (-) TimerEvent: {}
[13.549534] (-) TimerEvent: {}
[13.649883] (-) TimerEvent: {}
[13.750237] (-) TimerEvent: {}
[13.823451] (vehicle_networking_interfaces) StdoutLine: {'line': b'[ 76%] Built target vehicle_networking_interfaces__py\n'}
[13.840570] (vehicle_networking_interfaces) StdoutLine: {'line': b'\x1b[35m\x1b[1mScanning dependencies of target vehicle_networking_interfaces__python\x1b[0m\n'}
[13.850343] (-) TimerEvent: {}
[13.890811] (vehicle_networking_interfaces) StdoutLine: {'line': b'[ 79%] \x1b[32mBuilding C object CMakeFiles/vehicle_networking_interfaces__python.dir/rosidl_generator_py/vehicle_networking_interfaces/srv/_get_serial_port_s.c.o\x1b[0m\n'}
[13.950465] (-) TimerEvent: {}
[14.050862] (-) TimerEvent: {}
[14.081725] (vehicle_networking_interfaces) StdoutLine: {'line': b'[ 82%] \x1b[32mBuilding C object CMakeFiles/vehicle_networking_interfaces__python.dir/rosidl_generator_py/vehicle_networking_interfaces/srv/_reset_serial_port_s.c.o\x1b[0m\n'}
[14.150971] (-) TimerEvent: {}
[14.226448] (vehicle_networking_interfaces) StdoutLine: {'line': b'[ 84%] \x1b[32m\x1b[1mLinking C shared library rosidl_generator_py/vehicle_networking_interfaces/libvehicle_networking_interfaces__python.so\x1b[0m\n'}
[14.251088] (-) TimerEvent: {}
[14.289778] (vehicle_networking_interfaces) StdoutLine: {'line': b'[ 84%] Built target vehicle_networking_interfaces__python\n'}
[14.304192] (vehicle_networking_interfaces) StdoutLine: {'line': b'\x1b[35m\x1b[1mScanning dependencies of target vehicle_networking_interfaces__rosidl_typesupport_c__pyext\x1b[0m\n'}
[14.334618] (vehicle_networking_interfaces) StdoutLine: {'line': b'[ 87%] \x1b[32mBuilding C object CMakeFiles/vehicle_networking_interfaces__rosidl_typesupport_c__pyext.dir/rosidl_generator_py/vehicle_networking_interfaces/_vehicle_networking_interfaces_s.ep.rosidl_typesupport_c.c.o\x1b[0m\n'}
[14.351549] (-) TimerEvent: {}
[14.451955] (-) TimerEvent: {}
[14.501961] (vehicle_networking_interfaces) StdoutLine: {'line': b'[ 89%] \x1b[32m\x1b[1mLinking C shared library rosidl_generator_py/vehicle_networking_interfaces/vehicle_networking_interfaces_s__rosidl_typesupport_c.cpython-38-x86_64-linux-gnu.so\x1b[0m\n'}
[14.551366] (vehicle_networking_interfaces) StdoutLine: {'line': b'[ 89%] Built target vehicle_networking_interfaces__rosidl_typesupport_c__pyext\n'}
[14.552039] (-) TimerEvent: {}
[14.568570] (vehicle_networking_interfaces) StdoutLine: {'line': b'\x1b[35m\x1b[1mScanning dependencies of target vehicle_networking_interfaces__rosidl_typesupport_fastrtps_c__pyext\x1b[0m\n'}
[14.610920] (vehicle_networking_interfaces) StdoutLine: {'line': b'[ 92%] \x1b[32mBuilding C object CMakeFiles/vehicle_networking_interfaces__rosidl_typesupport_fastrtps_c__pyext.dir/rosidl_generator_py/vehicle_networking_interfaces/_vehicle_networking_interfaces_s.ep.rosidl_typesupport_fastrtps_c.c.o\x1b[0m\n'}
[14.652163] (-) TimerEvent: {}
[14.750459] (vehicle_networking_interfaces) StdoutLine: {'line': b'[ 94%] \x1b[32m\x1b[1mLinking CXX shared library rosidl_generator_py/vehicle_networking_interfaces/vehicle_networking_interfaces_s__rosidl_typesupport_fastrtps_c.cpython-38-x86_64-linux-gnu.so\x1b[0m\n'}
[14.752251] (-) TimerEvent: {}
[14.846134] (vehicle_networking_interfaces) StdoutLine: {'line': b'[ 94%] Built target vehicle_networking_interfaces__rosidl_typesupport_fastrtps_c__pyext\n'}
[14.852368] (-) TimerEvent: {}
[14.862092] (vehicle_networking_interfaces) StdoutLine: {'line': b'\x1b[35m\x1b[1mScanning dependencies of target vehicle_networking_interfaces__rosidl_typesupport_introspection_c__pyext\x1b[0m\n'}
[14.901352] (vehicle_networking_interfaces) StdoutLine: {'line': b'[ 97%] \x1b[32mBuilding C object CMakeFiles/vehicle_networking_interfaces__rosidl_typesupport_introspection_c__pyext.dir/rosidl_generator_py/vehicle_networking_interfaces/_vehicle_networking_interfaces_s.ep.rosidl_typesupport_introspection_c.c.o\x1b[0m\n'}
[14.952485] (-) TimerEvent: {}
[15.036722] (vehicle_networking_interfaces) StdoutLine: {'line': b'[100%] \x1b[32m\x1b[1mLinking C shared library rosidl_generator_py/vehicle_networking_interfaces/vehicle_networking_interfaces_s__rosidl_typesupport_introspection_c.cpython-38-x86_64-linux-gnu.so\x1b[0m\n'}
[15.052592] (-) TimerEvent: {}
[15.097597] (vehicle_networking_interfaces) StdoutLine: {'line': b'[100%] Built target vehicle_networking_interfaces__rosidl_typesupport_introspection_c__pyext\n'}
[15.114467] (vehicle_networking_interfaces) CommandEnded: {'returncode': 0}
[15.153448] (-) TimerEvent: {}
[15.210604] (vehicle_networking_interfaces) JobProgress: {'identifier': 'vehicle_networking_interfaces', 'progress': 'install'}
[15.226527] (vehicle_networking_interfaces) Command: {'cmd': ['/usr/bin/cmake', '--install', '/root/build/vehicle_networking_interfaces'], 'cwd': '/root/build/vehicle_networking_interfaces', 'env': OrderedDict([('HOSTNAME', '29a34f11d68e'), ('SHLVL', '1'), ('LD_LIBRARY_PATH', '/opt/ros/foxy/opt/yaml_cpp_vendor/lib:/opt/ros/foxy/opt/rviz_ogre_vendor/lib:/opt/ros/foxy/lib/x86_64-linux-gnu:/opt/ros/foxy/lib'), ('HOME', '/root'), ('OLDPWD', '/'), ('ROS_PYTHON_VERSION', '3'), ('COLCON_PREFIX_PATH', '/root/install'), ('ROS_DISTRO', 'foxy'), ('_', '/usr/bin/colcon'), ('ROS_VERSION', '2'), ('TERM', 'xterm'), ('ROS_LOCALHOST_ONLY', '0'), ('QT_X11_NO_MITSHM', '1'), ('PATH', '/opt/ros/foxy/bin:/usr/local/sbin:/usr/local/bin:/usr/sbin:/usr/bin:/sbin:/bin'), ('DISPLAY', ':0.0'), ('LANG', 'C.UTF-8'), ('AMENT_PREFIX_PATH', '/root/install/vehicle_networking:/opt/ros/foxy'), ('PWD', '/root/build/vehicle_networking_interfaces'), ('LC_ALL', 'C.UTF-8'), ('PYTHONPATH', '/root/build/vehicle_networking:/root/install/vehicle_networking/lib/python3.8/site-packages:/opt/ros/foxy/lib/python3.8/site-packages'), ('COLCON', '1'), ('CMAKE_PREFIX_PATH', '/root/install/vehicle_networking:/opt/ros/foxy')]), 'shell': False}
[15.240747] (vehicle_networking_interfaces) StdoutLine: {'line': b'-- Install configuration: ""\n'}
[15.241157] (vehicle_networking_interfaces) StdoutLine: {'line': b'-- Installing: /root/install/vehicle_networking_interfaces/share/ament_index/resource_index/rosidl_interfaces/vehicle_networking_interfaces\n'}
[15.241435] (vehicle_networking_interfaces) StdoutLine: {'line': b'-- Installing: /root/install/vehicle_networking_interfaces/include/vehicle_networking_interfaces\n'}
[15.241699] (vehicle_networking_interfaces) StdoutLine: {'line': b'-- Installing: /root/install/vehicle_networking_interfaces/include/vehicle_networking_interfaces/msg\n'}
[15.241879] (vehicle_networking_interfaces) StdoutLine: {'line': b'-- Installing: /root/install/vehicle_networking_interfaces/include/vehicle_networking_interfaces/msg/rosidl_generator_c__visibility_control.h\n'}
[15.242091] (vehicle_networking_interfaces) StdoutLine: {'line': b'-- Installing: /root/install/vehicle_networking_interfaces/include/vehicle_networking_interfaces/srv\n'}
[15.242345] (vehicle_networking_interfaces) StdoutLine: {'line': b'-- Installing: /root/install/vehicle_networking_interfaces/include/vehicle_networking_interfaces/srv/reset_serial_port.h\n'}
[15.242556] (vehicle_networking_interfaces) StdoutLine: {'line': b'-- Installing: /root/install/vehicle_networking_interfaces/include/vehicle_networking_interfaces/srv/get_serial_port.h\n'}
[15.242804] (vehicle_networking_interfaces) StdoutLine: {'line': b'-- Installing: /root/install/vehicle_networking_interfaces/include/vehicle_networking_interfaces/srv/detail\n'}
[15.243005] (vehicle_networking_interfaces) StdoutLine: {'line': b'-- Installing: /root/install/vehicle_networking_interfaces/include/vehicle_networking_interfaces/srv/detail/reset_serial_port__functions.c\n'}
[15.243173] (vehicle_networking_interfaces) StdoutLine: {'line': b'-- Installing: /root/install/vehicle_networking_interfaces/include/vehicle_networking_interfaces/srv/detail/get_serial_port__functions.c\n'}
[15.243384] (vehicle_networking_interfaces) StdoutLine: {'line': b'-- Installing: /root/install/vehicle_networking_interfaces/include/vehicle_networking_interfaces/srv/detail/reset_serial_port__type_support.h\n'}
[15.243578] (vehicle_networking_interfaces) StdoutLine: {'line': b'-- Installing: /root/install/vehicle_networking_interfaces/include/vehicle_networking_interfaces/srv/detail/get_serial_port__functions.h\n'}
[15.243787] (vehicle_networking_interfaces) StdoutLine: {'line': b'-- Installing: /root/install/vehicle_networking_interfaces/include/vehicle_networking_interfaces/srv/detail/reset_serial_port__functions.h\n'}
[15.244699] (vehicle_networking_interfaces) StdoutLine: {'line': b'-- Installing: /root/install/vehicle_networking_interfaces/include/vehicle_networking_interfaces/srv/detail/get_serial_port__type_support.h\n'}
[15.244911] (vehicle_networking_interfaces) StdoutLine: {'line': b'-- Installing: /root/install/vehicle_networking_interfaces/include/vehicle_networking_interfaces/srv/detail/get_serial_port__struct.h\n'}
[15.245280] (vehicle_networking_interfaces) StdoutLine: {'line': b'-- Installing: /root/install/vehicle_networking_interfaces/include/vehicle_networking_interfaces/srv/detail/reset_serial_port__struct.h\n'}
[15.245456] (vehicle_networking_interfaces) StdoutLine: {'line': b'-- Installing: /root/install/vehicle_networking_interfaces/share/vehicle_networking_interfaces/environment/library_path.sh\n'}
[15.245654] (vehicle_networking_interfaces) StdoutLine: {'line': b'-- Installing: /root/install/vehicle_networking_interfaces/share/vehicle_networking_interfaces/environment/library_path.dsv\n'}
[15.246129] (vehicle_networking_interfaces) StdoutLine: {'line': b'-- Installing: /root/install/vehicle_networking_interfaces/lib/libvehicle_networking_interfaces__rosidl_generator_c.so\n'}
[15.247104] (vehicle_networking_interfaces) StdoutLine: {'line': b'-- Set runtime path of "/root/install/vehicle_networking_interfaces/lib/libvehicle_networking_interfaces__rosidl_generator_c.so" to ""\n'}
[15.247478] (vehicle_networking_interfaces) StdoutLine: {'line': b'-- Up-to-date: /root/install/vehicle_networking_interfaces/include/vehicle_networking_interfaces\n'}
[15.247681] (vehicle_networking_interfaces) StdoutLine: {'line': b'-- Up-to-date: /root/install/vehicle_networking_interfaces/include/vehicle_networking_interfaces/msg\n'}
[15.247846] (vehicle_networking_interfaces) StdoutLine: {'line': b'-- Installing: /root/install/vehicle_networking_interfaces/include/vehicle_networking_interfaces/msg/rosidl_typesupport_fastrtps_c__visibility_control.h\n'}
[15.248015] (vehicle_networking_interfaces) StdoutLine: {'line': b'-- Up-to-date: /root/install/vehicle_networking_interfaces/include/vehicle_networking_interfaces/srv\n'}
[15.248210] (vehicle_networking_interfaces) StdoutLine: {'line': b'-- Up-to-date: /root/install/vehicle_networking_interfaces/include/vehicle_networking_interfaces/srv/detail\n'}
[15.248313] (vehicle_networking_interfaces) StdoutLine: {'line': b'-- Installing: /root/install/vehicle_networking_interfaces/include/vehicle_networking_interfaces/srv/detail/reset_serial_port__rosidl_typesupport_fastrtps_c.h\n'}
[15.248448] (vehicle_networking_interfaces) StdoutLine: {'line': b'-- Installing: /root/install/vehicle_networking_interfaces/include/vehicle_networking_interfaces/srv/detail/get_serial_port__rosidl_typesupport_fastrtps_c.h\n'}
[15.248790] (vehicle_networking_interfaces) StdoutLine: {'line': b'-- Installing: /root/install/vehicle_networking_interfaces/lib/libvehicle_networking_interfaces__rosidl_typesupport_fastrtps_c.so\n'}
[15.249566] (vehicle_networking_interfaces) StdoutLine: {'line': b'-- Set runtime path of "/root/install/vehicle_networking_interfaces/lib/libvehicle_networking_interfaces__rosidl_typesupport_fastrtps_c.so" to ""\n'}
[15.249736] (vehicle_networking_interfaces) StdoutLine: {'line': b'-- Up-to-date: /root/install/vehicle_networking_interfaces/include/vehicle_networking_interfaces\n'}
[15.249903] (vehicle_networking_interfaces) StdoutLine: {'line': b'-- Up-to-date: /root/install/vehicle_networking_interfaces/include/vehicle_networking_interfaces/msg\n'}
[15.250036] (vehicle_networking_interfaces) StdoutLine: {'line': b'-- Installing: /root/install/vehicle_networking_interfaces/include/vehicle_networking_interfaces/msg/rosidl_typesupport_fastrtps_cpp__visibility_control.h\n'}
[15.250219] (vehicle_networking_interfaces) StdoutLine: {'line': b'-- Up-to-date: /root/install/vehicle_networking_interfaces/include/vehicle_networking_interfaces/srv\n'}
[15.250418] (vehicle_networking_interfaces) StdoutLine: {'line': b'-- Up-to-date: /root/install/vehicle_networking_interfaces/include/vehicle_networking_interfaces/srv/detail\n'}
[15.250506] (vehicle_networking_interfaces) StdoutLine: {'line': b'-- Installing: /root/install/vehicle_networking_interfaces/include/vehicle_networking_interfaces/srv/detail/get_serial_port__rosidl_typesupport_fastrtps_cpp.hpp\n'}
[15.250657] (vehicle_networking_interfaces) StdoutLine: {'line': b'-- Installing: /root/install/vehicle_networking_interfaces/include/vehicle_networking_interfaces/srv/detail/reset_serial_port__rosidl_typesupport_fastrtps_cpp.hpp\n'}
[15.250798] (vehicle_networking_interfaces) StdoutLine: {'line': b'-- Installing: /root/install/vehicle_networking_interfaces/include/vehicle_networking_interfaces/srv/detail/dds_fastrtps\n'}
[15.251129] (vehicle_networking_interfaces) StdoutLine: {'line': b'-- Installing: /root/install/vehicle_networking_interfaces/lib/libvehicle_networking_interfaces__rosidl_typesupport_fastrtps_cpp.so\n'}
[15.251924] (vehicle_networking_interfaces) StdoutLine: {'line': b'-- Set runtime path of "/root/install/vehicle_networking_interfaces/lib/libvehicle_networking_interfaces__rosidl_typesupport_fastrtps_cpp.so" to ""\n'}
[15.252083] (vehicle_networking_interfaces) StdoutLine: {'line': b'-- Up-to-date: /root/install/vehicle_networking_interfaces/include/vehicle_networking_interfaces\n'}
[15.252283] (vehicle_networking_interfaces) StdoutLine: {'line': b'-- Up-to-date: /root/install/vehicle_networking_interfaces/include/vehicle_networking_interfaces/msg\n'}
[15.252377] (vehicle_networking_interfaces) StdoutLine: {'line': b'-- Installing: /root/install/vehicle_networking_interfaces/include/vehicle_networking_interfaces/msg/rosidl_typesupport_introspection_c__visibility_control.h\n'}
[15.252576] (vehicle_networking_interfaces) StdoutLine: {'line': b'-- Up-to-date: /root/install/vehicle_networking_interfaces/include/vehicle_networking_interfaces/srv\n'}
[15.252726] (vehicle_networking_interfaces) StdoutLine: {'line': b'-- Up-to-date: /root/install/vehicle_networking_interfaces/include/vehicle_networking_interfaces/srv/detail\n'}
[15.252812] (vehicle_networking_interfaces) StdoutLine: {'line': b'-- Installing: /root/install/vehicle_networking_interfaces/include/vehicle_networking_interfaces/srv/detail/get_serial_port__type_support.c\n'}
[15.252938] (vehicle_networking_interfaces) StdoutLine: {'line': b'-- Installing: /root/install/vehicle_networking_interfaces/include/vehicle_networking_interfaces/srv/detail/reset_serial_port__rosidl_typesupport_introspection_c.h\n'}
[15.253068] (vehicle_networking_interfaces) StdoutLine: {'line': b'-- Installing: /root/install/vehicle_networking_interfaces/include/vehicle_networking_interfaces/srv/detail/reset_serial_port__type_support.c\n'}
[15.253291] (vehicle_networking_interfaces) StdoutLine: {'line': b'-- Installing: /root/install/vehicle_networking_interfaces/include/vehicle_networking_interfaces/srv/detail/get_serial_port__rosidl_typesupport_introspection_c.h\n'}
[15.253486] (-) TimerEvent: {}
[15.253727] (vehicle_networking_interfaces) StdoutLine: {'line': b'-- Installing: /root/install/vehicle_networking_interfaces/lib/libvehicle_networking_interfaces__rosidl_typesupport_introspection_c.so\n'}
[15.254485] (vehicle_networking_interfaces) StdoutLine: {'line': b'-- Set runtime path of "/root/install/vehicle_networking_interfaces/lib/libvehicle_networking_interfaces__rosidl_typesupport_introspection_c.so" to ""\n'}
[15.254737] (vehicle_networking_interfaces) StdoutLine: {'line': b'-- Installing: /root/install/vehicle_networking_interfaces/lib/libvehicle_networking_interfaces__rosidl_typesupport_c.so\n'}
[15.255392] (vehicle_networking_interfaces) StdoutLine: {'line': b'-- Set runtime path of "/root/install/vehicle_networking_interfaces/lib/libvehicle_networking_interfaces__rosidl_typesupport_c.so" to ""\n'}
[15.255544] (vehicle_networking_interfaces) StdoutLine: {'line': b'-- Up-to-date: /root/install/vehicle_networking_interfaces/include/vehicle_networking_interfaces\n'}
[15.255712] (vehicle_networking_interfaces) StdoutLine: {'line': b'-- Up-to-date: /root/install/vehicle_networking_interfaces/include/vehicle_networking_interfaces/msg\n'}
[15.255856] (vehicle_networking_interfaces) StdoutLine: {'line': b'-- Installing: /root/install/vehicle_networking_interfaces/include/vehicle_networking_interfaces/msg/rosidl_generator_cpp__visibility_control.hpp\n'}
[15.255995] (vehicle_networking_interfaces) StdoutLine: {'line': b'-- Up-to-date: /root/install/vehicle_networking_interfaces/include/vehicle_networking_interfaces/srv\n'}
[15.256120] (vehicle_networking_interfaces) StdoutLine: {'line': b'-- Installing: /root/install/vehicle_networking_interfaces/include/vehicle_networking_interfaces/srv/get_serial_port.hpp\n'}
[15.256249] (vehicle_networking_interfaces) StdoutLine: {'line': b'-- Installing: /root/install/vehicle_networking_interfaces/include/vehicle_networking_interfaces/srv/reset_serial_port.hpp\n'}
[15.256414] (vehicle_networking_interfaces) StdoutLine: {'line': b'-- Up-to-date: /root/install/vehicle_networking_interfaces/include/vehicle_networking_interfaces/srv/detail\n'}
[15.256560] (vehicle_networking_interfaces) StdoutLine: {'line': b'-- Installing: /root/install/vehicle_networking_interfaces/include/vehicle_networking_interfaces/srv/detail/get_serial_port__type_support.hpp\n'}
[15.256723] (vehicle_networking_interfaces) StdoutLine: {'line': b'-- Installing: /root/install/vehicle_networking_interfaces/include/vehicle_networking_interfaces/srv/detail/get_serial_port__traits.hpp\n'}
[15.256931] (vehicle_networking_interfaces) StdoutLine: {'line': b'-- Installing: /root/install/vehicle_networking_interfaces/include/vehicle_networking_interfaces/srv/detail/get_serial_port__struct.hpp\n'}
[15.257148] (vehicle_networking_interfaces) StdoutLine: {'line': b'-- Installing: /root/install/vehicle_networking_interfaces/include/vehicle_networking_interfaces/srv/detail/reset_serial_port__traits.hpp\n'}
[15.257362] (vehicle_networking_interfaces) StdoutLine: {'line': b'-- Installing: /root/install/vehicle_networking_interfaces/include/vehicle_networking_interfaces/srv/detail/get_serial_port__builder.hpp\n'}
[15.257570] (vehicle_networking_interfaces) StdoutLine: {'line': b'-- Installing: /root/install/vehicle_networking_interfaces/include/vehicle_networking_interfaces/srv/detail/reset_serial_port__struct.hpp\n'}
[15.257800] (vehicle_networking_interfaces) StdoutLine: {'line': b'-- Installing: /root/install/vehicle_networking_interfaces/include/vehicle_networking_interfaces/srv/detail/reset_serial_port__builder.hpp\n'}
[15.258018] (vehicle_networking_interfaces) StdoutLine: {'line': b'-- Installing: /root/install/vehicle_networking_interfaces/include/vehicle_networking_interfaces/srv/detail/reset_serial_port__type_support.hpp\n'}
[15.258309] (vehicle_networking_interfaces) StdoutLine: {'line': b'-- Up-to-date: /root/install/vehicle_networking_interfaces/include/vehicle_networking_interfaces\n'}
[15.258484] (vehicle_networking_interfaces) StdoutLine: {'line': b'-- Up-to-date: /root/install/vehicle_networking_interfaces/include/vehicle_networking_interfaces/srv\n'}
[15.258630] (vehicle_networking_interfaces) StdoutLine: {'line': b'-- Up-to-date: /root/install/vehicle_networking_interfaces/include/vehicle_networking_interfaces/srv/detail\n'}
[15.258728] (vehicle_networking_interfaces) StdoutLine: {'line': b'-- Installing: /root/install/vehicle_networking_interfaces/include/vehicle_networking_interfaces/srv/detail/get_serial_port__rosidl_typesupport_introspection_cpp.hpp\n'}
[15.258864] (vehicle_networking_interfaces) StdoutLine: {'line': b'-- Installing: /root/install/vehicle_networking_interfaces/include/vehicle_networking_interfaces/srv/detail/reset_serial_port__rosidl_typesupport_introspection_cpp.hpp\n'}
[15.259012] (vehicle_networking_interfaces) StdoutLine: {'line': b'-- Installing: /root/install/vehicle_networking_interfaces/include/vehicle_networking_interfaces/srv/detail/reset_serial_port__type_support.cpp\n'}
[15.259238] (vehicle_networking_interfaces) StdoutLine: {'line': b'-- Installing: /root/install/vehicle_networking_interfaces/include/vehicle_networking_interfaces/srv/detail/get_serial_port__type_support.cpp\n'}
[15.259728] (vehicle_networking_interfaces) StdoutLine: {'line': b'-- Installing: /root/install/vehicle_networking_interfaces/lib/libvehicle_networking_interfaces__rosidl_typesupport_introspection_cpp.so\n'}
[15.260663] (vehicle_networking_interfaces) StdoutLine: {'line': b'-- Set runtime path of "/root/install/vehicle_networking_interfaces/lib/libvehicle_networking_interfaces__rosidl_typesupport_introspection_cpp.so" to ""\n'}
[15.260910] (vehicle_networking_interfaces) StdoutLine: {'line': b'-- Installing: /root/install/vehicle_networking_interfaces/lib/libvehicle_networking_interfaces__rosidl_typesupport_cpp.so\n'}
[15.261978] (vehicle_networking_interfaces) StdoutLine: {'line': b'-- Set runtime path of "/root/install/vehicle_networking_interfaces/lib/libvehicle_networking_interfaces__rosidl_typesupport_cpp.so" to ""\n'}
[15.262239] (vehicle_networking_interfaces) StdoutLine: {'line': b'-- Installing: /root/install/vehicle_networking_interfaces/share/vehicle_networking_interfaces/environment/pythonpath.sh\n'}
[15.262568] (vehicle_networking_interfaces) StdoutLine: {'line': b'-- Installing: /root/install/vehicle_networking_interfaces/share/vehicle_networking_interfaces/environment/pythonpath.dsv\n'}
[15.262799] (vehicle_networking_interfaces) StdoutLine: {'line': b'-- Installing: /root/install/vehicle_networking_interfaces/lib/python3.8/site-packages/vehicle_networking_interfaces/__init__.py\n'}
[15.321865] (vehicle_networking_interfaces) StdoutLine: {'line': b"Compiling '/root/install/vehicle_networking_interfaces/lib/python3.8/site-packages/vehicle_networking_interfaces/__init__.py'...\n"}
[15.330113] (vehicle_networking_interfaces) StdoutLine: {'line': b'-- Installing: /root/install/vehicle_networking_interfaces/lib/python3.8/site-packages/vehicle_networking_interfaces/srv\n'}
[15.331059] (vehicle_networking_interfaces) StdoutLine: {'line': b'-- Installing: /root/install/vehicle_networking_interfaces/lib/python3.8/site-packages/vehicle_networking_interfaces/srv/_reset_serial_port_s.c\n'}
[15.331382] (vehicle_networking_interfaces) StdoutLine: {'line': b'-- Installing: /root/install/vehicle_networking_interfaces/lib/python3.8/site-packages/vehicle_networking_interfaces/srv/_reset_serial_port.py\n'}
[15.331551] (vehicle_networking_interfaces) StdoutLine: {'line': b'-- Installing: /root/install/vehicle_networking_interfaces/lib/python3.8/site-packages/vehicle_networking_interfaces/srv/_get_serial_port_s.c\n'}
[15.331740] (vehicle_networking_interfaces) StdoutLine: {'line': b'-- Installing: /root/install/vehicle_networking_interfaces/lib/python3.8/site-packages/vehicle_networking_interfaces/srv/__init__.py\n'}
[15.331999] (vehicle_networking_interfaces) StdoutLine: {'line': b'-- Installing: /root/install/vehicle_networking_interfaces/lib/python3.8/site-packages/vehicle_networking_interfaces/srv/_get_serial_port.py\n'}
[15.332151] (vehicle_networking_interfaces) StdoutLine: {'line': b'-- Installing: /root/install/vehicle_networking_interfaces/lib/python3.8/site-packages/vehicle_networking_interfaces/vehicle_networking_interfaces_s__rosidl_typesupport_fastrtps_c.cpython-38-x86_64-linux-gnu.so\n'}
[15.334455] (vehicle_networking_interfaces) StdoutLine: {'line': b'-- Set runtime path of "/root/install/vehicle_networking_interfaces/lib/python3.8/site-packages/vehicle_networking_interfaces/vehicle_networking_interfaces_s__rosidl_typesupport_fastrtps_c.cpython-38-x86_64-linux-gnu.so" to ""\n'}
[15.334832] (vehicle_networking_interfaces) StdoutLine: {'line': b'-- Installing: /root/install/vehicle_networking_interfaces/lib/python3.8/site-packages/vehicle_networking_interfaces/vehicle_networking_interfaces_s__rosidl_typesupport_introspection_c.cpython-38-x86_64-linux-gnu.so\n'}
[15.334983] (vehicle_networking_interfaces) StdoutLine: {'line': b'-- Set runtime path of "/root/install/vehicle_networking_interfaces/lib/python3.8/site-packages/vehicle_networking_interfaces/vehicle_networking_interfaces_s__rosidl_typesupport_introspection_c.cpython-38-x86_64-linux-gnu.so" to ""\n'}
[15.335144] (vehicle_networking_interfaces) StdoutLine: {'line': b'-- Installing: /root/install/vehicle_networking_interfaces/lib/python3.8/site-packages/vehicle_networking_interfaces/vehicle_networking_interfaces_s__rosidl_typesupport_c.cpython-38-x86_64-linux-gnu.so\n'}
[15.336239] (vehicle_networking_interfaces) StdoutLine: {'line': b'-- Set runtime path of "/root/install/vehicle_networking_interfaces/lib/python3.8/site-packages/vehicle_networking_interfaces/vehicle_networking_interfaces_s__rosidl_typesupport_c.cpython-38-x86_64-linux-gnu.so" to ""\n'}
[15.336475] (vehicle_networking_interfaces) StdoutLine: {'line': b'-- Installing: /root/install/vehicle_networking_interfaces/lib/libvehicle_networking_interfaces__python.so\n'}
[15.337255] (vehicle_networking_interfaces) StdoutLine: {'line': b'-- Set runtime path of "/root/install/vehicle_networking_interfaces/lib/libvehicle_networking_interfaces__python.so" to ""\n'}
[15.337496] (vehicle_networking_interfaces) StdoutLine: {'line': b'-- Installing: /root/install/vehicle_networking_interfaces/share/vehicle_networking_interfaces/srv/GetSerialPort.idl\n'}
[15.337820] (vehicle_networking_interfaces) StdoutLine: {'line': b'-- Installing: /root/install/vehicle_networking_interfaces/share/vehicle_networking_interfaces/srv/ResetSerialPort.idl\n'}
[15.338117] (vehicle_networking_interfaces) StdoutLine: {'line': b'-- Installing: /root/install/vehicle_networking_interfaces/share/vehicle_networking_interfaces/srv/GetSerialPort.srv\n'}
[15.338585] (vehicle_networking_interfaces) StdoutLine: {'line': b'-- Installing: /root/install/vehicle_networking_interfaces/share/vehicle_networking_interfaces/srv/GetSerialPort_Request.msg\n'}
[15.338896] (vehicle_networking_interfaces) StdoutLine: {'line': b'-- Installing: /root/install/vehicle_networking_interfaces/share/vehicle_networking_interfaces/srv/GetSerialPort_Response.msg\n'}
[15.339197] (vehicle_networking_interfaces) StdoutLine: {'line': b'-- Installing: /root/install/vehicle_networking_interfaces/share/vehicle_networking_interfaces/srv/ResetSerialPort.srv\n'}
[15.339603] (vehicle_networking_interfaces) StdoutLine: {'line': b'-- Installing: /root/install/vehicle_networking_interfaces/share/vehicle_networking_interfaces/srv/ResetSerialPort_Request.msg\n'}
[15.339943] (vehicle_networking_interfaces) StdoutLine: {'line': b'-- Installing: /root/install/vehicle_networking_interfaces/share/vehicle_networking_interfaces/srv/ResetSerialPort_Response.msg\n'}
[15.340321] (vehicle_networking_interfaces) StdoutLine: {'line': b'-- Installing: /root/install/vehicle_networking_interfaces/share/ament_index/resource_index/package_run_dependencies/vehicle_networking_interfaces\n'}
[15.340684] (vehicle_networking_interfaces) StdoutLine: {'line': b'-- Installing: /root/install/vehicle_networking_interfaces/share/ament_index/resource_index/parent_prefix_path/vehicle_networking_interfaces\n'}
[15.341022] (vehicle_networking_interfaces) StdoutLine: {'line': b'-- Installing: /root/install/vehicle_networking_interfaces/share/vehicle_networking_interfaces/environment/ament_prefix_path.sh\n'}
[15.341446] (vehicle_networking_interfaces) StdoutLine: {'line': b'-- Installing: /root/install/vehicle_networking_interfaces/share/vehicle_networking_interfaces/environment/ament_prefix_path.dsv\n'}
[15.341775] (vehicle_networking_interfaces) StdoutLine: {'line': b'-- Installing: /root/install/vehicle_networking_interfaces/share/vehicle_networking_interfaces/environment/path.sh\n'}
[15.342119] (vehicle_networking_interfaces) StdoutLine: {'line': b'-- Installing: /root/install/vehicle_networking_interfaces/share/vehicle_networking_interfaces/environment/path.dsv\n'}
[15.342391] (vehicle_networking_interfaces) StdoutLine: {'line': b'-- Installing: /root/install/vehicle_networking_interfaces/share/vehicle_networking_interfaces/local_setup.bash\n'}
[15.342727] (vehicle_networking_interfaces) StdoutLine: {'line': b'-- Installing: /root/install/vehicle_networking_interfaces/share/vehicle_networking_interfaces/local_setup.sh\n'}
[15.343016] (vehicle_networking_interfaces) StdoutLine: {'line': b'-- Installing: /root/install/vehicle_networking_interfaces/share/vehicle_networking_interfaces/local_setup.zsh\n'}
[15.343292] (vehicle_networking_interfaces) StdoutLine: {'line': b'-- Installing: /root/install/vehicle_networking_interfaces/share/vehicle_networking_interfaces/local_setup.dsv\n'}
[15.343541] (vehicle_networking_interfaces) StdoutLine: {'line': b'-- Installing: /root/install/vehicle_networking_interfaces/share/vehicle_networking_interfaces/package.dsv\n'}
[15.343930] (vehicle_networking_interfaces) StdoutLine: {'line': b'-- Installing: /root/install/vehicle_networking_interfaces/share/ament_index/resource_index/packages/vehicle_networking_interfaces\n'}
[15.344346] (vehicle_networking_interfaces) StdoutLine: {'line': b'-- Installing: /root/install/vehicle_networking_interfaces/share/vehicle_networking_interfaces/cmake/vehicle_networking_interfaces__rosidl_generator_cExport.cmake\n'}
[15.344663] (vehicle_networking_interfaces) StdoutLine: {'line': b'-- Installing: /root/install/vehicle_networking_interfaces/share/vehicle_networking_interfaces/cmake/vehicle_networking_interfaces__rosidl_generator_cExport-noconfig.cmake\n'}
[15.345086] (vehicle_networking_interfaces) StdoutLine: {'line': b'-- Installing: /root/install/vehicle_networking_interfaces/share/vehicle_networking_interfaces/cmake/vehicle_networking_interfaces__rosidl_typesupport_introspection_cExport.cmake\n'}
[15.345406] (vehicle_networking_interfaces) StdoutLine: {'line': b'-- Installing: /root/install/vehicle_networking_interfaces/share/vehicle_networking_interfaces/cmake/vehicle_networking_interfaces__rosidl_typesupport_introspection_cExport-noconfig.cmake\n'}
[15.345823] (vehicle_networking_interfaces) StdoutLine: {'line': b'-- Installing: /root/install/vehicle_networking_interfaces/share/vehicle_networking_interfaces/cmake/vehicle_networking_interfaces__rosidl_typesupport_cExport.cmake\n'}
[15.346132] (vehicle_networking_interfaces) StdoutLine: {'line': b'-- Installing: /root/install/vehicle_networking_interfaces/share/vehicle_networking_interfaces/cmake/vehicle_networking_interfaces__rosidl_typesupport_cExport-noconfig.cmake\n'}
[15.346538] (vehicle_networking_interfaces) StdoutLine: {'line': b'-- Installing: /root/install/vehicle_networking_interfaces/share/vehicle_networking_interfaces/cmake/vehicle_networking_interfaces__rosidl_generator_cppExport.cmake\n'}
[15.346992] (vehicle_networking_interfaces) StdoutLine: {'line': b'-- Installing: /root/install/vehicle_networking_interfaces/share/vehicle_networking_interfaces/cmake/vehicle_networking_interfaces__rosidl_typesupport_introspection_cppExport.cmake\n'}
[15.347323] (vehicle_networking_interfaces) StdoutLine: {'line': b'-- Installing: /root/install/vehicle_networking_interfaces/share/vehicle_networking_interfaces/cmake/vehicle_networking_interfaces__rosidl_typesupport_introspection_cppExport-noconfig.cmake\n'}
[15.347712] (vehicle_networking_interfaces) StdoutLine: {'line': b'-- Installing: /root/install/vehicle_networking_interfaces/share/vehicle_networking_interfaces/cmake/vehicle_networking_interfaces__rosidl_typesupport_cppExport.cmake\n'}
[15.348040] (vehicle_networking_interfaces) StdoutLine: {'line': b'-- Installing: /root/install/vehicle_networking_interfaces/share/vehicle_networking_interfaces/cmake/vehicle_networking_interfaces__rosidl_typesupport_cppExport-noconfig.cmake\n'}
[15.348326] (vehicle_networking_interfaces) StdoutLine: {'line': b'-- Installing: /root/install/vehicle_networking_interfaces/share/vehicle_networking_interfaces/cmake/rosidl_cmake-extras.cmake\n'}
[15.348617] (vehicle_networking_interfaces) StdoutLine: {'line': b'-- Installing: /root/install/vehicle_networking_interfaces/share/vehicle_networking_interfaces/cmake/ament_cmake_export_dependencies-extras.cmake\n'}
[15.348950] (vehicle_networking_interfaces) StdoutLine: {'line': b'-- Installing: /root/install/vehicle_networking_interfaces/share/vehicle_networking_interfaces/cmake/ament_cmake_export_libraries-extras.cmake\n'}
[15.349253] (vehicle_networking_interfaces) StdoutLine: {'line': b'-- Installing: /root/install/vehicle_networking_interfaces/share/vehicle_networking_interfaces/cmake/ament_cmake_export_targets-extras.cmake\n'}
[15.349533] (vehicle_networking_interfaces) StdoutLine: {'line': b'-- Installing: /root/install/vehicle_networking_interfaces/share/vehicle_networking_interfaces/cmake/ament_cmake_export_include_directories-extras.cmake\n'}
[15.349845] (vehicle_networking_interfaces) StdoutLine: {'line': b'-- Installing: /root/install/vehicle_networking_interfaces/share/vehicle_networking_interfaces/cmake/rosidl_cmake_export_typesupport_libraries-extras.cmake\n'}
[15.350137] (vehicle_networking_interfaces) StdoutLine: {'line': b'-- Installing: /root/install/vehicle_networking_interfaces/share/vehicle_networking_interfaces/cmake/rosidl_cmake_export_typesupport_targets-extras.cmake\n'}
[15.350429] (vehicle_networking_interfaces) StdoutLine: {'line': b'-- Installing: /root/install/vehicle_networking_interfaces/share/vehicle_networking_interfaces/cmake/vehicle_networking_interfacesConfig.cmake\n'}
[15.350635] (vehicle_networking_interfaces) StdoutLine: {'line': b'-- Installing: /root/install/vehicle_networking_interfaces/share/vehicle_networking_interfaces/cmake/vehicle_networking_interfacesConfig-version.cmake\n'}
[15.350939] (vehicle_networking_interfaces) StdoutLine: {'line': b'-- Installing: /root/install/vehicle_networking_interfaces/share/vehicle_networking_interfaces/package.xml\n'}
[15.353567] (-) TimerEvent: {}
[15.354899] (vehicle_networking_interfaces) CommandEnded: {'returncode': 0}
[15.453775] (-) TimerEvent: {}
[15.524843] (vehicle_networking_interfaces) JobEnded: {'identifier': 'vehicle_networking_interfaces', 'rc': 0}
[15.526714] (-) EventReactorShutdown: {}
