[0.809s] DEBUG:colcon:Command line arguments: ['/usr/bin/colcon', 'build', '--packages-select', 'vehicle_networking_interfaces']
[0.809s] DEBUG:colcon:Parsed command line arguments: Namespace(ament_cmake_args=None, base_paths=['.'], build_base='build', catkin_cmake_args=None, catkin_skip_building_tests=False, cmake_args=None, cmake_clean_cache=False, cmake_clean_first=False, cmake_force_configure=False, cmake_target=None, cmake_target_skip_unavailable=False, continue_on_error=False, event_handlers=None, executor='parallel', ignore_user_meta=False, install_base='install', log_base=None, log_level=None, main=<bound method BuildVerb.main of <colcon_core.verb.build.BuildVerb object at 0x7585d34d8e80>>, merge_install=False, metas=['./colcon.meta'], mixin=None, mixin_files=None, mixin_verb=('build',), packages_above=None, packages_above_and_dependencies=None, packages_above_depth=None, packages_end=None, packages_ignore=None, packages_ignore_regex=None, packages_select=['vehicle_networking_interfaces'], packages_select_build_failed=False, packages_select_by_dep=None, packages_select_regex=None, packages_select_test_failures=False, packages_skip=None, packages_skip_build_finished=False, packages_skip_by_dep=None, packages_skip_regex=None, packages_skip_test_passed=False, packages_skip_up_to=None, packages_start=None, packages_up_to=None, packages_up_to_regex=None, parallel_workers=4, paths=None, symlink_install=False, test_result_base=None, verb_extension=<colcon_core.verb.build.BuildVerb object at 0x7585d34d8e80>, verb_name='build', verb_parser=<colcon_mixin.mixin.mixin_argument.MixinArgumentDecorator object at 0x7585d3462490>)
[0.906s] Level 1:colcon.colcon_core.package_discovery:discover_packages(colcon_meta) check parameters
[0.906s] Level 1:colcon.colcon_core.package_discovery:discover_packages(recursive) check parameters
[0.906s] Level 1:colcon.colcon_core.package_discovery:discover_packages(ignore) check parameters
[0.906s] Level 1:colcon.colcon_core.package_discovery:discover_packages(path) check parameters
[0.906s] Level 1:colcon.colcon_core.package_discovery:discover_packages(colcon_meta) discover
[0.907s] Level 1:colcon.colcon_core.package_discovery:discover_packages(recursive) discover
[0.907s] INFO:colcon.colcon_core.package_discovery:Crawling recursively for packages in '/root'
[0.907s] Level 1:colcon.colcon_core.package_identification:_identify(.) by extensions ['ignore', 'ignore_ament_install']
[0.907s] Level 1:colcon.colcon_core.package_identification:_identify(.) by extension 'ignore'
[0.907s] Level 1:colcon.colcon_core.package_identification:_identify(.) by extension 'ignore_ament_install'
[0.908s] Level 1:colcon.colcon_core.package_identification:_identify(.) by extensions ['colcon_pkg']
[0.908s] Level 1:colcon.colcon_core.package_identification:_identify(.) by extension 'colcon_pkg'
[0.908s] Level 1:colcon.colcon_core.package_identification:_identify(.) by extensions ['colcon_meta']
[0.908s] Level 1:colcon.colcon_core.package_identification:_identify(.) by extension 'colcon_meta'
[0.908s] Level 1:colcon.colcon_core.package_identification:_identify(.) by extensions ['ros']
[0.908s] Level 1:colcon.colcon_core.package_identification:_identify(.) by extension 'ros'
[0.962s] Level 1:colcon.colcon_core.package_identification:_identify(.) by extensions ['cmake', 'python']
[0.962s] Level 1:colcon.colcon_core.package_identification:_identify(.) by extension 'cmake'
[0.962s] Level 1:colcon.colcon_core.package_identification:_identify(.) by extension 'python'
[0.962s] Level 1:colcon.colcon_core.package_identification:_identify(.) by extensions ['python_setup_py']
[0.962s] Level 1:colcon.colcon_core.package_identification:_identify(.) by extension 'python_setup_py'
[0.963s] Level 1:colcon.colcon_core.package_identification:_identify(build) by extensions ['ignore', 'ignore_ament_install']
[0.963s] Level 1:colcon.colcon_core.package_identification:_identify(build) by extension 'ignore'
[0.963s] Level 1:colcon.colcon_core.package_identification:_identify(build) ignored
[0.963s] Level 1:colcon.colcon_core.package_identification:_identify(install) by extensions ['ignore', 'ignore_ament_install']
[0.963s] Level 1:colcon.colcon_core.package_identification:_identify(install) by extension 'ignore'
[0.963s] Level 1:colcon.colcon_core.package_identification:_identify(install) ignored
[0.964s] Level 1:colcon.colcon_core.package_identification:_identify(log) by extensions ['ignore', 'ignore_ament_install']
[0.964s] Level 1:colcon.colcon_core.package_identification:_identify(log) by extension 'ignore'
[0.964s] Level 1:colcon.colcon_core.package_identification:_identify(log) ignored
[0.964s] Level 1:colcon.colcon_core.package_identification:_identify(src) by extensions ['ignore', 'ignore_ament_install']
[0.964s] Level 1:colcon.colcon_core.package_identification:_identify(src) by extension 'ignore'
[0.965s] Level 1:colcon.colcon_core.package_identification:_identify(src) by extension 'ignore_ament_install'
[0.965s] Level 1:colcon.colcon_core.package_identification:_identify(src) by extensions ['colcon_pkg']
[0.965s] Level 1:colcon.colcon_core.package_identification:_identify(src) by extension 'colcon_pkg'
[0.965s] Level 1:colcon.colcon_core.package_identification:_identify(src) by extensions ['colcon_meta']
[0.965s] Level 1:colcon.colcon_core.package_identification:_identify(src) by extension 'colcon_meta'
[0.965s] Level 1:colcon.colcon_core.package_identification:_identify(src) by extensions ['ros']
[0.965s] Level 1:colcon.colcon_core.package_identification:_identify(src) by extension 'ros'
[0.965s] Level 1:colcon.colcon_core.package_identification:_identify(src) by extensions ['cmake', 'python']
[0.965s] Level 1:colcon.colcon_core.package_identification:_identify(src) by extension 'cmake'
[0.965s] Level 1:colcon.colcon_core.package_identification:_identify(src) by extension 'python'
[0.966s] Level 1:colcon.colcon_core.package_identification:_identify(src) by extensions ['python_setup_py']
[0.966s] Level 1:colcon.colcon_core.package_identification:_identify(src) by extension 'python_setup_py'
[0.966s] Level 1:colcon.colcon_core.package_identification:_identify(src/vehicle_control) by extensions ['ignore', 'ignore_ament_install']
[0.966s] Level 1:colcon.colcon_core.package_identification:_identify(src/vehicle_control) by extension 'ignore'
[0.966s] Level 1:colcon.colcon_core.package_identification:_identify(src/vehicle_control) by extension 'ignore_ament_install'
[0.966s] Level 1:colcon.colcon_core.package_identification:_identify(src/vehicle_control) by extensions ['colcon_pkg']
[0.966s] Level 1:colcon.colcon_core.package_identification:_identify(src/vehicle_control) by extension 'colcon_pkg'
[0.966s] Level 1:colcon.colcon_core.package_identification:_identify(src/vehicle_control) by extensions ['colcon_meta']
[0.967s] Level 1:colcon.colcon_core.package_identification:_identify(src/vehicle_control) by extension 'colcon_meta'
[0.967s] Level 1:colcon.colcon_core.package_identification:_identify(src/vehicle_control) by extensions ['ros']
[0.967s] Level 1:colcon.colcon_core.package_identification:_identify(src/vehicle_control) by extension 'ros'
[0.973s] DEBUG:colcon.colcon_core.package_identification:Package 'src/vehicle_control' with type 'ros.ament_python' and name 'vehicle_control'
[0.973s] Level 1:colcon.colcon_core.package_identification:_identify(src/vehicle_navigation) by extensions ['ignore', 'ignore_ament_install']
[0.974s] Level 1:colcon.colcon_core.package_identification:_identify(src/vehicle_navigation) by extension 'ignore'
[0.974s] Level 1:colcon.colcon_core.package_identification:_identify(src/vehicle_navigation) by extension 'ignore_ament_install'
[0.974s] Level 1:colcon.colcon_core.package_identification:_identify(src/vehicle_navigation) by extensions ['colcon_pkg']
[0.974s] Level 1:colcon.colcon_core.package_identification:_identify(src/vehicle_navigation) by extension 'colcon_pkg'
[0.974s] Level 1:colcon.colcon_core.package_identification:_identify(src/vehicle_navigation) by extensions ['colcon_meta']
[0.975s] Level 1:colcon.colcon_core.package_identification:_identify(src/vehicle_navigation) by extension 'colcon_meta'
[0.975s] Level 1:colcon.colcon_core.package_identification:_identify(src/vehicle_navigation) by extensions ['ros']
[0.975s] Level 1:colcon.colcon_core.package_identification:_identify(src/vehicle_navigation) by extension 'ros'
[0.977s] DEBUG:colcon.colcon_core.package_identification:Package 'src/vehicle_navigation' with type 'ros.ament_python' and name 'vehicle_navigation'
[0.977s] Level 1:colcon.colcon_core.package_identification:_identify(src/vehicle_networking) by extensions ['ignore', 'ignore_ament_install']
[0.978s] Level 1:colcon.colcon_core.package_identification:_identify(src/vehicle_networking) by extension 'ignore'
[0.978s] Level 1:colcon.colcon_core.package_identification:_identify(src/vehicle_networking) by extension 'ignore_ament_install'
[0.978s] Level 1:colcon.colcon_core.package_identification:_identify(src/vehicle_networking) by extensions ['colcon_pkg']
[0.978s] Level 1:colcon.colcon_core.package_identification:_identify(src/vehicle_networking) by extension 'colcon_pkg'
[0.979s] Level 1:colcon.colcon_core.package_identification:_identify(src/vehicle_networking) by extensions ['colcon_meta']
[0.979s] Level 1:colcon.colcon_core.package_identification:_identify(src/vehicle_networking) by extension 'colcon_meta'
[0.979s] Level 1:colcon.colcon_core.package_identification:_identify(src/vehicle_networking) by extensions ['ros']
[0.979s] Level 1:colcon.colcon_core.package_identification:_identify(src/vehicle_networking) by extension 'ros'
[0.981s] DEBUG:colcon.colcon_core.package_identification:Package 'src/vehicle_networking' with type 'ros.ament_python' and name 'vehicle_networking'
[0.982s] Level 1:colcon.colcon_core.package_identification:_identify(src/vehicle_networking_interfaces) by extensions ['ignore', 'ignore_ament_install']
[0.982s] Level 1:colcon.colcon_core.package_identification:_identify(src/vehicle_networking_interfaces) by extension 'ignore'
[0.982s] Level 1:colcon.colcon_core.package_identification:_identify(src/vehicle_networking_interfaces) by extension 'ignore_ament_install'
[0.983s] Level 1:colcon.colcon_core.package_identification:_identify(src/vehicle_networking_interfaces) by extensions ['colcon_pkg']
[0.983s] Level 1:colcon.colcon_core.package_identification:_identify(src/vehicle_networking_interfaces) by extension 'colcon_pkg'
[0.983s] Level 1:colcon.colcon_core.package_identification:_identify(src/vehicle_networking_interfaces) by extensions ['colcon_meta']
[0.984s] Level 1:colcon.colcon_core.package_identification:_identify(src/vehicle_networking_interfaces) by extension 'colcon_meta'
[0.984s] Level 1:colcon.colcon_core.package_identification:_identify(src/vehicle_networking_interfaces) by extensions ['ros']
[0.984s] Level 1:colcon.colcon_core.package_identification:_identify(src/vehicle_networking_interfaces) by extension 'ros'
[0.986s] DEBUG:colcon.colcon_core.package_identification:Package 'src/vehicle_networking_interfaces' with type 'ros.ament_cmake' and name 'vehicle_networking_interfaces'
[0.986s] Level 1:colcon.colcon_core.package_identification:_identify(src/vehicle_sensor) by extensions ['ignore', 'ignore_ament_install']
[0.986s] Level 1:colcon.colcon_core.package_identification:_identify(src/vehicle_sensor) by extension 'ignore'
[0.987s] Level 1:colcon.colcon_core.package_identification:_identify(src/vehicle_sensor) by extension 'ignore_ament_install'
[0.987s] Level 1:colcon.colcon_core.package_identification:_identify(src/vehicle_sensor) by extensions ['colcon_pkg']
[0.987s] Level 1:colcon.colcon_core.package_identification:_identify(src/vehicle_sensor) by extension 'colcon_pkg'
[0.987s] Level 1:colcon.colcon_core.package_identification:_identify(src/vehicle_sensor) by extensions ['colcon_meta']
[0.987s] Level 1:colcon.colcon_core.package_identification:_identify(src/vehicle_sensor) by extension 'colcon_meta'
[0.987s] Level 1:colcon.colcon_core.package_identification:_identify(src/vehicle_sensor) by extensions ['ros']
[0.988s] Level 1:colcon.colcon_core.package_identification:_identify(src/vehicle_sensor) by extension 'ros'
[0.989s] DEBUG:colcon.colcon_core.package_identification:Package 'src/vehicle_sensor' with type 'ros.ament_python' and name 'vehicle_sensor'
[0.990s] Level 1:colcon.colcon_core.package_discovery:discover_packages(recursive) using defaults
[0.990s] Level 1:colcon.colcon_core.package_discovery:discover_packages(ignore) discover
[0.990s] Level 1:colcon.colcon_core.package_discovery:discover_packages(ignore) using defaults
[0.990s] Level 1:colcon.colcon_core.package_discovery:discover_packages(path) discover
[0.991s] Level 1:colcon.colcon_core.package_discovery:discover_packages(path) using defaults
[1.053s] INFO:colcon.colcon_core.package_selection:Skipping not selected package 'vehicle_control' in 'src/vehicle_control'
[1.053s] INFO:colcon.colcon_core.package_selection:Skipping not selected package 'vehicle_navigation' in 'src/vehicle_navigation'
[1.053s] INFO:colcon.colcon_core.package_selection:Skipping not selected package 'vehicle_sensor' in 'src/vehicle_sensor'
[1.053s] INFO:colcon.colcon_core.package_selection:Skipping not selected package 'vehicle_networking' in 'src/vehicle_networking'
[1.055s] Level 5:colcon.colcon_core.verb:set package 'vehicle_networking_interfaces' build argument 'cmake_args' from command line to 'None'
[1.055s] Level 5:colcon.colcon_core.verb:set package 'vehicle_networking_interfaces' build argument 'cmake_target' from command line to 'None'
[1.055s] Level 5:colcon.colcon_core.verb:set package 'vehicle_networking_interfaces' build argument 'cmake_target_skip_unavailable' from command line to 'False'
[1.055s] Level 5:colcon.colcon_core.verb:set package 'vehicle_networking_interfaces' build argument 'cmake_clean_cache' from command line to 'False'
[1.055s] Level 5:colcon.colcon_core.verb:set package 'vehicle_networking_interfaces' build argument 'cmake_clean_first' from command line to 'False'
[1.055s] Level 5:colcon.colcon_core.verb:set package 'vehicle_networking_interfaces' build argument 'cmake_force_configure' from command line to 'False'
[1.055s] Level 5:colcon.colcon_core.verb:set package 'vehicle_networking_interfaces' build argument 'ament_cmake_args' from command line to 'None'
[1.055s] Level 5:colcon.colcon_core.verb:set package 'vehicle_networking_interfaces' build argument 'catkin_cmake_args' from command line to 'None'
[1.055s] Level 5:colcon.colcon_core.verb:set package 'vehicle_networking_interfaces' build argument 'catkin_skip_building_tests' from command line to 'False'
[1.055s] DEBUG:colcon.colcon_core.verb:Building package 'vehicle_networking_interfaces' with the following arguments: {'ament_cmake_args': None, 'build_base': '/root/build/vehicle_networking_interfaces', 'catkin_cmake_args': None, 'catkin_skip_building_tests': False, 'cmake_args': None, 'cmake_clean_cache': False, 'cmake_clean_first': False, 'cmake_force_configure': False, 'cmake_target': None, 'cmake_target_skip_unavailable': False, 'install_base': '/root/install/vehicle_networking_interfaces', 'merge_install': False, 'path': '/root/src/vehicle_networking_interfaces', 'symlink_install': False, 'test_result_base': None}
[1.057s] INFO:colcon.colcon_core.executor:Executing jobs using 'parallel' executor
[1.064s] DEBUG:colcon.colcon_parallel_executor.executor.parallel:run_until_complete
[1.065s] INFO:colcon.colcon_ros.task.ament_cmake.build:Building ROS package in '/root/src/vehicle_networking_interfaces' with build type 'ament_cmake'
[1.065s] INFO:colcon.colcon_cmake.task.cmake.build:Building CMake package in '/root/src/vehicle_networking_interfaces'
[1.080s] INFO:colcon.colcon_core.plugin_system:Skipping extension 'colcon_core.shell.bat': Not used on non-Windows systems
[1.080s] INFO:colcon.colcon_core.shell:Skip shell extension 'powershell' for command environment: Not usable outside of PowerShell
[1.080s] DEBUG:colcon.colcon_core.shell:Skip shell extension 'dsv' for command environment
[1.086s] WARNING:colcon.colcon_ros.prefix_path.ament:The path '/root/install/vehicle_networking' in the environment variable AMENT_PREFIX_PATH doesn't exist
[1.118s] DEBUG:colcon.colcon_core.event_handler.log_command:Invoking command in '/root/build/vehicle_networking_interfaces': CMAKE_PREFIX_PATH=/root/install/vehicle_networking:/opt/ros/foxy /usr/bin/cmake /root/src/vehicle_networking_interfaces -DCMAKE_INSTALL_PREFIX=/root/install/vehicle_networking_interfaces
[3.712s] DEBUG:colcon.colcon_core.event_handler.log_command:Invoked command in '/root/build/vehicle_networking_interfaces' returned '0': CMAKE_PREFIX_PATH=/root/install/vehicle_networking:/opt/ros/foxy /usr/bin/cmake /root/src/vehicle_networking_interfaces -DCMAKE_INSTALL_PREFIX=/root/install/vehicle_networking_interfaces
[3.717s] DEBUG:colcon.colcon_core.event_handler.log_command:Invoking command in '/root/build/vehicle_networking_interfaces': CMAKE_PREFIX_PATH=/root/install/vehicle_networking:/opt/ros/foxy /usr/bin/cmake --build /root/build/vehicle_networking_interfaces -- -j4 -l4
[16.179s] DEBUG:colcon.colcon_core.event_handler.log_command:Invoked command in '/root/build/vehicle_networking_interfaces' returned '0': CMAKE_PREFIX_PATH=/root/install/vehicle_networking:/opt/ros/foxy /usr/bin/cmake --build /root/build/vehicle_networking_interfaces -- -j4 -l4
[16.293s] DEBUG:colcon.colcon_core.event_handler.log_command:Invoking command in '/root/build/vehicle_networking_interfaces': CMAKE_PREFIX_PATH=/root/install/vehicle_networking:/opt/ros/foxy /usr/bin/cmake --install /root/build/vehicle_networking_interfaces
[16.419s] Level 1:colcon.colcon_core.environment:create_environment_scripts_only(vehicle_networking_interfaces)
[16.420s] DEBUG:colcon.colcon_core.event_handler.log_command:Invoked command in '/root/build/vehicle_networking_interfaces' returned '0': CMAKE_PREFIX_PATH=/root/install/vehicle_networking:/opt/ros/foxy /usr/bin/cmake --install /root/build/vehicle_networking_interfaces
[16.434s] Level 1:colcon.colcon_core.environment:checking '/root/install/vehicle_networking_interfaces' for CMake module files
[16.435s] Level 1:colcon.colcon_core.environment:checking '/root/install/vehicle_networking_interfaces' for CMake config files
[16.435s] Level 1:colcon.colcon_core.shell:create_environment_hook('vehicle_networking_interfaces', 'cmake_prefix_path')
[16.439s] INFO:colcon.colcon_core.shell:Creating environment hook '/root/install/vehicle_networking_interfaces/share/vehicle_networking_interfaces/hook/cmake_prefix_path.ps1'
[16.440s] INFO:colcon.colcon_core.shell:Creating environment descriptor '/root/install/vehicle_networking_interfaces/share/vehicle_networking_interfaces/hook/cmake_prefix_path.dsv'
[16.441s] INFO:colcon.colcon_core.shell:Creating environment hook '/root/install/vehicle_networking_interfaces/share/vehicle_networking_interfaces/hook/cmake_prefix_path.sh'
[16.443s] Level 1:colcon.colcon_core.environment:checking '/root/install/vehicle_networking_interfaces/lib'
[16.444s] Level 1:colcon.colcon_core.shell:create_environment_hook('vehicle_networking_interfaces', 'ld_library_path_lib')
[16.446s] INFO:colcon.colcon_core.shell:Creating environment hook '/root/install/vehicle_networking_interfaces/share/vehicle_networking_interfaces/hook/ld_library_path_lib.ps1'
[16.447s] INFO:colcon.colcon_core.shell:Creating environment descriptor '/root/install/vehicle_networking_interfaces/share/vehicle_networking_interfaces/hook/ld_library_path_lib.dsv'
[16.448s] INFO:colcon.colcon_core.shell:Creating environment hook '/root/install/vehicle_networking_interfaces/share/vehicle_networking_interfaces/hook/ld_library_path_lib.sh'
[16.448s] Level 1:colcon.colcon_core.environment:checking '/root/install/vehicle_networking_interfaces/bin'
[16.448s] Level 1:colcon.colcon_core.environment:checking '/root/install/vehicle_networking_interfaces/lib/pkgconfig/vehicle_networking_interfaces.pc'
[16.450s] Level 1:colcon.colcon_core.environment:checking '/root/install/vehicle_networking_interfaces/lib/python3.8/site-packages'
[16.450s] Level 1:colcon.colcon_core.shell:create_environment_hook('vehicle_networking_interfaces', 'pythonpath')
[16.452s] INFO:colcon.colcon_core.shell:Creating environment hook '/root/install/vehicle_networking_interfaces/share/vehicle_networking_interfaces/hook/pythonpath.ps1'
[16.453s] INFO:colcon.colcon_core.shell:Creating environment descriptor '/root/install/vehicle_networking_interfaces/share/vehicle_networking_interfaces/hook/pythonpath.dsv'
[16.454s] INFO:colcon.colcon_core.shell:Creating environment hook '/root/install/vehicle_networking_interfaces/share/vehicle_networking_interfaces/hook/pythonpath.sh'
[16.455s] Level 1:colcon.colcon_core.environment:checking '/root/install/vehicle_networking_interfaces/bin'
[16.457s] INFO:colcon.colcon_core.shell:Creating package script '/root/install/vehicle_networking_interfaces/share/vehicle_networking_interfaces/package.ps1'
[16.458s] INFO:colcon.colcon_core.shell:Creating package descriptor '/root/install/vehicle_networking_interfaces/share/vehicle_networking_interfaces/package.dsv'
[16.459s] INFO:colcon.colcon_core.shell:Creating package script '/root/install/vehicle_networking_interfaces/share/vehicle_networking_interfaces/package.sh'
[16.460s] INFO:colcon.colcon_core.shell:Creating package script '/root/install/vehicle_networking_interfaces/share/vehicle_networking_interfaces/package.bash'
[16.462s] INFO:colcon.colcon_core.shell:Creating package script '/root/install/vehicle_networking_interfaces/share/vehicle_networking_interfaces/package.zsh'
[16.463s] Level 1:colcon.colcon_core.environment:create_file_with_runtime_dependencies(/root/install/vehicle_networking_interfaces/share/colcon-core/packages/vehicle_networking_interfaces)
[16.567s] Level 1:colcon.colcon_core.environment:create_environment_scripts_only(vehicle_networking_interfaces)
[16.570s] Level 1:colcon.colcon_core.environment:checking '/root/install/vehicle_networking_interfaces' for CMake module files
[16.571s] Level 1:colcon.colcon_core.environment:checking '/root/install/vehicle_networking_interfaces' for CMake config files
[16.572s] Level 1:colcon.colcon_core.shell:create_environment_hook('vehicle_networking_interfaces', 'cmake_prefix_path')
[16.573s] INFO:colcon.colcon_core.shell:Creating environment hook '/root/install/vehicle_networking_interfaces/share/vehicle_networking_interfaces/hook/cmake_prefix_path.ps1'
[16.574s] INFO:colcon.colcon_core.shell:Creating environment descriptor '/root/install/vehicle_networking_interfaces/share/vehicle_networking_interfaces/hook/cmake_prefix_path.dsv'
[16.575s] INFO:colcon.colcon_core.shell:Creating environment hook '/root/install/vehicle_networking_interfaces/share/vehicle_networking_interfaces/hook/cmake_prefix_path.sh'
[16.576s] Level 1:colcon.colcon_core.environment:checking '/root/install/vehicle_networking_interfaces/lib'
[16.576s] Level 1:colcon.colcon_core.shell:create_environment_hook('vehicle_networking_interfaces', 'ld_library_path_lib')
[16.578s] INFO:colcon.colcon_core.shell:Creating environment hook '/root/install/vehicle_networking_interfaces/share/vehicle_networking_interfaces/hook/ld_library_path_lib.ps1'
[16.578s] INFO:colcon.colcon_core.shell:Creating environment descriptor '/root/install/vehicle_networking_interfaces/share/vehicle_networking_interfaces/hook/ld_library_path_lib.dsv'
[16.579s] INFO:colcon.colcon_core.shell:Creating environment hook '/root/install/vehicle_networking_interfaces/share/vehicle_networking_interfaces/hook/ld_library_path_lib.sh'
[16.579s] Level 1:colcon.colcon_core.environment:checking '/root/install/vehicle_networking_interfaces/bin'
[16.579s] Level 1:colcon.colcon_core.environment:checking '/root/install/vehicle_networking_interfaces/lib/pkgconfig/vehicle_networking_interfaces.pc'
[16.580s] Level 1:colcon.colcon_core.environment:checking '/root/install/vehicle_networking_interfaces/lib/python3.8/site-packages'
[16.580s] Level 1:colcon.colcon_core.shell:create_environment_hook('vehicle_networking_interfaces', 'pythonpath')
[16.582s] INFO:colcon.colcon_core.shell:Creating environment hook '/root/install/vehicle_networking_interfaces/share/vehicle_networking_interfaces/hook/pythonpath.ps1'
[16.582s] INFO:colcon.colcon_core.shell:Creating environment descriptor '/root/install/vehicle_networking_interfaces/share/vehicle_networking_interfaces/hook/pythonpath.dsv'
[16.583s] INFO:colcon.colcon_core.shell:Creating environment hook '/root/install/vehicle_networking_interfaces/share/vehicle_networking_interfaces/hook/pythonpath.sh'
[16.583s] Level 1:colcon.colcon_core.environment:checking '/root/install/vehicle_networking_interfaces/bin'
[16.585s] INFO:colcon.colcon_core.shell:Creating package script '/root/install/vehicle_networking_interfaces/share/vehicle_networking_interfaces/package.ps1'
[16.586s] INFO:colcon.colcon_core.shell:Creating package descriptor '/root/install/vehicle_networking_interfaces/share/vehicle_networking_interfaces/package.dsv'
[16.587s] INFO:colcon.colcon_core.shell:Creating package script '/root/install/vehicle_networking_interfaces/share/vehicle_networking_interfaces/package.sh'
[16.588s] INFO:colcon.colcon_core.shell:Creating package script '/root/install/vehicle_networking_interfaces/share/vehicle_networking_interfaces/package.bash'
[16.588s] INFO:colcon.colcon_core.shell:Creating package script '/root/install/vehicle_networking_interfaces/share/vehicle_networking_interfaces/package.zsh'
[16.589s] Level 1:colcon.colcon_core.environment:create_file_with_runtime_dependencies(/root/install/vehicle_networking_interfaces/share/colcon-core/packages/vehicle_networking_interfaces)
[16.589s] DEBUG:colcon.colcon_parallel_executor.executor.parallel:closing loop
[16.590s] DEBUG:colcon.colcon_parallel_executor.executor.parallel:loop closed
[16.591s] DEBUG:colcon.colcon_parallel_executor.executor.parallel:run_until_complete finished with '0'
[16.591s] DEBUG:colcon.colcon_core.event_reactor:joining thread
[16.606s] INFO:colcon.colcon_core.plugin_system:Skipping extension 'colcon_notification.desktop_notification.notify_send': Could not find 'notify-send'
[16.607s] INFO:colcon.colcon_core.plugin_system:Skipping extension 'colcon_notification.desktop_notification.terminal_notifier': Not used on non-Darwin systems
[16.607s] INFO:colcon.colcon_core.plugin_system:Skipping extension 'colcon_notification.desktop_notification.win32': Not used on non-Windows systems
[16.607s] INFO:colcon.colcon_notification.desktop_notification:Sending desktop notification using 'notify2'
[16.612s] DEBUG:colcon.colcon_notification.desktop_notification.notify2:Failed to initialize notify2: org.freedesktop.DBus.Error.Spawn.ExecFailed: /usr/bin/dbus-launch terminated abnormally without any error message
[16.613s] DEBUG:colcon.colcon_core.event_reactor:joined thread
[16.616s] INFO:colcon.colcon_core.shell:Creating prefix script '/root/install/local_setup.ps1'
[16.618s] INFO:colcon.colcon_core.shell:Creating prefix util module '/root/install/_local_setup_util_ps1.py'
[16.622s] INFO:colcon.colcon_core.shell:Creating prefix chain script '/root/install/setup.ps1'
[16.624s] INFO:colcon.colcon_core.shell:Creating prefix script '/root/install/local_setup.sh'
[16.625s] INFO:colcon.colcon_core.shell:Creating prefix util module '/root/install/_local_setup_util_sh.py'
[16.626s] INFO:colcon.colcon_core.shell:Creating prefix chain script '/root/install/setup.sh'
[16.631s] INFO:colcon.colcon_core.shell:Creating prefix script '/root/install/local_setup.bash'
[16.632s] INFO:colcon.colcon_core.shell:Creating prefix chain script '/root/install/setup.bash'
[16.634s] INFO:colcon.colcon_core.shell:Creating prefix script '/root/install/local_setup.zsh'
[16.635s] INFO:colcon.colcon_core.shell:Creating prefix chain script '/root/install/setup.zsh'
