[1.094s] Invoking command in '/home/ethanreynolds/vscode/robot-rover-2025/code/system/ros2/src/vehicle_string_converter': PYTHONPATH=/home/ethanreynolds/vscode/robot-rover-2025/code/system/ros2/build/vehicle_string_converter/prefix_override:/usr/lib/python3/dist-packages/colcon_core/task/python/colcon_distutils_commands:/home/ethanreynolds/vscode/robot-rover-2025/code/system/ros2/install/vehicle_string_converter/lib/python3.8/site-packages:${PYTHONPATH} /usr/bin/python3 -W ignore:setup.py install is deprecated -W ignore:easy_install command is deprecated setup.py egg_info --egg-base ../../build/vehicle_string_converter build --build-base /home/ethanreynolds/vscode/robot-rover-2025/code/system/ros2/build/vehicle_string_converter/build install --record /home/ethanreynolds/vscode/robot-rover-2025/code/system/ros2/build/vehicle_string_converter/install.log --install-scripts $base/lib/vehicle_string_converter --single-version-externally-managed install_data
[1.449s] running egg_info
[1.450s] writing ../../build/vehicle_string_converter/vehicle_string_converter.egg-info/PKG-INFO
[1.451s] writing dependency_links to ../../build/vehicle_string_converter/vehicle_string_converter.egg-info/dependency_links.txt
[1.451s] writing entry points to ../../build/vehicle_string_converter/vehicle_string_converter.egg-info/entry_points.txt
[1.452s] writing requirements to ../../build/vehicle_string_converter/vehicle_string_converter.egg-info/requires.txt
[1.452s] writing top-level names to ../../build/vehicle_string_converter/vehicle_string_converter.egg-info/top_level.txt
[1.506s] reading manifest file '../../build/vehicle_string_converter/vehicle_string_converter.egg-info/SOURCES.txt'
[1.508s] writing manifest file '../../build/vehicle_string_converter/vehicle_string_converter.egg-info/SOURCES.txt'
[1.508s] running build
[1.508s] running build_py
[1.509s] copying vehicle_string_converter/control_string_parser.py -> /home/ethanreynolds/vscode/robot-rover-2025/code/system/ros2/build/vehicle_string_converter/build/lib/vehicle_string_converter
[1.523s] copying vehicle_string_converter/control_string_builder.py -> /home/ethanreynolds/vscode/robot-rover-2025/code/system/ros2/build/vehicle_string_converter/build/lib/vehicle_string_converter
[1.524s] copying vehicle_string_converter/sensor_string_parser.py -> /home/ethanreynolds/vscode/robot-rover-2025/code/system/ros2/build/vehicle_string_converter/build/lib/vehicle_string_converter
[1.524s] copying vehicle_string_converter/sensor_string_builder.py -> /home/ethanreynolds/vscode/robot-rover-2025/code/system/ros2/build/vehicle_string_converter/build/lib/vehicle_string_converter
[1.525s] running install
[1.526s] running install_lib
[1.528s] copying /home/ethanreynolds/vscode/robot-rover-2025/code/system/ros2/build/vehicle_string_converter/build/lib/vehicle_string_converter/control_string_parser.py -> /home/ethanreynolds/vscode/robot-rover-2025/code/system/ros2/install/vehicle_string_converter/lib/python3.8/site-packages/vehicle_string_converter
[1.529s] copying /home/ethanreynolds/vscode/robot-rover-2025/code/system/ros2/build/vehicle_string_converter/build/lib/vehicle_string_converter/control_string_builder.py -> /home/ethanreynolds/vscode/robot-rover-2025/code/system/ros2/install/vehicle_string_converter/lib/python3.8/site-packages/vehicle_string_converter
[1.529s] copying /home/ethanreynolds/vscode/robot-rover-2025/code/system/ros2/build/vehicle_string_converter/build/lib/vehicle_string_converter/sensor_string_parser.py -> /home/ethanreynolds/vscode/robot-rover-2025/code/system/ros2/install/vehicle_string_converter/lib/python3.8/site-packages/vehicle_string_converter
[1.530s] copying /home/ethanreynolds/vscode/robot-rover-2025/code/system/ros2/build/vehicle_string_converter/build/lib/vehicle_string_converter/sensor_string_builder.py -> /home/ethanreynolds/vscode/robot-rover-2025/code/system/ros2/install/vehicle_string_converter/lib/python3.8/site-packages/vehicle_string_converter
[1.532s] byte-compiling /home/ethanreynolds/vscode/robot-rover-2025/code/system/ros2/install/vehicle_string_converter/lib/python3.8/site-packages/vehicle_string_converter/control_string_parser.py to control_string_parser.cpython-38.pyc
[1.535s] byte-compiling /home/ethanreynolds/vscode/robot-rover-2025/code/system/ros2/install/vehicle_string_converter/lib/python3.8/site-packages/vehicle_string_converter/control_string_builder.py to control_string_builder.cpython-38.pyc
[1.536s] byte-compiling /home/ethanreynolds/vscode/robot-rover-2025/code/system/ros2/install/vehicle_string_converter/lib/python3.8/site-packages/vehicle_string_converter/sensor_string_parser.py to sensor_string_parser.cpython-38.pyc
[1.537s] byte-compiling /home/ethanreynolds/vscode/robot-rover-2025/code/system/ros2/install/vehicle_string_converter/lib/python3.8/site-packages/vehicle_string_converter/sensor_string_builder.py to sensor_string_builder.cpython-38.pyc
[1.537s] running install_data
[1.538s] running install_egg_info
[1.541s] removing '/home/ethanreynolds/vscode/robot-rover-2025/code/system/ros2/install/vehicle_string_converter/lib/python3.8/site-packages/vehicle_string_converter-0.0.0-py3.8.egg-info' (and everything under it)
[1.542s] Copying ../../build/vehicle_string_converter/vehicle_string_converter.egg-info to /home/ethanreynolds/vscode/robot-rover-2025/code/system/ros2/install/vehicle_string_converter/lib/python3.8/site-packages/vehicle_string_converter-0.0.0-py3.8.egg-info
[1.544s] running install_scripts
[1.575s] Installing control_string_builder script to /home/ethanreynolds/vscode/robot-rover-2025/code/system/ros2/install/vehicle_string_converter/lib/vehicle_string_converter
[1.575s] Installing control_string_parser script to /home/ethanreynolds/vscode/robot-rover-2025/code/system/ros2/install/vehicle_string_converter/lib/vehicle_string_converter
[1.576s] writing list of installed files to '/home/ethanreynolds/vscode/robot-rover-2025/code/system/ros2/build/vehicle_string_converter/install.log'
[1.607s] Invoked command in '/home/ethanreynolds/vscode/robot-rover-2025/code/system/ros2/src/vehicle_string_converter' returned '0': PYTHONPATH=/home/ethanreynolds/vscode/robot-rover-2025/code/system/ros2/build/vehicle_string_converter/prefix_override:/usr/lib/python3/dist-packages/colcon_core/task/python/colcon_distutils_commands:/home/ethanreynolds/vscode/robot-rover-2025/code/system/ros2/install/vehicle_string_converter/lib/python3.8/site-packages:${PYTHONPATH} /usr/bin/python3 -W ignore:setup.py install is deprecated -W ignore:easy_install command is deprecated setup.py egg_info --egg-base ../../build/vehicle_string_converter build --build-base /home/ethanreynolds/vscode/robot-rover-2025/code/system/ros2/build/vehicle_string_converter/build install --record /home/ethanreynolds/vscode/robot-rover-2025/code/system/ros2/build/vehicle_string_converter/install.log --install-scripts $base/lib/vehicle_string_converter --single-version-externally-managed install_data
