[1.715s] Invoking command in '/home/ethanreynolds/vscode/robot-rover-2025/code/system/ros2/src/vehicle_string_converter': PYTHONPATH=/home/ethanreynolds/vscode/robot-rover-2025/code/system/ros2/build/vehicle_string_converter/prefix_override:/usr/lib/python3/dist-packages/colcon_core/task/python/colcon_distutils_commands:/home/ethanreynolds/vscode/robot-rover-2025/code/system/ros2/install/vehicle_string_converter/lib/python3.8/site-packages:${PYTHONPATH} /usr/bin/python3 -W ignore:setup.py install is deprecated -W ignore:easy_install command is deprecated setup.py egg_info --egg-base ../../build/vehicle_string_converter build --build-base /home/ethanreynolds/vscode/robot-rover-2025/code/system/ros2/build/vehicle_string_converter/build install --record /home/ethanreynolds/vscode/robot-rover-2025/code/system/ros2/build/vehicle_string_converter/install.log --install-scripts $base/lib/vehicle_string_converter --single-version-externally-managed install_data
[2.170s] running egg_info
[2.174s] writing ../../build/vehicle_string_converter/vehicle_string_converter.egg-info/PKG-INFO
[2.174s] writing dependency_links to ../../build/vehicle_string_converter/vehicle_string_converter.egg-info/dependency_links.txt
[2.174s] writing entry points to ../../build/vehicle_string_converter/vehicle_string_converter.egg-info/entry_points.txt
[2.174s] writing requirements to ../../build/vehicle_string_converter/vehicle_string_converter.egg-info/requires.txt
[2.175s] writing top-level names to ../../build/vehicle_string_converter/vehicle_string_converter.egg-info/top_level.txt
[2.258s] reading manifest file '../../build/vehicle_string_converter/vehicle_string_converter.egg-info/SOURCES.txt'
[2.263s] writing manifest file '../../build/vehicle_string_converter/vehicle_string_converter.egg-info/SOURCES.txt'
[2.266s] running build
[2.268s] running build_py
[2.270s] running install
[2.272s] running install_lib
[2.277s] running install_data
[2.277s] running install_egg_info
[2.278s] removing '/home/ethanreynolds/vscode/robot-rover-2025/code/system/ros2/install/vehicle_string_converter/lib/python3.8/site-packages/vehicle_string_converter-0.0.0-py3.8.egg-info' (and everything under it)
[2.282s] Copying ../../build/vehicle_string_converter/vehicle_string_converter.egg-info to /home/ethanreynolds/vscode/robot-rover-2025/code/system/ros2/install/vehicle_string_converter/lib/python3.8/site-packages/vehicle_string_converter-0.0.0-py3.8.egg-info
[2.288s] running install_scripts
[2.317s] Installing control_string_builder script to /home/ethanreynolds/vscode/robot-rover-2025/code/system/ros2/install/vehicle_string_converter/lib/vehicle_string_converter
[2.317s] Installing control_string_parser script to /home/ethanreynolds/vscode/robot-rover-2025/code/system/ros2/install/vehicle_string_converter/lib/vehicle_string_converter
[2.317s] Installing sensor_string_parser script to /home/ethanreynolds/vscode/robot-rover-2025/code/system/ros2/install/vehicle_string_converter/lib/vehicle_string_converter
[2.318s] writing list of installed files to '/home/ethanreynolds/vscode/robot-rover-2025/code/system/ros2/build/vehicle_string_converter/install.log'
[2.350s] Invoked command in '/home/ethanreynolds/vscode/robot-rover-2025/code/system/ros2/src/vehicle_string_converter' returned '0': PYTHONPATH=/home/ethanreynolds/vscode/robot-rover-2025/code/system/ros2/build/vehicle_string_converter/prefix_override:/usr/lib/python3/dist-packages/colcon_core/task/python/colcon_distutils_commands:/home/ethanreynolds/vscode/robot-rover-2025/code/system/ros2/install/vehicle_string_converter/lib/python3.8/site-packages:${PYTHONPATH} /usr/bin/python3 -W ignore:setup.py install is deprecated -W ignore:easy_install command is deprecated setup.py egg_info --egg-base ../../build/vehicle_string_converter build --build-base /home/ethanreynolds/vscode/robot-rover-2025/code/system/ros2/build/vehicle_string_converter/build install --record /home/ethanreynolds/vscode/robot-rover-2025/code/system/ros2/build/vehicle_string_converter/install.log --install-scripts $base/lib/vehicle_string_converter --single-version-externally-managed install_data
