[0.033s] Invoking command in '/root/build/vehicle_interfaces': CMAKE_PREFIX_PATH=${CMAKE_PREFIX_PATH}:/root/install/vehicle_string_converter:/root/install/vehicle_simulation:/opt/ros/foxy /usr/bin/cmake --build /root/build/vehicle_interfaces -- -j4 -l4
[0.153s] -- Found ament_cmake: 0.9.12 (/opt/ros/foxy/share/ament_cmake/cmake)
[0.186s] -- Found PythonInterp: /usr/bin/python3 (found suitable version "3.8.10", minimum required is "3") 
[0.186s] -- Using PYTHON_EXECUTABLE: /usr/bin/python3
[0.433s] -- Found rosidl_default_generators: 1.0.1 (/opt/ros/foxy/share/rosidl_default_generators/cmake)
[0.438s] -- Using all available rosidl_typesupport_c: rosidl_typesupport_fastrtps_c;rosidl_typesupport_introspection_c
[0.444s] -- Found rosidl_adapter: 1.3.1 (/opt/ros/foxy/share/rosidl_adapter/cmake)
[0.696s] -- Using all available rosidl_typesupport_cpp: rosidl_typesupport_fastrtps_cpp;rosidl_typesupport_introspection_cpp
[0.742s] -- Found std_msgs: 2.0.5 (/opt/ros/foxy/share/std_msgs/cmake)
[0.798s] -- Found sensor_msgs: 2.0.5 (/opt/ros/foxy/share/sensor_msgs/cmake)
[1.006s] -- Found PythonInterp: /usr/bin/python3 (found version "3.8.10") 
[1.413s] -- Found ament_cmake_ros: 0.9.2 (/opt/ros/foxy/share/ament_cmake_ros/cmake)
[1.887s] -- Using all available rosidl_typesupport_c: rosidl_typesupport_fastrtps_c;rosidl_typesupport_introspection_c
[2.159s] -- Using all available rosidl_typesupport_cpp: rosidl_typesupport_fastrtps_cpp;rosidl_typesupport_introspection_cpp
[2.199s] -- Found PythonInterp: /usr/bin/python3 (found suitable version "3.8.10", minimum required is "3.5") 
[2.200s] -- Found python_cmake_module: 0.8.1 (/opt/ros/foxy/share/python_cmake_module/cmake)
[2.245s] -- Using PYTHON_EXECUTABLE: /usr/bin/python3
[2.246s] -- Using PYTHON_INCLUDE_DIRS: /usr/include/python3.8
[2.248s] -- Using PYTHON_LIBRARIES: /usr/lib/x86_64-linux-gnu/libpython3.8.so
[2.395s] -- Found ament_lint_auto: 0.9.8 (/opt/ros/foxy/share/ament_lint_auto/cmake)
[2.440s] -- Added test 'copyright' to check source files copyright and LICENSE
[2.449s] -- Added test 'lint_cmake' to check CMake code style
[2.449s] -- Added test 'xmllint' to check XML markup files
[2.467s] -- Configuring done
[2.871s] -- Generating done
[2.872s] -- Build files have been written to: /root/build/vehicle_interfaces
[2.916s] [  0%] [34m[1mGenerating C++ code for ROS interfaces[0m
[2.918s] [  1%] [34m[1mGenerating C code for ROS interfaces[0m
[7.565s] [  1%] Built target vehicle_interfaces__cpp
[7.599s] [  2%] [34m[1mGenerating C++ type support dispatch for ROS interfaces[0m
[7.600s] [35m[1mScanning dependencies of target vehicle_interfaces__rosidl_generator_c[0m
[7.606s] [  2%] [34m[1mGenerating C++ introspection for ROS interfaces[0m
[7.624s] [  3%] [34m[1mGenerating C++ type support for eProsima Fast-RTPS[0m
[7.720s] [  4%] [32mBuilding C object CMakeFiles/vehicle_interfaces__rosidl_generator_c.dir/rosidl_generator_c/vehicle_interfaces/srv/detail/get_serial_port__functions.c.o[0m
[8.122s] [  4%] [32mBuilding C object CMakeFiles/vehicle_interfaces__rosidl_generator_c.dir/rosidl_generator_c/vehicle_interfaces/srv/detail/reset_serial_port__functions.c.o[0m
[8.458s] [  5%] [32mBuilding C object CMakeFiles/vehicle_interfaces__rosidl_generator_c.dir/rosidl_generator_c/vehicle_interfaces/srv/detail/get_device_status__functions.c.o[0m
[8.741s] [  6%] [32mBuilding C object CMakeFiles/vehicle_interfaces__rosidl_generator_c.dir/rosidl_generator_c/vehicle_interfaces/msg/detail/sensor_data__functions.c.o[0m
[9.005s] [  7%] [32mBuilding C object CMakeFiles/vehicle_interfaces__rosidl_generator_c.dir/rosidl_generator_c/vehicle_interfaces/msg/detail/control_data__functions.c.o[0m
[9.333s] [  8%] [32mBuilding C object CMakeFiles/vehicle_interfaces__rosidl_generator_c.dir/rosidl_generator_c/vehicle_interfaces/msg/detail/encoder_data__functions.c.o[0m
[9.630s] [  8%] [32mBuilding C object CMakeFiles/vehicle_interfaces__rosidl_generator_c.dir/rosidl_generator_c/vehicle_interfaces/msg/detail/gps_data__functions.c.o[0m
[10.004s] [  9%] [32mBuilding C object CMakeFiles/vehicle_interfaces__rosidl_generator_c.dir/rosidl_generator_c/vehicle_interfaces/msg/detail/ir_data__functions.c.o[0m
[10.346s] [ 10%] [32mBuilding C object CMakeFiles/vehicle_interfaces__rosidl_generator_c.dir/rosidl_generator_c/vehicle_interfaces/msg/detail/mpu_data__functions.c.o[0m
[10.456s] [ 11%] [32mBuilding C object CMakeFiles/vehicle_interfaces__rosidl_generator_c.dir/rosidl_generator_c/vehicle_interfaces/msg/detail/qmc_data__functions.c.o[0m
[10.826s] [ 12%] [32mBuilding C object CMakeFiles/vehicle_interfaces__rosidl_generator_c.dir/rosidl_generator_c/vehicle_interfaces/msg/detail/temperature_data__functions.c.o[0m
[10.947s] [ 12%] [32mBuilding C object CMakeFiles/vehicle_interfaces__rosidl_generator_c.dir/rosidl_generator_c/vehicle_interfaces/msg/detail/to_f_data__functions.c.o[0m
[11.096s] [ 13%] [32mBuilding C object CMakeFiles/vehicle_interfaces__rosidl_generator_c.dir/rosidl_generator_c/vehicle_interfaces/msg/detail/ultrasonic_data__functions.c.o[0m
[11.234s] [ 14%] [32m[1mLinking C shared library libvehicle_interfaces__rosidl_generator_c.so[0m
[11.289s] [35m[1mScanning dependencies of target vehicle_interfaces__rosidl_typesupport_cpp[0m
[11.372s] [ 15%] [32mBuilding CXX object CMakeFiles/vehicle_interfaces__rosidl_typesupport_cpp.dir/rosidl_typesupport_cpp/vehicle_interfaces/srv/get_serial_port__type_support.cpp.o[0m
[11.417s] [ 15%] Built target vehicle_interfaces__rosidl_generator_c
[11.456s] [ 16%] [34m[1mGenerating C introspection for ROS interfaces[0m
[12.308s] [35m[1mScanning dependencies of target vehicle_interfaces__rosidl_typesupport_introspection_cpp[0m
[12.308s] [ 17%] [32mBuilding CXX object CMakeFiles/vehicle_interfaces__rosidl_typesupport_cpp.dir/rosidl_typesupport_cpp/vehicle_interfaces/srv/reset_serial_port__type_support.cpp.o[0m
[12.514s] [35m[1mScanning dependencies of target vehicle_interfaces__rosidl_typesupport_fastrtps_cpp[0m
[12.594s] [ 18%] [32mBuilding CXX object CMakeFiles/vehicle_interfaces__rosidl_typesupport_introspection_cpp.dir/rosidl_typesupport_introspection_cpp/vehicle_interfaces/srv/detail/get_serial_port__type_support.cpp.o[0m
[12.710s] [ 19%] [32mBuilding CXX object CMakeFiles/vehicle_interfaces__rosidl_typesupport_fastrtps_cpp.dir/rosidl_typesupport_fastrtps_cpp/vehicle_interfaces/srv/detail/dds_fastrtps/get_serial_port__type_support.cpp.o[0m
[13.607s] [ 19%] [32mBuilding CXX object CMakeFiles/vehicle_interfaces__rosidl_typesupport_cpp.dir/rosidl_typesupport_cpp/vehicle_interfaces/srv/get_device_status__type_support.cpp.o[0m
[14.060s] [ 20%] [32mBuilding CXX object CMakeFiles/vehicle_interfaces__rosidl_typesupport_fastrtps_cpp.dir/rosidl_typesupport_fastrtps_cpp/vehicle_interfaces/srv/detail/dds_fastrtps/reset_serial_port__type_support.cpp.o[0m
[14.271s] [ 21%] [32mBuilding CXX object CMakeFiles/vehicle_interfaces__rosidl_typesupport_introspection_cpp.dir/rosidl_typesupport_introspection_cpp/vehicle_interfaces/srv/detail/reset_serial_port__type_support.cpp.o[0m
[15.201s] [ 22%] [32mBuilding CXX object CMakeFiles/vehicle_interfaces__rosidl_typesupport_cpp.dir/rosidl_typesupport_cpp/vehicle_interfaces/msg/sensor_data__type_support.cpp.o[0m
[15.254s] [ 23%] [32mBuilding CXX object CMakeFiles/vehicle_interfaces__rosidl_typesupport_fastrtps_cpp.dir/rosidl_typesupport_fastrtps_cpp/vehicle_interfaces/srv/detail/dds_fastrtps/get_device_status__type_support.cpp.o[0m
[15.370s] [ 24%] [32mBuilding CXX object CMakeFiles/vehicle_interfaces__rosidl_typesupport_introspection_cpp.dir/rosidl_typesupport_introspection_cpp/vehicle_interfaces/srv/detail/get_device_status__type_support.cpp.o[0m
[16.209s] [ 25%] [32mBuilding CXX object CMakeFiles/vehicle_interfaces__rosidl_typesupport_introspection_cpp.dir/rosidl_typesupport_introspection_cpp/vehicle_interfaces/msg/detail/sensor_data__type_support.cpp.o[0m
[16.482s] [ 26%] [32mBuilding CXX object CMakeFiles/vehicle_interfaces__rosidl_typesupport_cpp.dir/rosidl_typesupport_cpp/vehicle_interfaces/msg/control_data__type_support.cpp.o[0m
[16.881s] [35m[1mScanning dependencies of target vehicle_interfaces__rosidl_typesupport_introspection_c[0m
[17.132s] [ 27%] [32mBuilding C object CMakeFiles/vehicle_interfaces__rosidl_typesupport_introspection_c.dir/rosidl_typesupport_introspection_c/vehicle_interfaces/srv/detail/get_serial_port__type_support.c.o[0m
[17.167s] [ 27%] [32mBuilding CXX object CMakeFiles/vehicle_interfaces__rosidl_typesupport_fastrtps_cpp.dir/rosidl_typesupport_fastrtps_cpp/vehicle_interfaces/msg/detail/dds_fastrtps/sensor_data__type_support.cpp.o[0m
[17.654s] [ 28%] [32mBuilding C object CMakeFiles/vehicle_interfaces__rosidl_typesupport_introspection_c.dir/rosidl_typesupport_introspection_c/vehicle_interfaces/srv/detail/reset_serial_port__type_support.c.o[0m
[17.749s] [ 28%] [32mBuilding C object CMakeFiles/vehicle_interfaces__rosidl_typesupport_introspection_c.dir/rosidl_typesupport_introspection_c/vehicle_interfaces/srv/detail/get_device_status__type_support.c.o[0m
[17.796s] [ 29%] [32mBuilding CXX object CMakeFiles/vehicle_interfaces__rosidl_typesupport_cpp.dir/rosidl_typesupport_cpp/vehicle_interfaces/msg/encoder_data__type_support.cpp.o[0m
[17.890s] [ 30%] [32mBuilding C object CMakeFiles/vehicle_interfaces__rosidl_typesupport_introspection_c.dir/rosidl_typesupport_introspection_c/vehicle_interfaces/msg/detail/sensor_data__type_support.c.o[0m
[18.136s] [ 31%] [32mBuilding C object CMakeFiles/vehicle_interfaces__rosidl_typesupport_introspection_c.dir/rosidl_typesupport_introspection_c/vehicle_interfaces/msg/detail/control_data__type_support.c.o[0m
[18.318s] [ 32%] [32mBuilding C object CMakeFiles/vehicle_interfaces__rosidl_typesupport_introspection_c.dir/rosidl_typesupport_introspection_c/vehicle_interfaces/msg/detail/encoder_data__type_support.c.o[0m
[18.447s] [ 33%] [32mBuilding C object CMakeFiles/vehicle_interfaces__rosidl_typesupport_introspection_c.dir/rosidl_typesupport_introspection_c/vehicle_interfaces/msg/detail/gps_data__type_support.c.o[0m
[18.560s] [ 33%] [32mBuilding C object CMakeFiles/vehicle_interfaces__rosidl_typesupport_introspection_c.dir/rosidl_typesupport_introspection_c/vehicle_interfaces/msg/detail/ir_data__type_support.c.o[0m
[18.578s] [ 33%] [32mBuilding CXX object CMakeFiles/vehicle_interfaces__rosidl_typesupport_introspection_cpp.dir/rosidl_typesupport_introspection_cpp/vehicle_interfaces/msg/detail/control_data__type_support.cpp.o[0m
[18.585s] [ 34%] [32mBuilding CXX object CMakeFiles/vehicle_interfaces__rosidl_typesupport_cpp.dir/rosidl_typesupport_cpp/vehicle_interfaces/msg/gps_data__type_support.cpp.o[0m
[18.688s] [ 35%] [32mBuilding C object CMakeFiles/vehicle_interfaces__rosidl_typesupport_introspection_c.dir/rosidl_typesupport_introspection_c/vehicle_interfaces/msg/detail/mpu_data__type_support.c.o[0m
[18.931s] [ 36%] [32mBuilding C object CMakeFiles/vehicle_interfaces__rosidl_typesupport_introspection_c.dir/rosidl_typesupport_introspection_c/vehicle_interfaces/msg/detail/qmc_data__type_support.c.o[0m
[19.115s] [ 37%] [32mBuilding C object CMakeFiles/vehicle_interfaces__rosidl_typesupport_introspection_c.dir/rosidl_typesupport_introspection_c/vehicle_interfaces/msg/detail/temperature_data__type_support.c.o[0m
[19.214s] [ 38%] [32mBuilding C object CMakeFiles/vehicle_interfaces__rosidl_typesupport_introspection_c.dir/rosidl_typesupport_introspection_c/vehicle_interfaces/msg/detail/to_f_data__type_support.c.o[0m
[19.378s] [ 38%] [32mBuilding C object CMakeFiles/vehicle_interfaces__rosidl_typesupport_introspection_c.dir/rosidl_typesupport_introspection_c/vehicle_interfaces/msg/detail/ultrasonic_data__type_support.c.o[0m
[19.484s] [ 38%] [32mBuilding CXX object CMakeFiles/vehicle_interfaces__rosidl_typesupport_cpp.dir/rosidl_typesupport_cpp/vehicle_interfaces/msg/ir_data__type_support.cpp.o[0m
[19.500s] [ 39%] [32mBuilding CXX object CMakeFiles/vehicle_interfaces__rosidl_typesupport_fastrtps_cpp.dir/rosidl_typesupport_fastrtps_cpp/vehicle_interfaces/msg/detail/dds_fastrtps/control_data__type_support.cpp.o[0m
[19.501s] [ 40%] [32m[1mLinking C shared library libvehicle_interfaces__rosidl_typesupport_introspection_c.so[0m
[19.530s] [ 41%] [32mBuilding CXX object CMakeFiles/vehicle_interfaces__rosidl_typesupport_introspection_cpp.dir/rosidl_typesupport_introspection_cpp/vehicle_interfaces/msg/detail/encoder_data__type_support.cpp.o[0m
[19.590s] [ 41%] Built target vehicle_interfaces__rosidl_typesupport_introspection_c
[19.611s] [ 42%] [32mBuilding CXX object CMakeFiles/vehicle_interfaces__rosidl_typesupport_introspection_cpp.dir/rosidl_typesupport_introspection_cpp/vehicle_interfaces/msg/detail/gps_data__type_support.cpp.o[0m
[20.205s] [ 43%] [32mBuilding CXX object CMakeFiles/vehicle_interfaces__rosidl_typesupport_cpp.dir/rosidl_typesupport_cpp/vehicle_interfaces/msg/mpu_data__type_support.cpp.o[0m
[20.284s] [ 44%] [32mBuilding CXX object CMakeFiles/vehicle_interfaces__rosidl_typesupport_fastrtps_cpp.dir/rosidl_typesupport_fastrtps_cpp/vehicle_interfaces/msg/detail/dds_fastrtps/encoder_data__type_support.cpp.o[0m
[20.322s] [ 45%] [32mBuilding CXX object CMakeFiles/vehicle_interfaces__rosidl_typesupport_introspection_cpp.dir/rosidl_typesupport_introspection_cpp/vehicle_interfaces/msg/detail/ir_data__type_support.cpp.o[0m
[20.522s] [ 46%] [32mBuilding CXX object CMakeFiles/vehicle_interfaces__rosidl_typesupport_cpp.dir/rosidl_typesupport_cpp/vehicle_interfaces/msg/qmc_data__type_support.cpp.o[0m
[21.132s] [ 47%] [34m[1mGenerating C type support dispatch for ROS interfaces[0m
[21.140s] [ 48%] [32mBuilding CXX object CMakeFiles/vehicle_interfaces__rosidl_typesupport_introspection_cpp.dir/rosidl_typesupport_introspection_cpp/vehicle_interfaces/msg/detail/mpu_data__type_support.cpp.o[0m
[21.405s] [ 49%] [32mBuilding CXX object CMakeFiles/vehicle_interfaces__rosidl_typesupport_cpp.dir/rosidl_typesupport_cpp/vehicle_interfaces/msg/temperature_data__type_support.cpp.o[0m
[21.564s] [ 50%] [32mBuilding CXX object CMakeFiles/vehicle_interfaces__rosidl_typesupport_fastrtps_cpp.dir/rosidl_typesupport_fastrtps_cpp/vehicle_interfaces/msg/detail/dds_fastrtps/gps_data__type_support.cpp.o[0m
[22.159s] [ 50%] [32mBuilding CXX object CMakeFiles/vehicle_interfaces__rosidl_typesupport_introspection_cpp.dir/rosidl_typesupport_introspection_cpp/vehicle_interfaces/msg/detail/qmc_data__type_support.cpp.o[0m
[22.409s] [ 51%] [32mBuilding CXX object CMakeFiles/vehicle_interfaces__rosidl_typesupport_cpp.dir/rosidl_typesupport_cpp/vehicle_interfaces/msg/to_f_data__type_support.cpp.o[0m
[22.822s] [ 52%] [32mBuilding CXX object CMakeFiles/vehicle_interfaces__rosidl_typesupport_fastrtps_cpp.dir/rosidl_typesupport_fastrtps_cpp/vehicle_interfaces/msg/detail/dds_fastrtps/ir_data__type_support.cpp.o[0m
[22.981s] [ 53%] [32mBuilding CXX object CMakeFiles/vehicle_interfaces__rosidl_typesupport_introspection_cpp.dir/rosidl_typesupport_introspection_cpp/vehicle_interfaces/msg/detail/temperature_data__type_support.cpp.o[0m
[23.356s] [ 53%] [32mBuilding CXX object CMakeFiles/vehicle_interfaces__rosidl_typesupport_cpp.dir/rosidl_typesupport_cpp/vehicle_interfaces/msg/ultrasonic_data__type_support.cpp.o[0m
[23.858s] [ 54%] [32mBuilding CXX object CMakeFiles/vehicle_interfaces__rosidl_typesupport_introspection_cpp.dir/rosidl_typesupport_introspection_cpp/vehicle_interfaces/msg/detail/to_f_data__type_support.cpp.o[0m
[24.067s] [ 54%] [32mBuilding CXX object CMakeFiles/vehicle_interfaces__rosidl_typesupport_fastrtps_cpp.dir/rosidl_typesupport_fastrtps_cpp/vehicle_interfaces/msg/detail/dds_fastrtps/mpu_data__type_support.cpp.o[0m
[24.251s] [ 55%] [32m[1mLinking CXX shared library libvehicle_interfaces__rosidl_typesupport_cpp.so[0m
[24.523s] [ 55%] Built target vehicle_interfaces__rosidl_typesupport_cpp
[24.659s] [ 56%] [32mBuilding CXX object CMakeFiles/vehicle_interfaces__rosidl_typesupport_introspection_cpp.dir/rosidl_typesupport_introspection_cpp/vehicle_interfaces/msg/detail/ultrasonic_data__type_support.cpp.o[0m
[24.993s] [35m[1mScanning dependencies of target vehicle_interfaces__rosidl_typesupport_c[0m
[25.292s] [ 56%] [32mBuilding CXX object CMakeFiles/vehicle_interfaces__rosidl_typesupport_c.dir/rosidl_typesupport_c/vehicle_interfaces/srv/get_serial_port__type_support.cpp.o[0m
[25.360s] [ 57%] [32mBuilding CXX object CMakeFiles/vehicle_interfaces__rosidl_typesupport_fastrtps_cpp.dir/rosidl_typesupport_fastrtps_cpp/vehicle_interfaces/msg/detail/dds_fastrtps/qmc_data__type_support.cpp.o[0m
[25.417s] [ 58%] [32mBuilding CXX object CMakeFiles/vehicle_interfaces__rosidl_typesupport_c.dir/rosidl_typesupport_c/vehicle_interfaces/srv/reset_serial_port__type_support.cpp.o[0m
[25.617s] [ 59%] [32mBuilding CXX object CMakeFiles/vehicle_interfaces__rosidl_typesupport_c.dir/rosidl_typesupport_c/vehicle_interfaces/srv/get_device_status__type_support.cpp.o[0m
[25.903s] [ 60%] [32mBuilding CXX object CMakeFiles/vehicle_interfaces__rosidl_typesupport_c.dir/rosidl_typesupport_c/vehicle_interfaces/msg/sensor_data__type_support.cpp.o[0m
[26.024s] [ 61%] [32m[1mLinking CXX shared library libvehicle_interfaces__rosidl_typesupport_introspection_cpp.so[0m
[26.071s] [ 62%] [32mBuilding CXX object CMakeFiles/vehicle_interfaces__rosidl_typesupport_c.dir/rosidl_typesupport_c/vehicle_interfaces/msg/control_data__type_support.cpp.o[0m
[26.184s] [ 62%] [32mBuilding CXX object CMakeFiles/vehicle_interfaces__rosidl_typesupport_c.dir/rosidl_typesupport_c/vehicle_interfaces/msg/encoder_data__type_support.cpp.o[0m
[26.272s] [ 63%] [32mBuilding CXX object CMakeFiles/vehicle_interfaces__rosidl_typesupport_c.dir/rosidl_typesupport_c/vehicle_interfaces/msg/gps_data__type_support.cpp.o[0m
[26.302s] [ 63%] Built target vehicle_interfaces__rosidl_typesupport_introspection_cpp
[26.345s] [ 64%] [32mBuilding CXX object CMakeFiles/vehicle_interfaces__rosidl_typesupport_c.dir/rosidl_typesupport_c/vehicle_interfaces/msg/ir_data__type_support.cpp.o[0m
[26.406s] [ 65%] [32mBuilding CXX object CMakeFiles/vehicle_interfaces__rosidl_typesupport_c.dir/rosidl_typesupport_c/vehicle_interfaces/msg/mpu_data__type_support.cpp.o[0m
[26.459s] [ 66%] [32mBuilding CXX object CMakeFiles/vehicle_interfaces__rosidl_typesupport_c.dir/rosidl_typesupport_c/vehicle_interfaces/msg/qmc_data__type_support.cpp.o[0m
[26.506s] [ 66%] [32mBuilding CXX object CMakeFiles/vehicle_interfaces__rosidl_typesupport_c.dir/rosidl_typesupport_c/vehicle_interfaces/msg/temperature_data__type_support.cpp.o[0m
[26.566s] [ 67%] [32mBuilding CXX object CMakeFiles/vehicle_interfaces__rosidl_typesupport_c.dir/rosidl_typesupport_c/vehicle_interfaces/msg/to_f_data__type_support.cpp.o[0m
[26.619s] [ 68%] [32mBuilding CXX object CMakeFiles/vehicle_interfaces__rosidl_typesupport_c.dir/rosidl_typesupport_c/vehicle_interfaces/msg/ultrasonic_data__type_support.cpp.o[0m
[26.672s] [ 69%] [32m[1mLinking CXX shared library libvehicle_interfaces__rosidl_typesupport_c.so[0m
[26.677s] [ 70%] [32mBuilding CXX object CMakeFiles/vehicle_interfaces__rosidl_typesupport_fastrtps_cpp.dir/rosidl_typesupport_fastrtps_cpp/vehicle_interfaces/msg/detail/dds_fastrtps/to_f_data__type_support.cpp.o[0m
[26.753s] [ 70%] Built target vehicle_interfaces__rosidl_typesupport_c
[27.278s] [ 71%] [32mBuilding CXX object CMakeFiles/vehicle_interfaces__rosidl_typesupport_fastrtps_cpp.dir/rosidl_typesupport_fastrtps_cpp/vehicle_interfaces/msg/detail/dds_fastrtps/ultrasonic_data__type_support.cpp.o[0m
[27.891s] [ 72%] [32mBuilding CXX object CMakeFiles/vehicle_interfaces__rosidl_typesupport_fastrtps_cpp.dir/rosidl_typesupport_fastrtps_cpp/vehicle_interfaces/msg/detail/dds_fastrtps/temperature_data__type_support.cpp.o[0m
[28.525s] [ 72%] [32m[1mLinking CXX shared library libvehicle_interfaces__rosidl_typesupport_fastrtps_cpp.so[0m
[28.693s] [ 72%] Built target vehicle_interfaces__rosidl_typesupport_fastrtps_cpp
[28.732s] [ 73%] [34m[1mGenerating C type support for eProsima Fast-RTPS[0m
[30.773s] [35m[1mScanning dependencies of target vehicle_interfaces__rosidl_typesupport_fastrtps_c[0m
[30.860s] [ 74%] [32mBuilding CXX object CMakeFiles/vehicle_interfaces__rosidl_typesupport_fastrtps_c.dir/rosidl_typesupport_fastrtps_c/vehicle_interfaces/srv/detail/get_serial_port__type_support_c.cpp.o[0m
[31.557s] [ 75%] [32mBuilding CXX object CMakeFiles/vehicle_interfaces__rosidl_typesupport_fastrtps_c.dir/rosidl_typesupport_fastrtps_c/vehicle_interfaces/msg/detail/sensor_data__type_support_c.cpp.o[0m
[32.084s] [ 76%] [32mBuilding CXX object CMakeFiles/vehicle_interfaces__rosidl_typesupport_fastrtps_c.dir/rosidl_typesupport_fastrtps_c/vehicle_interfaces/msg/detail/control_data__type_support_c.cpp.o[0m
[32.598s] [ 77%] [32mBuilding CXX object CMakeFiles/vehicle_interfaces__rosidl_typesupport_fastrtps_c.dir/rosidl_typesupport_fastrtps_c/vehicle_interfaces/msg/detail/encoder_data__type_support_c.cpp.o[0m
[33.109s] [ 77%] [32mBuilding CXX object CMakeFiles/vehicle_interfaces__rosidl_typesupport_fastrtps_c.dir/rosidl_typesupport_fastrtps_c/vehicle_interfaces/msg/detail/gps_data__type_support_c.cpp.o[0m
[33.675s] [ 78%] [32mBuilding CXX object CMakeFiles/vehicle_interfaces__rosidl_typesupport_fastrtps_c.dir/rosidl_typesupport_fastrtps_c/vehicle_interfaces/msg/detail/ir_data__type_support_c.cpp.o[0m
[34.335s] [ 79%] [32mBuilding CXX object CMakeFiles/vehicle_interfaces__rosidl_typesupport_fastrtps_c.dir/rosidl_typesupport_fastrtps_c/vehicle_interfaces/msg/detail/mpu_data__type_support_c.cpp.o[0m
[34.847s] [ 80%] [32mBuilding CXX object CMakeFiles/vehicle_interfaces__rosidl_typesupport_fastrtps_c.dir/rosidl_typesupport_fastrtps_c/vehicle_interfaces/msg/detail/qmc_data__type_support_c.cpp.o[0m
[35.363s] [ 81%] [32mBuilding CXX object CMakeFiles/vehicle_interfaces__rosidl_typesupport_fastrtps_c.dir/rosidl_typesupport_fastrtps_c/vehicle_interfaces/msg/detail/temperature_data__type_support_c.cpp.o[0m
[35.881s] [ 81%] [32mBuilding CXX object CMakeFiles/vehicle_interfaces__rosidl_typesupport_fastrtps_c.dir/rosidl_typesupport_fastrtps_c/vehicle_interfaces/msg/detail/to_f_data__type_support_c.cpp.o[0m
[36.388s] [ 82%] [32mBuilding CXX object CMakeFiles/vehicle_interfaces__rosidl_typesupport_fastrtps_c.dir/rosidl_typesupport_fastrtps_c/vehicle_interfaces/msg/detail/ultrasonic_data__type_support_c.cpp.o[0m
[36.896s] [ 83%] [32mBuilding CXX object CMakeFiles/vehicle_interfaces__rosidl_typesupport_fastrtps_c.dir/rosidl_typesupport_fastrtps_c/vehicle_interfaces/srv/detail/get_device_status__type_support_c.cpp.o[0m
[37.476s] [ 83%] [32mBuilding CXX object CMakeFiles/vehicle_interfaces__rosidl_typesupport_fastrtps_c.dir/rosidl_typesupport_fastrtps_c/vehicle_interfaces/srv/detail/reset_serial_port__type_support_c.cpp.o[0m
[38.000s] [ 84%] [32m[1mLinking CXX shared library libvehicle_interfaces__rosidl_typesupport_fastrtps_c.so[0m
[38.209s] [ 84%] Built target vehicle_interfaces__rosidl_typesupport_fastrtps_c
[38.254s] [ 84%] Built target vehicle_interfaces
[38.296s] [ 85%] [34m[1mGenerating Python code for ROS interfaces[0m
[42.363s] [ 85%] Built target vehicle_interfaces__py
[42.393s] [35m[1mScanning dependencies of target vehicle_interfaces__python[0m
[42.449s] [ 86%] [32mBuilding C object CMakeFiles/vehicle_interfaces__python.dir/rosidl_generator_py/vehicle_interfaces/srv/_get_serial_port_s.c.o[0m
[42.630s] [ 87%] [32mBuilding C object CMakeFiles/vehicle_interfaces__python.dir/rosidl_generator_py/vehicle_interfaces/msg/_sensor_data_s.c.o[0m
[42.825s] [ 88%] [32mBuilding C object CMakeFiles/vehicle_interfaces__python.dir/rosidl_generator_py/vehicle_interfaces/msg/_control_data_s.c.o[0m
[43.011s] [ 89%] [32mBuilding C object CMakeFiles/vehicle_interfaces__python.dir/rosidl_generator_py/vehicle_interfaces/msg/_encoder_data_s.c.o[0m
[43.139s] [ 90%] [32mBuilding C object CMakeFiles/vehicle_interfaces__python.dir/rosidl_generator_py/vehicle_interfaces/msg/_gps_data_s.c.o[0m
[43.272s] [ 90%] [32mBuilding C object CMakeFiles/vehicle_interfaces__python.dir/rosidl_generator_py/vehicle_interfaces/msg/_ir_data_s.c.o[0m
[43.396s] [ 91%] [32mBuilding C object CMakeFiles/vehicle_interfaces__python.dir/rosidl_generator_py/vehicle_interfaces/msg/_mpu_data_s.c.o[0m
[43.521s] [ 92%] [32mBuilding C object CMakeFiles/vehicle_interfaces__python.dir/rosidl_generator_py/vehicle_interfaces/msg/_qmc_data_s.c.o[0m
[43.650s] [ 93%] [32mBuilding C object CMakeFiles/vehicle_interfaces__python.dir/rosidl_generator_py/vehicle_interfaces/msg/_temperature_data_s.c.o[0m
[43.793s] [ 94%] [32mBuilding C object CMakeFiles/vehicle_interfaces__python.dir/rosidl_generator_py/vehicle_interfaces/msg/_to_f_data_s.c.o[0m
[43.915s] [ 94%] [32mBuilding C object CMakeFiles/vehicle_interfaces__python.dir/rosidl_generator_py/vehicle_interfaces/msg/_ultrasonic_data_s.c.o[0m
[44.039s] [ 94%] [32mBuilding C object CMakeFiles/vehicle_interfaces__python.dir/rosidl_generator_py/vehicle_interfaces/srv/_get_device_status_s.c.o[0m
[44.174s] [ 95%] [32mBuilding C object CMakeFiles/vehicle_interfaces__python.dir/rosidl_generator_py/vehicle_interfaces/srv/_reset_serial_port_s.c.o[0m
[44.302s] [ 96%] [32m[1mLinking C shared library rosidl_generator_py/vehicle_interfaces/libvehicle_interfaces__python.so[0m
[44.381s] [ 96%] Built target vehicle_interfaces__python
[44.399s] [35m[1mScanning dependencies of target vehicle_interfaces__rosidl_typesupport_c__pyext[0m
[44.431s] [ 97%] [32mBuilding C object CMakeFiles/vehicle_interfaces__rosidl_typesupport_c__pyext.dir/rosidl_generator_py/vehicle_interfaces/_vehicle_interfaces_s.ep.rosidl_typesupport_c.c.o[0m
[44.636s] [ 97%] [32m[1mLinking C shared library rosidl_generator_py/vehicle_interfaces/vehicle_interfaces_s__rosidl_typesupport_c.cpython-38-x86_64-linux-gnu.so[0m
[44.705s] [ 97%] Built target vehicle_interfaces__rosidl_typesupport_c__pyext
[44.722s] [35m[1mScanning dependencies of target vehicle_interfaces__rosidl_typesupport_introspection_c__pyext[0m
[44.750s] [ 98%] [32mBuilding C object CMakeFiles/vehicle_interfaces__rosidl_typesupport_introspection_c__pyext.dir/rosidl_generator_py/vehicle_interfaces/_vehicle_interfaces_s.ep.rosidl_typesupport_introspection_c.c.o[0m
[44.951s] [ 99%] [32m[1mLinking C shared library rosidl_generator_py/vehicle_interfaces/vehicle_interfaces_s__rosidl_typesupport_introspection_c.cpython-38-x86_64-linux-gnu.so[0m
[45.025s] [ 99%] Built target vehicle_interfaces__rosidl_typesupport_introspection_c__pyext
[45.042s] [35m[1mScanning dependencies of target vehicle_interfaces__rosidl_typesupport_fastrtps_c__pyext[0m
[45.079s] [100%] [32mBuilding C object CMakeFiles/vehicle_interfaces__rosidl_typesupport_fastrtps_c__pyext.dir/rosidl_generator_py/vehicle_interfaces/_vehicle_interfaces_s.ep.rosidl_typesupport_fastrtps_c.c.o[0m
[45.302s] [100%] [32m[1mLinking CXX shared library rosidl_generator_py/vehicle_interfaces/vehicle_interfaces_s__rosidl_typesupport_fastrtps_c.cpython-38-x86_64-linux-gnu.so[0m
[45.414s] [100%] Built target vehicle_interfaces__rosidl_typesupport_fastrtps_c__pyext
[45.432s] Invoked command in '/root/build/vehicle_interfaces' returned '0': CMAKE_PREFIX_PATH=${CMAKE_PREFIX_PATH}:/root/install/vehicle_string_converter:/root/install/vehicle_simulation:/opt/ros/foxy /usr/bin/cmake --build /root/build/vehicle_interfaces -- -j4 -l4
[45.819s] Invoking command in '/root/build/vehicle_interfaces': CMAKE_PREFIX_PATH=${CMAKE_PREFIX_PATH}:/root/install/vehicle_string_converter:/root/install/vehicle_simulation:/opt/ros/foxy /usr/bin/cmake --install /root/build/vehicle_interfaces
[45.831s] -- Install configuration: ""
[45.832s] -- Up-to-date: /root/install/vehicle_interfaces/share/ament_index/resource_index/rosidl_interfaces/vehicle_interfaces
[45.832s] -- Up-to-date: /root/install/vehicle_interfaces/include/vehicle_interfaces
[45.832s] -- Up-to-date: /root/install/vehicle_interfaces/include/vehicle_interfaces/msg
[45.832s] -- Installing: /root/install/vehicle_interfaces/include/vehicle_interfaces/msg/ultrasonic_data.h
[45.832s] -- Installing: /root/install/vehicle_interfaces/include/vehicle_interfaces/msg/qmc_data.h
[45.832s] -- Installing: /root/install/vehicle_interfaces/include/vehicle_interfaces/msg/temperature_data.h
[45.833s] -- Installing: /root/install/vehicle_interfaces/include/vehicle_interfaces/msg/mpu_data.h
[45.833s] -- Installing: /root/install/vehicle_interfaces/include/vehicle_interfaces/msg/sensor_data.h
[45.833s] -- Installing: /root/install/vehicle_interfaces/include/vehicle_interfaces/msg/encoder_data.h
[45.833s] -- Up-to-date: /root/install/vehicle_interfaces/include/vehicle_interfaces/msg/rosidl_generator_c__visibility_control.h
[45.833s] -- Installing: /root/install/vehicle_interfaces/include/vehicle_interfaces/msg/gps_data.h
[45.834s] -- Installing: /root/install/vehicle_interfaces/include/vehicle_interfaces/msg/to_f_data.h
[45.834s] -- Installing: /root/install/vehicle_interfaces/include/vehicle_interfaces/msg/control_data.h
[45.834s] -- Installing: /root/install/vehicle_interfaces/include/vehicle_interfaces/msg/ir_data.h
[45.834s] -- Up-to-date: /root/install/vehicle_interfaces/include/vehicle_interfaces/msg/detail
[45.834s] -- Installing: /root/install/vehicle_interfaces/include/vehicle_interfaces/msg/detail/to_f_data__struct.h
[45.835s] -- Installing: /root/install/vehicle_interfaces/include/vehicle_interfaces/msg/detail/temperature_data__functions.h
[45.835s] -- Installing: /root/install/vehicle_interfaces/include/vehicle_interfaces/msg/detail/temperature_data__struct.h
[45.835s] -- Installing: /root/install/vehicle_interfaces/include/vehicle_interfaces/msg/detail/mpu_data__functions.c
[45.836s] -- Installing: /root/install/vehicle_interfaces/include/vehicle_interfaces/msg/detail/ultrasonic_data__type_support.h
[45.836s] -- Installing: /root/install/vehicle_interfaces/include/vehicle_interfaces/msg/detail/control_data__type_support.h
[45.836s] -- Installing: /root/install/vehicle_interfaces/include/vehicle_interfaces/msg/detail/to_f_data__functions.c
[45.836s] -- Installing: /root/install/vehicle_interfaces/include/vehicle_interfaces/msg/detail/qmc_data__type_support.h
[45.836s] -- Installing: /root/install/vehicle_interfaces/include/vehicle_interfaces/msg/detail/ir_data__functions.c
[45.837s] -- Installing: /root/install/vehicle_interfaces/include/vehicle_interfaces/msg/detail/gps_data__struct.h
[45.837s] -- Installing: /root/install/vehicle_interfaces/include/vehicle_interfaces/msg/detail/gps_data__functions.h
[45.837s] -- Installing: /root/install/vehicle_interfaces/include/vehicle_interfaces/msg/detail/sensor_data__struct.h
[45.837s] -- Installing: /root/install/vehicle_interfaces/include/vehicle_interfaces/msg/detail/ir_data__struct.h
[45.837s] -- Installing: /root/install/vehicle_interfaces/include/vehicle_interfaces/msg/detail/sensor_data__functions.c
[45.838s] -- Installing: /root/install/vehicle_interfaces/include/vehicle_interfaces/msg/detail/mpu_data__struct.h
[45.838s] -- Installing: /root/install/vehicle_interfaces/include/vehicle_interfaces/msg/detail/mpu_data__functions.h
[45.838s] -- Installing: /root/install/vehicle_interfaces/include/vehicle_interfaces/msg/detail/temperature_data__type_support.h
[45.838s] -- Installing: /root/install/vehicle_interfaces/include/vehicle_interfaces/msg/detail/ir_data__type_support.h
[45.838s] -- Installing: /root/install/vehicle_interfaces/include/vehicle_interfaces/msg/detail/mpu_data__type_support.h
[45.839s] -- Installing: /root/install/vehicle_interfaces/include/vehicle_interfaces/msg/detail/ultrasonic_data__struct.h
[45.839s] -- Installing: /root/install/vehicle_interfaces/include/vehicle_interfaces/msg/detail/control_data__struct.h
[45.839s] -- Installing: /root/install/vehicle_interfaces/include/vehicle_interfaces/msg/detail/control_data__functions.c
[45.839s] -- Installing: /root/install/vehicle_interfaces/include/vehicle_interfaces/msg/detail/temperature_data__functions.c
[45.840s] -- Installing: /root/install/vehicle_interfaces/include/vehicle_interfaces/msg/detail/gps_data__functions.c
[45.840s] -- Installing: /root/install/vehicle_interfaces/include/vehicle_interfaces/msg/detail/qmc_data__functions.h
[45.840s] -- Installing: /root/install/vehicle_interfaces/include/vehicle_interfaces/msg/detail/sensor_data__type_support.h
[45.840s] -- Installing: /root/install/vehicle_interfaces/include/vehicle_interfaces/msg/detail/control_data__functions.h
[45.841s] -- Installing: /root/install/vehicle_interfaces/include/vehicle_interfaces/msg/detail/ultrasonic_data__functions.c
[45.841s] -- Installing: /root/install/vehicle_interfaces/include/vehicle_interfaces/msg/detail/sensor_data__functions.h
[45.841s] -- Installing: /root/install/vehicle_interfaces/include/vehicle_interfaces/msg/detail/encoder_data__functions.c
[45.841s] -- Installing: /root/install/vehicle_interfaces/include/vehicle_interfaces/msg/detail/gps_data__type_support.h
[45.842s] -- Installing: /root/install/vehicle_interfaces/include/vehicle_interfaces/msg/detail/ir_data__functions.h
[45.842s] -- Installing: /root/install/vehicle_interfaces/include/vehicle_interfaces/msg/detail/to_f_data__functions.h
[45.842s] -- Installing: /root/install/vehicle_interfaces/include/vehicle_interfaces/msg/detail/encoder_data__type_support.h
[45.842s] -- Installing: /root/install/vehicle_interfaces/include/vehicle_interfaces/msg/detail/ultrasonic_data__functions.h
[45.842s] -- Installing: /root/install/vehicle_interfaces/include/vehicle_interfaces/msg/detail/to_f_data__type_support.h
[45.843s] -- Installing: /root/install/vehicle_interfaces/include/vehicle_interfaces/msg/detail/qmc_data__functions.c
[45.843s] -- Installing: /root/install/vehicle_interfaces/include/vehicle_interfaces/msg/detail/qmc_data__struct.h
[45.843s] -- Installing: /root/install/vehicle_interfaces/include/vehicle_interfaces/msg/detail/encoder_data__functions.h
[45.843s] -- Installing: /root/install/vehicle_interfaces/include/vehicle_interfaces/msg/detail/encoder_data__struct.h
[45.843s] -- Up-to-date: /root/install/vehicle_interfaces/include/vehicle_interfaces/srv
[45.844s] -- Installing: /root/install/vehicle_interfaces/include/vehicle_interfaces/srv/get_device_status.h
[45.844s] -- Installing: /root/install/vehicle_interfaces/include/vehicle_interfaces/srv/reset_serial_port.h
[45.844s] -- Installing: /root/install/vehicle_interfaces/include/vehicle_interfaces/srv/get_serial_port.h
[45.844s] -- Up-to-date: /root/install/vehicle_interfaces/include/vehicle_interfaces/srv/detail
[45.844s] -- Installing: /root/install/vehicle_interfaces/include/vehicle_interfaces/srv/detail/reset_serial_port__functions.c
[45.845s] -- Installing: /root/install/vehicle_interfaces/include/vehicle_interfaces/srv/detail/get_serial_port__functions.c
[45.845s] -- Installing: /root/install/vehicle_interfaces/include/vehicle_interfaces/srv/detail/reset_serial_port__type_support.h
[45.845s] -- Installing: /root/install/vehicle_interfaces/include/vehicle_interfaces/srv/detail/get_serial_port__functions.h
[45.845s] -- Installing: /root/install/vehicle_interfaces/include/vehicle_interfaces/srv/detail/get_device_status__struct.h
[45.846s] -- Installing: /root/install/vehicle_interfaces/include/vehicle_interfaces/srv/detail/reset_serial_port__functions.h
[45.846s] -- Installing: /root/install/vehicle_interfaces/include/vehicle_interfaces/srv/detail/get_serial_port__type_support.h
[45.846s] -- Installing: /root/install/vehicle_interfaces/include/vehicle_interfaces/srv/detail/get_device_status__functions.h
[45.846s] -- Installing: /root/install/vehicle_interfaces/include/vehicle_interfaces/srv/detail/get_serial_port__struct.h
[45.846s] -- Installing: /root/install/vehicle_interfaces/include/vehicle_interfaces/srv/detail/get_device_status__functions.c
[45.847s] -- Installing: /root/install/vehicle_interfaces/include/vehicle_interfaces/srv/detail/get_device_status__type_support.h
[45.847s] -- Installing: /root/install/vehicle_interfaces/include/vehicle_interfaces/srv/detail/reset_serial_port__struct.h
[45.847s] -- Up-to-date: /root/install/vehicle_interfaces/share/vehicle_interfaces/environment/library_path.sh
[45.847s] -- Installing: /root/install/vehicle_interfaces/share/vehicle_interfaces/environment/library_path.dsv
[45.849s] -- Installing: /root/install/vehicle_interfaces/lib/libvehicle_interfaces__rosidl_generator_c.so
[45.849s] -- Set runtime path of "/root/install/vehicle_interfaces/lib/libvehicle_interfaces__rosidl_generator_c.so" to ""
[45.850s] -- Up-to-date: /root/install/vehicle_interfaces/include/vehicle_interfaces
[45.850s] -- Up-to-date: /root/install/vehicle_interfaces/include/vehicle_interfaces/msg
[45.850s] -- Up-to-date: /root/install/vehicle_interfaces/include/vehicle_interfaces/msg/detail
[45.850s] -- Installing: /root/install/vehicle_interfaces/include/vehicle_interfaces/msg/detail/encoder_data__rosidl_typesupport_fastrtps_c.h
[45.850s] -- Installing: /root/install/vehicle_interfaces/include/vehicle_interfaces/msg/detail/qmc_data__rosidl_typesupport_fastrtps_c.h
[45.850s] -- Installing: /root/install/vehicle_interfaces/include/vehicle_interfaces/msg/detail/control_data__rosidl_typesupport_fastrtps_c.h
[45.850s] -- Installing: /root/install/vehicle_interfaces/include/vehicle_interfaces/msg/detail/to_f_data__rosidl_typesupport_fastrtps_c.h
[45.851s] -- Installing: /root/install/vehicle_interfaces/include/vehicle_interfaces/msg/detail/ultrasonic_data__rosidl_typesupport_fastrtps_c.h
[45.851s] -- Installing: /root/install/vehicle_interfaces/include/vehicle_interfaces/msg/detail/sensor_data__rosidl_typesupport_fastrtps_c.h
[45.851s] -- Installing: /root/install/vehicle_interfaces/include/vehicle_interfaces/msg/detail/temperature_data__rosidl_typesupport_fastrtps_c.h
[45.851s] -- Installing: /root/install/vehicle_interfaces/include/vehicle_interfaces/msg/detail/ir_data__rosidl_typesupport_fastrtps_c.h
[45.851s] -- Installing: /root/install/vehicle_interfaces/include/vehicle_interfaces/msg/detail/mpu_data__rosidl_typesupport_fastrtps_c.h
[45.852s] -- Installing: /root/install/vehicle_interfaces/include/vehicle_interfaces/msg/detail/gps_data__rosidl_typesupport_fastrtps_c.h
[45.852s] -- Up-to-date: /root/install/vehicle_interfaces/include/vehicle_interfaces/msg/rosidl_typesupport_fastrtps_c__visibility_control.h
[45.852s] -- Up-to-date: /root/install/vehicle_interfaces/include/vehicle_interfaces/srv
[45.852s] -- Up-to-date: /root/install/vehicle_interfaces/include/vehicle_interfaces/srv/detail
[45.852s] -- Installing: /root/install/vehicle_interfaces/include/vehicle_interfaces/srv/detail/reset_serial_port__rosidl_typesupport_fastrtps_c.h
[45.852s] -- Installing: /root/install/vehicle_interfaces/include/vehicle_interfaces/srv/detail/get_device_status__rosidl_typesupport_fastrtps_c.h
[45.853s] -- Installing: /root/install/vehicle_interfaces/include/vehicle_interfaces/srv/detail/get_serial_port__rosidl_typesupport_fastrtps_c.h
[45.853s] -- Installing: /root/install/vehicle_interfaces/lib/libvehicle_interfaces__rosidl_typesupport_fastrtps_c.so
[45.855s] -- Set runtime path of "/root/install/vehicle_interfaces/lib/libvehicle_interfaces__rosidl_typesupport_fastrtps_c.so" to ""
[45.855s] -- Up-to-date: /root/install/vehicle_interfaces/include/vehicle_interfaces
[45.855s] -- Up-to-date: /root/install/vehicle_interfaces/include/vehicle_interfaces/msg
[45.855s] -- Up-to-date: /root/install/vehicle_interfaces/include/vehicle_interfaces/msg/rosidl_typesupport_fastrtps_cpp__visibility_control.h
[45.855s] -- Up-to-date: /root/install/vehicle_interfaces/include/vehicle_interfaces/msg/detail
[45.855s] -- Installing: /root/install/vehicle_interfaces/include/vehicle_interfaces/msg/detail/ir_data__rosidl_typesupport_fastrtps_cpp.hpp
[45.856s] -- Installing: /root/install/vehicle_interfaces/include/vehicle_interfaces/msg/detail/encoder_data__rosidl_typesupport_fastrtps_cpp.hpp
[45.856s] -- Installing: /root/install/vehicle_interfaces/include/vehicle_interfaces/msg/detail/mpu_data__rosidl_typesupport_fastrtps_cpp.hpp
[45.856s] -- Installing: /root/install/vehicle_interfaces/include/vehicle_interfaces/msg/detail/qmc_data__rosidl_typesupport_fastrtps_cpp.hpp
[45.856s] -- Installing: /root/install/vehicle_interfaces/include/vehicle_interfaces/msg/detail/ultrasonic_data__rosidl_typesupport_fastrtps_cpp.hpp
[45.856s] -- Installing: /root/install/vehicle_interfaces/include/vehicle_interfaces/msg/detail/sensor_data__rosidl_typesupport_fastrtps_cpp.hpp
[45.857s] -- Installing: /root/install/vehicle_interfaces/include/vehicle_interfaces/msg/detail/control_data__rosidl_typesupport_fastrtps_cpp.hpp
[45.857s] -- Installing: /root/install/vehicle_interfaces/include/vehicle_interfaces/msg/detail/to_f_data__rosidl_typesupport_fastrtps_cpp.hpp
[45.857s] -- Installing: /root/install/vehicle_interfaces/include/vehicle_interfaces/msg/detail/temperature_data__rosidl_typesupport_fastrtps_cpp.hpp
[45.857s] -- Up-to-date: /root/install/vehicle_interfaces/include/vehicle_interfaces/msg/detail/dds_fastrtps
[45.857s] -- Installing: /root/install/vehicle_interfaces/include/vehicle_interfaces/msg/detail/gps_data__rosidl_typesupport_fastrtps_cpp.hpp
[45.858s] -- Up-to-date: /root/install/vehicle_interfaces/include/vehicle_interfaces/srv
[45.858s] -- Up-to-date: /root/install/vehicle_interfaces/include/vehicle_interfaces/srv/detail
[45.858s] -- Installing: /root/install/vehicle_interfaces/include/vehicle_interfaces/srv/detail/get_device_status__rosidl_typesupport_fastrtps_cpp.hpp
[45.859s] -- Installing: /root/install/vehicle_interfaces/include/vehicle_interfaces/srv/detail/get_serial_port__rosidl_typesupport_fastrtps_cpp.hpp
[45.860s] -- Installing: /root/install/vehicle_interfaces/include/vehicle_interfaces/srv/detail/reset_serial_port__rosidl_typesupport_fastrtps_cpp.hpp
[45.860s] -- Up-to-date: /root/install/vehicle_interfaces/include/vehicle_interfaces/srv/detail/dds_fastrtps
[45.862s] -- Installing: /root/install/vehicle_interfaces/lib/libvehicle_interfaces__rosidl_typesupport_fastrtps_cpp.so
[45.863s] -- Set runtime path of "/root/install/vehicle_interfaces/lib/libvehicle_interfaces__rosidl_typesupport_fastrtps_cpp.so" to ""
[45.863s] -- Up-to-date: /root/install/vehicle_interfaces/include/vehicle_interfaces
[45.863s] -- Up-to-date: /root/install/vehicle_interfaces/include/vehicle_interfaces/msg
[45.863s] -- Up-to-date: /root/install/vehicle_interfaces/include/vehicle_interfaces/msg/rosidl_typesupport_introspection_c__visibility_control.h
[45.863s] -- Up-to-date: /root/install/vehicle_interfaces/include/vehicle_interfaces/msg/detail
[45.864s] -- Installing: /root/install/vehicle_interfaces/include/vehicle_interfaces/msg/detail/gps_data__rosidl_typesupport_introspection_c.h
[45.864s] -- Installing: /root/install/vehicle_interfaces/include/vehicle_interfaces/msg/detail/mpu_data__type_support.c
[45.865s] -- Installing: /root/install/vehicle_interfaces/include/vehicle_interfaces/msg/detail/qmc_data__rosidl_typesupport_introspection_c.h
[45.866s] -- Installing: /root/install/vehicle_interfaces/include/vehicle_interfaces/msg/detail/ultrasonic_data__rosidl_typesupport_introspection_c.h
[45.866s] -- Installing: /root/install/vehicle_interfaces/include/vehicle_interfaces/msg/detail/gps_data__type_support.c
[45.867s] -- Installing: /root/install/vehicle_interfaces/include/vehicle_interfaces/msg/detail/control_data__rosidl_typesupport_introspection_c.h
[45.867s] -- Installing: /root/install/vehicle_interfaces/include/vehicle_interfaces/msg/detail/control_data__type_support.c
[45.868s] -- Installing: /root/install/vehicle_interfaces/include/vehicle_interfaces/msg/detail/ir_data__rosidl_typesupport_introspection_c.h
[45.868s] -- Installing: /root/install/vehicle_interfaces/include/vehicle_interfaces/msg/detail/to_f_data__rosidl_typesupport_introspection_c.h
[45.868s] -- Installing: /root/install/vehicle_interfaces/include/vehicle_interfaces/msg/detail/mpu_data__rosidl_typesupport_introspection_c.h
[45.869s] -- Installing: /root/install/vehicle_interfaces/include/vehicle_interfaces/msg/detail/ir_data__type_support.c
[45.869s] -- Installing: /root/install/vehicle_interfaces/include/vehicle_interfaces/msg/detail/temperature_data__rosidl_typesupport_introspection_c.h
[45.870s] -- Installing: /root/install/vehicle_interfaces/include/vehicle_interfaces/msg/detail/encoder_data__rosidl_typesupport_introspection_c.h
[45.870s] -- Installing: /root/install/vehicle_interfaces/include/vehicle_interfaces/msg/detail/ultrasonic_data__type_support.c
[45.871s] -- Installing: /root/install/vehicle_interfaces/include/vehicle_interfaces/msg/detail/encoder_data__type_support.c
[45.871s] -- Installing: /root/install/vehicle_interfaces/include/vehicle_interfaces/msg/detail/temperature_data__type_support.c
[45.872s] -- Installing: /root/install/vehicle_interfaces/include/vehicle_interfaces/msg/detail/qmc_data__type_support.c
[45.872s] -- Installing: /root/install/vehicle_interfaces/include/vehicle_interfaces/msg/detail/to_f_data__type_support.c
[45.873s] -- Installing: /root/install/vehicle_interfaces/include/vehicle_interfaces/msg/detail/sensor_data__rosidl_typesupport_introspection_c.h
[45.873s] -- Installing: /root/install/vehicle_interfaces/include/vehicle_interfaces/msg/detail/sensor_data__type_support.c
[45.874s] -- Up-to-date: /root/install/vehicle_interfaces/include/vehicle_interfaces/srv
[45.874s] -- Up-to-date: /root/install/vehicle_interfaces/include/vehicle_interfaces/srv/detail
[45.875s] -- Installing: /root/install/vehicle_interfaces/include/vehicle_interfaces/srv/detail/get_serial_port__type_support.c
[45.875s] -- Installing: /root/install/vehicle_interfaces/include/vehicle_interfaces/srv/detail/reset_serial_port__rosidl_typesupport_introspection_c.h
[45.875s] -- Installing: /root/install/vehicle_interfaces/include/vehicle_interfaces/srv/detail/reset_serial_port__type_support.c
[45.876s] -- Installing: /root/install/vehicle_interfaces/include/vehicle_interfaces/srv/detail/get_serial_port__rosidl_typesupport_introspection_c.h
[45.876s] -- Installing: /root/install/vehicle_interfaces/include/vehicle_interfaces/srv/detail/get_device_status__rosidl_typesupport_introspection_c.h
[45.877s] -- Installing: /root/install/vehicle_interfaces/include/vehicle_interfaces/srv/detail/get_device_status__type_support.c
[45.880s] -- Installing: /root/install/vehicle_interfaces/lib/libvehicle_interfaces__rosidl_typesupport_introspection_c.so
[45.880s] -- Set runtime path of "/root/install/vehicle_interfaces/lib/libvehicle_interfaces__rosidl_typesupport_introspection_c.so" to ""
[45.880s] -- Installing: /root/install/vehicle_interfaces/lib/libvehicle_interfaces__rosidl_typesupport_c.so
[45.881s] -- Set runtime path of "/root/install/vehicle_interfaces/lib/libvehicle_interfaces__rosidl_typesupport_c.so" to ""
[45.882s] -- Up-to-date: /root/install/vehicle_interfaces/include/vehicle_interfaces
[45.882s] -- Up-to-date: /root/install/vehicle_interfaces/include/vehicle_interfaces/msg
[45.882s] -- Installing: /root/install/vehicle_interfaces/include/vehicle_interfaces/msg/mpu_data.hpp
[45.883s] -- Installing: /root/install/vehicle_interfaces/include/vehicle_interfaces/msg/to_f_data.hpp
[45.883s] -- Installing: /root/install/vehicle_interfaces/include/vehicle_interfaces/msg/ir_data.hpp
[45.884s] -- Installing: /root/install/vehicle_interfaces/include/vehicle_interfaces/msg/control_data.hpp
[45.884s] -- Up-to-date: /root/install/vehicle_interfaces/include/vehicle_interfaces/msg/rosidl_generator_cpp__visibility_control.hpp
[45.885s] -- Installing: /root/install/vehicle_interfaces/include/vehicle_interfaces/msg/ultrasonic_data.hpp
[45.885s] -- Installing: /root/install/vehicle_interfaces/include/vehicle_interfaces/msg/encoder_data.hpp
[45.885s] -- Installing: /root/install/vehicle_interfaces/include/vehicle_interfaces/msg/gps_data.hpp
[45.886s] -- Installing: /root/install/vehicle_interfaces/include/vehicle_interfaces/msg/temperature_data.hpp
[45.886s] -- Installing: /root/install/vehicle_interfaces/include/vehicle_interfaces/msg/qmc_data.hpp
[45.887s] -- Up-to-date: /root/install/vehicle_interfaces/include/vehicle_interfaces/msg/detail
[45.887s] -- Installing: /root/install/vehicle_interfaces/include/vehicle_interfaces/msg/detail/control_data__builder.hpp
[45.888s] -- Installing: /root/install/vehicle_interfaces/include/vehicle_interfaces/msg/detail/mpu_data__type_support.hpp
[45.888s] -- Installing: /root/install/vehicle_interfaces/include/vehicle_interfaces/msg/detail/encoder_data__builder.hpp
[45.889s] -- Installing: /root/install/vehicle_interfaces/include/vehicle_interfaces/msg/detail/ultrasonic_data__traits.hpp
[45.889s] -- Installing: /root/install/vehicle_interfaces/include/vehicle_interfaces/msg/detail/to_f_data__builder.hpp
[45.890s] -- Installing: /root/install/vehicle_interfaces/include/vehicle_interfaces/msg/detail/control_data__type_support.hpp
[45.891s] -- Installing: /root/install/vehicle_interfaces/include/vehicle_interfaces/msg/detail/mpu_data__builder.hpp
[45.891s] -- Installing: /root/install/vehicle_interfaces/include/vehicle_interfaces/msg/detail/gps_data__builder.hpp
[45.892s] -- Installing: /root/install/vehicle_interfaces/include/vehicle_interfaces/msg/detail/sensor_data__traits.hpp
[45.892s] -- Installing: /root/install/vehicle_interfaces/include/vehicle_interfaces/msg/detail/temperature_data__type_support.hpp
[45.894s] -- Installing: /root/install/vehicle_interfaces/include/vehicle_interfaces/msg/detail/ir_data__builder.hpp
[45.894s] -- Installing: /root/install/vehicle_interfaces/include/vehicle_interfaces/msg/detail/sensor_data__builder.hpp
[45.894s] -- Installing: /root/install/vehicle_interfaces/include/vehicle_interfaces/msg/detail/qmc_data__struct.hpp
[45.895s] -- Installing: /root/install/vehicle_interfaces/include/vehicle_interfaces/msg/detail/sensor_data__struct.hpp
[45.895s] -- Installing: /root/install/vehicle_interfaces/include/vehicle_interfaces/msg/detail/temperature_data__struct.hpp
[45.895s] -- Installing: /root/install/vehicle_interfaces/include/vehicle_interfaces/msg/detail/gps_data__type_support.hpp
[45.895s] -- Installing: /root/install/vehicle_interfaces/include/vehicle_interfaces/msg/detail/sensor_data__type_support.hpp
[45.896s] -- Installing: /root/install/vehicle_interfaces/include/vehicle_interfaces/msg/detail/temperature_data__traits.hpp
[45.896s] -- Installing: /root/install/vehicle_interfaces/include/vehicle_interfaces/msg/detail/ir_data__type_support.hpp
[45.896s] -- Installing: /root/install/vehicle_interfaces/include/vehicle_interfaces/msg/detail/mpu_data__traits.hpp
[45.896s] -- Installing: /root/install/vehicle_interfaces/include/vehicle_interfaces/msg/detail/mpu_data__struct.hpp
[45.897s] -- Installing: /root/install/vehicle_interfaces/include/vehicle_interfaces/msg/detail/control_data__struct.hpp
[45.897s] -- Installing: /root/install/vehicle_interfaces/include/vehicle_interfaces/msg/detail/temperature_data__builder.hpp
[45.897s] -- Installing: /root/install/vehicle_interfaces/include/vehicle_interfaces/msg/detail/gps_data__struct.hpp
[45.897s] -- Installing: /root/install/vehicle_interfaces/include/vehicle_interfaces/msg/detail/ir_data__struct.hpp
[45.897s] -- Installing: /root/install/vehicle_interfaces/include/vehicle_interfaces/msg/detail/encoder_data__type_support.hpp
[45.898s] -- Installing: /root/install/vehicle_interfaces/include/vehicle_interfaces/msg/detail/encoder_data__traits.hpp
[45.898s] -- Installing: /root/install/vehicle_interfaces/include/vehicle_interfaces/msg/detail/encoder_data__struct.hpp
[45.898s] -- Installing: /root/install/vehicle_interfaces/include/vehicle_interfaces/msg/detail/to_f_data__traits.hpp
[45.898s] -- Installing: /root/install/vehicle_interfaces/include/vehicle_interfaces/msg/detail/qmc_data__type_support.hpp
[45.898s] -- Installing: /root/install/vehicle_interfaces/include/vehicle_interfaces/msg/detail/control_data__traits.hpp
[45.899s] -- Installing: /root/install/vehicle_interfaces/include/vehicle_interfaces/msg/detail/ir_data__traits.hpp
[45.899s] -- Installing: /root/install/vehicle_interfaces/include/vehicle_interfaces/msg/detail/to_f_data__struct.hpp
[45.899s] -- Installing: /root/install/vehicle_interfaces/include/vehicle_interfaces/msg/detail/gps_data__traits.hpp
[45.899s] -- Installing: /root/install/vehicle_interfaces/include/vehicle_interfaces/msg/detail/ultrasonic_data__struct.hpp
[45.900s] -- Installing: /root/install/vehicle_interfaces/include/vehicle_interfaces/msg/detail/to_f_data__type_support.hpp
[45.900s] -- Installing: /root/install/vehicle_interfaces/include/vehicle_interfaces/msg/detail/ultrasonic_data__type_support.hpp
[45.900s] -- Installing: /root/install/vehicle_interfaces/include/vehicle_interfaces/msg/detail/qmc_data__traits.hpp
[45.901s] -- Installing: /root/install/vehicle_interfaces/include/vehicle_interfaces/msg/detail/qmc_data__builder.hpp
[45.901s] -- Installing: /root/install/vehicle_interfaces/include/vehicle_interfaces/msg/detail/ultrasonic_data__builder.hpp
[45.901s] -- Installing: /root/install/vehicle_interfaces/include/vehicle_interfaces/msg/sensor_data.hpp
[45.901s] -- Up-to-date: /root/install/vehicle_interfaces/include/vehicle_interfaces/srv
[45.902s] -- Installing: /root/install/vehicle_interfaces/include/vehicle_interfaces/srv/get_serial_port.hpp
[45.902s] -- Installing: /root/install/vehicle_interfaces/include/vehicle_interfaces/srv/get_device_status.hpp
[45.902s] -- Installing: /root/install/vehicle_interfaces/include/vehicle_interfaces/srv/reset_serial_port.hpp
[45.902s] -- Up-to-date: /root/install/vehicle_interfaces/include/vehicle_interfaces/srv/detail
[45.903s] -- Installing: /root/install/vehicle_interfaces/include/vehicle_interfaces/srv/detail/get_serial_port__type_support.hpp
[45.903s] -- Installing: /root/install/vehicle_interfaces/include/vehicle_interfaces/srv/detail/get_device_status__traits.hpp
[45.903s] -- Installing: /root/install/vehicle_interfaces/include/vehicle_interfaces/srv/detail/get_serial_port__traits.hpp
[45.903s] -- Installing: /root/install/vehicle_interfaces/include/vehicle_interfaces/srv/detail/get_serial_port__struct.hpp
[45.903s] -- Installing: /root/install/vehicle_interfaces/include/vehicle_interfaces/srv/detail/reset_serial_port__traits.hpp
[45.903s] -- Installing: /root/install/vehicle_interfaces/include/vehicle_interfaces/srv/detail/get_serial_port__builder.hpp
[45.904s] -- Installing: /root/install/vehicle_interfaces/include/vehicle_interfaces/srv/detail/reset_serial_port__struct.hpp
[45.904s] -- Installing: /root/install/vehicle_interfaces/include/vehicle_interfaces/srv/detail/get_device_status__builder.hpp
[45.904s] -- Installing: /root/install/vehicle_interfaces/include/vehicle_interfaces/srv/detail/reset_serial_port__builder.hpp
[45.904s] -- Installing: /root/install/vehicle_interfaces/include/vehicle_interfaces/srv/detail/get_device_status__type_support.hpp
[45.904s] -- Installing: /root/install/vehicle_interfaces/include/vehicle_interfaces/srv/detail/reset_serial_port__type_support.hpp
[45.905s] -- Installing: /root/install/vehicle_interfaces/include/vehicle_interfaces/srv/detail/get_device_status__struct.hpp
[45.905s] -- Up-to-date: /root/install/vehicle_interfaces/include/vehicle_interfaces
[45.906s] -- Up-to-date: /root/install/vehicle_interfaces/include/vehicle_interfaces/msg
[45.906s] -- Up-to-date: /root/install/vehicle_interfaces/include/vehicle_interfaces/msg/detail
[45.906s] -- Installing: /root/install/vehicle_interfaces/include/vehicle_interfaces/msg/detail/temperature_data__rosidl_typesupport_introspection_cpp.hpp
[45.906s] -- Installing: /root/install/vehicle_interfaces/include/vehicle_interfaces/msg/detail/control_data__rosidl_typesupport_introspection_cpp.hpp
[45.907s] -- Installing: /root/install/vehicle_interfaces/include/vehicle_interfaces/msg/detail/mpu_data__rosidl_typesupport_introspection_cpp.hpp
[45.907s] -- Installing: /root/install/vehicle_interfaces/include/vehicle_interfaces/msg/detail/qmc_data__rosidl_typesupport_introspection_cpp.hpp
[45.907s] -- Installing: /root/install/vehicle_interfaces/include/vehicle_interfaces/msg/detail/to_f_data__type_support.cpp
[45.907s] -- Installing: /root/install/vehicle_interfaces/include/vehicle_interfaces/msg/detail/ir_data__rosidl_typesupport_introspection_cpp.hpp
[45.907s] -- Installing: /root/install/vehicle_interfaces/include/vehicle_interfaces/msg/detail/ir_data__type_support.cpp
[45.908s] -- Installing: /root/install/vehicle_interfaces/include/vehicle_interfaces/msg/detail/sensor_data__type_support.cpp
[45.908s] -- Installing: /root/install/vehicle_interfaces/include/vehicle_interfaces/msg/detail/gps_data__type_support.cpp
[45.908s] -- Installing: /root/install/vehicle_interfaces/include/vehicle_interfaces/msg/detail/sensor_data__rosidl_typesupport_introspection_cpp.hpp
[45.909s] -- Installing: /root/install/vehicle_interfaces/include/vehicle_interfaces/msg/detail/ultrasonic_data__rosidl_typesupport_introspection_cpp.hpp
[45.909s] -- Installing: /root/install/vehicle_interfaces/include/vehicle_interfaces/msg/detail/encoder_data__rosidl_typesupport_introspection_cpp.hpp
[45.909s] -- Installing: /root/install/vehicle_interfaces/include/vehicle_interfaces/msg/detail/gps_data__rosidl_typesupport_introspection_cpp.hpp
[45.909s] -- Installing: /root/install/vehicle_interfaces/include/vehicle_interfaces/msg/detail/to_f_data__rosidl_typesupport_introspection_cpp.hpp
[45.910s] -- Installing: /root/install/vehicle_interfaces/include/vehicle_interfaces/msg/detail/control_data__type_support.cpp
[45.910s] -- Installing: /root/install/vehicle_interfaces/include/vehicle_interfaces/msg/detail/mpu_data__type_support.cpp
[45.911s] -- Installing: /root/install/vehicle_interfaces/include/vehicle_interfaces/msg/detail/encoder_data__type_support.cpp
[45.911s] -- Installing: /root/install/vehicle_interfaces/include/vehicle_interfaces/msg/detail/qmc_data__type_support.cpp
[45.911s] -- Installing: /root/install/vehicle_interfaces/include/vehicle_interfaces/msg/detail/temperature_data__type_support.cpp
[45.911s] -- Installing: /root/install/vehicle_interfaces/include/vehicle_interfaces/msg/detail/ultrasonic_data__type_support.cpp
[45.912s] -- Up-to-date: /root/install/vehicle_interfaces/include/vehicle_interfaces/srv
[45.912s] -- Up-to-date: /root/install/vehicle_interfaces/include/vehicle_interfaces/srv/detail
[45.912s] -- Installing: /root/install/vehicle_interfaces/include/vehicle_interfaces/srv/detail/get_serial_port__rosidl_typesupport_introspection_cpp.hpp
[45.912s] -- Installing: /root/install/vehicle_interfaces/include/vehicle_interfaces/srv/detail/get_device_status__type_support.cpp
[45.913s] -- Installing: /root/install/vehicle_interfaces/include/vehicle_interfaces/srv/detail/reset_serial_port__rosidl_typesupport_introspection_cpp.hpp
[45.913s] -- Installing: /root/install/vehicle_interfaces/include/vehicle_interfaces/srv/detail/get_device_status__rosidl_typesupport_introspection_cpp.hpp
[45.913s] -- Installing: /root/install/vehicle_interfaces/include/vehicle_interfaces/srv/detail/reset_serial_port__type_support.cpp
[45.913s] -- Installing: /root/install/vehicle_interfaces/include/vehicle_interfaces/srv/detail/get_serial_port__type_support.cpp
[45.914s] -- Installing: /root/install/vehicle_interfaces/lib/libvehicle_interfaces__rosidl_typesupport_introspection_cpp.so
[45.915s] -- Set runtime path of "/root/install/vehicle_interfaces/lib/libvehicle_interfaces__rosidl_typesupport_introspection_cpp.so" to ""
[45.916s] -- Installing: /root/install/vehicle_interfaces/lib/libvehicle_interfaces__rosidl_typesupport_cpp.so
[45.917s] -- Set runtime path of "/root/install/vehicle_interfaces/lib/libvehicle_interfaces__rosidl_typesupport_cpp.so" to ""
[45.917s] -- Up-to-date: /root/install/vehicle_interfaces/share/vehicle_interfaces/environment/pythonpath.sh
[45.917s] -- Installing: /root/install/vehicle_interfaces/share/vehicle_interfaces/environment/pythonpath.dsv
[45.917s] -- Installing: /root/install/vehicle_interfaces/lib/python3.8/site-packages/vehicle_interfaces/__init__.py
[45.962s] Compiling '/root/install/vehicle_interfaces/lib/python3.8/site-packages/vehicle_interfaces/__init__.py'...
[45.969s] -- Up-to-date: /root/install/vehicle_interfaces/lib/python3.8/site-packages/vehicle_interfaces/srv
[45.969s] -- Installing: /root/install/vehicle_interfaces/lib/python3.8/site-packages/vehicle_interfaces/srv/_reset_serial_port_s.c
[45.971s] -- Installing: /root/install/vehicle_interfaces/lib/python3.8/site-packages/vehicle_interfaces/srv/_reset_serial_port.py
[45.972s] -- Installing: /root/install/vehicle_interfaces/lib/python3.8/site-packages/vehicle_interfaces/srv/_get_serial_port_s.c
[45.972s] -- Installing: /root/install/vehicle_interfaces/lib/python3.8/site-packages/vehicle_interfaces/srv/_get_device_status.py
[45.972s] -- Installing: /root/install/vehicle_interfaces/lib/python3.8/site-packages/vehicle_interfaces/srv/__init__.py
[45.972s] -- Installing: /root/install/vehicle_interfaces/lib/python3.8/site-packages/vehicle_interfaces/srv/_get_device_status_s.c
[45.972s] -- Installing: /root/install/vehicle_interfaces/lib/python3.8/site-packages/vehicle_interfaces/srv/_get_serial_port.py
[45.973s] -- Up-to-date: /root/install/vehicle_interfaces/lib/python3.8/site-packages/vehicle_interfaces/msg
[45.973s] -- Installing: /root/install/vehicle_interfaces/lib/python3.8/site-packages/vehicle_interfaces/msg/_control_data.py
[45.973s] -- Installing: /root/install/vehicle_interfaces/lib/python3.8/site-packages/vehicle_interfaces/msg/_ir_data_s.c
[45.974s] -- Installing: /root/install/vehicle_interfaces/lib/python3.8/site-packages/vehicle_interfaces/msg/_to_f_data_s.c
[45.975s] -- Installing: /root/install/vehicle_interfaces/lib/python3.8/site-packages/vehicle_interfaces/msg/_ultrasonic_data_s.c
[45.975s] -- Installing: /root/install/vehicle_interfaces/lib/python3.8/site-packages/vehicle_interfaces/msg/_to_f_data.py
[45.976s] -- Installing: /root/install/vehicle_interfaces/lib/python3.8/site-packages/vehicle_interfaces/msg/_encoder_data_s.c
[45.976s] -- Installing: /root/install/vehicle_interfaces/lib/python3.8/site-packages/vehicle_interfaces/msg/_mpu_data_s.c
[45.977s] -- Installing: /root/install/vehicle_interfaces/lib/python3.8/site-packages/vehicle_interfaces/msg/_sensor_data.py
[45.977s] -- Installing: /root/install/vehicle_interfaces/lib/python3.8/site-packages/vehicle_interfaces/msg/_encoder_data.py
[45.978s] -- Installing: /root/install/vehicle_interfaces/lib/python3.8/site-packages/vehicle_interfaces/msg/_gps_data.py
[45.978s] -- Installing: /root/install/vehicle_interfaces/lib/python3.8/site-packages/vehicle_interfaces/msg/_ir_data.py
[45.978s] -- Installing: /root/install/vehicle_interfaces/lib/python3.8/site-packages/vehicle_interfaces/msg/_temperature_data_s.c
[45.979s] -- Installing: /root/install/vehicle_interfaces/lib/python3.8/site-packages/vehicle_interfaces/msg/_mpu_data.py
[45.979s] -- Installing: /root/install/vehicle_interfaces/lib/python3.8/site-packages/vehicle_interfaces/msg/_gps_data_s.c
[45.980s] -- Installing: /root/install/vehicle_interfaces/lib/python3.8/site-packages/vehicle_interfaces/msg/_sensor_data_s.c
[45.980s] -- Installing: /root/install/vehicle_interfaces/lib/python3.8/site-packages/vehicle_interfaces/msg/_qmc_data_s.c
[45.981s] -- Installing: /root/install/vehicle_interfaces/lib/python3.8/site-packages/vehicle_interfaces/msg/_control_data_s.c
[45.981s] -- Installing: /root/install/vehicle_interfaces/lib/python3.8/site-packages/vehicle_interfaces/msg/__init__.py
[45.982s] -- Installing: /root/install/vehicle_interfaces/lib/python3.8/site-packages/vehicle_interfaces/msg/_qmc_data.py
[45.982s] -- Installing: /root/install/vehicle_interfaces/lib/python3.8/site-packages/vehicle_interfaces/msg/_temperature_data.py
[45.983s] -- Installing: /root/install/vehicle_interfaces/lib/python3.8/site-packages/vehicle_interfaces/msg/_ultrasonic_data.py
[45.986s] -- Installing: /root/install/vehicle_interfaces/lib/python3.8/site-packages/vehicle_interfaces/vehicle_interfaces_s__rosidl_typesupport_fastrtps_c.cpython-38-x86_64-linux-gnu.so
[45.986s] -- Set runtime path of "/root/install/vehicle_interfaces/lib/python3.8/site-packages/vehicle_interfaces/vehicle_interfaces_s__rosidl_typesupport_fastrtps_c.cpython-38-x86_64-linux-gnu.so" to ""
[45.987s] -- Installing: /root/install/vehicle_interfaces/lib/python3.8/site-packages/vehicle_interfaces/vehicle_interfaces_s__rosidl_typesupport_introspection_c.cpython-38-x86_64-linux-gnu.so
[45.990s] -- Set runtime path of "/root/install/vehicle_interfaces/lib/python3.8/site-packages/vehicle_interfaces/vehicle_interfaces_s__rosidl_typesupport_introspection_c.cpython-38-x86_64-linux-gnu.so" to ""
[45.991s] -- Installing: /root/install/vehicle_interfaces/lib/python3.8/site-packages/vehicle_interfaces/vehicle_interfaces_s__rosidl_typesupport_c.cpython-38-x86_64-linux-gnu.so
[45.992s] -- Set runtime path of "/root/install/vehicle_interfaces/lib/python3.8/site-packages/vehicle_interfaces/vehicle_interfaces_s__rosidl_typesupport_c.cpython-38-x86_64-linux-gnu.so" to ""
[45.995s] -- Installing: /root/install/vehicle_interfaces/lib/libvehicle_interfaces__python.so
[45.995s] -- Set runtime path of "/root/install/vehicle_interfaces/lib/libvehicle_interfaces__python.so" to ""
[45.996s] -- Up-to-date: /root/install/vehicle_interfaces/share/vehicle_interfaces/srv/GetSerialPort.idl
[45.996s] -- Up-to-date: /root/install/vehicle_interfaces/share/vehicle_interfaces/srv/ResetSerialPort.idl
[45.996s] -- Up-to-date: /root/install/vehicle_interfaces/share/vehicle_interfaces/srv/GetDeviceStatus.idl
[45.996s] -- Up-to-date: /root/install/vehicle_interfaces/share/vehicle_interfaces/msg/SensorData.idl
[45.996s] -- Installing: /root/install/vehicle_interfaces/share/vehicle_interfaces/msg/ControlData.idl
[45.997s] -- Up-to-date: /root/install/vehicle_interfaces/share/vehicle_interfaces/msg/EncoderData.idl
[45.997s] -- Up-to-date: /root/install/vehicle_interfaces/share/vehicle_interfaces/msg/GPSData.idl
[45.997s] -- Up-to-date: /root/install/vehicle_interfaces/share/vehicle_interfaces/msg/IRData.idl
[45.997s] -- Up-to-date: /root/install/vehicle_interfaces/share/vehicle_interfaces/msg/MPUData.idl
[45.997s] -- Up-to-date: /root/install/vehicle_interfaces/share/vehicle_interfaces/msg/QMCData.idl
[45.997s] -- Up-to-date: /root/install/vehicle_interfaces/share/vehicle_interfaces/msg/TemperatureData.idl
[45.997s] -- Up-to-date: /root/install/vehicle_interfaces/share/vehicle_interfaces/msg/ToFData.idl
[45.998s] -- Up-to-date: /root/install/vehicle_interfaces/share/vehicle_interfaces/msg/UltrasonicData.idl
[45.998s] -- Up-to-date: /root/install/vehicle_interfaces/share/vehicle_interfaces/srv/GetSerialPort.srv
[45.998s] -- Up-to-date: /root/install/vehicle_interfaces/share/vehicle_interfaces/srv/GetSerialPort_Request.msg
[45.998s] -- Up-to-date: /root/install/vehicle_interfaces/share/vehicle_interfaces/srv/GetSerialPort_Response.msg
[45.998s] -- Up-to-date: /root/install/vehicle_interfaces/share/vehicle_interfaces/srv/ResetSerialPort.srv
[45.998s] -- Up-to-date: /root/install/vehicle_interfaces/share/vehicle_interfaces/srv/ResetSerialPort_Request.msg
[45.998s] -- Up-to-date: /root/install/vehicle_interfaces/share/vehicle_interfaces/srv/ResetSerialPort_Response.msg
[45.999s] -- Up-to-date: /root/install/vehicle_interfaces/share/vehicle_interfaces/srv/GetDeviceStatus.srv
[45.999s] -- Up-to-date: /root/install/vehicle_interfaces/share/vehicle_interfaces/srv/GetDeviceStatus_Request.msg
[45.999s] -- Up-to-date: /root/install/vehicle_interfaces/share/vehicle_interfaces/srv/GetDeviceStatus_Response.msg
[45.999s] -- Up-to-date: /root/install/vehicle_interfaces/share/vehicle_interfaces/msg/SensorData.msg
[45.999s] -- Installing: /root/install/vehicle_interfaces/share/vehicle_interfaces/msg/ControlData.msg
[45.999s] -- Up-to-date: /root/install/vehicle_interfaces/share/vehicle_interfaces/msg/EncoderData.msg
[46.000s] -- Up-to-date: /root/install/vehicle_interfaces/share/vehicle_interfaces/msg/GPSData.msg
[46.000s] -- Up-to-date: /root/install/vehicle_interfaces/share/vehicle_interfaces/msg/IRData.msg
[46.000s] -- Up-to-date: /root/install/vehicle_interfaces/share/vehicle_interfaces/msg/MPUData.msg
[46.000s] -- Up-to-date: /root/install/vehicle_interfaces/share/vehicle_interfaces/msg/QMCData.msg
[46.001s] -- Up-to-date: /root/install/vehicle_interfaces/share/vehicle_interfaces/msg/TemperatureData.msg
[46.001s] -- Up-to-date: /root/install/vehicle_interfaces/share/vehicle_interfaces/msg/ToFData.msg
[46.001s] -- Up-to-date: /root/install/vehicle_interfaces/share/vehicle_interfaces/msg/UltrasonicData.msg
[46.001s] -- Up-to-date: /root/install/vehicle_interfaces/share/ament_index/resource_index/package_run_dependencies/vehicle_interfaces
[46.002s] -- Up-to-date: /root/install/vehicle_interfaces/share/ament_index/resource_index/parent_prefix_path/vehicle_interfaces
[46.002s] -- Up-to-date: /root/install/vehicle_interfaces/share/vehicle_interfaces/environment/ament_prefix_path.sh
[46.002s] -- Installing: /root/install/vehicle_interfaces/share/vehicle_interfaces/environment/ament_prefix_path.dsv
[46.002s] -- Up-to-date: /root/install/vehicle_interfaces/share/vehicle_interfaces/environment/path.sh
[46.002s] -- Installing: /root/install/vehicle_interfaces/share/vehicle_interfaces/environment/path.dsv
[46.002s] -- Up-to-date: /root/install/vehicle_interfaces/share/vehicle_interfaces/local_setup.bash
[46.002s] -- Up-to-date: /root/install/vehicle_interfaces/share/vehicle_interfaces/local_setup.sh
[46.002s] -- Up-to-date: /root/install/vehicle_interfaces/share/vehicle_interfaces/local_setup.zsh
[46.002s] -- Installing: /root/install/vehicle_interfaces/share/vehicle_interfaces/local_setup.dsv
[46.003s] -- Installing: /root/install/vehicle_interfaces/share/vehicle_interfaces/package.dsv
[46.003s] -- Up-to-date: /root/install/vehicle_interfaces/share/ament_index/resource_index/packages/vehicle_interfaces
[46.003s] -- Up-to-date: /root/install/vehicle_interfaces/share/vehicle_interfaces/cmake/vehicle_interfaces__rosidl_generator_cExport.cmake
[46.003s] -- Installing: /root/install/vehicle_interfaces/share/vehicle_interfaces/cmake/vehicle_interfaces__rosidl_generator_cExport-noconfig.cmake
[46.004s] -- Up-to-date: /root/install/vehicle_interfaces/share/vehicle_interfaces/cmake/vehicle_interfaces__rosidl_typesupport_introspection_cExport.cmake
[46.004s] -- Installing: /root/install/vehicle_interfaces/share/vehicle_interfaces/cmake/vehicle_interfaces__rosidl_typesupport_introspection_cExport-noconfig.cmake
[46.004s] -- Up-to-date: /root/install/vehicle_interfaces/share/vehicle_interfaces/cmake/vehicle_interfaces__rosidl_typesupport_cExport.cmake
[46.005s] -- Installing: /root/install/vehicle_interfaces/share/vehicle_interfaces/cmake/vehicle_interfaces__rosidl_typesupport_cExport-noconfig.cmake
[46.006s] -- Up-to-date: /root/install/vehicle_interfaces/share/vehicle_interfaces/cmake/vehicle_interfaces__rosidl_generator_cppExport.cmake
[46.006s] -- Up-to-date: /root/install/vehicle_interfaces/share/vehicle_interfaces/cmake/vehicle_interfaces__rosidl_typesupport_introspection_cppExport.cmake
[46.006s] -- Installing: /root/install/vehicle_interfaces/share/vehicle_interfaces/cmake/vehicle_interfaces__rosidl_typesupport_introspection_cppExport-noconfig.cmake
[46.007s] -- Up-to-date: /root/install/vehicle_interfaces/share/vehicle_interfaces/cmake/vehicle_interfaces__rosidl_typesupport_cppExport.cmake
[46.007s] -- Installing: /root/install/vehicle_interfaces/share/vehicle_interfaces/cmake/vehicle_interfaces__rosidl_typesupport_cppExport-noconfig.cmake
[46.008s] -- Up-to-date: /root/install/vehicle_interfaces/share/vehicle_interfaces/cmake/rosidl_cmake-extras.cmake
[46.008s] -- Up-to-date: /root/install/vehicle_interfaces/share/vehicle_interfaces/cmake/ament_cmake_export_dependencies-extras.cmake
[46.008s] -- Up-to-date: /root/install/vehicle_interfaces/share/vehicle_interfaces/cmake/ament_cmake_export_libraries-extras.cmake
[46.009s] -- Up-to-date: /root/install/vehicle_interfaces/share/vehicle_interfaces/cmake/ament_cmake_export_targets-extras.cmake
[46.009s] -- Up-to-date: /root/install/vehicle_interfaces/share/vehicle_interfaces/cmake/ament_cmake_export_include_directories-extras.cmake
[46.009s] -- Up-to-date: /root/install/vehicle_interfaces/share/vehicle_interfaces/cmake/rosidl_cmake_export_typesupport_libraries-extras.cmake
[46.009s] -- Up-to-date: /root/install/vehicle_interfaces/share/vehicle_interfaces/cmake/rosidl_cmake_export_typesupport_targets-extras.cmake
[46.009s] -- Up-to-date: /root/install/vehicle_interfaces/share/vehicle_interfaces/cmake/vehicle_interfacesConfig.cmake
[46.009s] -- Up-to-date: /root/install/vehicle_interfaces/share/vehicle_interfaces/cmake/vehicle_interfacesConfig-version.cmake
[46.010s] -- Up-to-date: /root/install/vehicle_interfaces/share/vehicle_interfaces/package.xml
[46.013s] Invoked command in '/root/build/vehicle_interfaces' returned '0': CMAKE_PREFIX_PATH=${CMAKE_PREFIX_PATH}:/root/install/vehicle_string_converter:/root/install/vehicle_simulation:/opt/ros/foxy /usr/bin/cmake --install /root/build/vehicle_interfaces
